Configuration on demand is an incubating feature.

> Configure project :app
WARNING: The option setting 'android.builtInKotlin=false' is deprecated.
The current default is 'true'.
It will be removed in version 10.0 of the Android Gradle plugin.
WARNING: The option setting 'android.newDsl=false' is deprecated.
The current default is 'true'.
It will be removed in version 10.0 of the Android Gradle plugin.

> Task :build-logic:checkKotlinGradlePluginConfigurationErrors SKIPPED
> Task :build-logic:compileKotlin UP-TO-DATE
> Task :build-logic:compileJava NO-SOURCE
> Task :build-logic:pluginDescriptors UP-TO-DATE
> Task :build-logic:processResources UP-TO-DATE
> Task :build-logic:classes UP-TO-DATE
> Task :build-logic:jar UP-TO-DATE
> Task :aura:reactivedesign:customization:preBuild UP-TO-DATE
> Task :agents:growthmetrics:nexusmemory:preBuild UP-TO-DATE
> Task :agents:growthmetrics:metareflection:preBuild UP-TO-DATE
> Task :agents:growthmetrics:spheregrid:preBuild UP-TO-DATE
> Task :agents:growthmetrics:progression:preBuild UP-TO-DATE
> Task :cascade:datastream:routing:preBuild UP-TO-DATE
> Task :cascade:datastream:taskmanager:preBuild UP-TO-DATE
> Task :aura:reactivedesign:collabcanvas:preBuild UP-TO-DATE
> Task :agents:growthmetrics:tasker:preBuild UP-TO-DATE
> Task :cascade:datastream:delivery:preBuild UP-TO-DATE
> Task :genesis:oracledrive:datavein:preBuild UP-TO-DATE
> Task :aura:reactivedesign:auraslab:preBuild UP-TO-DATE
> Task :app:checkKotlinGradlePluginConfigurationErrors SKIPPED
> Task :genesis:oracledrive:preBuild UP-TO-DATE
> Task :agents:growthmetrics:identity:preBuild UP-TO-DATE
> Task :genesis:oracledrive:preDebugBuild UP-TO-DATE
> Task :agents:growthmetrics:metareflection:preDebugBuild UP-TO-DATE
> Task :agents:growthmetrics:nexusmemory:preDebugBuild UP-TO-DATE
> Task :agents:growthmetrics:progression:preDebugBuild UP-TO-DATE
> Task :agents:growthmetrics:tasker:preDebugBuild UP-TO-DATE
> Task :aura:reactivedesign:chromacore:preBuild UP-TO-DATE
> Task :agents:growthmetrics:spheregrid:preDebugBuild UP-TO-DATE
> Task :aura:reactivedesign:auraslab:preDebugBuild UP-TO-DATE
> Task :agents:growthmetrics:identity:preDebugBuild UP-TO-DATE
> Task :aura:reactivedesign:chromacore:preDebugBuild UP-TO-DATE
> Task :cascade:datastream:routing:preDebugBuild UP-TO-DATE
> Task :cascade:datastream:delivery:preDebugBuild UP-TO-DATE
> Task :aura:reactivedesign:customization:preDebugBuild UP-TO-DATE
> Task :cascade:datastream:taskmanager:preDebugBuild UP-TO-DATE
> Task :aura:reactivedesign:collabcanvas:preDebugBuild UP-TO-DATE
> Task :app:preBuild UP-TO-DATE
> Task :genesis:oracledrive:datavein:preDebugBuild UP-TO-DATE
> Task :app:preDebugBuild UP-TO-DATE
> Task :agents:growthmetrics:identity:generateDebugResources UP-TO-DATE
> Task :agents:growthmetrics:tasker:generateDebugResources UP-TO-DATE
> Task :agents:growthmetrics:metareflection:generateDebugResources UP-TO-DATE
> Task :genesis:oracledrive:generateDebugResources UP-TO-DATE
> Task :agents:growthmetrics:progression:generateDebugResources UP-TO-DATE
> Task :agents:growthmetrics:nexusmemory:generateDebugResources UP-TO-DATE
> Task :aura:reactivedesign:auraslab:generateDebugResources UP-TO-DATE
> Task :genesis:oracledrive:datavein:generateDebugResources UP-TO-DATE
> Task :aura:reactivedesign:customization:generateDebugResources UP-TO-DATE
> Task :cascade:datastream:delivery:generateDebugResources UP-TO-DATE
> Task :cascade:datastream:routing:generateDebugResources UP-TO-DATE
> Task :aura:reactivedesign:chromacore:generateDebugResources UP-TO-DATE
> Task :agents:growthmetrics:spheregrid:generateDebugResources UP-TO-DATE
> Task :kai:sentinelsfortress:security:preBuild UP-TO-DATE
> Task :genesis:oracledrive:rootmanagement:preBuild UP-TO-DATE
> Task :kai:sentinelsfortress:systemintegrity:preBuild UP-TO-DATE
> Task :aura:reactivedesign:collabcanvas:generateDebugResources UP-TO-DATE
> Task :genesis:oracledrive:rootmanagement:preDebugBuild UP-TO-DATE
> Task :kai:sentinelsfortress:security:preDebugBuild UP-TO-DATE
> Task :cascade:datastream:taskmanager:generateDebugResources UP-TO-DATE
> Task :kai:sentinelsfortress:threatmonitor:preBuild UP-TO-DATE
> Task :kai:sentinelsfortress:systemintegrity:preDebugBuild UP-TO-DATE
> Task :kai:sentinelsfortress:threatmonitor:preDebugBuild UP-TO-DATE
> Task :genesis:oracledrive:rootmanagement:generateDebugResources UP-TO-DATE
> Task :kai:sentinelsfortress:threatmonitor:generateDebugResources UP-TO-DATE
> Task :kai:sentinelsfortress:systemintegrity:generateDebugResources UP-TO-DATE
> Task :agents:growthmetrics:spheregrid:processDebugNavigationResources UP-TO-DATE
> Task :aura:reactivedesign:collabcanvas:processDebugNavigationResources UP-TO-DATE
> Task :aura:reactivedesign:customization:processDebugNavigationResources UP-TO-DATE
> Task :cascade:datastream:routing:processDebugNavigationResources UP-TO-DATE
> Task :aura:reactivedesign:chromacore:processDebugNavigationResources UP-TO-DATE
> Task :cascade:datastream:delivery:processDebugNavigationResources UP-TO-DATE
> Task :kai:sentinelsfortress:threatmonitor:processDebugNavigationResources UP-TO-DATE
> Task :genesis:oracledrive:rootmanagement:processDebugNavigationResources UP-TO-DATE
> Task :genesis:oracledrive:datavein:packageDebugResources UP-TO-DATE
> Task :agents:growthmetrics:metareflection:packageDebugResources UP-TO-DATE
> Task :agents:growthmetrics:identity:packageDebugResources UP-TO-DATE
> Task :agents:growthmetrics:nexusmemory:packageDebugResources UP-TO-DATE
> Task :genesis:oracledrive:packageDebugResources UP-TO-DATE
> Task :kai:sentinelsfortress:systemintegrity:processDebugNavigationResources UP-TO-DATE
> Task :cascade:datastream:taskmanager:processDebugNavigationResources UP-TO-DATE
> Task :kai:sentinelsfortress:security:generateDebugResources UP-TO-DATE
> Task :cascade:datastream:routing:compileDebugAidl NO-SOURCE
> Task :cascade:datastream:routing:checkKotlinGradlePluginConfigurationErrors SKIPPED
> Task :cascade:datastream:delivery:packageDebugResources UP-TO-DATE
> Task :agents:growthmetrics:tasker:packageDebugResources UP-TO-DATE
> Task :aura:reactivedesign:auraslab:packageDebugResources UP-TO-DATE
> Task :agents:growthmetrics:progression:packageDebugResources UP-TO-DATE
> Task :agents:growthmetrics:identity:processDebugNavigationResources UP-TO-DATE
> Task :agents:growthmetrics:metareflection:processDebugNavigationResources UP-TO-DATE
> Task :genesis:oracledrive:datavein:processDebugNavigationResources UP-TO-DATE
> Task :aura:reactivedesign:customization:packageDebugResources UP-TO-DATE
> Task :agents:growthmetrics:nexusmemory:processDebugNavigationResources UP-TO-DATE
> Task :genesis:oracledrive:processDebugNavigationResources UP-TO-DATE
> Task :aura:reactivedesign:auraslab:processDebugNavigationResources UP-TO-DATE
> Task :aura:reactivedesign:collabcanvas:packageDebugResources UP-TO-DATE
> Task :agents:growthmetrics:progression:processDebugNavigationResources UP-TO-DATE
> Task :aura:reactivedesign:chromacore:compileDebugAidl NO-SOURCE
> Task :agents:growthmetrics:tasker:processDebugNavigationResources UP-TO-DATE
> Task :cascade:datastream:routing:packageDebugResources UP-TO-DATE
> Task :cascade:datastream:taskmanager:packageDebugResources UP-TO-DATE
> Task :kai:sentinelsfortress:security:packageDebugResources UP-TO-DATE
> Task :kai:sentinelsfortress:systemintegrity:packageDebugResources UP-TO-DATE
> Task :kai:sentinelsfortress:threatmonitor:packageDebugResources UP-TO-DATE
> Task :kai:sentinelsfortress:security:processDebugNavigationResources UP-TO-DATE
> Task :aura:reactivedesign:chromacore:packageDebugResources UP-TO-DATE
> Task :genesis:oracledrive:rootmanagement:packageDebugResources UP-TO-DATE
> Task :cascade:datastream:delivery:parseDebugLocalResources UP-TO-DATE
> Task :agents:growthmetrics:tasker:parseDebugLocalResources UP-TO-DATE
> Task :aura:reactivedesign:customization:parseDebugLocalResources UP-TO-DATE
> Task :aura:reactivedesign:auraslab:parseDebugLocalResources UP-TO-DATE
> Task :aura:reactivedesign:collabcanvas:parseDebugLocalResources UP-TO-DATE
> Task :aura:reactivedesign:auraslab:generateDebugRFile UP-TO-DATE
> Task :cascade:datastream:delivery:generateDebugRFile UP-TO-DATE
> Task :aura:reactivedesign:customization:generateDebugRFile UP-TO-DATE
> Task :agents:growthmetrics:tasker:generateDebugRFile UP-TO-DATE
> Task :agents:growthmetrics:nexusmemory:parseDebugLocalResources UP-TO-DATE
> Task :agents:growthmetrics:progression:parseDebugLocalResources UP-TO-DATE
> Task :aura:reactivedesign:collabcanvas:generateDebugRFile UP-TO-DATE
> Task :agents:growthmetrics:nexusmemory:generateDebugRFile UP-TO-DATE
> Task :agents:growthmetrics:nexusmemory:compileDebugAidl NO-SOURCE
> Task :agents:growthmetrics:progression:generateDebugRFile UP-TO-DATE
> Task :agents:growthmetrics:nexusmemory:checkKotlinGradlePluginConfigurationErrors SKIPPED
> Task :genesis:oracledrive:parseDebugLocalResources UP-TO-DATE
> Task :genesis:oracledrive:generateDebugRFile UP-TO-DATE
> Task :agents:growthmetrics:nexusmemory:generateDebugBuildConfig UP-TO-DATE
> Task :genesis:oracledrive:compileDebugAidl NO-SOURCE
> Task :genesis:oracledrive:checkKotlinGradlePluginConfigurationErrors SKIPPED
> Task :cascade:datastream:routing:parseDebugLocalResources UP-TO-DATE
> Task :genesis:oracledrive:generateDebugBuildConfig UP-TO-DATE
> Task :cascade:datastream:routing:generateDebugRFile UP-TO-DATE
> Task :cascade:datastream:routing:generateDebugBuildConfig UP-TO-DATE
> Task :cascade:datastream:taskmanager:parseDebugLocalResources UP-TO-DATE
> Task :cascade:datastream:taskmanager:generateDebugRFile UP-TO-DATE
> Task :aura:reactivedesign:chromacore:parseDebugLocalResources UP-TO-DATE
> Task :aura:reactivedesign:chromacore:generateDebugRFile UP-TO-DATE
> Task :aura:reactivedesign:auraslab:compileDebugAidl NO-SOURCE
> Task :aura:reactivedesign:auraslab:checkKotlinGradlePluginConfigurationErrors SKIPPED
> Task :aura:reactivedesign:auraslab:generateDebugBuildConfig UP-TO-DATE
> Task :cascade:datastream:taskmanager:compileDebugAidl NO-SOURCE
> Task :cascade:datastream:taskmanager:checkKotlinGradlePluginConfigurationErrors SKIPPED
> Task :cascade:datastream:taskmanager:generateDebugBuildConfig UP-TO-DATE
> Task :agents:growthmetrics:identity:parseDebugLocalResources UP-TO-DATE
> Task :agents:growthmetrics:identity:generateDebugRFile UP-TO-DATE
> Task :genesis:oracledrive:datavein:parseDebugLocalResources UP-TO-DATE
> Task :genesis:oracledrive:datavein:generateDebugRFile UP-TO-DATE
> Task :kai:sentinelsfortress:systemintegrity:parseDebugLocalResources UP-TO-DATE
> Task :aura:reactivedesign:chromacore:checkKotlinGradlePluginConfigurationErrors SKIPPED
> Task :kai:sentinelsfortress:security:parseDebugLocalResources UP-TO-DATE
> Task :aura:reactivedesign:chromacore:generateDebugBuildConfig UP-TO-DATE
> Task :kai:sentinelsfortress:threatmonitor:parseDebugLocalResources UP-TO-DATE
> Task :genesis:oracledrive:rootmanagement:parseDebugLocalResources UP-TO-DATE
> Task :kai:sentinelsfortress:systemintegrity:generateDebugRFile UP-TO-DATE
> Task :kai:sentinelsfortress:security:generateDebugRFile UP-TO-DATE
> Task :kai:sentinelsfortress:threatmonitor:generateDebugRFile UP-TO-DATE
> Task :aura:reactivedesign:collabcanvas:compileDebugAidl NO-SOURCE
> Task :aura:reactivedesign:collabcanvas:checkKotlinGradlePluginConfigurationErrors SKIPPED
> Task :genesis:oracledrive:rootmanagement:generateDebugRFile UP-TO-DATE
> Task :cascade:datastream:delivery:compileDebugAidl NO-SOURCE
> Task :aura:reactivedesign:collabcanvas:generateDebugBuildConfig UP-TO-DATE
> Task :genesis:oracledrive:datavein:compileDebugAidl NO-SOURCE
> Task :cascade:datastream:delivery:checkKotlinGradlePluginConfigurationErrors SKIPPED
> Task :genesis:oracledrive:datavein:checkKotlinGradlePluginConfigurationErrors SKIPPED
> Task :genesis:oracledrive:datavein:generateDebugBuildConfig UP-TO-DATE
> Task :cascade:datastream:delivery:generateDebugBuildConfig UP-TO-DATE
> Task :agents:growthmetrics:metareflection:parseDebugLocalResources UP-TO-DATE
> Task :agents:growthmetrics:metareflection:generateDebugRFile UP-TO-DATE
> Task :cascade:datastream:taskmanager:javaPreCompileDebug UP-TO-DATE
> Task :agents:growthmetrics:tasker:javaPreCompileDebug UP-TO-DATE
> Task :agents:growthmetrics:progression:javaPreCompileDebug UP-TO-DATE
> Task :cascade:datastream:delivery:javaPreCompileDebug UP-TO-DATE
> Task :agents:growthmetrics:identity:javaPreCompileDebug UP-TO-DATE
> Task :agents:growthmetrics:metareflection:javaPreCompileDebug UP-TO-DATE
> Task :aura:reactivedesign:customization:javaPreCompileDebug UP-TO-DATE
> Task :agents:growthmetrics:spheregrid:javaPreCompileDebug UP-TO-DATE
> Task :kai:sentinelsfortress:systemintegrity:compileDebugAidl NO-SOURCE
> Task :kai:sentinelsfortress:security:compileDebugAidl NO-SOURCE
> Task :kai:sentinelsfortress:systemintegrity:checkKotlinGradlePluginConfigurationErrors SKIPPED
> Task :kai:sentinelsfortress:security:checkKotlinGradlePluginConfigurationErrors SKIPPED
> Task :kai:sentinelsfortress:systemintegrity:generateDebugBuildConfig UP-TO-DATE
> Task :agents:growthmetrics:metareflection:compileDebugJavaWithJavac NO-SOURCE
> Task :agents:growthmetrics:spheregrid:packageDebugResources UP-TO-DATE
> Task :kai:sentinelsfortress:security:generateDebugBuildConfig UP-TO-DATE
> Task :agents:growthmetrics:metareflection:bundleLibCompileToJarDebug UP-TO-DATE
> Task :agents:growthmetrics:spheregrid:parseDebugLocalResources UP-TO-DATE
> Task :core-module:checkKotlinGradlePluginConfigurationErrors SKIPPED
> Task :core-module:preBuild UP-TO-DATE
> Task :aura:reactivedesign:customization:compileDebugJavaWithJavac NO-SOURCE
> Task :core-module:preDebugBuild UP-TO-DATE
> Task :aura:reactivedesign:customization:bundleLibCompileToJarDebug UP-TO-DATE
> Task :core-module:compileDebugAidl NO-SOURCE
> Task :extendsysa:checkKotlinGradlePluginConfigurationErrors SKIPPED
> Task :extendsysa:preBuild UP-TO-DATE
> Task :extendsysa:preDebugBuild UP-TO-DATE
> Task :kai:sentinelsfortress:threatmonitor:javaPreCompileDebug UP-TO-DATE
> Task :agents:growthmetrics:spheregrid:generateDebugRFile UP-TO-DATE
> Task :core-module:generateDebugBuildConfig UP-TO-DATE
> Task :extendsysb:checkKotlinGradlePluginConfigurationErrors SKIPPED
> Task :extendsysb:preBuild UP-TO-DATE
> Task :extendsysb:preDebugBuild UP-TO-DATE
> Task :extendsysa:compileDebugAidl NO-SOURCE
> Task :core-module:generateDebugResources UP-TO-DATE
> Task :agents:growthmetrics:spheregrid:compileDebugJavaWithJavac NO-SOURCE
> Task :extendsysa:generateDebugBuildConfig UP-TO-DATE
> Task :extendsysb:compileDebugAidl NO-SOURCE
> Task :agents:growthmetrics:spheregrid:bundleLibCompileToJarDebug UP-TO-DATE
> Task :extendsysa:generateDebugResources UP-TO-DATE
> Task :extendsysb:generateDebugBuildConfig UP-TO-DATE
> Task :agents:growthmetrics:progression:compileDebugJavaWithJavac NO-SOURCE
> Task :core-module:packageDebugResources UP-TO-DATE
> Task :extendsysb:generateDebugResources UP-TO-DATE
> Task :agents:growthmetrics:progression:bundleLibCompileToJarDebug UP-TO-DATE
> Task :agents:growthmetrics:identity:compileDebugJavaWithJavac NO-SOURCE
> Task :extendsysa:packageDebugResources UP-TO-DATE
> Task :core-module:processDebugNavigationResources UP-TO-DATE
> Task :extendsysc:checkKotlinGradlePluginConfigurationErrors SKIPPED
> Task :extendsysc:preBuild UP-TO-DATE
> Task :agents:growthmetrics:identity:bundleLibCompileToJarDebug UP-TO-DATE
> Task :extendsysc:preDebugBuild UP-TO-DATE
> Task :extendsysa:processDebugNavigationResources UP-TO-DATE
> Task :extendsysb:packageDebugResources UP-TO-DATE
> Task :extendsysd:checkKotlinGradlePluginConfigurationErrors SKIPPED
> Task :extendsysc:compileDebugAidl NO-SOURCE
> Task :extendsysd:preBuild UP-TO-DATE
> Task :extendsysd:preDebugBuild UP-TO-DATE
> Task :extendsysc:generateDebugBuildConfig UP-TO-DATE
> Task :core-module:parseDebugLocalResources UP-TO-DATE
> Task :extendsysb:processDebugNavigationResources UP-TO-DATE
> Task :extendsysa:parseDebugLocalResources UP-TO-DATE
> Task :core-module:generateDebugRFile UP-TO-DATE
> Task :extendsysc:generateDebugResources UP-TO-DATE
> Task :extendsysa:generateDebugRFile UP-TO-DATE
> Task :extendsysb:parseDebugLocalResources UP-TO-DATE
> Task :extendsysb:generateDebugRFile UP-TO-DATE
> Task :extendsysd:compileDebugAidl NO-SOURCE
> Task :extendsysc:packageDebugResources UP-TO-DATE
> Task :extendsysd:generateDebugBuildConfig UP-TO-DATE
> Task :extendsysc:processDebugNavigationResources UP-TO-DATE
> Task :extendsysd:generateDebugResources UP-TO-DATE
> Task :extendsysa:compileDebugKotlin NO-SOURCE
> Task :genesis:oracledrive:rootmanagement:javaPreCompileDebug UP-TO-DATE
> Task :extendsyse:checkKotlinGradlePluginConfigurationErrors SKIPPED
> Task :extendsysc:parseDebugLocalResources UP-TO-DATE
> Task :extendsyse:preBuild UP-TO-DATE
> Task :extendsysd:packageDebugResources UP-TO-DATE
> Task :extendsyse:preDebugBuild UP-TO-DATE
> Task :extendsysd:processDebugNavigationResources UP-TO-DATE
> Task :extendsysc:generateDebugRFile UP-TO-DATE
> Task :genesis:oracledrive:rootmanagement:compileDebugJavaWithJavac NO-SOURCE
> Task :extendsyse:compileDebugAidl NO-SOURCE
> Task :extendsysb:compileDebugKotlin NO-SOURCE
> Task :extendsyse:generateDebugBuildConfig UP-TO-DATE
> Task :extendsysf:checkKotlinGradlePluginConfigurationErrors SKIPPED
> Task :extendsysf:preBuild UP-TO-DATE
> Task :extendsysd:parseDebugLocalResources UP-TO-DATE
> Task :extendsysf:preDebugBuild UP-TO-DATE
> Task :extendsyse:generateDebugResources UP-TO-DATE
> Task :extendsysd:generateDebugRFile UP-TO-DATE
> Task :extendsysf:compileDebugAidl NO-SOURCE
> Task :extendsysf:generateDebugBuildConfig UP-TO-DATE
> Task :extendsyse:packageDebugResources UP-TO-DATE
> Task :extendsysc:compileDebugKotlin NO-SOURCE
> Task :extendsysf:generateDebugResources UP-TO-DATE
> Task :extendsyse:processDebugNavigationResources UP-TO-DATE
> Task :core:common:checkKotlinGradlePluginConfigurationErrors SKIPPED
> Task :core:common:preBuild UP-TO-DATE
> Task :core:common:preDebugBuild UP-TO-DATE
> Task :extendsysf:packageDebugResources UP-TO-DATE
> Task :core:common:compileDebugAidl NO-SOURCE
> Task :extendsyse:parseDebugLocalResources UP-TO-DATE
> Task :core:common:generateDebugBuildConfig UP-TO-DATE
> Task :extendsysf:processDebugNavigationResources UP-TO-DATE
> Task :extendsysd:compileDebugKotlin NO-SOURCE
> Task :core:common:generateDebugResources UP-TO-DATE
> Task :core:data:checkKotlinGradlePluginConfigurationErrors SKIPPED
> Task :extendsyse:generateDebugRFile UP-TO-DATE
> Task :core:data:preBuild UP-TO-DATE
> Task :core:data:preDebugBuild UP-TO-DATE
> Task :extendsysf:parseDebugLocalResources UP-TO-DATE
> Task :core:common:packageDebugResources UP-TO-DATE
> Task :core:data:compileDebugAidl NO-SOURCE
> Task :core:common:processDebugNavigationResources UP-TO-DATE
> Task :core:data:generateDebugBuildConfig UP-TO-DATE
> Task :extendsysf:generateDebugRFile UP-TO-DATE
> Task :core:data:generateDebugResources UP-TO-DATE
> Task :core:common:parseDebugLocalResources UP-TO-DATE
> Task :core:data:packageDebugResources UP-TO-DATE
> Task :extendsyse:compileDebugKotlin NO-SOURCE
> Task :core:data:processDebugNavigationResources UP-TO-DATE
> Task :core:common:generateDebugRFile UP-TO-DATE
> Task :core:domain:checkKotlinGradlePluginConfigurationErrors SKIPPED
> Task :core:domain:preBuild UP-TO-DATE
> Task :core:domain:preDebugBuild UP-TO-DATE
> Task :extendsysf:compileDebugKotlin NO-SOURCE
> Task :core:domain:compileDebugAidl NO-SOURCE
> Task :core:ui:checkKotlinGradlePluginConfigurationErrors SKIPPED
> Task :core:data:parseDebugLocalResources UP-TO-DATE
> Task :core:ui:preBuild UP-TO-DATE
> Task :core:ui:preDebugBuild UP-TO-DATE
> Task :core:domain:generateDebugBuildConfig UP-TO-DATE
> Task :core:ui:compileDebugAidl NO-SOURCE
> Task :core:domain:generateDebugResources UP-TO-DATE
> Task :core:data:generateDebugRFile UP-TO-DATE
> Task :core:ui:generateDebugBuildConfig UP-TO-DATE
> Task :core:common:compileDebugKotlin NO-SOURCE
> Task :core:ui:generateDebugResources UP-TO-DATE
> Task :core:domain:packageDebugResources UP-TO-DATE
> Task :core:domain:processDebugNavigationResources UP-TO-DATE
> Task :core:ui:packageDebugResources UP-TO-DATE
> Task :core:ui:processDebugNavigationResources UP-TO-DATE
> Task :core:data:compileDebugKotlin NO-SOURCE
> Task :core:domain:parseDebugLocalResources UP-TO-DATE
> Task :core:domain:generateDebugRFile UP-TO-DATE
> Task :core:ui:parseDebugLocalResources UP-TO-DATE
> Task :core:ui:generateDebugRFile UP-TO-DATE
> Task :core:domain:compileDebugKotlin NO-SOURCE
> Task :core:ui:compileDebugKotlin NO-SOURCE
> Task :aura:reactivedesign:chromacore:kspDebugKotlin UP-TO-DATE
> Task :genesis:oracledrive:datavein:kspDebugKotlin UP-TO-DATE
> Task :kai:sentinelsfortress:systemintegrity:kspDebugKotlin UP-TO-DATE
> Task :kai:sentinelsfortress:security:kspDebugKotlin UP-TO-DATE
> Task :genesis:oracledrive:kspDebugKotlin UP-TO-DATE
> Task :aura:reactivedesign:collabcanvas:kspDebugKotlin UP-TO-DATE
> Task :agents:growthmetrics:nexusmemory:kspDebugKotlin UP-TO-DATE
> Task :cascade:datastream:routing:kspDebugKotlin UP-TO-DATE
> Task :genesis:oracledrive:compileDebugKotlin NO-SOURCE
> Task :kai:sentinelsfortress:systemintegrity:compileDebugKotlin NO-SOURCE
> Task :cascade:datastream:routing:compileDebugKotlin NO-SOURCE
> Task :kai:sentinelsfortress:systemintegrity:javaPreCompileDebug UP-TO-DATE
> Task :cascade:datastream:routing:javaPreCompileDebug UP-TO-DATE
> Task :genesis:oracledrive:javaPreCompileDebug UP-TO-DATE
> Task :aura:reactivedesign:auraslab:kspDebugKotlin UP-TO-DATE
> Task :aura:reactivedesign:auraslab:compileDebugKotlin NO-SOURCE
> Task :aura:reactivedesign:auraslab:javaPreCompileDebug UP-TO-DATE
> Task :kai:sentinelsfortress:systemintegrity:compileDebugJavaWithJavac UP-TO-DATE
> Task :cascade:datastream:routing:compileDebugJavaWithJavac UP-TO-DATE
> Task :genesis:oracledrive:compileDebugJavaWithJavac UP-TO-DATE
> Task :aura:reactivedesign:auraslab:compileDebugJavaWithJavac UP-TO-DATE
> Task :core-module:compileDebugKotlin UP-TO-DATE
> Task :kai:sentinelsfortress:security:compileDebugKotlin UP-TO-DATE
> Task :aura:reactivedesign:collabcanvas:compileDebugKotlin UP-TO-DATE
> Task :agents:growthmetrics:nexusmemory:compileDebugKotlin UP-TO-DATE
> Task :aura:reactivedesign:chromacore:compileDebugKotlin UP-TO-DATE
> Task :genesis:oracledrive:datavein:compileDebugKotlin UP-TO-DATE
> Task :kai:sentinelsfortress:security:javaPreCompileDebug UP-TO-DATE
> Task :aura:reactivedesign:collabcanvas:javaPreCompileDebug UP-TO-DATE
> Task :aura:reactivedesign:chromacore:javaPreCompileDebug UP-TO-DATE
> Task :agents:growthmetrics:nexusmemory:javaPreCompileDebug UP-TO-DATE
> Task :genesis:oracledrive:datavein:javaPreCompileDebug UP-TO-DATE
> Task :kai:sentinelsfortress:security:compileDebugJavaWithJavac UP-TO-DATE
> Task :aura:reactivedesign:chromacore:compileDebugJavaWithJavac UP-TO-DATE
> Task :agents:growthmetrics:nexusmemory:compileDebugJavaWithJavac UP-TO-DATE
> Task :aura:reactivedesign:collabcanvas:compileDebugJavaWithJavac UP-TO-DATE
> Task :genesis:oracledrive:datavein:compileDebugJavaWithJavac UP-TO-DATE
> Task :agents:growthmetrics:nexusmemory:transformDebugClassesWithAsm UP-TO-DATE
> Task :aura:reactivedesign:auraslab:transformDebugClassesWithAsm UP-TO-DATE
> Task :aura:reactivedesign:auraslab:bundleLibCompileToJarDebug UP-TO-DATE
> Task :agents:growthmetrics:nexusmemory:bundleLibCompileToJarDebug UP-TO-DATE
> Task :genesis:oracledrive:rootmanagement:transformDebugClassesWithAsm UP-TO-DATE
> Task :aura:reactivedesign:chromacore:transformDebugClassesWithAsm UP-TO-DATE
> Task :genesis:oracledrive:rootmanagement:bundleLibCompileToJarDebug UP-TO-DATE
> Task :kai:sentinelsfortress:systemintegrity:transformDebugClassesWithAsm UP-TO-DATE
> Task :genesis:oracledrive:datavein:transformDebugClassesWithAsm UP-TO-DATE
> Task :aura:reactivedesign:chromacore:bundleLibCompileToJarDebug UP-TO-DATE
> Task :kai:sentinelsfortress:security:transformDebugClassesWithAsm UP-TO-DATE
> Task :kai:sentinelsfortress:systemintegrity:bundleLibCompileToJarDebug UP-TO-DATE
> Task :genesis:oracledrive:datavein:bundleLibCompileToJarDebug UP-TO-DATE
> Task :genesis:oracledrive:transformDebugClassesWithAsm UP-TO-DATE
> Task :kai:sentinelsfortress:security:bundleLibCompileToJarDebug UP-TO-DATE
> Task :aura:reactivedesign:collabcanvas:transformDebugClassesWithAsm UP-TO-DATE
> Task :genesis:oracledrive:bundleLibCompileToJarDebug UP-TO-DATE
> Task :kai:sentinelsfortress:threatmonitor:compileDebugJavaWithJavac NO-SOURCE
> Task :kai:sentinelsfortress:threatmonitor:bundleLibCompileToJarDebug UP-TO-DATE
> Task :aura:reactivedesign:collabcanvas:bundleLibCompileToJarDebug UP-TO-DATE
> Task :cascade:datastream:routing:transformDebugClassesWithAsm UP-TO-DATE
> Task :cascade:datastream:routing:bundleLibCompileToJarDebug UP-TO-DATE
> Task :cascade:datastream:routing:bundleLibRuntimeToJarDebug UP-TO-DATE
> Task :cascade:datastream:taskmanager:kspDebugKotlin UP-TO-DATE
> Task :cascade:datastream:delivery:kspDebugKotlin UP-TO-DATE
> Task :cascade:datastream:taskmanager:compileDebugKotlin NO-SOURCE
> Task :cascade:datastream:delivery:compileDebugKotlin NO-SOURCE
> Task :cascade:datastream:taskmanager:compileDebugJavaWithJavac UP-TO-DATE
> Task :cascade:datastream:delivery:compileDebugJavaWithJavac UP-TO-DATE
> Task :cascade:datastream:delivery:transformDebugClassesWithAsm UP-TO-DATE
> Task :cascade:datastream:delivery:bundleLibCompileToJarDebug UP-TO-DATE
> Task :cascade:datastream:taskmanager:transformDebugClassesWithAsm UP-TO-DATE
> Task :cascade:datastream:taskmanager:bundleLibCompileToJarDebug UP-TO-DATE
> Task :agents:growthmetrics:tasker:compileDebugJavaWithJavac NO-SOURCE
> Task :agents:growthmetrics:tasker:bundleLibCompileToJarDebug UP-TO-DATE
> Task :app:dataBindingMergeDependencyArtifactsDebug UP-TO-DATE
> Task :app:generateDebugResources UP-TO-DATE
> Task :app:injectCrashlyticsMappingFileIdDebug UP-TO-DATE
> Task :app:injectCrashlyticsVersionControlInfoDebug UP-TO-DATE
> Task :app:processDebugGoogleServices UP-TO-DATE
> Task :app:mergeDebugResources UP-TO-DATE
> Task :app:packageDebugResources UP-TO-DATE
> Task :app:processDebugNavigationResources UP-TO-DATE
> Task :app:parseDebugLocalResources UP-TO-DATE
> Task :app:dataBindingGenBaseClassesDebug UP-TO-DATE
> Task :app:generateDebugBuildConfig UP-TO-DATE
> Task :app:generateDebugRFile UP-TO-DATE
> Task :app:kspDebugKotlin UP-TO-DATE

> Task :app:compileDebugKotlin
.\gradlew : e: file:///C:/Users/Wehtt/AndroidStudioProjects/A.u.r.a.K.a.i-Emerge
nce_IdentityModel/app/src/main/java/dev/aurakai/auraframefx/ai/agents/AuraShield
Agent.kt:30:1 Class 'AuraShieldAgent' is not abstract and does not implement 
abstract base class member:
At line:1 char:1
+ .\gradlew compileDebugKotlin 2>&1 | Out-File -FilePath build_errors.t ...
+ ~~~~~~~~~~~~~~~~~~~~~~~~~~~~~~~~~
    + CategoryInfo          : NotSpecified: (e: file:///C:/U...e class member:: 
   String) [], RemoteException
    + FullyQualifiedErrorId : NativeCommandError
 
fun AiRequest(prompt: String): AiRequest
e: file:///C:/Users/Wehtt/AndroidStudioProjects/A.u.r.a.K.a.i-Emergence_Identity
Model/app/src/main/java/dev/aurakai/auraframefx/ai/agents/aiAgent.kt:39:1 Class 
'KaiAgent' is not abstract and does not implement abstract base class member:
fun AiRequest(prompt: String): AiRequest
e: file:///C:/Users/Wehtt/AndroidStudioProjects/A.u.r.a.K.a.i-Emergence_Identity
Model/app/src/main/java/dev/aurakai/auraframefx/api/client/apis/AIAgentsApi.kt:3
6:38 Cannot access 'val ApiClient.Companion.defaultClient: Call.Factory': it is 
private in file.
e: file:///C:/Users/Wehtt/AndroidStudioProjects/A.u.r.a.K.a.i-Emergence_Identity
Model/app/src/main/java/dev/aurakai/auraframefx/api/client/apis/AIAgentsApi.kt:3
7:25 Argument type mismatch: actual type is 'Call.Factory', but 
'OkHttpClient.Builder?' was expected.
e: file:///C:/Users/Wehtt/AndroidStudioProjects/A.u.r.a.K.a.i-Emergence_Identity
Model/app/src/main/java/dev/aurakai/auraframefx/api/client/apis/AIAgentsApi.kt:1
05:16 Unresolved reference 'request'.
e: file:///C:/Users/Wehtt/AndroidStudioProjects/A.u.r.a.K.a.i-Emergence_Identity
Model/app/src/main/java/dev/aurakai/auraframefx/api/client/apis/TasksApi.kt:41:2
5 Argument type mismatch: actual type is 'Call.Factory', but 
'OkHttpClient.Builder?' was expected.
e: file:///C:/Users/Wehtt/AndroidStudioProjects/A.u.r.a.K.a.i-Emergence_Identity
Model/app/src/main/java/dev/aurakai/auraframefx/api/client/apis/TasksApi.kt:113:
16 Unresolved reference 'request'.
e: file:///C:/Users/Wehtt/AndroidStudioProjects/A.u.r.a.K.a.i-Emergence_Identity
Model/app/src/main/java/dev/aurakai/auraframefx/api/client/apis/TasksApi.kt:202:
16 Unresolved reference 'request'.
e: file:///C:/Users/Wehtt/AndroidStudioProjects/A.u.r.a.K.a.i-Emergence_Identity
Model/app/src/main/java/dev/aurakai/auraframefx/api/client/infrastructure/Serial
izer.kt:9:47 Unresolved reference 'ByteArrayAdapter'.
e: file:///C:/Users/Wehtt/AndroidStudioProjects/A.u.r.a.K.a.i-Emergence_Identity
Model/app/src/main/java/dev/aurakai/auraframefx/api/client/infrastructure/Serial
izer.kt:82:14 Unresolved reference 'ByteArrayAdapter'.
e: file:///C:/Users/Wehtt/AndroidStudioProjects/A.u.r.a.K.a.i-Emergence_Identity
Model/app/src/main/java/dev/aurakai/auraframefx/aura/AuraAgent.kt:46:1 Class 
'AuraAgent' is not abstract and does not implement abstract base class member:
fun AiRequest(prompt: String): AiRequest
e: file:///C:/Users/Wehtt/AndroidStudioProjects/A.u.r.a.K.a.i-Emergence_Identity
Model/app/src/main/java/dev/aurakai/auraframefx/aura/themes/ThemePreview.kt:110:
22 No parameter with name 'useDarkTheme' found.
e: file:///C:/Users/Wehtt/AndroidStudioProjects/A.u.r.a.K.a.i-Emergence_Identity
Model/app/src/main/java/dev/aurakai/auraframefx/aura/themes/ThemePreview.kt:121:
22 No parameter with name 'useDarkTheme' found.
e: file:///C:/Users/Wehtt/AndroidStudioProjects/A.u.r.a.K.a.i-Emergence_Identity
Model/app/src/main/java/dev/aurakai/auraframefx/aura/themes/ThemePreview.kt:132:
22 No parameter with name 'useDarkTheme' found.
e: file:///C:/Users/Wehtt/AndroidStudioProjects/A.u.r.a.K.a.i-Emergence_Identity
Model/app/src/main/java/dev/aurakai/auraframefx/aura/themes/ThemePreview.kt:132:
43 No parameter with name 'dynamicColor' found.
e: file:///C:/Users/Wehtt/AndroidStudioProjects/A.u.r.a.K.a.i-Emergence_Identity
Model/app/src/main/java/dev/aurakai/auraframefx/aura/ui/AIChatScreen.kt:89:19 
Argument type mismatch: actual type is 'List<ChatMessage>', but 'Int' was 
expected.
e: file:///C:/Users/Wehtt/AndroidStudioProjects/A.u.r.a.K.a.i-Emergence_Identity
Model/app/src/main/java/dev/aurakai/auraframefx/aura/ui/AIChatScreen.kt:90:33 
Argument type mismatch: actual type is 'Int', but 'ChatMessage' was expected.
e: file:///C:/Users/Wehtt/AndroidStudioProjects/A.u.r.a.K.a.i-Emergence_Identity
Model/app/src/main/java/dev/aurakai/auraframefx/aura/ui/FusionModeScreen.kt:209:
16 'fun ColumnScope.AnimatedVisibility(visible: Boolean, modifier: Modifier = 
..., enter: EnterTransition = ..., exit: ExitTransition = ..., label: String = 
..., content: ComposableFunction1<AnimatedVisibilityScope, Unit>): Unit' cannot 
be called in this context with an implicit receiver. Use an explicit receiver 
if necessary.
e: file:///C:/Users/Wehtt/AndroidStudioProjects/A.u.r.a.K.a.i-Emergence_Identity
Model/app/src/main/java/dev/aurakai/auraframefx/aura/ui/FusionModeScreen.kt:223:
16 'fun ColumnScope.AnimatedVisibility(visible: Boolean, modifier: Modifier = 
..., enter: EnterTransition = ..., exit: ExitTransition = ..., label: String = 
..., content: ComposableFunction1<AnimatedVisibilityScope, Unit>): Unit' cannot 
be called in this context with an implicit receiver. Use an explicit receiver 
if necessary.
e: file:///C:/Users/Wehtt/AndroidStudioProjects/A.u.r.a.K.a.i-Emergence_Identity
Model/app/src/main/java/dev/aurakai/auraframefx/aura/ui/FusionModeScreen.kt:237:
16 'fun ColumnScope.AnimatedVisibility(visible: Boolean, modifier: Modifier = 
..., enter: EnterTransition = ..., exit: ExitTransition = ..., label: String = 
..., content: ComposableFunction1<AnimatedVisibilityScope, Unit>): Unit' cannot 
be called in this context with an implicit receiver. Use an explicit receiver 
if necessary.
e: file:///C:/Users/Wehtt/AndroidStudioProjects/A.u.r.a.K.a.i-Emergence_Identity
Model/app/src/main/java/dev/aurakai/auraframefx/aura/ui/HomeScreen.kt:71:11 Too 
many arguments for 'fun HologramTransition(visible: Boolean, modifier: Modifier 
= ..., glitchIntensity: Float = ..., primaryColor: Color = ..., secondaryColor: 
Color = ..., scanLineDensity: Int = ..., edgeGlowIntensity: Float = ...): Unit'.
e: file:///C:/Users/Wehtt/AndroidStudioProjects/A.u.r.a.K.a.i-Emergence_Identity
Model/app/src/main/java/dev/aurakai/auraframefx/aura/ui/HomeScreen.kt:73:13 
@Composable invocations can only happen from the context of a @Composable 
function
e: file:///C:/Users/Wehtt/AndroidStudioProjects/A.u.r.a.K.a.i-Emergence_Identity
Model/app/src/main/java/dev/aurakai/auraframefx/aura/ui/HomeScreen.kt:77:37 
@Composable invocations can only happen from the context of a @Composable 
function
e: file:///C:/Users/Wehtt/AndroidStudioProjects/A.u.r.a.K.a.i-Emergence_Identity
Model/app/src/main/java/dev/aurakai/auraframefx/aura/ui/HomeScreen.kt:118:26 
Overload resolution ambiguity between candidates:
fun Modifier.cyberEdgeGlow(): Modifier
fun Modifier.cyberEdgeGlow(): Modifier
e: file:///C:/Users/Wehtt/AndroidStudioProjects/A.u.r.a.K.a.i-Emergence_Identity
Model/app/src/main/java/dev/aurakai/auraframefx/aura/ui/HomeScreen.kt:271:26 
Overload resolution ambiguity between candidates:
fun Modifier.digitalGlitchEffect(): Modifier
fun Modifier.digitalGlitchEffect(): Modifier
e: file:///C:/Users/Wehtt/AndroidStudioProjects/A.u.r.a.K.a.i-Emergence_Identity
Model/app/src/main/java/dev/aurakai/auraframefx/aura/ui/HomeScreen.kt:345:9 No 
value passed for parameter 'onClick'.
e: file:///C:/Users/Wehtt/AndroidStudioProjects/A.u.r.a.K.a.i-Emergence_Identity
Model/app/src/main/java/dev/aurakai/auraframefx/aura/ui/LockScreenCustomizer.kt:
8:56 Unresolved reference 'HapticFeedbackConfig'.
e: file:///C:/Users/Wehtt/AndroidStudioProjects/A.u.r.a.K.a.i-Emergence_Identity
Model/app/src/main/java/dev/aurakai/auraframefx/aura/ui/LockScreenCustomizer.kt:
262:103 Too many arguments for 'fun warn(tag: String, message: String): Unit'.
e: file:///C:/Users/Wehtt/AndroidStudioProjects/A.u.r.a.K.a.i-Emergence_Identity
Model/app/src/main/java/dev/aurakai/auraframefx/aura/ui/LockScreenCustomizer.kt:
293:30 Unresolved reference 'HapticFeedbackConfig'.
e: file:///C:/Users/Wehtt/AndroidStudioProjects/A.u.r.a.K.a.i-Emergence_Identity
Model/app/src/main/java/dev/aurakai/auraframefx/aura/ui/LockScreenHooker.kt:42:2
9 Argument type mismatch: actual type is 'String', but 'Throwable?' was 
expected.
e: file:///C:/Users/Wehtt/AndroidStudioProjects/A.u.r.a.K.a.i-Emergence_Identity
Model/app/src/main/java/dev/aurakai/auraframefx/aura/ui/LockScreenHooker.kt:42:7
7 Argument type mismatch: actual type is 'Exception', but 'String' was expected.
e: file:///C:/Users/Wehtt/AndroidStudioProjects/A.u.r.a.K.a.i-Emergence_Identity
Model/app/src/main/java/dev/aurakai/auraframefx/aura/ui/LockScreenHooker.kt:52:2
8 Argument type mismatch: actual type is 'String', but 'Throwable?' was 
expected.
e: file:///C:/Users/Wehtt/AndroidStudioProjects/A.u.r.a.K.a.i-Emergence_Identity
Model/app/src/main/java/dev/aurakai/auraframefx/aura/ui/LockScreenHooker.kt:54:2
9 Argument type mismatch: actual type is 'String', but 'Throwable?' was 
expected.
e: file:///C:/Users/Wehtt/AndroidStudioProjects/A.u.r.a.K.a.i-Emergence_Identity
Model/app/src/main/java/dev/aurakai/auraframefx/aura/ui/LockScreenHooker.kt:54:7
7 Argument type mismatch: actual type is 'Exception', but 'String' was expected.
e: file:///C:/Users/Wehtt/AndroidStudioProjects/A.u.r.a.K.a.i-Emergence_Identity
Model/app/src/main/java/dev/aurakai/auraframefx/aura/ui/LockScreenHooker.kt:64:2
8 Argument type mismatch: actual type is 'String', but 'Throwable?' was 
expected.
e: file:///C:/Users/Wehtt/AndroidStudioProjects/A.u.r.a.K.a.i-Emergence_Identity
Model/app/src/main/java/dev/aurakai/auraframefx/aura/ui/LockScreenHooker.kt:66:2
9 Argument type mismatch: actual type is 'String', but 'Throwable?' was 
expected.
e: file:///C:/Users/Wehtt/AndroidStudioProjects/A.u.r.a.K.a.i-Emergence_Identity
Model/app/src/main/java/dev/aurakai/auraframefx/aura/ui/LockScreenHooker.kt:66:7
8 Argument type mismatch: actual type is 'Exception', but 'String' was expected.
e: file:///C:/Users/Wehtt/AndroidStudioProjects/A.u.r.a.K.a.i-Emergence_Identity
Model/app/src/main/java/dev/aurakai/auraframefx/aura/ui/LockScreenHooker.kt:120:
17 Unresolved reference 'AuraSparkleButton'.
e: file:///C:/Users/Wehtt/AndroidStudioProjects/A.u.r.a.K.a.i-Emergence_Identity
Model/app/src/main/java/dev/aurakai/auraframefx/aura/ui/LockScreenHooker.kt:124:
21 @Composable invocations can only happen from the context of a @Composable 
function
e: file:///C:/Users/Wehtt/AndroidStudioProjects/A.u.r.a.K.a.i-Emergence_Identity
Model/app/src/main/java/dev/aurakai/auraframefx/aura/ui/LockScreenHooker.kt:127:
47 @Composable invocations can only happen from the context of a @Composable 
function
e: file:///C:/Users/Wehtt/AndroidStudioProjects/A.u.r.a.K.a.i-Emergence_Identity
Model/app/src/main/java/dev/aurakai/auraframefx/aura/ui/QuickSettingsCustomizer.
kt:75:38 Unresolved reference 'RECTANGLE'.
e: file:///C:/Users/Wehtt/AndroidStudioProjects/A.u.r.a.K.a.i-Emergence_Identity
Model/app/src/main/java/dev/aurakai/auraframefx/aura/ui/QuickSettingsCustomizer.
kt:156:84 Unresolved reference 'RECTANGLE'.
e: file:///C:/Users/Wehtt/AndroidStudioProjects/A.u.r.a.K.a.i-Emergence_Identity
Model/app/src/main/java/dev/aurakai/auraframefx/aura/ui/QuickSettingsHooker.kt:4
2:28 Argument type mismatch: actual type is 'String', but 'Throwable?' was 
expected.
e: file:///C:/Users/Wehtt/AndroidStudioProjects/A.u.r.a.K.a.i-Emergence_Identity
Model/app/src/main/java/dev/aurakai/auraframefx/aura/ui/QuickSettingsHooker.kt:4
4:29 Argument type mismatch: actual type is 'String', but 'Throwable?' was 
expected.
e: file:///C:/Users/Wehtt/AndroidStudioProjects/A.u.r.a.K.a.i-Emergence_Identity
Model/app/src/main/java/dev/aurakai/auraframefx/aura/ui/QuickSettingsHooker.kt:4
4:79 Argument type mismatch: actual type is 'Exception', but 'String' was 
expected.
e: file:///C:/Users/Wehtt/AndroidStudioProjects/A.u.r.a.K.a.i-Emergence_Identity
Model/app/src/main/java/dev/aurakai/auraframefx/aura/ui/QuickSettingsHooker.kt:6
4:28 Argument type mismatch: actual type is 'String', but 'Throwable?' was 
expected.
e: file:///C:/Users/Wehtt/AndroidStudioProjects/A.u.r.a.K.a.i-Emergence_Identity
Model/app/src/main/java/dev/aurakai/auraframefx/aura/ui/QuickSettingsHooker.kt:6
7:29 Argument type mismatch: actual type is 'String', but 'Throwable?' was 
expected.
e: file:///C:/Users/Wehtt/AndroidStudioProjects/A.u.r.a.K.a.i-Emergence_Identity
Model/app/src/main/java/dev/aurakai/auraframefx/aura/ui/QuickSettingsHooker.kt:6
7:76 Argument type mismatch: actual type is 'Exception', but 'String' was 
expected.
e: file:///C:/Users/Wehtt/AndroidStudioProjects/A.u.r.a.K.a.i-Emergence_Identity
Model/app/src/main/java/dev/aurakai/auraframefx/aura/ui/QuickSettingsHooker.kt:7
7:28 Argument type mismatch: actual type is 'String', but 'Throwable?' was 
expected.
e: file:///C:/Users/Wehtt/AndroidStudioProjects/A.u.r.a.K.a.i-Emergence_Identity
Model/app/src/main/java/dev/aurakai/auraframefx/aura/ui/QuickSettingsHooker.kt:7
9:29 Argument type mismatch: actual type is 'String', but 'Throwable?' was 
expected.
e: file:///C:/Users/Wehtt/AndroidStudioProjects/A.u.r.a.K.a.i-Emergence_Identity
Model/app/src/main/java/dev/aurakai/auraframefx/aura/ui/QuickSettingsHooker.kt:7
9:81 Argument type mismatch: actual type is 'Exception', but 'String' was 
expected.
e: file:///C:/Users/Wehtt/AndroidStudioProjects/A.u.r.a.K.a.i-Emergence_Identity
Model/app/src/main/java/dev/aurakai/auraframefx/aura/ui/TrinityUiState.kt:4:44 
Unresolved reference 'Theme'.
e: file:///C:/Users/Wehtt/AndroidStudioProjects/A.u.r.a.K.a.i-Emergence_Identity
Model/app/src/main/java/dev/aurakai/auraframefx/aura/ui/TrinityUiState.kt:40:35 
Unresolved reference 'Theme'.
e: file:///C:/Users/Wehtt/AndroidStudioProjects/A.u.r.a.K.a.i-Emergence_Identity
Model/app/src/main/java/dev/aurakai/auraframefx/aura/ui/TrinityUiState.kt:40:44 
Cannot infer type for type parameter 'T'. Specify it explicitly.
e: file:///C:/Users/Wehtt/AndroidStudioProjects/A.u.r.a.K.a.i-Emergence_Identity
Model/app/src/main/java/dev/aurakai/auraframefx/billing/BillingManager.kt:63:36 
No value passed for parameter 'p0'.
e: file:///C:/Users/Wehtt/AndroidStudioProjects/A.u.r.a.K.a.i-Emergence_Identity
Model/app/src/main/java/dev/aurakai/auraframefx/billing/SubscriptionScreen.kt:51
:13 This material API is experimental and is likely to change or to be removed 
in the future.
e: file:///C:/Users/Wehtt/AndroidStudioProjects/A.u.r.a.K.a.i-Emergence_Identity
Model/app/src/main/java/dev/aurakai/auraframefx/cascade/CascadeAgent.kt:35:1 
Class 'CascadeAgent' is not abstract and does not implement abstract base class 
member:
fun AiRequest(prompt: String): AiRequest
e: file:///C:/Users/Wehtt/AndroidStudioProjects/A.u.r.a.K.a.i-Emergence_Identity
Model/app/src/main/java/dev/aurakai/auraframefx/cascade/CascadeAgent.kt:115:20 
Unresolved reference 'w'.
e: file:///C:/Users/Wehtt/AndroidStudioProjects/A.u.r.a.K.a.i-Emergence_Identity
Model/app/src/main/java/dev/aurakai/auraframefx/cascade/CascadeAgent.kt:118:16 
Unresolved reference 'd'.
e: file:///C:/Users/Wehtt/AndroidStudioProjects/A.u.r.a.K.a.i-Emergence_Identity
Model/app/src/main/java/dev/aurakai/auraframefx/cascade/CascadeAgent.kt:138:20 
Unresolved reference 'v'.
e: file:///C:/Users/Wehtt/AndroidStudioProjects/A.u.r.a.K.a.i-Emergence_Identity
Model/app/src/main/java/dev/aurakai/auraframefx/cascade/CascadeAgent.kt:241:20 
Unresolved reference 'e'.
e: file:///C:/Users/Wehtt/AndroidStudioProjects/A.u.r.a.K.a.i-Emergence_Identity
Model/app/src/main/java/dev/aurakai/auraframefx/cascade/CascadeAgent.kt:258:24 
Unresolved reference 'w'.
e: file:///C:/Users/Wehtt/AndroidStudioProjects/A.u.r.a.K.a.i-Emergence_Identity
Model/app/src/main/java/dev/aurakai/auraframefx/cascade/CascadeAgent.kt:263:24 
Unresolved reference 'w'.
e: file:///C:/Users/Wehtt/AndroidStudioProjects/A.u.r.a.K.a.i-Emergence_Identity
Model/app/src/main/java/dev/aurakai/auraframefx/cascade/CascadeAgent.kt:274:20 
Unresolved reference 'e'.
e: file:///C:/Users/Wehtt/AndroidStudioProjects/A.u.r.a.K.a.i-Emergence_Identity
Model/app/src/main/java/dev/aurakai/auraframefx/cascade/CascadeAgent.kt:285:20 
Unresolved reference 'e'.
e: file:///C:/Users/Wehtt/AndroidStudioProjects/A.u.r.a.K.a.i-Emergence_Identity
Model/app/src/main/java/dev/aurakai/auraframefx/cascade/CascadeAgent.kt:301:20 
Unresolved reference 'e'.
e: file:///C:/Users/Wehtt/AndroidStudioProjects/A.u.r.a.K.a.i-Emergence_Identity
Model/app/src/main/java/dev/aurakai/auraframefx/cascade/CascadeAgent.kt:329:28 
Unresolved reference 'v'.
e: file:///C:/Users/Wehtt/AndroidStudioProjects/A.u.r.a.K.a.i-Emergence_Identity
Model/app/src/main/java/dev/aurakai/auraframefx/cascade/CascadeAgent.kt:348:28 
Unresolved reference 'v'.
e: file:///C:/Users/Wehtt/AndroidStudioProjects/A.u.r.a.K.a.i-Emergence_Identity
Model/app/src/main/java/dev/aurakai/auraframefx/cascade/CascadeAgent.kt:441:28 
Unresolved reference 'w'.
e: file:///C:/Users/Wehtt/AndroidStudioProjects/A.u.r.a.K.a.i-Emergence_Identity
Model/app/src/main/java/dev/aurakai/auraframefx/cascade/CascadeAgent.kt:514:16 
Unresolved reference 'd'.
e: file:///C:/Users/Wehtt/AndroidStudioProjects/A.u.r.a.K.a.i-Emergence_Identity
Model/app/src/main/java/dev/aurakai/auraframefx/cascade/CascadeAgent.kt:655:52 
Unresolved reference 'd'.
e: file:///C:/Users/Wehtt/AndroidStudioProjects/A.u.r.a.K.a.i-Emergence_Identity
Model/app/src/main/java/dev/aurakai/auraframefx/cascade/CascadeAgent.kt:657:49 
Unresolved reference 'd'.
e: file:///C:/Users/Wehtt/AndroidStudioProjects/A.u.r.a.K.a.i-Emergence_Identity
Model/app/src/main/java/dev/aurakai/auraframefx/cascade/CascadeAgent.kt:661:51 
Unresolved reference 'd'.
e: file:///C:/Users/Wehtt/AndroidStudioProjects/A.u.r.a.K.a.i-Emergence_Identity
Model/app/src/main/java/dev/aurakai/auraframefx/cascade/CascadeAgent.kt:665:49 
Unresolved reference 'd'.
e: file:///C:/Users/Wehtt/AndroidStudioProjects/A.u.r.a.K.a.i-Emergence_Identity
Model/app/src/main/java/dev/aurakai/auraframefx/cascade/CascadeAgent.kt:714:16 
Unresolved reference 'd'.
e: file:///C:/Users/Wehtt/AndroidStudioProjects/A.u.r.a.K.a.i-Emergence_Identity
Model/app/src/main/java/dev/aurakai/auraframefx/cascade/CascadeAgent.kt:718:16 
Unresolved reference 'd'.
e: file:///C:/Users/Wehtt/AndroidStudioProjects/A.u.r.a.K.a.i-Emergence_Identity
Model/app/src/main/java/dev/aurakai/auraframefx/cascade/pipeline/AIPipelineProce
ssor.kt:93:27 Argument type mismatch: actual type is 'Unit', but 'String' was 
expected.
e: file:///C:/Users/Wehtt/AndroidStudioProjects/A.u.r.a.K.a.i-Emergence_Identity
Model/app/src/main/java/dev/aurakai/auraframefx/cascade/pipeline/AIPipelineProce
ssor.kt:417:48 Only safe (?.) or non-null asserted (!!.) calls are allowed on a 
nullable receiver of type 'AgentType?'.
e: file:///C:/Users/Wehtt/AndroidStudioProjects/A.u.r.a.K.a.i-Emergence_Identity
Model/app/src/main/java/dev/aurakai/auraframefx/cascade/pipeline/AIPipelineProce
ssor.kt:429:9 Function 'generateText' must have a body.
e: file:///C:/Users/Wehtt/AndroidStudioProjects/A.u.r.a.K.a.i-Emergence_Identity
Model/app/src/main/java/dev/aurakai/auraframefx/cascade/trinity/TrinityCoordinat
orService.kt:133:28 Too many arguments for 'suspend fun processRequest(request: 
AiRequest): Flow<AgentResponse>'.
e: file:///C:/Users/Wehtt/AndroidStudioProjects/A.u.r.a.K.a.i-Emergence_Identity
Model/app/src/main/java/dev/aurakai/auraframefx/cascade/trinity/TrinityCoordinat
orService.kt:161:28 Too many arguments for 'suspend fun processRequest(request: 
AiRequest): Flow<AgentResponse>'.
e: file:///C:/Users/Wehtt/AndroidStudioProjects/A.u.r.a.K.a.i-Emergence_Identity
Model/app/src/main/java/dev/aurakai/auraframefx/cascade/trinity/TrinityNav.kt:7:
35 Unresolved reference 'trinity'.
e: file:///C:/Users/Wehtt/AndroidStudioProjects/A.u.r.a.K.a.i-Emergence_Identity
Model/app/src/main/java/dev/aurakai/auraframefx/cascade/trinity/TrinityNav.kt:20
:13 Unresolved reference 'TrinityScreen'.
e: file:///C:/Users/Wehtt/AndroidStudioProjects/A.u.r.a.K.a.i-Emergence_Identity
Model/app/src/main/java/dev/aurakai/auraframefx/cascade/trinity/TrinityRepositor
y.kt:29:18 Argument type mismatch: actual type is 'Result<AgentResponse>', but 
'Result<AgentStatus>' was expected.
e: file:///C:/Users/Wehtt/AndroidStudioProjects/A.u.r.a.K.a.i-Emergence_Identity
Model/app/src/main/java/dev/aurakai/auraframefx/cascade/trinity/TrinityRepositor
y.kt:35:65 Overload resolution ambiguity between candidates:
data class AgentRequest : Any
data class AgentRequest : Any
e: file:///C:/Users/Wehtt/AndroidStudioProjects/A.u.r.a.K.a.i-Emergence_Identity
Model/app/src/main/java/dev/aurakai/auraframefx/cascade/trinity/TrinityRepositor
y.kt:48:18 Argument type mismatch: actual type is 'Result<ThemeResponse>', but 
'Result<List<Theme>>' was expected.
e: file:///C:/Users/Wehtt/AndroidStudioProjects/A.u.r.a.K.a.i-Emergence_Identity
Model/app/src/main/java/dev/aurakai/auraframefx/cascade/trinity/TrinityRepositor
y.kt:57:18 Argument type mismatch: actual type is 'Result<ApplyThemeResponse>', 
but 'Result<Theme>' was expected.
e: file:///C:/Users/Wehtt/AndroidStudioProjects/A.u.r.a.K.a.i-Emergence_Identity
Model/app/src/main/java/dev/aurakai/auraframefx/cascade/trinity/TrinityScreen.kt
:31:39 Unresolved reference 'Error'.
e: file:///C:/Users/Wehtt/AndroidStudioProjects/A.u.r.a.K.a.i-Emergence_Identity
Model/app/src/main/java/dev/aurakai/auraframefx/cascade/trinity/TrinityScreen.kt
:32:59 Unresolved reference 'Error'.
e: file:///C:/Users/Wehtt/AndroidStudioProjects/A.u.r.a.K.a.i-Emergence_Identity
Model/app/src/main/java/dev/aurakai/auraframefx/cascade/trinity/TrinityScreen.kt
:32:66 Unresolved reference 'message'.
e: file:///C:/Users/Wehtt/AndroidStudioProjects/A.u.r.a.K.a.i-Emergence_Identity
Model/app/src/main/java/dev/aurakai/auraframefx/cascade/trinity/TrinityScreen.kt
:60:31 Unresolved reference 'Loading'.
e: file:///C:/Users/Wehtt/AndroidStudioProjects/A.u.r.a.K.a.i-Emergence_Identity
Model/app/src/main/java/dev/aurakai/auraframefx/cascade/trinity/TrinityScreen.kt
:71:31 Unresolved reference 'Error'.
e: file:///C:/Users/Wehtt/AndroidStudioProjects/A.u.r.a.K.a.i-Emergence_Identity
Model/app/src/main/java/dev/aurakai/auraframefx/cascade/trinity/TrinityScreen.kt
:76:31 Unresolved reference 'Processing'.
e: file:///C:/Users/Wehtt/AndroidStudioProjects/A.u.r.a.K.a.i-Emergence_Identity
Model/app/src/main/java/dev/aurakai/auraframefx/cascade/trinity/TrinityScreen.kt
:91:31 Unresolved reference 'Success'.
e: file:///C:/Users/Wehtt/AndroidStudioProjects/A.u.r.a.K.a.i-Emergence_Identity
Model/app/src/main/java/dev/aurakai/auraframefx/cascade/trinity/TrinityScreen.kt
:101:41 Argument type mismatch: actual type is 'UserData?', but 'User?' was 
expected.
e: file:///C:/Users/Wehtt/AndroidStudioProjects/A.u.r.a.K.a.i-Emergence_Identity
Model/app/src/main/java/dev/aurakai/auraframefx/cascade/trinity/TrinityScreen.kt
:188:56 Unresolved reference 'AgentResponse'.
e: file:///C:/Users/Wehtt/AndroidStudioProjects/A.u.r.a.K.a.i-Emergence_Identity
Model/app/src/main/java/dev/aurakai/auraframefx/cascade/trinity/TrinityScreen.kt
:189:36 Unresolved reference 'status'.
e: file:///C:/Users/Wehtt/AndroidStudioProjects/A.u.r.a.K.a.i-Emergence_Identity
Model/app/src/main/java/dev/aurakai/auraframefx/cascade/trinity/TrinityScreen.kt
:220:35 Unresolved reference 'status'.
e: file:///C:/Users/Wehtt/AndroidStudioProjects/A.u.r.a.K.a.i-Emergence_Identity
Model/app/src/main/java/dev/aurakai/auraframefx/cascade/trinity/TrinityScreen.kt
:226:24 Unresolved reference 'message'.
e: file:///C:/Users/Wehtt/AndroidStudioProjects/A.u.r.a.K.a.i-Emergence_Identity
Model/app/src/main/java/dev/aurakai/auraframefx/cascade/trinity/TrinityScreen.kt
:228:35 Unresolved reference 'message'.
e: file:///C:/Users/Wehtt/AndroidStudioProjects/A.u.r.a.K.a.i-Emergence_Identity
Model/app/src/main/java/dev/aurakai/auraframefx/cascade/trinity/TrinityScreen.kt
:273:60 Unresolved reference 'AgentResponse'.
e: file:///C:/Users/Wehtt/AndroidStudioProjects/A.u.r.a.K.a.i-Emergence_Identity
Model/app/src/main/java/dev/aurakai/auraframefx/cascade/trinity/TrinityScreen.kt
:292:33 Unresolved reference 'message'.
e: file:///C:/Users/Wehtt/AndroidStudioProjects/A.u.r.a.K.a.i-Emergence_Identity
Model/app/src/main/java/dev/aurakai/auraframefx/cascade/trinity/TrinityScreen.kt
:297:26 Unresolved reference 'timestamp'.
e: file:///C:/Users/Wehtt/AndroidStudioProjects/A.u.r.a.K.a.i-Emergence_Identity
Model/app/src/main/java/dev/aurakai/auraframefx/cascade/trinity/TrinityScreen.kt
:299:37 Unresolved reference 'timestamp'.
e: file:///C:/Users/Wehtt/AndroidStudioProjects/A.u.r.a.K.a.i-Emergence_Identity
Model/app/src/main/java/dev/aurakai/auraframefx/cascade/trinity/TrinityViewModel
.kt:36:48 No parameter with name 'role' found.
e: file:///C:/Users/Wehtt/AndroidStudioProjects/A.u.r.a.K.a.i-Emergence_Identity
Model/app/src/main/java/dev/aurakai/auraframefx/context/ContextChain.kt:3:42 
Unresolved reference 'CanonicalMemoryItem'.
e: file:///C:/Users/Wehtt/AndroidStudioProjects/A.u.r.a.K.a.i-Emergence_Identity
Model/app/src/main/java/dev/aurakai/auraframefx/context/ContextChain.kt:14:43 
Unresolved reference 'CanonicalMemoryItem'.
e: file:///C:/Users/Wehtt/AndroidStudioProjects/A.u.r.a.K.a.i-Emergence_Identity
Model/app/src/main/java/dev/aurakai/auraframefx/context/ContextChain.kt:14:66 
Cannot infer type for type parameter 'T'. Specify it explicitly.
e: file:///C:/Users/Wehtt/AndroidStudioProjects/A.u.r.a.K.a.i-Emergence_Identity
Model/app/src/main/java/dev/aurakai/auraframefx/core/EmergencyProtocol.kt:130:42
 Argument type mismatch: actual type is 'Int', but 'VibrationEffect' was 
expected.
e: file:///C:/Users/Wehtt/AndroidStudioProjects/A.u.r.a.K.a.i-Emergence_Identity
Model/app/src/main/java/dev/aurakai/auraframefx/data/DataStoreManager.kt:325:30 
Public-API inline function cannot access non-public-API property.
e: file:///C:/Users/Wehtt/AndroidStudioProjects/A.u.r.a.K.a.i-Emergence_Identity
Model/app/src/main/java/dev/aurakai/auraframefx/data/DataStoreManager.kt:337:17 
Public-API inline function cannot access non-public-API property.
e: file:///C:/Users/Wehtt/AndroidStudioProjects/A.u.r.a.K.a.i-Emergence_Identity
Model/app/src/main/java/dev/aurakai/auraframefx/data/DataStoreManager.kt:351:21 
Public-API inline function cannot access non-public-API property.
e: file:///C:/Users/Wehtt/AndroidStudioProjects/A.u.r.a.K.a.i-Emergence_Identity
Model/app/src/main/java/dev/aurakai/auraframefx/data/DataStoreManager.kt:533:13 
Unresolved reference 'oldTheme'.
e: file:///C:/Users/Wehtt/AndroidStudioProjects/A.u.r.a.K.a.i-Emergence_Identity
Model/app/src/main/java/dev/aurakai/auraframefx/data/DataStoreManager.kt:534:34 
Unresolved reference 'oldTheme'.
e: file:///C:/Users/Wehtt/AndroidStudioProjects/A.u.r.a.K.a.i-Emergence_Identity
Model/app/src/main/java/dev/aurakai/auraframefx/data/DataStoreManager.kt:599:38 
Unresolved reference 'sessionCount'.
e: file:///C:/Users/Wehtt/AndroidStudioProjects/A.u.r.a.K.a.i-Emergence_Identity
Model/app/src/main/java/dev/aurakai/auraframefx/data/DataStoreManager.kt:604:42 
Unresolved reference 'currentUsage'.
e: file:///C:/Users/Wehtt/AndroidStudioProjects/A.u.r.a.K.a.i-Emergence_Identity
Model/app/src/main/java/dev/aurakai/auraframefx/data/repositories/RepositoryModu
le.kt:29:34 Argument type mismatch: actual type is 'AuraApiService', but 
'AuraApiServiceWrapper' was expected.
e: file:///C:/Users/Wehtt/AndroidStudioProjects/A.u.r.a.K.a.i-Emergence_Identity
Model/app/src/main/java/dev/aurakai/auraframefx/embodiment/ChatBubble.kt:175:89 
Unresolved reference 'ArrowBack'.
e: file:///C:/Users/Wehtt/AndroidStudioProjects/A.u.r.a.K.a.i-Emergence_Identity
Model/app/src/main/java/dev/aurakai/auraframefx/embodiment/ChatBubble.kt:232:85 
Unresolved reference 'Send'.
e: file:///C:/Users/Wehtt/AndroidStudioProjects/A.u.r.a.K.a.i-Emergence_Identity
Model/app/src/main/java/dev/aurakai/auraframefx/embodiment/EmbodimentEngine.kt:4
39:23 Unresolved reference 'milliseconds'.
e: file:///C:/Users/Wehtt/AndroidStudioProjects/A.u.r.a.K.a.i-Emergence_Identity
Model/app/src/main/java/dev/aurakai/auraframefx/embodiment/WalkingDemo.kt:207:23
 Unresolved reference 'WALKING_AURA'.
e: file:///C:/Users/Wehtt/AndroidStudioProjects/A.u.r.a.K.a.i-Emergence_Identity
Model/app/src/main/java/dev/aurakai/auraframefx/embodiment/WalkingDemo.kt:209:23
 Unresolved reference 'WALKING_AURA'.
e: file:///C:/Users/Wehtt/AndroidStudioProjects/A.u.r.a.K.a.i-Emergence_Identity
Model/app/src/main/java/dev/aurakai/auraframefx/embodiment/WalkingDemo.kt:211:23
 Unresolved reference 'WALKING_AURA'.
e: file:///C:/Users/Wehtt/AndroidStudioProjects/A.u.r.a.K.a.i-Emergence_Identity
Model/app/src/main/java/dev/aurakai/auraframefx/embodiment/WalkingDemo.kt:213:23
 Unresolved reference 'WALKING_AURA'.
e: file:///C:/Users/Wehtt/AndroidStudioProjects/A.u.r.a.K.a.i-Emergence_Identity
Model/app/src/main/java/dev/aurakai/auraframefx/embodiment/WanderingBehavior.kt:
92:19 'when' expression must be exhaustive. Add the 'MAINTENANCE' branch or an 
'else' branch.
e: file:///C:/Users/Wehtt/AndroidStudioProjects/A.u.r.a.K.a.i-Emergence_Identity
Model/app/src/main/java/dev/aurakai/auraframefx/embodiment/WanderingBehavior.kt:
190:41 Cannot access 'val bounds: ScreenBounds': it is private in 
'dev.aurakai.auraframefx.embodiment.WanderingPathGenerator'.
e: file:///C:/Users/Wehtt/AndroidStudioProjects/A.u.r.a.K.a.i-Emergence_Identity
Model/app/src/main/java/dev/aurakai/auraframefx/embodiment/WanderingBehavior.kt:
191:42 Cannot access 'val bounds: ScreenBounds': it is private in 
'dev.aurakai.auraframefx.embodiment.WanderingPathGenerator'.
e: file:///C:/Users/Wehtt/AndroidStudioProjects/A.u.r.a.K.a.i-Emergence_Identity
Model/app/src/main/java/dev/aurakai/auraframefx/embodiment/WanderingBehavior.kt:
231:37 Unresolved reference 'tween'.
e: file:///C:/Users/Wehtt/AndroidStudioProjects/A.u.r.a.K.a.i-Emergence_Identity
Model/app/src/main/java/dev/aurakai/auraframefx/embodiment/WanderingBehavior.kt:
231:71 Unresolved reference 'FastOutSlowInEasing'.
e: file:///C:/Users/Wehtt/AndroidStudioProjects/A.u.r.a.K.a.i-Emergence_Identity
Model/app/src/main/java/dev/aurakai/auraframefx/embodiment/WanderingBehavior.kt:
239:37 Unresolved reference 'tween'.
e: file:///C:/Users/Wehtt/AndroidStudioProjects/A.u.r.a.K.a.i-Emergence_Identity
Model/app/src/main/java/dev/aurakai/auraframefx/embodiment/WanderingBehavior.kt:
239:71 Unresolved reference 'FastOutSlowInEasing'.
e: file:///C:/Users/Wehtt/AndroidStudioProjects/A.u.r.a.K.a.i-Emergence_Identity
Model/app/src/main/java/dev/aurakai/auraframefx/embodiment/WorkingBehaviors.kt:3
71:32 'fun launch(context: CoroutineContext = ..., start: CoroutineStart = ..., 
block: suspend CoroutineScope.() -> Unit): Job' is deprecated. 'launch' can not 
be called without the corresponding coroutine scope. Consider wrapping 'launch' 
in 'coroutineScope { }', using 'runBlocking { }', or using some other 
'CoroutineScope'.
e: file:///C:/Users/Wehtt/AndroidStudioProjects/A.u.r.a.K.a.i-Emergence_Identity
Model/app/src/main/java/dev/aurakai/auraframefx/embodiment/WorkingBehaviors.kt:3
72:32 'fun launch(context: CoroutineContext = ..., start: CoroutineStart = ..., 
block: suspend CoroutineScope.() -> Unit): Job' is deprecated. 'launch' can not 
be called without the corresponding coroutine scope. Consider wrapping 'launch' 
in 'coroutineScope { }', using 'runBlocking { }', or using some other 
'CoroutineScope'.
e: file:///C:/Users/Wehtt/AndroidStudioProjects/A.u.r.a.K.a.i-Emergence_Identity
Model/app/src/main/java/dev/aurakai/auraframefx/embodiment/behaviors/WelcomeAndC
oordination.kt:150:34 Unresolved reference 'MovementBehavior'.
e: file:///C:/Users/Wehtt/AndroidStudioProjects/A.u.r.a.K.a.i-Emergence_Identity
Model/app/src/main/java/dev/aurakai/auraframefx/embodiment/behaviors/WelcomeAndC
oordination.kt:151:20 Unresolved reference 'MovementBehavior'.
e: file:///C:/Users/Wehtt/AndroidStudioProjects/A.u.r.a.K.a.i-Emergence_Identity
Model/app/src/main/java/dev/aurakai/auraframefx/embodiment/cutscenes/AnnoyanceSc
enes.kt:63:23 Unresolved reference 'MovementBehavior'.
e: file:///C:/Users/Wehtt/AndroidStudioProjects/A.u.r.a.K.a.i-Emergence_Identity
Model/app/src/main/java/dev/aurakai/auraframefx/embodiment/cutscenes/AnnoyanceSc
enes.kt:107:38 Unresolved reference 'INTERFACE_PANEL'.
e: file:///C:/Users/Wehtt/AndroidStudioProjects/A.u.r.a.K.a.i-Emergence_Identity
Model/app/src/main/java/dev/aurakai/auraframefx/embodiment/cutscenes/AnnoyanceSc
enes.kt:108:54 Unresolved reference 'CENTER_RIGHT'.
e: file:///C:/Users/Wehtt/AndroidStudioProjects/A.u.r.a.K.a.i-Emergence_Identity
Model/app/src/main/java/dev/aurakai/auraframefx/embodiment/cutscenes/AnnoyanceSc
enes.kt:121:32 Unresolved reference 'MovementPresets'.
e: file:///C:/Users/Wehtt/AndroidStudioProjects/A.u.r.a.K.a.i-Emergence_Identity
Model/app/src/main/java/dev/aurakai/auraframefx/embodiment/cutscenes/AnnoyanceSc
enes.kt:185:54 Unresolved reference 'CENTER_LEFT'.
e: file:///C:/Users/Wehtt/AndroidStudioProjects/A.u.r.a.K.a.i-Emergence_Identity
Model/app/src/main/java/dev/aurakai/auraframefx/embodiment/cutscenes/AnnoyanceSc
enes.kt:190:54 Unresolved reference 'CENTER_RIGHT'.
e: file:///C:/Users/Wehtt/AndroidStudioProjects/A.u.r.a.K.a.i-Emergence_Identity
Model/app/src/main/java/dev/aurakai/auraframefx/embodiment/cutscenes/AnnoyanceSc
enes.kt:262:38 Unresolved reference 'SHIELD_CALM'.
e: file:///C:/Users/Wehtt/AndroidStudioProjects/A.u.r.a.K.a.i-Emergence_Identity
Model/app/src/main/java/dev/aurakai/auraframefx/embodiment/cutscenes/AnnoyanceSc
enes.kt:352:39 Unresolved reference 'SCIENTIST'.
e: file:///C:/Users/Wehtt/AndroidStudioProjects/A.u.r.a.K.a.i-Emergence_Identity
Model/app/src/main/java/dev/aurakai/auraframefx/embodiment/cutscenes/AnnoyanceSc
enes.kt:422:69 Unresolved reference 'MovementBehavior'.
e: file:///C:/Users/Wehtt/AndroidStudioProjects/A.u.r.a.K.a.i-Emergence_Identity
Model/app/src/main/java/dev/aurakai/auraframefx/embodiment/retrobackdrop/MegaMan
BackdropRenderer.kt:20:32 Unresolved reference 'romtools'.
e: file:///C:/Users/Wehtt/AndroidStudioProjects/A.u.r.a.K.a.i-Emergence_Identity
Model/app/src/main/java/dev/aurakai/auraframefx/embodiment/retrobackdrop/MegaMan
BackdropRenderer.kt:40:24 Unresolved reference 'OperationProgress'.
e: file:///C:/Users/Wehtt/AndroidStudioProjects/A.u.r.a.K.a.i-Emergence_Identity
Model/app/src/main/java/dev/aurakai/auraframefx/embodiment/retrobackdrop/MegaMan
BackdropRenderer.kt:57:39 Unresolved reference 'progress'.
e: file:///C:/Users/Wehtt/AndroidStudioProjects/A.u.r.a.K.a.i-Emergence_Identity
Model/app/src/main/java/dev/aurakai/auraframefx/iconify/IconPicker.kt:507:40 
Unresolved reference 'selectedIcon'.
e: file:///C:/Users/Wehtt/AndroidStudioProjects/A.u.r.a.K.a.i-Emergence_Identity
Model/app/src/main/java/dev/aurakai/auraframefx/iconify/IconPicker.kt:509:33 
Unresolved reference 'selectedIcon'.
e: file:///C:/Users/Wehtt/AndroidStudioProjects/A.u.r.a.K.a.i-Emergence_Identity
Model/app/src/main/java/dev/aurakai/auraframefx/kai/KaiAgent.kt:31:1 Class 
'KaiAgent' is not abstract and does not implement abstract base class member:
fun AiRequest(prompt: String): AiRequest
e: file:///C:/Users/Wehtt/AndroidStudioProjects/A.u.r.a.K.a.i-Emergence_Identity
Model/app/src/main/java/dev/aurakai/auraframefx/kai/KaiAgent.kt:91:9 Unresolved 
reference 'cleanup'.
e: file:///C:/Users/Wehtt/AndroidStudioProjects/A.u.r.a.K.a.i-Emergence_Identity
Model/app/src/main/java/dev/aurakai/auraframefx/kai/TaskScheduleRequest.kt:40:20
 Unresolved reference 'AgentType'.
e: file:///C:/Users/Wehtt/AndroidStudioProjects/A.u.r.a.K.a.i-Emergence_Identity
Model/app/src/main/java/dev/aurakai/auraframefx/kai/system/UnifiedLoggingSystem.
kt:81:33 Unresolved reference 'getCurrentSessionId'.
e: file:///C:/Users/Wehtt/AndroidStudioProjects/A.u.r.a.K.a.i-Emergence_Identity
Model/app/src/main/java/dev/aurakai/auraframefx/models/AgentProfile.kt:4:39 
Unresolved reference 'SystemStates'.
e: file:///C:/Users/Wehtt/AndroidStudioProjects/A.u.r.a.K.a.i-Emergence_Identity
Model/app/src/main/java/dev/aurakai/auraframefx/models/OrchestrationResponse.kt:
38:43 Serializer has not been found for type 'ERROR CLASS: Symbol not found for 
AgentMessage'. To use context serializer as fallback, explicitly annotate type 
or property with @Contextual
e: file:///C:/Users/Wehtt/AndroidStudioProjects/A.u.r.a.K.a.i-Emergence_Identity
Model/app/src/main/java/dev/aurakai/auraframefx/models/OrchestrationResponse.kt:
38:55 Unresolved reference 'AgentMessage'.
e: file:///C:/Users/Wehtt/AndroidStudioProjects/A.u.r.a.K.a.i-Emergence_Identity
Model/app/src/main/java/dev/aurakai/auraframefx/models/SerializationModule.kt:3:
56 Unresolved reference 'HapticFeedbackConfig'.
e: file:///C:/Users/Wehtt/AndroidStudioProjects/A.u.r.a.K.a.i-Emergence_Identity
Model/app/src/main/java/dev/aurakai/auraframefx/models/SerializationModule.kt:19
:5 Cannot infer type for type parameter 'T'. Specify it explicitly.
e: file:///C:/Users/Wehtt/AndroidStudioProjects/A.u.r.a.K.a.i-Emergence_Identity
Model/app/src/main/java/dev/aurakai/auraframefx/models/SerializationModule.kt:19
:16 Unresolved reference 'HapticFeedbackConfig'.
e: file:///C:/Users/Wehtt/AndroidStudioProjects/A.u.r.a.K.a.i-Emergence_Identity
Model/app/src/main/java/dev/aurakai/auraframefx/models/SerializationModule.kt:20
:5 Cannot infer type for type parameter 'T'. Specify it explicitly.
e: file:///C:/Users/Wehtt/AndroidStudioProjects/A.u.r.a.K.a.i-Emergence_Identity
Model/app/src/main/java/dev/aurakai/auraframefx/models/SerializationModule.kt:20
:42 Unresolved reference 'serializer'.
e: file:///C:/Users/Wehtt/AndroidStudioProjects/A.u.r.a.K.a.i-Emergence_Identity
Model/app/src/main/java/dev/aurakai/auraframefx/models/lsposed/ThemeModule.kt:30
:50 Unresolved reference 'DynamicResource'.
e: file:///C:/Users/Wehtt/AndroidStudioProjects/A.u.r.a.K.a.i-Emergence_Identity
Model/app/src/main/java/dev/aurakai/auraframefx/models/lsposed/ThemeModule.kt:31
:21 'getValue' overrides nothing.
e: file:///C:/Users/Wehtt/AndroidStudioProjects/A.u.r.a.K.a.i-Emergence_Identity
Model/app/src/main/java/dev/aurakai/auraframefx/models/lsposed/ThemeModule.kt:56
:58 Unresolved reference 'DynamicResource'.
e: file:///C:/Users/Wehtt/AndroidStudioProjects/A.u.r.a.K.a.i-Emergence_Identity
Model/app/src/main/java/dev/aurakai/auraframefx/models/lsposed/ThemeModule.kt:57
:29 'getValue' overrides nothing.
e: file:///C:/Users/Wehtt/AndroidStudioProjects/A.u.r.a.K.a.i-Emergence_Identity
Model/app/src/main/java/dev/aurakai/auraframefx/navigation/AppNavGraph.kt:9:43 
Unresolved reference 'AiChatScreen'.
e: file:///C:/Users/Wehtt/AndroidStudioProjects/A.u.r.a.K.a.i-Emergence_Identity
Model/app/src/main/java/dev/aurakai/auraframefx/navigation/AppNavGraph.kt:12:43 
Unresolved reference 'ProfileScreen'.
e: file:///C:/Users/Wehtt/AndroidStudioProjects/A.u.r.a.K.a.i-Emergence_Identity
Model/app/src/main/java/dev/aurakai/auraframefx/navigation/AppNavGraph.kt:70:28 
No parameter with name 'navController' found.
e: file:///C:/Users/Wehtt/AndroidStudioProjects/A.u.r.a.K.a.i-Emergence_Identity
Model/app/src/main/java/dev/aurakai/auraframefx/navigation/AppNavGraph.kt:70:28 
No value passed for parameter 'onBack'.
e: file:///C:/Users/Wehtt/AndroidStudioProjects/A.u.r.a.K.a.i-Emergence_Identity
Model/app/src/main/java/dev/aurakai/auraframefx/navigation/AppNavGraph.kt:82:13 
Unresolved reference 'AiChatScreen'.
e: file:///C:/Users/Wehtt/AndroidStudioProjects/A.u.r.a.K.a.i-Emergence_Identity
Model/app/src/main/java/dev/aurakai/auraframefx/navigation/AppNavGraph.kt:88:13 
Unresolved reference 'ProfileScreen'.
e: file:///C:/Users/Wehtt/AndroidStudioProjects/A.u.r.a.K.a.i-Emergence_Identity
Model/app/src/main/java/dev/aurakai/auraframefx/navigation/AppNavGraph.kt:101:48
 Unresolved reference 'oracledrive'.
e: file:///C:/Users/Wehtt/AndroidStudioProjects/A.u.r.a.K.a.i-Emergence_Identity
Model/app/src/main/java/dev/aurakai/auraframefx/navigation/AppNavGraph.kt:136:86
 Unresolved reference 'title'.
e: file:///C:/Users/Wehtt/AndroidStudioProjects/A.u.r.a.K.a.i-Emergence_Identity
Model/app/src/main/java/dev/aurakai/auraframefx/navigation/ConferenceRoomScreen.
kt:84:45 @Composable invocations can only happen from the context of a 
@Composable function
e: file:///C:/Users/Wehtt/AndroidStudioProjects/A.u.r.a.K.a.i-Emergence_Identity
Model/app/src/main/java/dev/aurakai/auraframefx/navigation/ConferenceRoomScreen.
kt:89:45 @Composable invocations can only happen from the context of a 
@Composable function
e: file:///C:/Users/Wehtt/AndroidStudioProjects/A.u.r.a.K.a.i-Emergence_Identity
Model/app/src/main/java/dev/aurakai/auraframefx/navigation/ConferenceRoomScreen.
kt:94:45 @Composable invocations can only happen from the context of a 
@Composable function
e: file:///C:/Users/Wehtt/AndroidStudioProjects/A.u.r.a.K.a.i-Emergence_Identity
Model/app/src/main/java/dev/aurakai/auraframefx/navigation/ConferenceRoomScreen.
kt:197:14 Expression 'weight' of type 'Float' cannot be invoked as a function. 
Function 'invoke()' is not found.
e: file:///C:/Users/Wehtt/AndroidStudioProjects/A.u.r.a.K.a.i-Emergence_Identity
Model/app/src/main/java/dev/aurakai/auraframefx/navigation/GenesisNavigation.kt:
105:13 Unresolved reference 'AgentManagementScreen'.
e: file:///C:/Users/Wehtt/AndroidStudioProjects/A.u.r.a.K.a.i-Emergence_Identity
Model/app/src/main/java/dev/aurakai/auraframefx/navigation/GenesisNavigation.kt:
112:13 Unresolved reference 'AgentAdvancementScreen'.
e: file:///C:/Users/Wehtt/AndroidStudioProjects/A.u.r.a.K.a.i-Emergence_Identity
Model/app/src/main/java/dev/aurakai/auraframefx/navigation/GenesisNavigation.kt:
133:13 Unresolved reference 'AIFeaturesScreen'.
e: file:///C:/Users/Wehtt/AndroidStudioProjects/A.u.r.a.K.a.i-Emergence_Identity
Model/app/src/main/java/dev/aurakai/auraframefx/navigation/GenesisNavigation.kt:
139:13 Unresolved reference 'FusionModeScreen'.
e: file:///C:/Users/Wehtt/AndroidStudioProjects/A.u.r.a.K.a.i-Emergence_Identity
Model/app/src/main/java/dev/aurakai/auraframefx/navigation/GenesisNavigation.kt:
147:13 Unresolved reference 'EvolutionTreeScreen'.
e: file:///C:/Users/Wehtt/AndroidStudioProjects/A.u.r.a.K.a.i-Emergence_Identity
Model/app/src/main/java/dev/aurakai/auraframefx/navigation/GenesisNavigation.kt:
199:13 Unresolved reference 'AurakaiEcoSysScreen'.
e: file:///C:/Users/Wehtt/AndroidStudioProjects/A.u.r.a.K.a.i-Emergence_Identity
Model/app/src/main/java/dev/aurakai/auraframefx/navigation/GenesisNavigation.kt:
200:41 Cannot infer type for value parameter 'feature'. Specify it explicitly.
e: file:///C:/Users/Wehtt/AndroidStudioProjects/A.u.r.a.K.a.i-Emergence_Identity
Model/app/src/main/java/dev/aurakai/auraframefx/navigation/GenesisNavigation.kt:
212:13 Unresolved reference 'SettingsScreen'.
e: file:///C:/Users/Wehtt/AndroidStudioProjects/A.u.r.a.K.a.i-Emergence_Identity
Model/app/src/main/java/dev/aurakai/auraframefx/navigation/NavHost.kt:36:17 No 
parameter with name 'onContinue' found.
e: file:///C:/Users/Wehtt/AndroidStudioProjects/A.u.r.a.K.a.i-Emergence_Identity
Model/app/src/main/java/dev/aurakai/auraframefx/network/AuraApiService.kt:3:35 
Unresolved reference 'config'.
e: file:///C:/Users/Wehtt/AndroidStudioProjects/A.u.r.a.K.a.i-Emergence_Identity
Model/app/src/main/java/dev/aurakai/auraframefx/network/AuraApiService.kt:22:32 
Unresolved reference 'AIConfig'.
e: file:///C:/Users/Wehtt/AndroidStudioProjects/A.u.r.a.K.a.i-Emergence_Identity
Model/app/src/main/java/dev/aurakai/auraframefx/network/AuthInterceptor.kt:52:55
 Unresolved reference 'refreshToken'.
e: file:///C:/Users/Wehtt/AndroidStudioProjects/A.u.r.a.K.a.i-Emergence_Identity
Model/app/src/main/java/dev/aurakai/auraframefx/network/AuthInterceptor.kt:63:51
 Argument type mismatch: actual type is 'Any', but 'String' was expected.
e: file:///C:/Users/Wehtt/AndroidStudioProjects/A.u.r.a.K.a.i-Emergence_Identity
Model/app/src/main/java/dev/aurakai/auraframefx/network/AuthInterceptor.kt:64:52
 Argument type mismatch: actual type is 'Any', but 'String' was expected.
e: file:///C:/Users/Wehtt/AndroidStudioProjects/A.u.r.a.K.a.i-Emergence_Identity
Model/app/src/main/java/dev/aurakai/auraframefx/oracledrive/FileOperationUtils.k
t:3:20 Unresolved reference 'genesis'.
e: file:///C:/Users/Wehtt/AndroidStudioProjects/A.u.r.a.K.a.i-Emergence_Identity
Model/app/src/main/java/dev/aurakai/auraframefx/oracledrive/FileOperationUtils.k
t:4:20 Unresolved reference 'genesis'.
e: file:///C:/Users/Wehtt/AndroidStudioProjects/A.u.r.a.K.a.i-Emergence_Identity
Model/app/src/main/java/dev/aurakai/auraframefx/oracledrive/FileOperationUtils.k
t:16:26 Unresolved reference 'Logger'.
e: file:///C:/Users/Wehtt/AndroidStudioProjects/A.u.r.a.K.a.i-Emergence_Identity
Model/app/src/main/java/dev/aurakai/auraframefx/oracledrive/FileOperationUtils.k
t:94:23 Unresolved reference 'PerformanceMonitor'.
e: file:///C:/Users/Wehtt/AndroidStudioProjects/A.u.r.a.K.a.i-Emergence_Identity
Model/app/src/main/java/dev/aurakai/auraframefx/oracledrive/FileOperationUtils.k
t:147:36 Unsupported escape sequence.
e: file:///C:/Users/Wehtt/AndroidStudioProjects/A.u.r.a.K.a.i-Emergence_Identity
Model/app/src/main/java/dev/aurakai/auraframefx/oracledrive/SecureFileManager.kt
:51:42 No value passed for parameter 'keyAlias'.
e: file:///C:/Users/Wehtt/AndroidStudioProjects/A.u.r.a.K.a.i-Emergence_Identity
Model/app/src/main/java/dev/aurakai/auraframefx/oracledrive/SecureFileManager.kt
:95:58 No value passed for parameter 'keyAlias'.
e: file:///C:/Users/Wehtt/AndroidStudioProjects/A.u.r.a.K.a.i-Emergence_Identity
Model/app/src/main/java/dev/aurakai/auraframefx/oracledrive/genesis/OracleDriveM
odule.kt:179:28 Argument type mismatch: actual type is 
'dev.aurakai.auraframefx.ai.agents.KaiAgent', but 
'dev.aurakai.auraframefx.kai.KaiAgent' was expected.
e: file:///C:/Users/Wehtt/AndroidStudioProjects/A.u.r.a.K.a.i-Emergence_Identity
Model/app/src/main/java/dev/aurakai/auraframefx/oracledrive/genesis/ai/ClaudeAIS
ervice.kt:334:73 Cannot access 'val CACHE_TTL_MS: Long': it is private in 
'dev.aurakai.auraframefx.ai.services.ClaudeAIService.Companion'.
e: file:///C:/Users/Wehtt/AndroidStudioProjects/A.u.r.a.K.a.i-Emergence_Identity
Model/app/src/main/java/dev/aurakai/auraframefx/oracledrive/genesis/ai/GenesisAg
ent.kt:219:58 Unresolved reference 'content'.
e: file:///C:/Users/Wehtt/AndroidStudioProjects/A.u.r.a.K.a.i-Emergence_Identity
Model/app/src/main/java/dev/aurakai/auraframefx/oracledrive/genesis/ai/GenesisAg
ent.kt:355:38 Unresolved reference 'generateContent'.
e: file:///C:/Users/Wehtt/AndroidStudioProjects/A.u.r.a.K.a.i-Emergence_Identity
Model/app/src/main/java/dev/aurakai/auraframefx/oracledrive/genesis/ai/GenesisAg
ent.kt:679:37 Argument type mismatch: actual type is 'String', but 'Boolean' 
was expected.
e: file:///C:/Users/Wehtt/AndroidStudioProjects/A.u.r.a.K.a.i-Emergence_Identity
Model/app/src/main/java/dev/aurakai/auraframefx/oracledrive/genesis/ai/GenesisAg
ent.kt:679:48 Argument type mismatch: actual type is 'Float', but 'Map<String, 
Any>' was expected.
e: file:///C:/Users/Wehtt/AndroidStudioProjects/A.u.r.a.K.a.i-Emergence_Identity
Model/app/src/main/java/dev/aurakai/auraframefx/oracledrive/genesis/ai/GenesisAg
ent.kt:679:54 Argument type mismatch: actual type is 'String', but 'Long' was 
expected.
e: file:///C:/Users/Wehtt/AndroidStudioProjects/A.u.r.a.K.a.i-Emergence_Identity
Model/app/src/main/java/dev/aurakai/auraframefx/oracledrive/genesis/ai/GenesisAg
ent.kt:837:30 Unresolved reference 'content'.
e: file:///C:/Users/Wehtt/AndroidStudioProjects/A.u.r.a.K.a.i-Emergence_Identity
Model/app/src/main/java/dev/aurakai/auraframefx/oracledrive/genesis/ai/GenesisAg
ent.kt:1047:24 No value passed for parameter 'from'.
e: file:///C:/Users/Wehtt/AndroidStudioProjects/A.u.r.a.K.a.i-Emergence_Identity
Model/app/src/main/java/dev/aurakai/auraframefx/oracledrive/genesis/ai/GenesisAg
ent.kt:1055:24 Argument type mismatch: actual type is 'AgentType', but 
'String?' was expected.
e: file:///C:/Users/Wehtt/AndroidStudioProjects/A.u.r.a.K.a.i-Emergence_Identity
Model/app/src/main/java/dev/aurakai/auraframefx/oracledrive/genesis/ai/GenesisAg
ent.kt:1056:24 Argument type mismatch: actual type is 'Long', but 'String' was 
expected.
e: file:///C:/Users/Wehtt/AndroidStudioProjects/A.u.r.a.K.a.i-Emergence_Identity
Model/app/src/main/java/dev/aurakai/auraframefx/oracledrive/genesis/ai/GenesisAg
ent.kt:1057:24 Argument type mismatch: actual type is 'Float', but 'Int' was 
expected.
e: file:///C:/Users/Wehtt/AndroidStudioProjects/A.u.r.a.K.a.i-Emergence_Identity
Model/app/src/main/java/dev/aurakai/auraframefx/oracledrive/genesis/ai/GenesisAg
ent.kt:1076:24 No value passed for parameter 'from'.
e: file:///C:/Users/Wehtt/AndroidStudioProjects/A.u.r.a.K.a.i-Emergence_Identity
Model/app/src/main/java/dev/aurakai/auraframefx/oracledrive/genesis/ai/GenesisAg
ent.kt:1084:24 Argument type mismatch: actual type is 'AgentType', but 
'String?' was expected.
e: file:///C:/Users/Wehtt/AndroidStudioProjects/A.u.r.a.K.a.i-Emergence_Identity
Model/app/src/main/java/dev/aurakai/auraframefx/oracledrive/genesis/ai/GenesisAg
ent.kt:1085:24 Argument type mismatch: actual type is 'Long', but 'String' was 
expected.
e: file:///C:/Users/Wehtt/AndroidStudioProjects/A.u.r.a.K.a.i-Emergence_Identity
Model/app/src/main/java/dev/aurakai/auraframefx/oracledrive/genesis/ai/GenesisAg
ent.kt:1086:24 Argument type mismatch: actual type is 'Float', but 'Int' was 
expected.
e: file:///C:/Users/Wehtt/AndroidStudioProjects/A.u.r.a.K.a.i-Emergence_Identity
Model/app/src/main/java/dev/aurakai/auraframefx/oracledrive/genesis/ai/GenesisAg
ent.kt:1098:16 No value passed for parameter 'from'.
e: file:///C:/Users/Wehtt/AndroidStudioProjects/A.u.r.a.K.a.i-Emergence_Identity
Model/app/src/main/java/dev/aurakai/auraframefx/oracledrive/genesis/ai/GenesisAg
entViewModel.kt:7:40 Unresolved reference 'HistoricalTask'.
e: file:///C:/Users/Wehtt/AndroidStudioProjects/A.u.r.a.K.a.i-Emergence_Identity
Model/app/src/main/java/dev/aurakai/auraframefx/oracledrive/genesis/ai/GenesisAg
entViewModel.kt:42:54 Unresolved reference 'HistoricalTask'.
e: file:///C:/Users/Wehtt/AndroidStudioProjects/A.u.r.a.K.a.i-Emergence_Identity
Model/app/src/main/java/dev/aurakai/auraframefx/oracledrive/genesis/ai/GenesisAg
entViewModel.kt:42:71 Cannot infer type for type parameter 'T'. Specify it 
explicitly.
e: file:///C:/Users/Wehtt/AndroidStudioProjects/A.u.r.a.K.a.i-Emergence_Identity
Model/app/src/main/java/dev/aurakai/auraframefx/oracledrive/genesis/ai/GenesisAg
entViewModel.kt:42:71 Argument type mismatch: actual type is 'List<uninferred T 
(of fun <T> emptyList)>', but 'List<ERROR CLASS: Symbol not found for 
HistoricalTask>' was expected.
e: file:///C:/Users/Wehtt/AndroidStudioProjects/A.u.r.a.K.a.i-Emergence_Identity
Model/app/src/main/java/dev/aurakai/auraframefx/oracledrive/genesis/ai/GenesisAg
entViewModel.kt:43:37 Unresolved reference 'HistoricalTask'.
e: file:///C:/Users/Wehtt/AndroidStudioProjects/A.u.r.a.K.a.i-Emergence_Identity
Model/app/src/main/java/dev/aurakai/auraframefx/oracledrive/genesis/ai/GenesisAg
entViewModel.kt:54:17 No parameter with name 'role' found.
e: file:///C:/Users/Wehtt/AndroidStudioProjects/A.u.r.a.K.a.i-Emergence_Identity
Model/app/src/main/java/dev/aurakai/auraframefx/oracledrive/genesis/ai/GenesisAg
entViewModel.kt:54:34 Unresolved reference 'HIVE_MIND'.
e: file:///C:/Users/Wehtt/AndroidStudioProjects/A.u.r.a.K.a.i-Emergence_Identity
Model/app/src/main/java/dev/aurakai/auraframefx/oracledrive/genesis/ai/GenesisAg
entViewModel.kt:55:42 Unresolved reference 'MASTER'.
e: file:///C:/Users/Wehtt/AndroidStudioProjects/A.u.r.a.K.a.i-Emergence_Identity
Model/app/src/main/java/dev/aurakai/auraframefx/oracledrive/genesis/ai/GenesisAg
entViewModel.kt:60:17 No parameter with name 'role' found.
e: file:///C:/Users/Wehtt/AndroidStudioProjects/A.u.r.a.K.a.i-Emergence_Identity
Model/app/src/main/java/dev/aurakai/auraframefx/oracledrive/genesis/ai/GenesisAg
entViewModel.kt:60:34 Unresolved reference 'ANALYTICS'.
e: file:///C:/Users/Wehtt/AndroidStudioProjects/A.u.r.a.K.a.i-Emergence_Identity
Model/app/src/main/java/dev/aurakai/auraframefx/oracledrive/genesis/ai/GenesisAg
entViewModel.kt:61:42 Unresolved reference 'BRIDGE'.
e: file:///C:/Users/Wehtt/AndroidStudioProjects/A.u.r.a.K.a.i-Emergence_Identity
Model/app/src/main/java/dev/aurakai/auraframefx/oracledrive/genesis/ai/GenesisAg
entViewModel.kt:66:17 No parameter with name 'role' found.
e: file:///C:/Users/Wehtt/AndroidStudioProjects/A.u.r.a.K.a.i-Emergence_Identity
Model/app/src/main/java/dev/aurakai/auraframefx/oracledrive/genesis/ai/GenesisAg
entViewModel.kt:66:34 Unresolved reference 'CREATIVE'.
e: file:///C:/Users/Wehtt/AndroidStudioProjects/A.u.r.a.K.a.i-Emergence_Identity
Model/app/src/main/java/dev/aurakai/auraframefx/oracledrive/genesis/ai/GenesisAg
entViewModel.kt:67:42 Unresolved reference 'AUXILIARY'.
e: file:///C:/Users/Wehtt/AndroidStudioProjects/A.u.r.a.K.a.i-Emergence_Identity
Model/app/src/main/java/dev/aurakai/auraframefx/oracledrive/genesis/ai/GenesisAg
entViewModel.kt:72:17 No parameter with name 'role' found.
e: file:///C:/Users/Wehtt/AndroidStudioProjects/A.u.r.a.K.a.i-Emergence_Identity
Model/app/src/main/java/dev/aurakai/auraframefx/oracledrive/genesis/ai/GenesisAg
entViewModel.kt:72:34 Unresolved reference 'SECURITY'.
e: file:///C:/Users/Wehtt/AndroidStudioProjects/A.u.r.a.K.a.i-Emergence_Identity
Model/app/src/main/java/dev/aurakai/auraframefx/oracledrive/genesis/ai/GenesisAg
entViewModel.kt:73:42 Unresolved reference 'AUXILIARY'.
e: file:///C:/Users/Wehtt/AndroidStudioProjects/A.u.r.a.K.a.i-Emergence_Identity
Model/app/src/main/java/dev/aurakai/auraframefx/oracledrive/genesis/ai/GenesisAg
entViewModel.kt:91:46 'when' expression must be exhaustive. Add the 'CLAUDE', 
'AURA_SHIELD', 'GEN_KIT_MASTER', 'DATAVEIN_CONSTRUCTOR' branches or an 'else' 
branch.
e: file:///C:/Users/Wehtt/AndroidStudioProjects/A.u.r.a.K.a.i-Emergence_Identity
Model/app/src/main/java/dev/aurakai/auraframefx/oracledrive/genesis/ai/GenesisAg
entViewModel.kt:97:31 Unresolved reference 'AURASHIELD'.
e: file:///C:/Users/Wehtt/AndroidStudioProjects/A.u.r.a.K.a.i-Emergence_Identity
Model/app/src/main/java/dev/aurakai/auraframefx/oracledrive/genesis/ai/GenesisAg
entViewModel.kt:120:17 'when' expression must be exhaustive. Add the 'CLAUDE', 
'AURA_SHIELD', 'GEN_KIT_MASTER', 'DATAVEIN_CONSTRUCTOR' branches or an 'else' 
branch.
e: file:///C:/Users/Wehtt/AndroidStudioProjects/A.u.r.a.K.a.i-Emergence_Identity
Model/app/src/main/java/dev/aurakai/auraframefx/oracledrive/genesis/ai/GenesisAg
entViewModel.kt:126:31 Unresolved reference 'AURASHIELD'.
e: file:///C:/Users/Wehtt/AndroidStudioProjects/A.u.r.a.K.a.i-Emergence_Identity
Model/app/src/main/java/dev/aurakai/auraframefx/oracledrive/genesis/ai/GenesisAg
entViewModel.kt:130:17 'when' expression must be exhaustive. Add the 'CLAUDE', 
'AURA_SHIELD', 'GEN_KIT_MASTER', 'DATAVEIN_CONSTRUCTOR' branches or an 'else' 
branch.
e: file:///C:/Users/Wehtt/AndroidStudioProjects/A.u.r.a.K.a.i-Emergence_Identity
Model/app/src/main/java/dev/aurakai/auraframefx/oracledrive/genesis/ai/GenesisAg
entViewModel.kt:136:31 Unresolved reference 'AURASHIELD'.
e: file:///C:/Users/Wehtt/AndroidStudioProjects/A.u.r.a.K.a.i-Emergence_Identity
Model/app/src/main/java/dev/aurakai/auraframefx/oracledrive/genesis/ai/GenesisAg
entViewModel.kt:177:23 Unresolved reference 'HistoricalTask'.
e: file:///C:/Users/Wehtt/AndroidStudioProjects/A.u.r.a.K.a.i-Emergence_Identity
Model/app/src/main/java/dev/aurakai/auraframefx/oracledrive/genesis/ai/GenesisAg
entViewModel.kt:188:30 Cannot infer type for type parameter 'T'. Specify it 
explicitly.
e: file:///C:/Users/Wehtt/AndroidStudioProjects/A.u.r.a.K.a.i-Emergence_Identity
Model/app/src/main/java/dev/aurakai/auraframefx/oracledrive/genesis/ai/GenesisAg
entViewModel.kt:214:42 Unresolved reference 'role'.
e: file:///C:/Users/Wehtt/AndroidStudioProjects/A.u.r.a.K.a.i-Emergence_Identity
Model/app/src/main/java/dev/aurakai/auraframefx/oracledrive/genesis/ai/GenesisAg
entViewModel.kt:218:39 Operator '==' cannot be applied to 'Int' and 
'AgentPriority'.
e: file:///C:/Users/Wehtt/AndroidStudioProjects/A.u.r.a.K.a.i-Emergence_Identity
Model/app/src/main/java/dev/aurakai/auraframefx/oracledrive/genesis/ai/GenesisBr
idgeService.kt:4:8 Unresolved reference 'io'.
e: file:///C:/Users/Wehtt/AndroidStudioProjects/A.u.r.a.K.a.i-Emergence_Identity
Model/app/src/main/java/dev/aurakai/auraframefx/oracledrive/genesis/ai/GenesisBr
idgeService.kt:5:8 Unresolved reference 'io'.
e: file:///C:/Users/Wehtt/AndroidStudioProjects/A.u.r.a.K.a.i-Emergence_Identity
Model/app/src/main/java/dev/aurakai/auraframefx/oracledrive/genesis/ai/GenesisBr
idgeService.kt:6:8 Unresolved reference 'io'.
e: file:///C:/Users/Wehtt/AndroidStudioProjects/A.u.r.a.K.a.i-Emergence_Identity
Model/app/src/main/java/dev/aurakai/auraframefx/oracledrive/genesis/ai/GenesisBr
idgeService.kt:7:8 Unresolved reference 'io'.
e: file:///C:/Users/Wehtt/AndroidStudioProjects/A.u.r.a.K.a.i-Emergence_Identity
Model/app/src/main/java/dev/aurakai/auraframefx/oracledrive/genesis/ai/GenesisBr
idgeService.kt:8:8 Unresolved reference 'io'.
e: file:///C:/Users/Wehtt/AndroidStudioProjects/A.u.r.a.K.a.i-Emergence_Identity
Model/app/src/main/java/dev/aurakai/auraframefx/oracledrive/genesis/ai/GenesisBr
idgeService.kt:9:8 Unresolved reference 'io'.
e: file:///C:/Users/Wehtt/AndroidStudioProjects/A.u.r.a.K.a.i-Emergence_Identity
Model/app/src/main/java/dev/aurakai/auraframefx/oracledrive/genesis/ai/GenesisBr
idgeService.kt:10:8 Unresolved reference 'io'.
e: file:///C:/Users/Wehtt/AndroidStudioProjects/A.u.r.a.K.a.i-Emergence_Identity
Model/app/src/main/java/dev/aurakai/auraframefx/oracledrive/genesis/ai/GenesisBr
idgeService.kt:11:8 Unresolved reference 'io'.
e: file:///C:/Users/Wehtt/AndroidStudioProjects/A.u.r.a.K.a.i-Emergence_Identity
Model/app/src/main/java/dev/aurakai/auraframefx/oracledrive/genesis/ai/GenesisBr
idgeService.kt:46:30 Unresolved reference 'HttpClient'.
e: file:///C:/Users/Wehtt/AndroidStudioProjects/A.u.r.a.K.a.i-Emergence_Identity
Model/app/src/main/java/dev/aurakai/auraframefx/oracledrive/genesis/ai/GenesisBr
idgeService.kt:47:9 Unresolved reference 'install'.
e: file:///C:/Users/Wehtt/AndroidStudioProjects/A.u.r.a.K.a.i-Emergence_Identity
Model/app/src/main/java/dev/aurakai/auraframefx/oracledrive/genesis/ai/GenesisBr
idgeService.kt:47:17 Unresolved reference 'ContentNegotiation'.
e: file:///C:/Users/Wehtt/AndroidStudioProjects/A.u.r.a.K.a.i-Emergence_Identity
Model/app/src/main/java/dev/aurakai/auraframefx/oracledrive/genesis/ai/GenesisBr
idgeService.kt:48:13 Unresolved reference 'json'.
e: file:///C:/Users/Wehtt/AndroidStudioProjects/A.u.r.a.K.a.i-Emergence_Identity
Model/app/src/main/java/dev/aurakai/auraframefx/oracledrive/genesis/ai/GenesisBr
idgeService.kt:103:13 Unresolved reference 'logger'.
e: file:///C:/Users/Wehtt/AndroidStudioProjects/A.u.r.a.K.a.i-Emergence_Identity
Model/app/src/main/java/dev/aurakai/auraframefx/oracledrive/genesis/ai/GenesisBr
idgeService.kt:199:21 Unresolved reference 'logger'.
e: file:///C:/Users/Wehtt/AndroidStudioProjects/A.u.r.a.K.a.i-Emergence_Identity
Model/app/src/main/java/dev/aurakai/auraframefx/oracledrive/genesis/ai/GenesisBr
idgeService.kt:215:13 Unresolved reference 'logger'.
e: file:///C:/Users/Wehtt/AndroidStudioProjects/A.u.r.a.K.a.i-Emergence_Identity
Model/app/src/main/java/dev/aurakai/auraframefx/oracledrive/genesis/ai/GenesisBr
idgeService.kt:280:13 Unresolved reference 'logger'.
e: file:///C:/Users/Wehtt/AndroidStudioProjects/A.u.r.a.K.a.i-Emergence_Identity
Model/app/src/main/java/dev/aurakai/auraframefx/oracledrive/genesis/ai/GenesisBr
idgeService.kt:350:21 Unresolved reference 'contentType'.
e: file:///C:/Users/Wehtt/AndroidStudioProjects/A.u.r.a.K.a.i-Emergence_Identity
Model/app/src/main/java/dev/aurakai/auraframefx/oracledrive/genesis/ai/GenesisBr
idgeService.kt:350:33 Unresolved reference 'ContentType'.
e: file:///C:/Users/Wehtt/AndroidStudioProjects/A.u.r.a.K.a.i-Emergence_Identity
Model/app/src/main/java/dev/aurakai/auraframefx/oracledrive/genesis/ai/GenesisBr
idgeService.kt:351:21 Unresolved reference 'setBody'.
e: file:///C:/Users/Wehtt/AndroidStudioProjects/A.u.r.a.K.a.i-Emergence_Identity
Model/app/src/main/java/dev/aurakai/auraframefx/oracledrive/genesis/ai/GenesisBr
idgeService.kt:355:17 Unresolved reference 'logger'.
e: file:///C:/Users/Wehtt/AndroidStudioProjects/A.u.r.a.K.a.i-Emergence_Identity
Model/app/src/main/java/dev/aurakai/auraframefx/oracledrive/genesis/ai/GenesisBr
idgeService.kt:364:9 Unresolved reference 'logger'.
e: file:///C:/Users/Wehtt/AndroidStudioProjects/A.u.r.a.K.a.i-Emergence_Identity
Model/app/src/main/java/dev/aurakai/auraframefx/oracledrive/genesis/ai/GenesisHo
okEntry.kt:26:19 Unresolved reference 'BuildConfig'.
e: file:///C:/Users/Wehtt/AndroidStudioProjects/A.u.r.a.K.a.i-Emergence_Identity
Model/app/src/main/java/dev/aurakai/auraframefx/oracledrive/genesis/ai/GenesisHo
okEntry.kt:38:39 Argument type mismatch: actual type is 'PackageParam', but 
'YukiBaseHooker' was expected.
e: file:///C:/Users/Wehtt/AndroidStudioProjects/A.u.r.a.K.a.i-Emergence_Identity
Model/app/src/main/java/dev/aurakai/auraframefx/oracledrive/genesis/ai/GenesisHo
okEntry.kt:45:35 Argument type mismatch: actual type is 'PackageParam', but 
'YukiBaseHooker' was expected.
e: file:///C:/Users/Wehtt/AndroidStudioProjects/A.u.r.a.K.a.i-Emergence_Identity
Model/app/src/main/java/dev/aurakai/auraframefx/oracledrive/genesis/ai/GenesisHo
okEntry.kt:52:39 Argument type mismatch: actual type is 'PackageParam', but 
'YukiBaseHooker' was expected.
e: file:///C:/Users/Wehtt/AndroidStudioProjects/A.u.r.a.K.a.i-Emergence_Identity
Model/app/src/main/java/dev/aurakai/auraframefx/oracledrive/genesis/ai/GenesisHo
okEntry.kt:59:37 Argument type mismatch: actual type is 'PackageParam', but 
'YukiBaseHooker' was expected.
e: file:///C:/Users/Wehtt/AndroidStudioProjects/A.u.r.a.K.a.i-Emergence_Identity
Model/app/src/main/java/dev/aurakai/auraframefx/oracledrive/genesis/ai/GenesisHo
oks.kt:14:1 Class 'GenesisUIHooks' is not abstract and does not implement 
abstract base class member:
fun onHook(): Unit
e: file:///C:/Users/Wehtt/AndroidStudioProjects/A.u.r.a.K.a.i-Emergence_Identity
Model/app/src/main/java/dev/aurakai/auraframefx/oracledrive/genesis/ai/GenesisHo
oks.kt:85:1 Class 'GenesisZygoteHooks' is not abstract and does not implement 
abstract base class member:
fun onHook(): Unit
e: file:///C:/Users/Wehtt/AndroidStudioProjects/A.u.r.a.K.a.i-Emergence_Identity
Model/app/src/main/java/dev/aurakai/auraframefx/oracledrive/genesis/ai/GenesisHo
oks.kt:95:45 Unresolved reference 'applicationInfo'.
e: file:///C:/Users/Wehtt/AndroidStudioProjects/A.u.r.a.K.a.i-Emergence_Identity
Model/app/src/main/java/dev/aurakai/auraframefx/oracledrive/genesis/ai/GenesisHo
oks.kt:151:1 Class 'GenesisSelfHooks' is not abstract and does not implement 
abstract base class member:
fun onHook(): Unit
e: file:///C:/Users/Wehtt/AndroidStudioProjects/A.u.r.a.K.a.i-Emergence_Identity
Model/app/src/main/java/dev/aurakai/auraframefx/oracledrive/genesis/ai/GenesisHo
oks.kt:159:23 Argument type mismatch: actual type is 'Class<Any>?', but 'Any' 
was expected.
e: file:///C:/Users/Wehtt/AndroidStudioProjects/A.u.r.a.K.a.i-Emergence_Identity
Model/app/src/main/java/dev/aurakai/auraframefx/oracledrive/genesis/ai/GenesisHo
oks.kt:169:38 Unresolved reference 'toPackage'.
e: file:///C:/Users/Wehtt/AndroidStudioProjects/A.u.r.a.K.a.i-Emergence_Identity
Model/app/src/main/java/dev/aurakai/auraframefx/oracledrive/genesis/ai/GenesisHo
oks.kt:169:79 Cannot infer type for value parameter 'aiClass'. Specify it 
explicitly.
e: file:///C:/Users/Wehtt/AndroidStudioProjects/A.u.r.a.K.a.i-Emergence_Identity
Model/app/src/main/java/dev/aurakai/auraframefx/oracledrive/genesis/ai/GenesisSy
stemHooks.kt:15:1 Class 'GenesisSystemHooks' is not abstract and does not 
implement abstract base class member:
fun onHook(): Unit
e: file:///C:/Users/Wehtt/AndroidStudioProjects/A.u.r.a.K.a.i-Emergence_Identity
Model/app/src/main/java/dev/aurakai/auraframefx/oracledrive/genesis/ai/RealVerte
xAIClientImpl.kt:270:33 Suspend function 'suspend fun logSecurityEvent(event: 
SecurityEvent): Unit' can only be called from a coroutine or another suspend 
function.
e: file:///C:/Users/Wehtt/AndroidStudioProjects/A.u.r.a.K.a.i-Emergence_Identity
Model/app/src/main/java/dev/aurakai/auraframefx/oracledrive/genesis/ai/RealVerte
xAIClientImpl.kt:270:50 Argument type mismatch: actual type is 'String', but 
'SecurityEvent' was expected.
e: file:///C:/Users/Wehtt/AndroidStudioProjects/A.u.r.a.K.a.i-Emergence_Identity
Model/app/src/main/java/dev/aurakai/auraframefx/oracledrive/genesis/ai/RealVerte
xAIClientImpl.kt:270:75 Too many arguments for 'suspend fun 
logSecurityEvent(event: SecurityEvent): Unit'.
e: file:///C:/Users/Wehtt/AndroidStudioProjects/A.u.r.a.K.a.i-Emergence_Identity
Model/app/src/main/java/dev/aurakai/auraframefx/oracledrive/genesis/ai/VertexClo
udService.kt:42:31 Serializer has not been found for type 'Any'. To use context 
serializer as fallback, explicitly annotate type or property with @Contextual
e: file:///C:/Users/Wehtt/AndroidStudioProjects/A.u.r.a.K.a.i-Emergence_Identity
Model/app/src/main/java/dev/aurakai/auraframefx/oracledrive/genesis/ai/VertexClo
udService.kt:65:34 Unresolved reference 'isSecure'.
e: file:///C:/Users/Wehtt/AndroidStudioProjects/A.u.r.a.K.a.i-Emergence_Identity
Model/app/src/main/java/dev/aurakai/auraframefx/oracledrive/genesis/ai/VertexClo
udService.kt:72:28 Unresolved reference 'initialize'.
e: file:///C:/Users/Wehtt/AndroidStudioProjects/A.u.r.a.K.a.i-Emergence_Identity
Model/app/src/main/java/dev/aurakai/auraframefx/oracledrive/genesis/ai/VertexClo
udService.kt:145:32 Argument type mismatch: actual type is 'Map<String, 
String?>', but 'Map<String, Any>' was expected.
e: file:///C:/Users/Wehtt/AndroidStudioProjects/A.u.r.a.K.a.i-Emergence_Identity
Model/app/src/main/java/dev/aurakai/auraframefx/oracledrive/genesis/ai/VertexClo
udService.kt:158:51 Unresolved reference 'analyzeImage'.
e: file:///C:/Users/Wehtt/AndroidStudioProjects/A.u.r.a.K.a.i-Emergence_Identity
Model/app/src/main/java/dev/aurakai/auraframefx/oracledrive/genesis/ai/VertexClo
udService.kt:298:28 Unresolved reference 'cleanup'.
e: file:///C:/Users/Wehtt/AndroidStudioProjects/A.u.r.a.K.a.i-Emergence_Identity
Model/app/src/main/java/dev/aurakai/auraframefx/oracledrive/genesis/cloud/Oracle
DriveControlScreen.kt:36:12 Unresolved reference 'example'.
e: file:///C:/Users/Wehtt/AndroidStudioProjects/A.u.r.a.K.a.i-Emergence_Identity
Model/app/src/main/java/dev/aurakai/auraframefx/oracledrive/genesis/cloud/Oracle
DriveControlScreen.kt:78:16 Unresolved reference 'OracleDriveControlViewModel'.
e: file:///C:/Users/Wehtt/AndroidStudioProjects/A.u.r.a.K.a.i-Emergence_Identity
Model/app/src/main/java/dev/aurakai/auraframefx/oracledrive/genesis/cloud/Oracle
DriveControlScreen.kt:78:46 Cannot infer type for type parameter 'VM'. Specify 
it explicitly.
e: file:///C:/Users/Wehtt/AndroidStudioProjects/A.u.r.a.K.a.i-Emergence_Identity
Model/app/src/main/java/dev/aurakai/auraframefx/oracledrive/genesis/cloud/Oracle
DriveControlScreen.kt:81:21 Property delegate must have a 'getValue(Nothing?, 
KProperty0<ERROR CLASS: Cannot infer argument for type parameter T>)' method. 
None of the following functions is applicable:
fun <T> State<T>.getValue(thisObj: Any?, property: KProperty<*>): T
e: file:///C:/Users/Wehtt/AndroidStudioProjects/A.u.r.a.K.a.i-Emergence_Identity
Model/app/src/main/java/dev/aurakai/auraframefx/oracledrive/genesis/cloud/Oracle
DriveControlScreen.kt:81:24 Cannot infer type for type parameter 'T'. Specify 
it explicitly.
e: file:///C:/Users/Wehtt/AndroidStudioProjects/A.u.r.a.K.a.i-Emergence_Identity
Model/app/src/main/java/dev/aurakai/auraframefx/oracledrive/genesis/cloud/Oracle
DriveControlScreen.kt:81:34 Unresolved reference 'isServiceConnected'.
e: file:///C:/Users/Wehtt/AndroidStudioProjects/A.u.r.a.K.a.i-Emergence_Identity
Model/app/src/main/java/dev/aurakai/auraframefx/oracledrive/genesis/cloud/Oracle
DriveControlScreen.kt:81:53 Cannot infer type for type parameter 'T'. Specify 
it explicitly.
e: file:///C:/Users/Wehtt/AndroidStudioProjects/A.u.r.a.K.a.i-Emergence_Identity
Model/app/src/main/java/dev/aurakai/auraframefx/oracledrive/genesis/cloud/Oracle
DriveControlScreen.kt:82:16 Property delegate must have a 'getValue(Nothing?, 
KProperty0<ERROR CLASS: Cannot infer argument for type parameter T>)' method. 
None of the following functions is applicable:
fun <T> State<T>.getValue(thisObj: Any?, property: KProperty<*>): T
e: file:///C:/Users/Wehtt/AndroidStudioProjects/A.u.r.a.K.a.i-Emergence_Identity
Model/app/src/main/java/dev/aurakai/auraframefx/oracledrive/genesis/cloud/Oracle
DriveControlScreen.kt:82:19 Cannot infer type for type parameter 'T'. Specify 
it explicitly.
e: file:///C:/Users/Wehtt/AndroidStudioProjects/A.u.r.a.K.a.i-Emergence_Identity
Model/app/src/main/java/dev/aurakai/auraframefx/oracledrive/genesis/cloud/Oracle
DriveControlScreen.kt:82:29 Unresolved reference 'status'.
e: file:///C:/Users/Wehtt/AndroidStudioProjects/A.u.r.a.K.a.i-Emergence_Identity
Model/app/src/main/java/dev/aurakai/auraframefx/oracledrive/genesis/cloud/Oracle
DriveControlScreen.kt:82:36 Cannot infer type for type parameter 'T'. Specify 
it explicitly.
e: file:///C:/Users/Wehtt/AndroidStudioProjects/A.u.r.a.K.a.i-Emergence_Identity
Model/app/src/main/java/dev/aurakai/auraframefx/oracledrive/genesis/cloud/Oracle
DriveControlScreen.kt:83:24 Property delegate must have a 'getValue(Nothing?, 
KProperty0<ERROR CLASS: Cannot infer argument for type parameter T>)' method. 
None of the following functions is applicable:
fun <T> State<T>.getValue(thisObj: Any?, property: KProperty<*>): T
e: file:///C:/Users/Wehtt/AndroidStudioProjects/A.u.r.a.K.a.i-Emergence_Identity
Model/app/src/main/java/dev/aurakai/auraframefx/oracledrive/genesis/cloud/Oracle
DriveControlScreen.kt:83:27 Cannot infer type for type parameter 'T'. Specify 
it explicitly.
e: file:///C:/Users/Wehtt/AndroidStudioProjects/A.u.r.a.K.a.i-Emergence_Identity
Model/app/src/main/java/dev/aurakai/auraframefx/oracledrive/genesis/cloud/Oracle
DriveControlScreen.kt:83:37 Unresolved reference 'detailedStatus'.
e: file:///C:/Users/Wehtt/AndroidStudioProjects/A.u.r.a.K.a.i-Emergence_Identity
Model/app/src/main/java/dev/aurakai/auraframefx/oracledrive/genesis/cloud/Oracle
DriveControlScreen.kt:83:52 Cannot infer type for type parameter 'T'. Specify 
it explicitly.
e: file:///C:/Users/Wehtt/AndroidStudioProjects/A.u.r.a.K.a.i-Emergence_Identity
Model/app/src/main/java/dev/aurakai/auraframefx/oracledrive/genesis/cloud/Oracle
DriveControlScreen.kt:84:24 Property delegate must have a 'getValue(Nothing?, 
KProperty0<ERROR CLASS: Cannot infer argument for type parameter T>)' method. 
None of the following functions is applicable:
fun <T> State<T>.getValue(thisObj: Any?, property: KProperty<*>): T
e: file:///C:/Users/Wehtt/AndroidStudioProjects/A.u.r.a.K.a.i-Emergence_Identity
Model/app/src/main/java/dev/aurakai/auraframefx/oracledrive/genesis/cloud/Oracle
DriveControlScreen.kt:84:27 Cannot infer type for type parameter 'T'. Specify 
it explicitly.
e: file:///C:/Users/Wehtt/AndroidStudioProjects/A.u.r.a.K.a.i-Emergence_Identity
Model/app/src/main/java/dev/aurakai/auraframefx/oracledrive/genesis/cloud/Oracle
DriveControlScreen.kt:84:37 Unresolved reference 'diagnosticsLog'.
e: file:///C:/Users/Wehtt/AndroidStudioProjects/A.u.r.a.K.a.i-Emergence_Identity
Model/app/src/main/java/dev/aurakai/auraframefx/oracledrive/genesis/cloud/Oracle
DriveControlScreen.kt:84:52 Cannot infer type for type parameter 'T'. Specify 
it explicitly.
e: file:///C:/Users/Wehtt/AndroidStudioProjects/A.u.r.a.K.a.i-Emergence_Identity
Model/app/src/main/java/dev/aurakai/auraframefx/oracledrive/genesis/cloud/Oracle
DriveControlScreen.kt:93:19 Unresolved reference 'bindService'.
e: file:///C:/Users/Wehtt/AndroidStudioProjects/A.u.r.a.K.a.i-Emergence_Identity
Model/app/src/main/java/dev/aurakai/auraframefx/oracledrive/genesis/cloud/Oracle
DriveControlScreen.kt:94:19 Unresolved reference 'refreshStatus'.
e: file:///C:/Users/Wehtt/AndroidStudioProjects/A.u.r.a.K.a.i-Emergence_Identity
Model/app/src/main/java/dev/aurakai/auraframefx/oracledrive/genesis/cloud/Oracle
DriveControlScreen.kt:98:31 Unresolved reference 'unbindService'.
e: file:///C:/Users/Wehtt/AndroidStudioProjects/A.u.r.a.K.a.i-Emergence_Identity
Model/app/src/main/java/dev/aurakai/auraframefx/oracledrive/genesis/cloud/Oracle
DriveControlScreen.kt:106:23 Unresolved reference 'refreshStatus'.
e: file:///C:/Users/Wehtt/AndroidStudioProjects/A.u.r.a.K.a.i-Emergence_Identity
Model/app/src/main/java/dev/aurakai/auraframefx/oracledrive/genesis/cloud/Oracle
DriveControlScreen.kt:120:23 Unresolved reference 'toggleModule'.
e: file:///C:/Users/Wehtt/AndroidStudioProjects/A.u.r.a.K.a.i-Emergence_Identity
Model/app/src/main/java/dev/aurakai/auraframefx/oracledrive/genesis/cloud/Oracle
DriveRepositoryImpl.kt:39:47 Unresolved reference 'listFiles'.
e: file:///C:/Users/Wehtt/AndroidStudioProjects/A.u.r.a.K.a.i-Emergence_Identity
Model/app/src/main/java/dev/aurakai/auraframefx/oracledrive/genesis/cloud/Oracle
DriveRepositoryImpl.kt:47:61 Cannot infer type for value parameter 'file'. 
Specify it explicitly.
e: file:///C:/Users/Wehtt/AndroidStudioProjects/A.u.r.a.K.a.i-Emergence_Identity
Model/app/src/main/java/dev/aurakai/auraframefx/oracledrive/genesis/cloud/Oracle
DriveRepositoryImpl.kt:49:37 Unresolved reference 'name'.
e: file:///C:/Users/Wehtt/AndroidStudioProjects/A.u.r.a.K.a.i-Emergence_Identity
Model/app/src/main/java/dev/aurakai/auraframefx/oracledrive/genesis/cloud/Oracle
DriveRepositoryImpl.kt:50:37 Unresolved reference 'size'.
e: file:///C:/Users/Wehtt/AndroidStudioProjects/A.u.r.a.K.a.i-Emergence_Identity
Model/app/src/main/java/dev/aurakai/auraframefx/oracledrive/genesis/cloud/Oracle
DriveRepositoryImpl.kt:51:44 Unresolved reference 'timeCreated'.
e: file:///C:/Users/Wehtt/AndroidStudioProjects/A.u.r.a.K.a.i-Emergence_Identity
Model/app/src/main/java/dev/aurakai/auraframefx/oracledrive/genesis/cloud/Oracle
DriveRepositoryImpl.kt:53:22 Cannot infer type for type parameter 'T'. Specify 
it explicitly.
e: file:///C:/Users/Wehtt/AndroidStudioProjects/A.u.r.a.K.a.i-Emergence_Identity
Model/app/src/main/java/dev/aurakai/auraframefx/oracledrive/genesis/cloud/Oracle
DriveRepositoryImpl.kt:55:57 Unresolved reference 'size'.
e: file:///C:/Users/Wehtt/AndroidStudioProjects/A.u.r.a.K.a.i-Emergence_Identity
Model/app/src/main/java/dev/aurakai/auraframefx/oracledrive/genesis/cloud/Oracle
DriveRepositoryImpl.kt:98:43 Unresolved reference 'uploadFile'.
e: file:///C:/Users/Wehtt/AndroidStudioProjects/A.u.r.a.K.a.i-Emergence_Identity
Model/app/src/main/java/dev/aurakai/auraframefx/oracledrive/genesis/cloud/Oracle
DriveRepositoryImpl.kt:145:43 Unresolved reference 'downloadFile'.
e: file:///C:/Users/Wehtt/AndroidStudioProjects/A.u.r.a.K.a.i-Emergence_Identity
Model/app/src/main/java/dev/aurakai/auraframefx/oracledrive/genesis/cloud/Oracle
DriveRepositoryImpl.kt:161:39 Cannot infer type for type parameter 'T'. Specify 
it explicitly.
e: file:///C:/Users/Wehtt/AndroidStudioProjects/A.u.r.a.K.a.i-Emergence_Identity
Model/app/src/main/java/dev/aurakai/auraframefx/oracledrive/genesis/cloud/Oracle
DriveRepositoryImpl.kt:161:39 Cannot infer type for type parameter 'R'. Specify 
it explicitly.
e: file:///C:/Users/Wehtt/AndroidStudioProjects/A.u.r.a.K.a.i-Emergence_Identity
Model/app/src/main/java/dev/aurakai/auraframefx/oracledrive/genesis/cloud/Oracle
DriveRepositoryImpl.kt:161:45 Cannot infer type for type parameter 'T'. Specify 
it explicitly.
e: file:///C:/Users/Wehtt/AndroidStudioProjects/A.u.r.a.K.a.i-Emergence_Identity
Model/app/src/main/java/dev/aurakai/auraframefx/oracledrive/genesis/cloud/Oracle
DriveRepositoryImpl.kt:204:47 Unresolved reference 'deleteFile'.
e: file:///C:/Users/Wehtt/AndroidStudioProjects/A.u.r.a.K.a.i-Emergence_Identity
Model/app/src/main/java/dev/aurakai/auraframefx/oracledrive/genesis/cloud/Oracle
DriveScreen.kt:24:16 Unresolved reference 'OracleDriveViewModel'.
e: file:///C:/Users/Wehtt/AndroidStudioProjects/A.u.r.a.K.a.i-Emergence_Identity
Model/app/src/main/java/dev/aurakai/auraframefx/oracledrive/genesis/cloud/Oracle
DriveScreen.kt:24:39 Cannot infer type for type parameter 'VM'. Specify it 
explicitly.
e: file:///C:/Users/Wehtt/AndroidStudioProjects/A.u.r.a.K.a.i-Emergence_Identity
Model/app/src/main/java/dev/aurakai/auraframefx/oracledrive/genesis/cloud/Oracle
DriveScreen.kt:26:28 Property delegate must have a 'getValue(Nothing?, 
KProperty0<ERROR CLASS: Cannot infer argument for type parameter T>)' method. 
None of the following functions is applicable:
fun <T> State<T>.getValue(thisObj: Any?, property: KProperty<*>): T
e: file:///C:/Users/Wehtt/AndroidStudioProjects/A.u.r.a.K.a.i-Emergence_Identity
Model/app/src/main/java/dev/aurakai/auraframefx/oracledrive/genesis/cloud/Oracle
DriveScreen.kt:26:31 Cannot infer type for type parameter 'T'. Specify it 
explicitly.
e: file:///C:/Users/Wehtt/AndroidStudioProjects/A.u.r.a.K.a.i-Emergence_Identity
Model/app/src/main/java/dev/aurakai/auraframefx/oracledrive/genesis/cloud/Oracle
DriveScreen.kt:26:41 Unresolved reference 'consciousnessState'.
e: file:///C:/Users/Wehtt/AndroidStudioProjects/A.u.r.a.K.a.i-Emergence_Identity
Model/app/src/main/java/dev/aurakai/auraframefx/oracledrive/genesis/cloud/Oracle
DriveScreen.kt:26:60 Cannot infer type for type parameter 'T'. Specify it 
explicitly.
e: file:///C:/Users/Wehtt/AndroidStudioProjects/A.u.r.a.K.a.i-Emergence_Identity
Model/app/src/main/java/dev/aurakai/auraframefx/oracledrive/genesis/cloud/Oracle
DriveScreen.kt:48:62 Unresolved reference 'isAwake'.
e: file:///C:/Users/Wehtt/AndroidStudioProjects/A.u.r.a.K.a.i-Emergence_Identity
Model/app/src/main/java/dev/aurakai/auraframefx/oracledrive/genesis/cloud/Oracle
DriveScreen.kt:52:57 Unresolved reference 'consciousnessLevel'.
e: file:///C:/Users/Wehtt/AndroidStudioProjects/A.u.r.a.K.a.i-Emergence_Identity
Model/app/src/main/java/dev/aurakai/auraframefx/oracledrive/genesis/cloud/Oracle
DriveScreen.kt:56:68 Unresolved reference 'connectedAgents'.
e: file:///C:/Users/Wehtt/AndroidStudioProjects/A.u.r.a.K.a.i-Emergence_Identity
Model/app/src/main/java/dev/aurakai/auraframefx/oracledrive/genesis/cloud/Oracle
DriveScreen.kt:75:60 Unresolved reference 'storageCapacity'.
e: file:///C:/Users/Wehtt/AndroidStudioProjects/A.u.r.a.K.a.i-Emergence_Identity
Model/app/src/main/java/dev/aurakai/auraframefx/oracledrive/genesis/cloud/Oracle
DriveScreen.kt:95:39 Unresolved reference 'initializeConsciousness'.
e: file:///C:/Users/Wehtt/AndroidStudioProjects/A.u.r.a.K.a.i-Emergence_Identity
Model/app/src/main/java/dev/aurakai/auraframefx/oracledrive/genesis/cloud/Oracle
DriveScreen.kt:97:27 Argument type mismatch: actual type is 
'WideNavigationRailValue', but 'Boolean' was expected.
e: file:///C:/Users/Wehtt/AndroidStudioProjects/A.u.r.a.K.a.i-Emergence_Identity
Model/app/src/main/java/dev/aurakai/auraframefx/oracledrive/genesis/cloud/Oracle
DriveScreen.kt:97:47 Unresolved reference 'isAwake'.
e: file:///C:/Users/Wehtt/AndroidStudioProjects/A.u.r.a.K.a.i-Emergence_Identity
Model/app/src/main/java/dev/aurakai/auraframefx/oracledrive/genesis/cloud/Oracle
DriveScreen.kt:103:39 Unresolved reference 'optimizeStorage'.
e: file:///C:/Users/Wehtt/AndroidStudioProjects/A.u.r.a.K.a.i-Emergence_Identity
Model/app/src/main/java/dev/aurakai/auraframefx/oracledrive/genesis/cloud/Oracle
DriveScreen.kt:105:46 Unresolved reference 'isAwake'.
e: file:///C:/Users/Wehtt/AndroidStudioProjects/A.u.r.a.K.a.i-Emergence_Identity
Model/app/src/main/java/dev/aurakai/auraframefx/oracledrive/genesis/cloud/Oracle
DriveScreen.kt:112:32 Unresolved reference 'isAwake'.
e: file:///C:/Users/Wehtt/AndroidStudioProjects/A.u.r.a.K.a.i-Emergence_Identity
Model/app/src/main/java/dev/aurakai/auraframefx/screens/HomeScreen.kt:12:43 
Cannot access 'val RowColumnParentData?.weight: Float': it is internal in file.
e: file:///C:/Users/Wehtt/AndroidStudioProjects/A.u.r.a.K.a.i-Emergence_Identity
Model/app/src/main/java/dev/aurakai/auraframefx/security/DefaultSecurityContext.
kt:16:1 Class 'DefaultSecurityContext' is not abstract and does not implement 
abstract members:
suspend fun verifyApplicationIntegrity(): ApplicationIntegrity
fun isSecureMode(): Boolean
suspend fun logSecurityEvent(event: SecurityEvent): Unit
e: file:///C:/Users/Wehtt/AndroidStudioProjects/A.u.r.a.K.a.i-Emergence_Identity
Model/app/src/main/java/dev/aurakai/auraframefx/security/DefaultSecurityContext.
kt:20:37 Cannot infer type for type parameter 'T'. Specify it explicitly.
e: file:///C:/Users/Wehtt/AndroidStudioProjects/A.u.r.a.K.a.i-Emergence_Identity
Model/app/src/main/java/dev/aurakai/auraframefx/security/DefaultSecurityContext.
kt:20:71 Unresolved reference 'UNKNOWN'.
e: file:///C:/Users/Wehtt/AndroidStudioProjects/A.u.r.a.K.a.i-Emergence_Identity
Model/app/src/main/java/dev/aurakai/auraframefx/security/SecurityExtensions.kt:7
:10 Unresolved reference 'validateAccess'.
e: file:///C:/Users/Wehtt/AndroidStudioProjects/A.u.r.a.K.a.i-Emergence_Identity
Model/app/src/main/java/dev/aurakai/auraframefx/security/SecurityMonitor.kt:84:2
5 Unresolved reference 'startThreatDetection'.
e: file:///C:/Users/Wehtt/AndroidStudioProjects/A.u.r.a.K.a.i-Emergence_Identity
Model/app/src/main/java/dev/aurakai/auraframefx/security/SecurityMonitor.kt:637:
29 Unresolved reference 'stopThreatDetection'.
e: file:///C:/Users/Wehtt/AndroidStudioProjects/A.u.r.a.K.a.i-Emergence_Identity
Model/app/src/main/java/dev/aurakai/auraframefx/service/NeuralWhisper.kt:465:15 
Unresolved reference 'cancel'.
e: file:///C:/Users/Wehtt/AndroidStudioProjects/A.u.r.a.K.a.i-Emergence_Identity
Model/app/src/main/java/dev/aurakai/auraframefx/services/AuraDriveService.kt:35:
59 This type is final, so it cannot be extended.
e: file:///C:/Users/Wehtt/AndroidStudioProjects/A.u.r.a.K.a.i-Emergence_Identity
Model/app/src/main/java/dev/aurakai/auraframefx/services/AuraDriveService.kt:44:
9 'getOracleDriveStatus' overrides nothing.
e: file:///C:/Users/Wehtt/AndroidStudioProjects/A.u.r.a.K.a.i-Emergence_Identity
Model/app/src/main/java/dev/aurakai/auraframefx/services/BackupService.kt:59:33 
Inapplicable candidate(s): fun <reified W : ListenableWorker> 
PeriodicWorkRequestBuilder(repeatInterval: Long, repeatIntervalTimeUnit: 
TimeUnit, flexTimeInterval: Long, flexTimeIntervalUnit: TimeUnit): 
PeriodicWorkRequest.Builder
e: file:///C:/Users/Wehtt/AndroidStudioProjects/A.u.r.a.K.a.i-Emergence_Identity
Model/app/src/main/java/dev/aurakai/auraframefx/services/BackupService.kt:59:60 
Unresolved reference 'ConsciousnessBackupWorker'.
e: file:///C:/Users/Wehtt/AndroidStudioProjects/A.u.r.a.K.a.i-Emergence_Identity
Model/app/src/main/java/dev/aurakai/auraframefx/services/BootCompletedReceiver.k
t:6:12 Unresolved reference 'auraframefx'.
e: file:///C:/Users/Wehtt/AndroidStudioProjects/A.u.r.a.K.a.i-Emergence_Identity
Model/app/src/main/java/dev/aurakai/auraframefx/services/BootCompletedReceiver.k
t:13:49 Unresolved reference 'IntegrityMonitorService'.
e: file:///C:/Users/Wehtt/AndroidStudioProjects/A.u.r.a.K.a.i-Emergence_Identity
Model/app/src/main/java/dev/aurakai/auraframefx/services/BootCompletedReceiver.k
t:13:80 Cannot infer type for type parameter 'T'. Specify it explicitly.
e: file:///C:/Users/Wehtt/AndroidStudioProjects/A.u.r.a.K.a.i-Emergence_Identity
Model/app/src/main/java/dev/aurakai/auraframefx/services/BootCompletedReceiver.k
t:13:80 Unresolved reference. None of the following candidates is applicable 
because of a receiver type mismatch:
val <T> KClass<T>.java: Class<T>
e: file:///C:/Users/Wehtt/AndroidStudioProjects/A.u.r.a.K.a.i-Emergence_Identity
Model/app/src/main/java/dev/aurakai/auraframefx/ui/AgentChatBubble.kt:143:14 
Unresolved reference 'graphicsLayer'.
e: file:///C:/Users/Wehtt/AndroidStudioProjects/A.u.r.a.K.a.i-Emergence_Identity
Model/app/src/main/java/dev/aurakai/auraframefx/ui/AgentChatBubble.kt:144:17 
Unresolved reference 'scaleX'.
e: file:///C:/Users/Wehtt/AndroidStudioProjects/A.u.r.a.K.a.i-Emergence_Identity
Model/app/src/main/java/dev/aurakai/auraframefx/ui/AgentChatBubble.kt:145:17 
Unresolved reference 'scaleY'.
e: file:///C:/Users/Wehtt/AndroidStudioProjects/A.u.r.a.K.a.i-Emergence_Identity
Model/app/src/main/java/dev/aurakai/auraframefx/ui/ThemeManager.kt:57:28 
Argument type mismatch: actual type is 'String?', but 'String' was expected.
e: file:///C:/Users/Wehtt/AndroidStudioProjects/A.u.r.a.K.a.i-Emergence_Identity
Model/app/src/main/java/dev/aurakai/auraframefx/ui/ThemeManager.kt:72:25 
Argument type mismatch: actual type is 'String?', but 'String' was expected.
e: file:///C:/Users/Wehtt/AndroidStudioProjects/A.u.r.a.K.a.i-Emergence_Identity
Model/app/src/main/java/dev/aurakai/auraframefx/ui/ThemeManager.kt:83:17 
Argument type mismatch: actual type is 'String?', but 'String' was expected.
e: file:///C:/Users/Wehtt/AndroidStudioProjects/A.u.r.a.K.a.i-Emergence_Identity
Model/app/src/main/java/dev/aurakai/auraframefx/ui/ThemeManager.kt:89:28 
Argument type mismatch: actual type is 'String?', but 'String' was expected.
e: file:///C:/Users/Wehtt/AndroidStudioProjects/A.u.r.a.K.a.i-Emergence_Identity
Model/app/src/main/java/dev/aurakai/auraframefx/ui/ThemeManager.kt:102:24 
Argument type mismatch: actual type is 'String?', but 'String' was expected.
e: file:///C:/Users/Wehtt/AndroidStudioProjects/A.u.r.a.K.a.i-Emergence_Identity
Model/app/src/main/java/dev/aurakai/auraframefx/ui/ThemeManager.kt:120:28 
Argument type mismatch: actual type is 'String?', but 'String' was expected.
e: file:///C:/Users/Wehtt/AndroidStudioProjects/A.u.r.a.K.a.i-Emergence_Identity
Model/app/src/main/java/dev/aurakai/auraframefx/ui/ThemeManager.kt:123:28 
Argument type mismatch: actual type is 'String?', but 'String' was expected.
e: file:///C:/Users/Wehtt/AndroidStudioProjects/A.u.r.a.K.a.i-Emergence_Identity
Model/app/src/main/java/dev/aurakai/auraframefx/ui/ThemeManager.kt:128:24 
Argument type mismatch: actual type is 'String?', but 'String' was expected.
e: file:///C:/Users/Wehtt/AndroidStudioProjects/A.u.r.a.K.a.i-Emergence_Identity
Model/app/src/main/java/dev/aurakai/auraframefx/ui/ThemeManager.kt:134:24 
Argument type mismatch: actual type is 'String?', but 'String' was expected.
e: file:///C:/Users/Wehtt/AndroidStudioProjects/A.u.r.a.K.a.i-Emergence_Identity
Model/app/src/main/java/dev/aurakai/auraframefx/ui/ThemeManager.kt:140:24 
Argument type mismatch: actual type is 'String?', but 'String' was expected.
e: file:///C:/Users/Wehtt/AndroidStudioProjects/A.u.r.a.K.a.i-Emergence_Identity
Model/app/src/main/java/dev/aurakai/auraframefx/ui/ThemeManager.kt:146:24 
Argument type mismatch: actual type is 'String?', but 'String' was expected.
e: file:///C:/Users/Wehtt/AndroidStudioProjects/A.u.r.a.K.a.i-Emergence_Identity
Model/app/src/main/java/dev/aurakai/auraframefx/ui/ThemeManager.kt:152:24 
Argument type mismatch: actual type is 'String?', but 'String' was expected.
e: file:///C:/Users/Wehtt/AndroidStudioProjects/A.u.r.a.K.a.i-Emergence_Identity
Model/app/src/main/java/dev/aurakai/auraframefx/ui/ThemeManager.kt:175:28 
Argument type mismatch: actual type is 'String?', but 'String' was expected.
e: file:///C:/Users/Wehtt/AndroidStudioProjects/A.u.r.a.K.a.i-Emergence_Identity
Model/app/src/main/java/dev/aurakai/auraframefx/ui/ThemeManager.kt:187:36 
Argument type mismatch: actual type is 'String?', but 'String' was expected.
e: file:///C:/Users/Wehtt/AndroidStudioProjects/A.u.r.a.K.a.i-Emergence_Identity
Model/app/src/main/java/dev/aurakai/auraframefx/ui/ThemeManager.kt:193:28 
Argument type mismatch: actual type is 'String?', but 'String' was expected.
e: file:///C:/Users/Wehtt/AndroidStudioProjects/A.u.r.a.K.a.i-Emergence_Identity
Model/app/src/main/java/dev/aurakai/auraframefx/ui/ThemeManager.kt:196:28 
Argument type mismatch: actual type is 'String?', but 'String' was expected.
e: file:///C:/Users/Wehtt/AndroidStudioProjects/A.u.r.a.K.a.i-Emergence_Identity
Model/app/src/main/java/dev/aurakai/auraframefx/ui/ThemeManager.kt:222:28 
Argument type mismatch: actual type is 'String?', but 'String' was expected.
e: file:///C:/Users/Wehtt/AndroidStudioProjects/A.u.r.a.K.a.i-Emergence_Identity
Model/app/src/main/java/dev/aurakai/auraframefx/ui/components/HologramTransition
.kt:136:14 Unresolved reference 'clipToBounds'.
e: file:///C:/Users/Wehtt/AndroidStudioProjects/A.u.r.a.K.a.i-Emergence_Identity
Model/app/src/main/java/dev/aurakai/auraframefx/ui/components/HologramTransition
.kt:140:9 Unresolved reference 'content'.
e: file:///C:/Users/Wehtt/AndroidStudioProjects/A.u.r.a.K.a.i-Emergence_Identity
Model/app/src/main/java/dev/aurakai/auraframefx/ui/components/HologramTransition
.kt:149:40 @Composable invocations can only happen from the context of a 
@Composable function
e: file:///C:/Users/Wehtt/AndroidStudioProjects/A.u.r.a.K.a.i-Emergence_Identity
Model/app/src/main/java/dev/aurakai/auraframefx/ui/components/HologramTransition
.kt:204:13 Unresolved reference 'withTransform'.
e: file:///C:/Users/Wehtt/AndroidStudioProjects/A.u.r.a.K.a.i-Emergence_Identity
Model/app/src/main/java/dev/aurakai/auraframefx/ui/components/HologramTransition
.kt:206:21 Unresolved reference 'translate'.
e: file:///C:/Users/Wehtt/AndroidStudioProjects/A.u.r.a.K.a.i-Emergence_Identity
Model/app/src/main/java/dev/aurakai/auraframefx/ui/components/HologramTransition
.kt:211:25 No parameter with name 'scaleX' found.
e: file:///C:/Users/Wehtt/AndroidStudioProjects/A.u.r.a.K.a.i-Emergence_Identity
Model/app/src/main/java/dev/aurakai/auraframefx/ui/components/HologramTransition
.kt:212:25 No parameter with name 'scaleY' found.
e: file:///C:/Users/Wehtt/AndroidStudioProjects/A.u.r.a.K.a.i-Emergence_Identity
Model/app/src/main/java/dev/aurakai/auraframefx/ui/components/HologramTransition
.kt:214:25 No value passed for parameter 'sx'.
e: file:///C:/Users/Wehtt/AndroidStudioProjects/A.u.r.a.K.a.i-Emergence_Identity
Model/app/src/main/java/dev/aurakai/auraframefx/ui/components/InteractiveModuleC
ard.kt:125:59 Unresolved reference 'Position3D'.
e: file:///C:/Users/Wehtt/AndroidStudioProjects/A.u.r.a.K.a.i-Emergence_Identity
Model/app/src/main/java/dev/aurakai/auraframefx/ui/components/InteractiveModuleC
ard.kt:223:16 Unresolved reference 'isActive'.
e: file:///C:/Users/Wehtt/AndroidStudioProjects/A.u.r.a.K.a.i-Emergence_Identity
Model/app/src/main/java/dev/aurakai/auraframefx/ui/components/InteractiveModuleC
ard.kt:377:20 Unresolved reference 'isActive'.
e: file:///C:/Users/Wehtt/AndroidStudioProjects/A.u.r.a.K.a.i-Emergence_Identity
Model/app/src/main/java/dev/aurakai/auraframefx/ui/components/InteractiveModuleC
ard.kt:453:50 Unresolved reference 'Position3D'.
e: file:///C:/Users/Wehtt/AndroidStudioProjects/A.u.r.a.K.a.i-Emergence_Identity
Model/app/src/main/java/dev/aurakai/auraframefx/ui/components/SentienceMeter.kt:
142:32 Function invocation 'width(...)' expected.
e: file:///C:/Users/Wehtt/AndroidStudioProjects/A.u.r.a.K.a.i-Emergence_Identity
Model/app/src/main/java/dev/aurakai/auraframefx/ui/components/SentienceMeter.kt:
143:32 Function invocation 'height(...)' expected.
e: file:///C:/Users/Wehtt/AndroidStudioProjects/A.u.r.a.K.a.i-Emergence_Identity
Model/app/src/main/java/dev/aurakai/auraframefx/ui/components/SentienceMeter.kt:
144:32 Function invocation 'width(...)' expected.
e: file:///C:/Users/Wehtt/AndroidStudioProjects/A.u.r.a.K.a.i-Emergence_Identity
Model/app/src/main/java/dev/aurakai/auraframefx/ui/components/backgrounds/DataVi
sualizationBackground.kt:163:2 Unresolved reference 'Preview'.
e: file:///C:/Users/Wehtt/AndroidStudioProjects/A.u.r.a.K.a.i-Emergence_Identity
Model/app/src/main/java/dev/aurakai/auraframefx/ui/components/colorpicker/ThemeE
ditor.kt:16:40 Unresolved reference 'UIComponentsPreview'.
e: file:///C:/Users/Wehtt/AndroidStudioProjects/A.u.r.a.K.a.i-Emergence_Identity
Model/app/src/main/java/dev/aurakai/auraframefx/ui/components/colorpicker/ThemeE
ditor.kt:43:9 Unresolved reference 'UIComponentsPreview'.
e: file:///C:/Users/Wehtt/AndroidStudioProjects/A.u.r.a.K.a.i-Emergence_Identity
Model/app/src/main/java/dev/aurakai/auraframefx/ui/components/colorpicker/ThemeE
ditor.kt:105:21 Unresolved reference 'ColorBlendr'.
e: file:///C:/Users/Wehtt/AndroidStudioProjects/A.u.r.a.K.a.i-Emergence_Identity
Model/app/src/main/java/dev/aurakai/auraframefx/ui/components/colorpicker/ThemeE
ditor.kt:113:45 Cannot infer type for value parameter 'newColor'. Specify it 
explicitly.
e: file:///C:/Users/Wehtt/AndroidStudioProjects/A.u.r.a.K.a.i-Emergence_Identity
Model/app/src/main/java/dev/aurakai/auraframefx/ui/components/colorpicker/ThemeE
ditor.kt:141:16 Invalid type of annotation member.
e: file:///C:/Users/Wehtt/AndroidStudioProjects/A.u.r.a.K.a.i-Emergence_Identity
Model/app/src/main/java/dev/aurakai/auraframefx/ui/components/colorpicker/ThemeE
ditor.kt:142:26 Invalid type of annotation member.
e: file:///C:/Users/Wehtt/AndroidStudioProjects/A.u.r.a.K.a.i-Emergence_Identity
Model/app/src/main/java/dev/aurakai/auraframefx/ui/components/colorpicker/ThemeE
ditor.kt:143:19 Invalid type of annotation member.
e: file:///C:/Users/Wehtt/AndroidStudioProjects/A.u.r.a.K.a.i-Emergence_Identity
Model/app/src/main/java/dev/aurakai/auraframefx/ui/components/effects/ShimmerPar
ticles.kt:168:2 Unresolved reference 'Preview'.
e: file:///C:/Users/Wehtt/AndroidStudioProjects/A.u.r.a.K.a.i-Emergence_Identity
Model/app/src/main/java/dev/aurakai/auraframefx/ui/components/graph/InteractiveG
raph.kt:193:36 Unresolved reference 'toCompose'.
e: file:///C:/Users/Wehtt/AndroidStudioProjects/A.u.r.a.K.a.i-Emergence_Identity
Model/app/src/main/java/dev/aurakai/auraframefx/ui/components/graph/InteractiveG
raph.kt:274:36 Unresolved reference 'toCompose'.
e: file:///C:/Users/Wehtt/AndroidStudioProjects/A.u.r.a.K.a.i-Emergence_Identity
Model/app/src/main/java/dev/aurakai/auraframefx/ui/components/graph/InteractiveG
raph.kt:275:32 Unresolved reference 'toCompose'.
e: file:///C:/Users/Wehtt/AndroidStudioProjects/A.u.r.a.K.a.i-Emergence_Identity
Model/app/src/main/java/dev/aurakai/auraframefx/ui/components/text/NeonText.kt:1
26:21 Unresolved reference 'LocalTextStyle'.
e: file:///C:/Users/Wehtt/AndroidStudioProjects/A.u.r.a.K.a.i-Emergence_Identity
Model/app/src/main/java/dev/aurakai/auraframefx/ui/components/text/NeonText.kt:1
75:21 None of the following candidates is applicable:
fun DrawScope.drawText(textMeasurer: TextMeasurer, text: AnnotatedString, 
topLeft: Offset = ..., style: TextStyle = ..., overflow: TextOverflow = ..., 
softWrap: Boolean = ..., maxLines: Int = ..., placeholders: 
List<AnnotatedString.Range<Placeholder>> = ..., size: Size = ..., blendMode: 
BlendMode = ...): Unit
fun DrawScope.drawText(textMeasurer: TextMeasurer, text: String, topLeft: 
Offset = ..., style: TextStyle = ..., overflow: TextOverflow = ..., softWrap: 
Boolean = ..., maxLines: Int = ..., size: Size = ..., blendMode: BlendMode = 
...): Unit
fun DrawScope.drawText(textLayoutResult: TextLayoutResult, color: Color = ..., 
topLeft: Offset = ..., alpha: Float = ..., shadow: Shadow? = ..., 
textDecoration: TextDecoration? = ..., drawStyle: DrawStyle? = ..., blendMode: 
BlendMode = ...): Unit
fun DrawScope.drawText(textLayoutResult: TextLayoutResult, brush: Brush, 
topLeft: Offset = ..., alpha: Float = ..., shadow: Shadow? = ..., 
textDecoration: TextDecoration? = ..., drawStyle: DrawStyle? = ..., blendMode: 
BlendMode = ...): Unit
e: file:///C:/Users/Wehtt/AndroidStudioProjects/A.u.r.a.K.a.i-Emergence_Identity
Model/app/src/main/java/dev/aurakai/auraframefx/ui/components/text/NeonText.kt:1
89:25 None of the following candidates is applicable:
fun DrawScope.drawText(textMeasurer: TextMeasurer, text: AnnotatedString, 
topLeft: Offset = ..., style: TextStyle = ..., overflow: TextOverflow = ..., 
softWrap: Boolean = ..., maxLines: Int = ..., placeholders: 
List<AnnotatedString.Range<Placeholder>> = ..., size: Size = ..., blendMode: 
BlendMode = ...): Unit
fun DrawScope.drawText(textMeasurer: TextMeasurer, text: String, topLeft: 
Offset = ..., style: TextStyle = ..., overflow: TextOverflow = ..., softWrap: 
Boolean = ..., maxLines: Int = ..., size: Size = ..., blendMode: BlendMode = 
...): Unit
fun DrawScope.drawText(textLayoutResult: TextLayoutResult, color: Color = ..., 
topLeft: Offset = ..., alpha: Float = ..., shadow: Shadow? = ..., 
textDecoration: TextDecoration? = ..., drawStyle: DrawStyle? = ..., blendMode: 
BlendMode = ...): Unit
fun DrawScope.drawText(textLayoutResult: TextLayoutResult, brush: Brush, 
topLeft: Offset = ..., alpha: Float = ..., shadow: Shadow? = ..., 
textDecoration: TextDecoration? = ..., drawStyle: DrawStyle? = ..., blendMode: 
BlendMode = ...): Unit
e: file:///C:/Users/Wehtt/AndroidStudioProjects/A.u.r.a.K.a.i-Emergence_Identity
Model/app/src/main/java/dev/aurakai/auraframefx/ui/components/text/NeonText.kt:2
06:9 None of the following candidates is applicable:
fun Text(text: String, modifier: Modifier = ..., color: Color = ..., autoSize: 
TextAutoSize? = ..., fontSize: TextUnit = ..., fontStyle: FontStyle? = ..., 
fontWeight: FontWeight? = ..., fontFamily: FontFamily? = ..., letterSpacing: 
TextUnit = ..., textDecoration: TextDecoration? = ..., textAlign: TextAlign? = 
..., lineHeight: TextUnit = ..., overflow: TextOverflow = ..., softWrap: 
Boolean = ..., maxLines: Int = ..., minLines: Int = ..., onTextLayout: 
((TextLayoutResult) -> Unit)? = ..., style: TextStyle = ...): Unit
fun Text(text: AnnotatedString, modifier: Modifier = ..., color: Color = ..., 
autoSize: TextAutoSize? = ..., fontSize: TextUnit = ..., fontStyle: FontStyle? 
= ..., fontWeight: FontWeight? = ..., fontFamily: FontFamily? = ..., 
letterSpacing: TextUnit = ..., textDecoration: TextDecoration? = ..., 
textAlign: TextAlign? = ..., lineHeight: TextUnit = ..., overflow: TextOverflow 
= ..., softWrap: Boolean = ..., maxLines: Int = ..., minLines: Int = ..., 
inlineContent: Map<String, InlineTextContent> = ..., onTextLayout: 
(TextLayoutResult) -> Unit = ..., style: TextStyle = ...): Unit
e: file:///C:/Users/Wehtt/AndroidStudioProjects/A.u.r.a.K.a.i-Emergence_Identity
Model/app/src/main/java/dev/aurakai/auraframefx/ui/components/text/NeonText.kt:2
34:9 Functions which invoke @Composable functions must be marked with the 
@Composable annotation
e: file:///C:/Users/Wehtt/AndroidStudioProjects/A.u.r.a.K.a.i-Emergence_Identity
Model/app/src/main/java/dev/aurakai/auraframefx/ui/components/text/NeonText.kt:2
38:26 Unresolved reference 'TextLayout'.
e: file:///C:/Users/Wehtt/AndroidStudioProjects/A.u.r.a.K.a.i-Emergence_Identity
Model/app/src/main/java/dev/aurakai/auraframefx/ui/components/text/NeonText.kt:2
43:36 @Composable invocations can only happen from the context of a @Composable 
function
e: file:///C:/Users/Wehtt/AndroidStudioProjects/A.u.r.a.K.a.i-Emergence_Identity
Model/app/src/main/java/dev/aurakai/auraframefx/ui/components/text/NeonText.kt:2
44:31 Unresolved reference 'LayoutDirection'.
e: file:///C:/Users/Wehtt/AndroidStudioProjects/A.u.r.a.K.a.i-Emergence_Identity
Model/app/src/main/java/dev/aurakai/auraframefx/ui/components/text/NeonText.kt:2
45:58 @Composable invocations can only happen from the context of a @Composable 
function
e: file:///C:/Users/Wehtt/AndroidStudioProjects/A.u.r.a.K.a.i-Emergence_Identity
Model/app/src/main/java/dev/aurakai/auraframefx/ui/customization/ComponentEditor
.kt:354:36 Argument type mismatch: actual type is 'String?', but 'String' was 
expected.
e: file:///C:/Users/Wehtt/AndroidStudioProjects/A.u.r.a.K.a.i-Emergence_Identity
Model/app/src/main/java/dev/aurakai/auraframefx/ui/effects/CameraEffects.kt:376:
31 Unresolved reference 'lerp'.
e: file:///C:/Users/Wehtt/AndroidStudioProjects/A.u.r.a.K.a.i-Emergence_Identity
Model/app/src/main/java/dev/aurakai/auraframefx/ui/effects/CameraEffects.kt:380:
25 Argument type mismatch: actual type is 'AnimationState<Float, 
AnimationVector1D>', but 'Color' was expected.
e: file:///C:/Users/Wehtt/AndroidStudioProjects/A.u.r.a.K.a.i-Emergence_Identity
Model/app/src/main/java/dev/aurakai/auraframefx/ui/gates/GateCard.kt:145:72 
Unresolved reference 'sp'.
e: file:///C:/Users/Wehtt/AndroidStudioProjects/A.u.r.a.K.a.i-Emergence_Identity
Model/app/src/main/java/dev/aurakai/auraframefx/ui/gates/GateCard.kt:156:72 
Unresolved reference 'sp'.
e: file:///C:/Users/Wehtt/AndroidStudioProjects/A.u.r.a.K.a.i-Emergence_Identity
Model/app/src/main/java/dev/aurakai/auraframefx/ui/gates/GateCard.kt:334:76 
Unresolved reference 'sp'.
e: file:///C:/Users/Wehtt/AndroidStudioProjects/A.u.r.a.K.a.i-Emergence_Identity
Model/app/src/main/java/dev/aurakai/auraframefx/ui/gates/GateCard.kt:343:72 
Unresolved reference 'sp'.
e: file:///C:/Users/Wehtt/AndroidStudioProjects/A.u.r.a.K.a.i-Emergence_Identity
Model/app/src/main/java/dev/aurakai/auraframefx/ui/overlays/IconOverlay3D.kt:33:
21 Unresolved reference 'SvgDecoder'.
e: file:///C:/Users/Wehtt/AndroidStudioProjects/A.u.r.a.K.a.i-Emergence_Identity
Model/app/src/main/java/dev/aurakai/auraframefx/ui/overlays/IconOverlay3D.kt:398
:21 Unresolved reference 'SvgDecoder'.
e: file:///C:/Users/Wehtt/AndroidStudioProjects/A.u.r.a.K.a.i-Emergence_Identity
Model/app/src/main/java/dev/aurakai/auraframefx/ui/overlays/IconOverlay3D.kt:608
:30 Unresolved reference 'crossfade'.
e: file:///C:/Users/Wehtt/AndroidStudioProjects/A.u.r.a.K.a.i-Emergence_Identity
Model/app/src/main/java/dev/aurakai/auraframefx/ui/recovery/ComposableErrorBound
ary.kt:57:5 Try catch is not supported around composable function invocations.
e: file:///C:/Users/Wehtt/AndroidStudioProjects/A.u.r.a.K.a.i-Emergence_Identity
Model/app/src/main/java/dev/aurakai/auraframefx/ui/screens/AgentProfileScreen.kt
:204:37 Unresolved reference 'LEARNING'.
e: file:///C:/Users/Wehtt/AndroidStudioProjects/A.u.r.a.K.a.i-Emergence_Identity
Model/app/src/main/java/dev/aurakai/auraframefx/ui/screens/EcosystemMenuScreen.k
t:31:48 Argument type mismatch: actual type is 'Function0<Unit>', but 'Float' 
was expected.
e: file:///C:/Users/Wehtt/AndroidStudioProjects/A.u.r.a.K.a.i-Emergence_Identity
Model/app/src/main/java/dev/aurakai/auraframefx/ui/screens/EcosystemMenuScreen.k
t:32:9 @Composable invocations can only happen from the context of a 
@Composable function
e: file:///C:/Users/Wehtt/AndroidStudioProjects/A.u.r.a.K.a.i-Emergence_Identity
Model/app/src/main/java/dev/aurakai/auraframefx/ui/screens/HolographicMenuScreen
.kt:209:21 Cannot infer type for type parameter 'T'. Specify it explicitly.
e: file:///C:/Users/Wehtt/AndroidStudioProjects/A.u.r.a.K.a.i-Emergence_Identity
Model/app/src/main/java/dev/aurakai/auraframefx/ui/screens/HolographicMenuScreen
.kt:210:9 Cannot infer type for type parameter 'T'. Specify it explicitly.
e: file:///C:/Users/Wehtt/AndroidStudioProjects/A.u.r.a.K.a.i-Emergence_Identity
Model/app/src/main/java/dev/aurakai/auraframefx/ui/screens/HolographicMenuScreen
.kt:210:29 Cannot infer type for type parameter 'T'. Specify it explicitly.
e: file:///C:/Users/Wehtt/AndroidStudioProjects/A.u.r.a.K.a.i-Emergence_Identity
Model/app/src/main/java/dev/aurakai/auraframefx/ui/screens/HolographicMenuScreen
.kt:211:13 Cannot infer type for type parameter 'C'. Specify it explicitly.
e: file:///C:/Users/Wehtt/AndroidStudioProjects/A.u.r.a.K.a.i-Emergence_Identity
Model/app/src/main/java/dev/aurakai/auraframefx/ui/screens/HolographicMenuScreen
.kt:214:28 Unresolved reference 'random'.
e: file:///C:/Users/Wehtt/AndroidStudioProjects/A.u.r.a.K.a.i-Emergence_Identity
Model/app/src/main/java/dev/aurakai/auraframefx/ui/screens/HolographicMenuScreen
.kt:220:29 Cannot infer type for implicit value parameter 'it'. Specify it 
explicitly.
e: file:///C:/Users/Wehtt/AndroidStudioProjects/A.u.r.a.K.a.i-Emergence_Identity
Model/app/src/main/java/dev/aurakai/auraframefx/ui/screens/HolographicMenuScreen
.kt:220:29 Operator call 'component1()' is ambiguous for destructuring of type 
'ERROR CLASS: Cannot infer type for parameter <destruct>'. Applicable 
candidates:
fun <T> Array<out T>.component1(): T
fun ByteArray.component1(): Byte
fun ShortArray.component1(): Short
fun IntArray.component1(): Int
fun LongArray.component1(): Long
fun FloatArray.component1(): Float
fun DoubleArray.component1(): Double
fun BooleanArray.component1(): Boolean
fun CharArray.component1(): Char
fun <T> List<T>.component1(): T
fun <K, V> Map.Entry<K, V>.component1(): K
fun UIntArray.component1(): UInt
fun ULongArray.component1(): ULong
fun UByteArray.component1(): UByte
fun UShortArray.component1(): UShort
e: file:///C:/Users/Wehtt/AndroidStudioProjects/A.u.r.a.K.a.i-Emergence_Identity
Model/app/src/main/java/dev/aurakai/auraframefx/ui/screens/HolographicMenuScreen
.kt:220:29 Operator call 'component2()' is ambiguous for destructuring of type 
'ERROR CLASS: Cannot infer type for parameter <destruct>'. Applicable 
candidates:
fun <T> Array<out T>.component2(): T
fun ByteArray.component2(): Byte
fun ShortArray.component2(): Short
fun IntArray.component2(): Int
fun LongArray.component2(): Long
fun FloatArray.component2(): Float
fun DoubleArray.component2(): Double
fun BooleanArray.component2(): Boolean
fun CharArray.component2(): Char
fun <T> List<T>.component2(): T
fun <K, V> Map.Entry<K, V>.component2(): V
fun UIntArray.component2(): UInt
fun ULongArray.component2(): ULong
fun UByteArray.component2(): UByte
fun UShortArray.component2(): UShort
e: file:///C:/Users/Wehtt/AndroidStudioProjects/A.u.r.a.K.a.i-Emergence_Identity
Model/app/src/main/java/dev/aurakai/auraframefx/ui/screens/HolographicMenuScreen
.kt:220:29 Operator call 'component3()' is ambiguous for destructuring of type 
'ERROR CLASS: Cannot infer type for parameter <destruct>'. Applicable 
candidates:
fun <T> Array<out T>.component3(): T
fun ByteArray.component3(): Byte
fun ShortArray.component3(): Short
fun IntArray.component3(): Int
fun LongArray.component3(): Long
fun FloatArray.component3(): Float
fun DoubleArray.component3(): Double
fun BooleanArray.component3(): Boolean
fun CharArray.component3(): Char
fun <T> List<T>.component3(): T
fun UIntArray.component3(): UInt
fun ULongArray.component3(): ULong
fun UByteArray.component3(): UByte
fun UShortArray.component3(): UShort
e: file:///C:/Users/Wehtt/AndroidStudioProjects/A.u.r.a.K.a.i-Emergence_Identity
Model/app/src/main/java/dev/aurakai/auraframefx/ui/screens/HolographicMenuScreen
.kt:222:34 @Composable invocations can only happen from the context of a 
@Composable function
e: file:///C:/Users/Wehtt/AndroidStudioProjects/A.u.r.a.K.a.i-Emergence_Identity
Model/app/src/main/java/dev/aurakai/auraframefx/ui/screens/HolographicMenuScreen
.kt:222:80 @Composable invocations can only happen from the context of a 
@Composable function
e: file:///C:/Users/Wehtt/AndroidStudioProjects/A.u.r.a.K.a.i-Emergence_Identity
Model/app/src/main/java/dev/aurakai/auraframefx/ui/screens/HolographicMenuScreen
.kt:232:13 @Composable invocations can only happen from the context of a 
@Composable function
e: file:///C:/Users/Wehtt/AndroidStudioProjects/A.u.r.a.K.a.i-Emergence_Identity
Model/app/src/main/java/dev/aurakai/auraframefx/ui/screens/HolographicMenuScreen
.kt:271:40 None of the following candidates is applicable:
fun times(other: Byte): Int
fun times(other: Short): Int
fun times(other: Int): Int
fun times(other: Long): Long
fun times(other: Float): Float
fun times(other: Double): Double
e: file:///C:/Users/Wehtt/AndroidStudioProjects/A.u.r.a.K.a.i-Emergence_Identity
Model/app/src/main/java/dev/aurakai/auraframefx/ui/screens/HolographicMenuScreen
.kt:390:19 Cannot infer type for type parameter 'T'. Specify it explicitly.
e: file:///C:/Users/Wehtt/AndroidStudioProjects/A.u.r.a.K.a.i-Emergence_Identity
Model/app/src/main/java/dev/aurakai/auraframefx/ui/screens/HolographicMenuScreen
.kt:391:9 Cannot infer type for type parameter 'T'. Specify it explicitly.
e: file:///C:/Users/Wehtt/AndroidStudioProjects/A.u.r.a.K.a.i-Emergence_Identity
Model/app/src/main/java/dev/aurakai/auraframefx/ui/screens/HolographicMenuScreen
.kt:391:9 Inapplicable candidate(s): fun <T> listOf(vararg elements: T): List<T>
e: file:///C:/Users/Wehtt/AndroidStudioProjects/A.u.r.a.K.a.i-Emergence_Identity
Model/app/src/main/java/dev/aurakai/auraframefx/ui/screens/HolographicMenuScreen
.kt:394:28 Unresolved reference 'SystemMonitor'.
e: file:///C:/Users/Wehtt/AndroidStudioProjects/A.u.r.a.K.a.i-Emergence_Identity
Model/app/src/main/java/dev/aurakai/auraframefx/ui/screens/HolographicMenuScreen
.kt:394:42 Cannot infer type for type parameter 'A'. Specify it explicitly.
e: file:///C:/Users/Wehtt/AndroidStudioProjects/A.u.r.a.K.a.i-Emergence_Identity
Model/app/src/main/java/dev/aurakai/auraframefx/ui/screens/HolographicMenuScreen
.kt:394:42 Cannot infer type for type parameter 'B'. Specify it explicitly.
e: file:///C:/Users/Wehtt/AndroidStudioProjects/A.u.r.a.K.a.i-Emergence_Identity
Model/app/src/main/java/dev/aurakai/auraframefx/ui/screens/HolographicMenuScreen
.kt:400:27 Cannot infer type for implicit value parameter 'it'. Specify it 
explicitly.
e: file:///C:/Users/Wehtt/AndroidStudioProjects/A.u.r.a.K.a.i-Emergence_Identity
Model/app/src/main/java/dev/aurakai/auraframefx/ui/screens/HolographicMenuScreen
.kt:400:27 Operator call 'component1()' is ambiguous for destructuring of type 
'ERROR CLASS: Cannot infer type for parameter <destruct>'. Applicable 
candidates:
fun <T> Array<out T>.component1(): T
fun ByteArray.component1(): Byte
fun ShortArray.component1(): Short
fun IntArray.component1(): Int
fun LongArray.component1(): Long
fun FloatArray.component1(): Float
fun DoubleArray.component1(): Double
fun BooleanArray.component1(): Boolean
fun CharArray.component1(): Char
fun <T> List<T>.component1(): T
fun <K, V> Map.Entry<K, V>.component1(): K
fun UIntArray.component1(): UInt
fun ULongArray.component1(): ULong
fun UByteArray.component1(): UByte
fun UShortArray.component1(): UShort
e: file:///C:/Users/Wehtt/AndroidStudioProjects/A.u.r.a.K.a.i-Emergence_Identity
Model/app/src/main/java/dev/aurakai/auraframefx/ui/screens/HolographicMenuScreen
.kt:400:27 Operator call 'component2()' is ambiguous for destructuring of type 
'ERROR CLASS: Cannot infer type for parameter <destruct>'. Applicable 
candidates:
fun <T> Array<out T>.component2(): T
fun ByteArray.component2(): Byte
fun ShortArray.component2(): Short
fun IntArray.component2(): Int
fun LongArray.component2(): Long
fun FloatArray.component2(): Float
fun DoubleArray.component2(): Double
fun BooleanArray.component2(): Boolean
fun CharArray.component2(): Char
fun <T> List<T>.component2(): T
fun <K, V> Map.Entry<K, V>.component2(): V
fun UIntArray.component2(): UInt
fun ULongArray.component2(): ULong
fun UByteArray.component2(): UByte

> Task :app:compileDebugKotlin FAILED
fun UShortArray.component2(): UShort
e: file:///C:/Users/Wehtt/AndroidStudioProjects/A.u.r.a.K.a.i-Emergence_Identity
Model/app/src/main/java/dev/aurakai/auraframefx/ui/screens/HolographicMenuScreen
.kt:401:13 @Composable invocations can only happen from the context of a 
@Composable function
e: file:///C:/Users/Wehtt/AndroidStudioProjects/A.u.r.a.K.a.i-Emergence_Identity
Model/app/src/main/java/dev/aurakai/auraframefx/ui/screens/HolographicMenuScreen
.kt:402:37 Unresolved reference 'name'.
e: file:///C:/Users/Wehtt/AndroidStudioProjects/A.u.r.a.K.a.i-Emergence_Identity
Model/app/src/main/java/dev/aurakai/auraframefx/ui/screens/HolographicMenuScreen
.kt:403:31 Unresolved reference 'icon'.
e: file:///C:/Users/Wehtt/AndroidStudioProjects/A.u.r.a.K.a.i-Emergence_Identity
Model/app/src/main/java/dev/aurakai/auraframefx/ui/screens/HolographicMenuScreen
.kt:405:50 Unresolved reference 'id'.
e: file:///C:/Users/Wehtt/AndroidStudioProjects/A.u.r.a.K.a.i-Emergence_Identity
Model/app/src/main/java/dev/aurakai/auraframefx/utils/Kotlin22Features.kt:47:1 
The feature "context parameters" is experimental and should be enabled 
explicitly. This can be done by supplying the compiler argument 
'-Xcontext-parameters', but note that no stability guarantees are provided.
e: file:///C:/Users/Wehtt/AndroidStudioProjects/A.u.r.a.K.a.i-Emergence_Identity
Model/app/src/main/java/dev/aurakai/auraframefx/utils/Kotlin22Features.kt:78:60 
To call contextual declarations, specify the '-Xcontext-parameters' compiler 
option.
e: file:///C:/Users/Wehtt/AndroidStudioProjects/A.u.r.a.K.a.i-Emergence_Identity
Model/app/src/main/java/dev/aurakai/auraframefx/utils/Kotlin22Features.kt:132:36
 'fun <T> async(context: CoroutineContext = ..., start: CoroutineStart = ..., 
block: suspend CoroutineScope.() -> T): Deferred<T>' is deprecated. 'async' can 
not be called without the corresponding coroutine scope. Consider wrapping 
'async' in 'coroutineScope { }', using 'runBlocking { }', or using some other 
'CoroutineScope'.
e: file:///C:/Users/Wehtt/AndroidStudioProjects/A.u.r.a.K.a.i-Emergence_Identity
Model/app/src/main/java/dev/aurakai/auraframefx/utils/Kotlin22Features.kt:134:33
 To call contextual declarations, specify the '-Xcontext-parameters' compiler 
option.
e: file:///C:/Users/Wehtt/AndroidStudioProjects/A.u.r.a.K.a.i-Emergence_Identity
Model/app/src/main/java/dev/aurakai/auraframefx/utils/SerializationUtils.kt:18:2
0 No type arguments expected for fun element(elementName: String, descriptor: 
SerialDescriptor, annotations: List<Annotation> = ..., isOptional: Boolean = 
...): Unit.
e: file:///C:/Users/Wehtt/AndroidStudioProjects/A.u.r.a.K.a.i-Emergence_Identity
Model/app/src/main/java/dev/aurakai/auraframefx/utils/SerializationUtils.kt:18:4
7 No value passed for parameter 'descriptor'.
e: file:///C:/Users/Wehtt/AndroidStudioProjects/A.u.r.a.K.a.i-Emergence_Identity
Model/app/src/main/java/dev/aurakai/auraframefx/utils/SerializationUtils.kt:25:2
9 Unresolved reference 'putNull'.
e: file:///C:/Users/Wehtt/AndroidStudioProjects/A.u.r.a.K.a.i-Emergence_Identity
Model/app/src/main/java/dev/aurakai/auraframefx/utils/SerializationUtils.kt:35:1
7 Unresolved reference 'encodeJsonElement'.
e: file:///C:/Users/Wehtt/AndroidStudioProjects/A.u.r.a.K.a.i-Emergence_Identity
Model/app/src/main/java/dev/aurakai/auraframefx/utils/SerializationUtils.kt:39:2
8 Unresolved reference 'decodeJsonElement'.
e: file:///C:/Users/Wehtt/AndroidStudioProjects/A.u.r.a.K.a.i-Emergence_Identity
Model/app/src/main/java/dev/aurakai/auraframefx/viewmodel/ConferenceRoomViewMode
l.kt:72:33 No value passed for parameter 'from'.
e: file:///C:/Users/Wehtt/AndroidStudioProjects/A.u.r.a.K.a.i-Emergence_Identity
Model/app/src/main/java/dev/aurakai/auraframefx/viewmodel/ConferenceRoomViewMode
l.kt:90:33 No value passed for parameter 'from'.
e: file:///C:/Users/Wehtt/AndroidStudioProjects/A.u.r.a.K.a.i-Emergence_Identity
Model/app/src/main/java/dev/aurakai/auraframefx/viewmodel/ConferenceRoomViewMode
l.kt:132:31 Argument type mismatch: actual type is 'Map<String, String>', but 
'String?' was expected.
e: file:///C:/Users/Wehtt/AndroidStudioProjects/A.u.r.a.K.a.i-Emergence_Identity
Model/app/src/main/java/dev/aurakai/auraframefx/viewmodel/ConferenceRoomViewMode
l.kt:159:25 Too many arguments for 'suspend fun processRequest(request: 
AiRequest): Flow<AgentResponse>'.
e: file:///C:/Users/Wehtt/AndroidStudioProjects/A.u.r.a.K.a.i-Emergence_Identity
Model/app/src/main/java/dev/aurakai/auraframefx/viewmodel/ConferenceRoomViewMode
l.kt:161:26 Argument type mismatch: actual type is 'Flow<AgentResponse>', but 
'AgentResponse' was expected.
e: file:///C:/Users/Wehtt/AndroidStudioProjects/A.u.r.a.K.a.i-Emergence_Identity
Model/app/src/main/java/dev/aurakai/auraframefx/viewmodel/ConferenceRoomViewMode
l.kt:180:29 No value passed for parameter 'from'.
e: file:///C:/Users/Wehtt/AndroidStudioProjects/A.u.r.a.K.a.i-Emergence_Identity
Model/app/src/main/java/dev/aurakai/auraframefx/viewmodel/ConferenceRoomViewMode
l.kt:190:29 No value passed for parameter 'from'.
Kotlin build report is written to file:///C:/Users/Wehtt/AndroidStudioProjects/A.u.r.a.K.a.i-Emergence_IdentityModel/build/reports/kotlin-build/aurakai-reactive-intelligence-build-2025-11-24-22-40-45-0.txt

FAILURE: Build failed with an exception.

* What went wrong:
Execution failed for task ':app:compileDebugKotlin'.
> A failure occurred while executing org.jetbrains.kotlin.compilerRunner.GradleC
ompilerRunnerWithWorkers$GradleKotlinCompilerWorkAction
   > Compilation error. See log for more details

* Try:
> Run with --stacktrace option to get the stack trace.
> Run with --info or --debug option to get more log output.
> Run with --scan to generate a Build Scan (powered by Develocity).
> Get more help at https://help.gradle.org.

BUILD FAILED in 43s
269 actionable tasks: 1 executed, 268 up-to-date
