Configuration on demand is an incubating feature.

> Configure project :app
WARNING: The option setting 'android.builtInKotlin=false' is deprecated.
The current default is 'true'.
It will be removed in version 10.0 of the Android Gradle plugin.
WARNING: The option setting 'android.newDsl=false' is deprecated.
The current default is 'true'.
It will be removed in version 10.0 of the Android Gradle plugin.

> Task :build-logic:checkKotlinGradlePluginConfigurationErrors SKIPPED
> Task :build-logic:compileKotlin UP-TO-DATE
> Task :build-logic:compileJava NO-SOURCE
> Task :build-logic:pluginDescriptors UP-TO-DATE
> Task :build-logic:processResources UP-TO-DATE
> Task :build-logic:classes UP-TO-DATE
> Task :build-logic:jar UP-TO-DATE
> Task :agents:growthmetrics:spheregrid:preBuild UP-TO-DATE
> Task :agents:growthmetrics:progression:preBuild UP-TO-DATE
> Task :agents:growthmetrics:nexusmemory:preBuild UP-TO-DATE
> Task :aura:reactivedesign:auraslab:preBuild UP-TO-DATE
> Task :agents:growthmetrics:identity:preBuild UP-TO-DATE
> Task :aura:reactivedesign:chromacore:preBuild UP-TO-DATE
> Task :genesis:oracledrive:preBuild UP-TO-DATE
> Task :agents:growthmetrics:tasker:preBuild UP-TO-DATE
> Task :cascade:datastream:delivery:preBuild UP-TO-DATE
> Task :genesis:oracledrive:datavein:preBuild UP-TO-DATE
> Task :cascade:datastream:routing:preBuild UP-TO-DATE
> Task :agents:growthmetrics:tasker:preDebugBuild UP-TO-DATE
> Task :aura:reactivedesign:auraslab:preDebugBuild UP-TO-DATE
> Task :agents:growthmetrics:nexusmemory:preDebugBuild UP-TO-DATE
> Task :agents:growthmetrics:progression:preDebugBuild UP-TO-DATE
> Task :agents:growthmetrics:spheregrid:preDebugBuild UP-TO-DATE
> Task :aura:reactivedesign:chromacore:preDebugBuild UP-TO-DATE
> Task :agents:growthmetrics:identity:preDebugBuild UP-TO-DATE
> Task :genesis:oracledrive:preDebugBuild UP-TO-DATE
> Task :agents:growthmetrics:metareflection:preBuild UP-TO-DATE
> Task :cascade:datastream:delivery:preDebugBuild UP-TO-DATE
> Task :aura:reactivedesign:customization:preBuild UP-TO-DATE
> Task :aura:reactivedesign:collabcanvas:preBuild UP-TO-DATE
> Task :cascade:datastream:routing:preDebugBuild UP-TO-DATE
> Task :genesis:oracledrive:datavein:preDebugBuild UP-TO-DATE
> Task :cascade:datastream:taskmanager:preBuild UP-TO-DATE
> Task :aura:reactivedesign:auraslab:generateDebugResources UP-TO-DATE
> Task :agents:growthmetrics:nexusmemory:generateDebugResources UP-TO-DATE
> Task :agents:growthmetrics:tasker:generateDebugResources UP-TO-DATE
> Task :agents:growthmetrics:progression:generateDebugResources UP-TO-DATE
> Task :agents:growthmetrics:metareflection:preDebugBuild UP-TO-DATE
> Task :genesis:oracledrive:datavein:generateDebugResources UP-TO-DATE
> Task :aura:reactivedesign:customization:preDebugBuild UP-TO-DATE
> Task :aura:reactivedesign:collabcanvas:preDebugBuild UP-TO-DATE
> Task :agents:growthmetrics:identity:generateDebugResources UP-TO-DATE
> Task :aura:reactivedesign:chromacore:generateDebugResources UP-TO-DATE
> Task :cascade:datastream:delivery:generateDebugResources UP-TO-DATE
> Task :cascade:datastream:taskmanager:preDebugBuild UP-TO-DATE
> Task :genesis:oracledrive:generateDebugResources UP-TO-DATE
> Task :cascade:datastream:routing:generateDebugResources UP-TO-DATE
> Task :agents:growthmetrics:metareflection:generateDebugResources UP-TO-DATE
> Task :aura:reactivedesign:collabcanvas:generateDebugResources UP-TO-DATE
> Task :agents:growthmetrics:spheregrid:generateDebugResources UP-TO-DATE
> Task :cascade:datastream:taskmanager:generateDebugResources UP-TO-DATE
> Task :aura:reactivedesign:customization:generateDebugResources UP-TO-DATE
> Task :kai:sentinelsfortress:security:preBuild UP-TO-DATE
> Task :kai:sentinelsfortress:security:preDebugBuild UP-TO-DATE
> Task :genesis:oracledrive:rootmanagement:preBuild UP-TO-DATE
> Task :agents:growthmetrics:tasker:packageDebugResources UP-TO-DATE
> Task :agents:growthmetrics:nexusmemory:packageDebugResources UP-TO-DATE
> Task :aura:reactivedesign:auraslab:packageDebugResources UP-TO-DATE
> Task :agents:growthmetrics:progression:packageDebugResources UP-TO-DATE
> Task :genesis:oracledrive:packageDebugResources UP-TO-DATE
> Task :kai:sentinelsfortress:systemintegrity:preBuild UP-TO-DATE
> Task :kai:sentinelsfortress:threatmonitor:preBuild UP-TO-DATE
> Task :aura:reactivedesign:chromacore:packageDebugResources UP-TO-DATE
> Task :agents:growthmetrics:identity:packageDebugResources UP-TO-DATE
> Task :genesis:oracledrive:rootmanagement:preDebugBuild UP-TO-DATE
> Task :cascade:datastream:delivery:packageDebugResources UP-TO-DATE
> Task :kai:sentinelsfortress:systemintegrity:preDebugBuild UP-TO-DATE
> Task :genesis:oracledrive:rootmanagement:generateDebugResources UP-TO-DATE
> Task :aura:reactivedesign:customization:packageDebugResources UP-TO-DATE
> Task :agents:growthmetrics:spheregrid:packageDebugResources UP-TO-DATE
> Task :agents:growthmetrics:metareflection:packageDebugResources UP-TO-DATE
> Task :genesis:oracledrive:processDebugNavigationResources UP-TO-DATE
> Task :agents:growthmetrics:identity:processDebugNavigationResources UP-TO-DATE
> Task :genesis:oracledrive:datavein:packageDebugResources UP-TO-DATE
> Task :kai:sentinelsfortress:systemintegrity:generateDebugResources UP-TO-DATE
> Task :cascade:datastream:routing:packageDebugResources UP-TO-DATE
> Task :cascade:datastream:taskmanager:packageDebugResources UP-TO-DATE
> Task :aura:reactivedesign:collabcanvas:packageDebugResources UP-TO-DATE
> Task :agents:growthmetrics:tasker:processDebugNavigationResources UP-TO-DATE
> Task :agents:growthmetrics:spheregrid:processDebugNavigationResources UP-TO-DATE
> Task :kai:sentinelsfortress:security:generateDebugResources UP-TO-DATE
> Task :agents:growthmetrics:nexusmemory:processDebugNavigationResources UP-TO-DATE
> Task :aura:reactivedesign:customization:processDebugNavigationResources UP-TO-DATE
> Task :agents:growthmetrics:progression:processDebugNavigationResources UP-TO-DATE
> Task :genesis:oracledrive:rootmanagement:packageDebugResources UP-TO-DATE
> Task :aura:reactivedesign:collabcanvas:processDebugNavigationResources UP-TO-DATE
> Task :cascade:datastream:delivery:processDebugNavigationResources UP-TO-DATE
> Task :aura:reactivedesign:chromacore:processDebugNavigationResources UP-TO-DATE
> Task :aura:reactivedesign:auraslab:processDebugNavigationResources UP-TO-DATE
> Task :cascade:datastream:routing:processDebugNavigationResources UP-TO-DATE
> Task :app:preBuild UP-TO-DATE
> Task :app:preDebugBuild UP-TO-DATE
> Task :cascade:datastream:taskmanager:processDebugNavigationResources UP-TO-DATE
> Task :genesis:oracledrive:datavein:processDebugNavigationResources UP-TO-DATE
> Task :genesis:oracledrive:rootmanagement:processDebugNavigationResources UP-TO-DATE
> Task :kai:sentinelsfortress:systemintegrity:packageDebugResources UP-TO-DATE
> Task :kai:sentinelsfortress:threatmonitor:preDebugBuild UP-TO-DATE
> Task :kai:sentinelsfortress:security:packageDebugResources UP-TO-DATE
> Task :kai:sentinelsfortress:threatmonitor:generateDebugResources UP-TO-DATE
> Task :agents:growthmetrics:metareflection:processDebugNavigationResources UP-TO-DATE
> Task :app:mergeDebugNativeDebugMetadata NO-SOURCE
> Task :kai:sentinelsfortress:security:processDebugNavigationResources UP-TO-DATE
> Task :kai:sentinelsfortress:systemintegrity:processDebugNavigationResources UP-TO-DATE
> Task :app:checkKotlinGradlePluginConfigurationErrors SKIPPED
> Task :kai:sentinelsfortress:threatmonitor:packageDebugResources UP-TO-DATE
> Task :kai:sentinelsfortress:threatmonitor:processDebugNavigationResources UP-TO-DATE
> Task :genesis:oracledrive:parseDebugLocalResources UP-TO-DATE
> Task :genesis:oracledrive:generateDebugRFile UP-TO-DATE
> Task :agents:growthmetrics:nexusmemory:parseDebugLocalResources UP-TO-DATE
> Task :agents:growthmetrics:nexusmemory:generateDebugRFile UP-TO-DATE
> Task :agents:growthmetrics:identity:parseDebugLocalResources UP-TO-DATE
> Task :agents:growthmetrics:identity:generateDebugRFile UP-TO-DATE
> Task :aura:reactivedesign:auraslab:parseDebugLocalResources UP-TO-DATE
> Task :aura:reactivedesign:auraslab:generateDebugRFile UP-TO-DATE
> Task :agents:growthmetrics:progression:parseDebugLocalResources UP-TO-DATE
> Task :aura:reactivedesign:collabcanvas:parseDebugLocalResources UP-TO-DATE
> Task :agents:growthmetrics:progression:generateDebugRFile UP-TO-DATE
> Task :aura:reactivedesign:collabcanvas:generateDebugRFile UP-TO-DATE
> Task :genesis:oracledrive:compileDebugAidl NO-SOURCE
> Task :genesis:oracledrive:checkKotlinGradlePluginConfigurationErrors SKIPPED
> Task :agents:growthmetrics:tasker:parseDebugLocalResources UP-TO-DATE
> Task :agents:growthmetrics:tasker:generateDebugRFile UP-TO-DATE
> Task :genesis:oracledrive:generateDebugBuildConfig UP-TO-DATE
> Task :aura:reactivedesign:customization:parseDebugLocalResources UP-TO-DATE
> Task :aura:reactivedesign:customization:generateDebugRFile UP-TO-DATE
> Task :agents:growthmetrics:nexusmemory:compileDebugAidl NO-SOURCE
> Task :agents:growthmetrics:nexusmemory:checkKotlinGradlePluginConfigurationErrors SKIPPED
> Task :agents:growthmetrics:metareflection:parseDebugLocalResources UP-TO-DATE
> Task :agents:growthmetrics:nexusmemory:generateDebugBuildConfig UP-TO-DATE
> Task :agents:growthmetrics:metareflection:generateDebugRFile UP-TO-DATE
> Task :aura:reactivedesign:chromacore:parseDebugLocalResources UP-TO-DATE
> Task :cascade:datastream:delivery:parseDebugLocalResources UP-TO-DATE
> Task :aura:reactivedesign:chromacore:generateDebugRFile UP-TO-DATE
> Task :cascade:datastream:delivery:generateDebugRFile UP-TO-DATE
> Task :cascade:datastream:routing:parseDebugLocalResources UP-TO-DATE
> Task :cascade:datastream:routing:generateDebugRFile UP-TO-DATE
> Task :cascade:datastream:routing:compileDebugAidl NO-SOURCE
> Task :cascade:datastream:routing:checkKotlinGradlePluginConfigurationErrors SKIPPED
> Task :cascade:datastream:routing:generateDebugBuildConfig UP-TO-DATE
> Task :cascade:datastream:taskmanager:parseDebugLocalResources UP-TO-DATE
> Task :kai:sentinelsfortress:security:parseDebugLocalResources UP-TO-DATE
> Task :genesis:oracledrive:datavein:parseDebugLocalResources UP-TO-DATE
> Task :genesis:oracledrive:rootmanagement:parseDebugLocalResources UP-TO-DATE
> Task :cascade:datastream:taskmanager:generateDebugRFile UP-TO-DATE
> Task :genesis:oracledrive:datavein:generateDebugRFile UP-TO-DATE
> Task :cascade:datastream:taskmanager:compileDebugAidl NO-SOURCE
> Task :cascade:datastream:taskmanager:checkKotlinGradlePluginConfigurationErrors SKIPPED
> Task :kai:sentinelsfortress:security:generateDebugRFile UP-TO-DATE
> Task :kai:sentinelsfortress:systemintegrity:parseDebugLocalResources UP-TO-DATE
> Task :agents:growthmetrics:spheregrid:parseDebugLocalResources UP-TO-DATE
> Task :kai:sentinelsfortress:threatmonitor:parseDebugLocalResources UP-TO-DATE
> Task :cascade:datastream:taskmanager:generateDebugBuildConfig UP-TO-DATE
> Task :genesis:oracledrive:rootmanagement:generateDebugRFile UP-TO-DATE
> Task :aura:reactivedesign:auraslab:compileDebugAidl NO-SOURCE
> Task :aura:reactivedesign:auraslab:checkKotlinGradlePluginConfigurationErrors SKIPPED
> Task :aura:reactivedesign:chromacore:compileDebugAidl NO-SOURCE
> Task :kai:sentinelsfortress:systemintegrity:generateDebugRFile UP-TO-DATE
> Task :kai:sentinelsfortress:threatmonitor:generateDebugRFile UP-TO-DATE
> Task :agents:growthmetrics:spheregrid:generateDebugRFile UP-TO-DATE
> Task :aura:reactivedesign:chromacore:checkKotlinGradlePluginConfigurationErrors SKIPPED
> Task :aura:reactivedesign:auraslab:generateDebugBuildConfig UP-TO-DATE
> Task :aura:reactivedesign:collabcanvas:compileDebugAidl NO-SOURCE
> Task :cascade:datastream:delivery:compileDebugAidl NO-SOURCE
> Task :aura:reactivedesign:collabcanvas:checkKotlinGradlePluginConfigurationErrors SKIPPED
> Task :cascade:datastream:delivery:checkKotlinGradlePluginConfigurationErrors SKIPPED
> Task :aura:reactivedesign:chromacore:generateDebugBuildConfig UP-TO-DATE
> Task :aura:reactivedesign:collabcanvas:generateDebugBuildConfig UP-TO-DATE
> Task :cascade:datastream:delivery:generateDebugBuildConfig UP-TO-DATE
> Task :cascade:datastream:taskmanager:javaPreCompileDebug UP-TO-DATE
> Task :agents:growthmetrics:spheregrid:javaPreCompileDebug UP-TO-DATE
> Task :agents:growthmetrics:metareflection:javaPreCompileDebug UP-TO-DATE
> Task :agents:growthmetrics:tasker:javaPreCompileDebug UP-TO-DATE
> Task :aura:reactivedesign:customization:javaPreCompileDebug UP-TO-DATE
> Task :cascade:datastream:delivery:javaPreCompileDebug UP-TO-DATE
> Task :agents:growthmetrics:identity:javaPreCompileDebug UP-TO-DATE
> Task :agents:growthmetrics:progression:javaPreCompileDebug UP-TO-DATE
> Task :genesis:oracledrive:datavein:compileDebugAidl NO-SOURCE
> Task :genesis:oracledrive:datavein:checkKotlinGradlePluginConfigurationErrors SKIPPED
> Task :kai:sentinelsfortress:systemintegrity:compileDebugAidl NO-SOURCE
> Task :kai:sentinelsfortress:security:compileDebugAidl NO-SOURCE
> Task :agents:growthmetrics:metareflection:compileDebugJavaWithJavac NO-SOURCE
> Task :aura:reactivedesign:customization:compileDebugJavaWithJavac NO-SOURCE
> Task :kai:sentinelsfortress:security:checkKotlinGradlePluginConfigurationErrors SKIPPED
> Task :genesis:oracledrive:datavein:generateDebugBuildConfig UP-TO-DATE
> Task :kai:sentinelsfortress:systemintegrity:checkKotlinGradlePluginConfigurationErrors SKIPPED
> Task :kai:sentinelsfortress:security:generateDebugBuildConfig UP-TO-DATE
> Task :agents:growthmetrics:identity:compileDebugJavaWithJavac NO-SOURCE
> Task :agents:growthmetrics:metareflection:bundleLibCompileToJarDebug UP-TO-DATE
> Task :aura:reactivedesign:customization:bundleLibCompileToJarDebug UP-TO-DATE
> Task :kai:sentinelsfortress:systemintegrity:generateDebugBuildConfig UP-TO-DATE
> Task :agents:growthmetrics:metareflection:generateDebugAssets UP-TO-DATE
> Task :agents:growthmetrics:identity:bundleLibCompileToJarDebug UP-TO-DATE
> Task :agents:growthmetrics:identity:generateDebugAssets UP-TO-DATE
> Task :agents:growthmetrics:metareflection:mergeDebugAssets UP-TO-DATE
> Task :agents:growthmetrics:spheregrid:compileDebugJavaWithJavac NO-SOURCE
> Task :agents:growthmetrics:progression:generateDebugAssets UP-TO-DATE
> Task :agents:growthmetrics:identity:mergeDebugAssets UP-TO-DATE
> Task :agents:growthmetrics:tasker:generateDebugAssets UP-TO-DATE
> Task :agents:growthmetrics:progression:mergeDebugAssets UP-TO-DATE
> Task :agents:growthmetrics:spheregrid:bundleLibCompileToJarDebug UP-TO-DATE
> Task :agents:growthmetrics:spheregrid:generateDebugAssets UP-TO-DATE
> Task :kai:sentinelsfortress:threatmonitor:javaPreCompileDebug UP-TO-DATE
> Task :aura:reactivedesign:customization:generateDebugAssets UP-TO-DATE
> Task :agents:growthmetrics:spheregrid:mergeDebugAssets UP-TO-DATE
> Task :cascade:datastream:delivery:generateDebugAssets UP-TO-DATE
> Task :agents:growthmetrics:tasker:mergeDebugAssets UP-TO-DATE
> Task :agents:growthmetrics:progression:compileDebugJavaWithJavac NO-SOURCE
> Task :cascade:datastream:delivery:mergeDebugAssets UP-TO-DATE
> Task :cascade:datastream:taskmanager:generateDebugAssets UP-TO-DATE
> Task :kai:sentinelsfortress:threatmonitor:generateDebugAssets UP-TO-DATE
> Task :agents:growthmetrics:progression:bundleLibCompileToJarDebug UP-TO-DATE
> Task :aura:reactivedesign:customization:mergeDebugAssets UP-TO-DATE
> Task :agents:growthmetrics:progression:bundleLibRuntimeToJarDebug UP-TO-DATE
> Task :kai:sentinelsfortress:threatmonitor:mergeDebugAssets UP-TO-DATE
> Task :cascade:datastream:taskmanager:mergeDebugAssets UP-TO-DATE
> Task :aura:reactivedesign:customization:bundleLibRuntimeToJarDebug UP-TO-DATE
> Task :agents:growthmetrics:spheregrid:bundleLibRuntimeToJarDebug UP-TO-DATE
> Task :agents:growthmetrics:metareflection:bundleLibRuntimeToJarDebug UP-TO-DATE
> Task :agents:growthmetrics:identity:bundleLibRuntimeToJarDebug UP-TO-DATE
> Task :agents:growthmetrics:tasker:processDebugJavaRes NO-SOURCE
> Task :aura:reactivedesign:customization:processDebugJavaRes NO-SOURCE
> Task :kai:sentinelsfortress:threatmonitor:processDebugJavaRes NO-SOURCE
> Task :agents:growthmetrics:progression:processDebugJavaRes NO-SOURCE
> Task :aura:reactivedesign:customization:createFullJarDebug UP-TO-DATE
> Task :agents:growthmetrics:spheregrid:processDebugJavaRes NO-SOURCE
> Task :agents:growthmetrics:progression:createFullJarDebug UP-TO-DATE
> Task :agents:growthmetrics:metareflection:processDebugJavaRes NO-SOURCE
> Task :agents:growthmetrics:spheregrid:createFullJarDebug UP-TO-DATE
> Task :agents:growthmetrics:metareflection:createFullJarDebug UP-TO-DATE
> Task :agents:growthmetrics:identity:processDebugJavaRes NO-SOURCE
> Task :agents:growthmetrics:identity:createFullJarDebug UP-TO-DATE
> Task :genesis:oracledrive:rootmanagement:javaPreCompileDebug UP-TO-DATE
> Task :genesis:oracledrive:rootmanagement:compileDebugJavaWithJavac NO-SOURCE
> Task :agents:growthmetrics:identity:writeDebugAarMetadata UP-TO-DATE
> Task :agents:growthmetrics:metareflection:writeDebugAarMetadata UP-TO-DATE
> Task :agents:growthmetrics:spheregrid:writeDebugAarMetadata UP-TO-DATE
> Task :agents:growthmetrics:progression:writeDebugAarMetadata UP-TO-DATE
> Task :aura:reactivedesign:customization:writeDebugAarMetadata UP-TO-DATE
> Task :cascade:datastream:delivery:writeDebugAarMetadata UP-TO-DATE
> Task :cascade:datastream:taskmanager:writeDebugAarMetadata UP-TO-DATE
> Task :agents:growthmetrics:tasker:writeDebugAarMetadata UP-TO-DATE
> Task :agents:growthmetrics:identity:extractDeepLinksDebug UP-TO-DATE
> Task :agents:growthmetrics:progression:extractDeepLinksDebug UP-TO-DATE
> Task :agents:growthmetrics:metareflection:extractDeepLinksDebug UP-TO-DATE
> Task :agents:growthmetrics:metareflection:processDebugManifest UP-TO-DATE
> Task :agents:growthmetrics:identity:processDebugManifest UP-TO-DATE
> Task :agents:growthmetrics:progression:processDebugManifest UP-TO-DATE
> Task :agents:growthmetrics:tasker:extractDeepLinksDebug UP-TO-DATE
> Task :agents:growthmetrics:spheregrid:extractDeepLinksDebug UP-TO-DATE
> Task :aura:reactivedesign:customization:extractDeepLinksDebug UP-TO-DATE
> Task :kai:sentinelsfortress:threatmonitor:writeDebugAarMetadata UP-TO-DATE
> Task :cascade:datastream:delivery:extractDeepLinksDebug UP-TO-DATE
> Task :agents:growthmetrics:spheregrid:processDebugManifest UP-TO-DATE
> Task :agents:growthmetrics:tasker:processDebugManifest UP-TO-DATE
> Task :aura:reactivedesign:customization:processDebugManifest UP-TO-DATE
> Task :cascade:datastream:taskmanager:extractDeepLinksDebug UP-TO-DATE
> Task :kai:sentinelsfortress:threatmonitor:extractDeepLinksDebug UP-TO-DATE
> Task :cascade:datastream:delivery:processDebugManifest UP-TO-DATE
> Task :agents:growthmetrics:identity:compileDebugLibraryResources UP-TO-DATE
> Task :cascade:datastream:taskmanager:processDebugManifest UP-TO-DATE
> Task :agents:growthmetrics:metareflection:compileDebugLibraryResources UP-TO-DATE
> Task :agents:growthmetrics:progression:compileDebugLibraryResources UP-TO-DATE
> Task :kai:sentinelsfortress:threatmonitor:processDebugManifest UP-TO-DATE
> Task :agents:growthmetrics:spheregrid:compileDebugLibraryResources UP-TO-DATE
> Task :aura:reactivedesign:customization:compileDebugLibraryResources UP-TO-DATE
> Task :agents:growthmetrics:tasker:compileDebugLibraryResources UP-TO-DATE
> Task :cascade:datastream:taskmanager:compileDebugLibraryResources UP-TO-DATE
> Task :cascade:datastream:delivery:compileDebugLibraryResources UP-TO-DATE
> Task :kai:sentinelsfortress:threatmonitor:compileDebugLibraryResources UP-TO-DATE
> Task :aura:reactivedesign:customization:bundleLibRuntimeToDirDebug UP-TO-DATE
> Task :agents:growthmetrics:spheregrid:bundleLibRuntimeToDirDebug UP-TO-DATE
> Task :agents:growthmetrics:metareflection:bundleLibRuntimeToDirDebug UP-TO-DATE
> Task :agents:growthmetrics:progression:bundleLibRuntimeToDirDebug UP-TO-DATE
> Task :agents:growthmetrics:identity:bundleLibRuntimeToDirDebug UP-TO-DATE
> Task :agents:growthmetrics:spheregrid:mergeDebugJniLibFolders UP-TO-DATE
> Task :agents:growthmetrics:metareflection:mergeDebugJniLibFolders UP-TO-DATE
> Task :agents:growthmetrics:progression:mergeDebugJniLibFolders UP-TO-DATE
> Task :agents:growthmetrics:identity:mergeDebugJniLibFolders UP-TO-DATE
> Task :agents:growthmetrics:progression:mergeDebugNativeLibs NO-SOURCE
> Task :agents:growthmetrics:spheregrid:mergeDebugNativeLibs NO-SOURCE
> Task :agents:growthmetrics:metareflection:mergeDebugNativeLibs NO-SOURCE
> Task :agents:growthmetrics:identity:mergeDebugNativeLibs NO-SOURCE
> Task :agents:growthmetrics:progression:copyDebugJniLibsProjectOnly UP-TO-DATE
> Task :agents:growthmetrics:spheregrid:copyDebugJniLibsProjectOnly UP-TO-DATE
> Task :agents:growthmetrics:metareflection:copyDebugJniLibsProjectOnly UP-TO-DATE
> Task :agents:growthmetrics:identity:copyDebugJniLibsProjectOnly UP-TO-DATE
> Task :agents:growthmetrics:tasker:mergeDebugJniLibFolders UP-TO-DATE
> Task :aura:reactivedesign:customization:mergeDebugJniLibFolders UP-TO-DATE
> Task :cascade:datastream:delivery:mergeDebugJniLibFolders UP-TO-DATE
> Task :cascade:datastream:taskmanager:mergeDebugJniLibFolders UP-TO-DATE
> Task :agents:growthmetrics:tasker:mergeDebugNativeLibs NO-SOURCE
> Task :aura:reactivedesign:customization:mergeDebugNativeLibs NO-SOURCE
> Task :cascade:datastream:delivery:mergeDebugNativeLibs NO-SOURCE
> Task :cascade:datastream:taskmanager:mergeDebugNativeLibs NO-SOURCE
> Task :agents:growthmetrics:tasker:copyDebugJniLibsProjectOnly UP-TO-DATE
> Task :aura:reactivedesign:customization:copyDebugJniLibsProjectOnly UP-TO-DATE
> Task :cascade:datastream:taskmanager:copyDebugJniLibsProjectOnly UP-TO-DATE
> Task :cascade:datastream:delivery:copyDebugJniLibsProjectOnly UP-TO-DATE
> Task :kai:sentinelsfortress:threatmonitor:mergeDebugJniLibFolders UP-TO-DATE
> Task :core-module:preBuild UP-TO-DATE
> Task :extendsysa:preBuild UP-TO-DATE
> Task :extendsysb:preBuild UP-TO-DATE
> Task :core-module:preDebugBuild UP-TO-DATE
> Task :extendsysa:preDebugBuild UP-TO-DATE
> Task :extendsysb:preDebugBuild UP-TO-DATE
> Task :kai:sentinelsfortress:threatmonitor:mergeDebugNativeLibs NO-SOURCE
> Task :kai:sentinelsfortress:threatmonitor:copyDebugJniLibsProjectOnly UP-TO-DATE
> Task :extendsysc:preBuild UP-TO-DATE
> Task :extendsysc:preDebugBuild UP-TO-DATE
> Task :cascade:datastream:routing:kspDebugKotlin UP-TO-DATE
> Task :aura:reactivedesign:chromacore:kspDebugKotlin UP-TO-DATE
> Task :kai:sentinelsfortress:systemintegrity:kspDebugKotlin UP-TO-DATE
> Task :genesis:oracledrive:kspDebugKotlin UP-TO-DATE
> Task :genesis:oracledrive:datavein:kspDebugKotlin UP-TO-DATE
> Task :kai:sentinelsfortress:security:kspDebugKotlin UP-TO-DATE
> Task :agents:growthmetrics:nexusmemory:kspDebugKotlin UP-TO-DATE
> Task :aura:reactivedesign:collabcanvas:kspDebugKotlin UP-TO-DATE
> Task :genesis:oracledrive:compileDebugKotlin NO-SOURCE
> Task :kai:sentinelsfortress:systemintegrity:compileDebugKotlin NO-SOURCE
> Task :cascade:datastream:routing:compileDebugKotlin NO-SOURCE
> Task :kai:sentinelsfortress:systemintegrity:javaPreCompileDebug UP-TO-DATE
> Task :genesis:oracledrive:javaPreCompileDebug UP-TO-DATE
> Task :cascade:datastream:routing:javaPreCompileDebug UP-TO-DATE
> Task :aura:reactivedesign:auraslab:kspDebugKotlin UP-TO-DATE
> Task :aura:reactivedesign:auraslab:compileDebugKotlin NO-SOURCE
> Task :genesis:oracledrive:compileDebugJavaWithJavac UP-TO-DATE
> Task :cascade:datastream:routing:compileDebugJavaWithJavac UP-TO-DATE
> Task :kai:sentinelsfortress:systemintegrity:compileDebugJavaWithJavac UP-TO-DATE
> Task :aura:reactivedesign:auraslab:javaPreCompileDebug UP-TO-DATE
> Task :aura:reactivedesign:auraslab:compileDebugJavaWithJavac UP-TO-DATE
> Task :extendsysc:checkDebugAarMetadata UP-TO-DATE
> Task :extendsysc:compileDebugAidl NO-SOURCE
> Task :extendsysb:checkDebugAarMetadata UP-TO-DATE
> Task :extendsysc:mergeDebugJniLibFolders UP-TO-DATE
> Task :core-module:checkDebugAarMetadata UP-TO-DATE
> Task :extendsysb:compileDebugAidl NO-SOURCE
> Task :core-module:compileDebugAidl NO-SOURCE
> Task :extendsysa:checkDebugAarMetadata UP-TO-DATE
> Task :extendsysc:mergeDebugNativeLibs NO-SOURCE
> Task :extendsysb:mergeDebugJniLibFolders UP-TO-DATE
> Task :core-module:mergeDebugJniLibFolders UP-TO-DATE
> Task :extendsysa:compileDebugAidl NO-SOURCE
> Task :extendsysb:mergeDebugNativeLibs NO-SOURCE
> Task :core-module:mergeDebugNativeLibs NO-SOURCE
> Task :extendsysc:stripDebugDebugSymbols NO-SOURCE
> Task :extendsysb:stripDebugDebugSymbols NO-SOURCE
> Task :core-module:stripDebugDebugSymbols NO-SOURCE
> Task :extendsysc:copyDebugJniLibsProjectAndLocalJars UP-TO-DATE
> Task :extendsysa:mergeDebugJniLibFolders UP-TO-DATE
> Task :extendsysc:checkKotlinGradlePluginConfigurationErrors SKIPPED
> Task :core-module:copyDebugJniLibsProjectAndLocalJars UP-TO-DATE
> Task :core-module:checkKotlinGradlePluginConfigurationErrors SKIPPED
> Task :extendsysb:copyDebugJniLibsProjectAndLocalJars UP-TO-DATE
> Task :extendsysb:checkKotlinGradlePluginConfigurationErrors SKIPPED
> Task :extendsysc:generateDebugBuildConfig UP-TO-DATE
> Task :core-module:generateDebugBuildConfig UP-TO-DATE
> Task :extendsysa:mergeDebugNativeLibs NO-SOURCE
> Task :extendsysa:stripDebugDebugSymbols NO-SOURCE
> Task :extendsysb:generateDebugBuildConfig UP-TO-DATE
> Task :core-module:generateDebugResources UP-TO-DATE
> Task :extendsysc:generateDebugResources UP-TO-DATE
> Task :extendsysa:copyDebugJniLibsProjectAndLocalJars UP-TO-DATE
> Task :extendsysb:generateDebugResources UP-TO-DATE
> Task :extendsysa:checkKotlinGradlePluginConfigurationErrors SKIPPED
> Task :extendsysc:packageDebugResources UP-TO-DATE
> Task :extendsysa:generateDebugBuildConfig UP-TO-DATE
> Task :core-module:packageDebugResources UP-TO-DATE
> Task :extendsysc:processDebugNavigationResources UP-TO-DATE
> Task :extendsysa:generateDebugResources UP-TO-DATE
> Task :extendsysb:packageDebugResources UP-TO-DATE
> Task :core-module:processDebugNavigationResources UP-TO-DATE
> Task :extendsysb:processDebugNavigationResources UP-TO-DATE
> Task :extendsysa:packageDebugResources UP-TO-DATE
> Task :extendsysa:processDebugNavigationResources UP-TO-DATE
> Task :core-module:parseDebugLocalResources UP-TO-DATE
> Task :extendsysc:parseDebugLocalResources UP-TO-DATE
> Task :extendsysb:parseDebugLocalResources UP-TO-DATE
> Task :core-module:generateDebugRFile UP-TO-DATE
> Task :extendsysc:generateDebugRFile UP-TO-DATE
> Task :extendsysb:generateDebugRFile UP-TO-DATE
> Task :extendsysa:parseDebugLocalResources UP-TO-DATE
> Task :extendsysa:generateDebugRFile UP-TO-DATE
> Task :extendsysc:compileDebugKotlin NO-SOURCE
> Task :extendsysb:compileDebugKotlin NO-SOURCE
> Task :cascade:datastream:routing:transformDebugClassesWithAsm UP-TO-DATE
> Task :kai:sentinelsfortress:systemintegrity:transformDebugClassesWithAsm UP-TO-DATE
> Task :cascade:datastream:routing:bundleLibCompileToJarDebug UP-TO-DATE
> Task :kai:sentinelsfortress:systemintegrity:bundleLibCompileToJarDebug UP-TO-DATE
> Task :cascade:datastream:routing:bundleLibRuntimeToJarDebug UP-TO-DATE
> Task :extendsysa:compileDebugKotlin NO-SOURCE
> Task :cascade:datastream:routing:generateDebugAssets UP-TO-DATE
> Task :cascade:datastream:routing:mergeDebugAssets UP-TO-DATE
> Task :kai:sentinelsfortress:systemintegrity:generateDebugAssets UP-TO-DATE
> Task :kai:sentinelsfortress:systemintegrity:mergeDebugAssets UP-TO-DATE
> Task :kai:sentinelsfortress:systemintegrity:bundleLibRuntimeToJarDebug UP-TO-DATE
> Task :kai:sentinelsfortress:systemintegrity:processDebugJavaRes NO-SOURCE
> Task :kai:sentinelsfortress:systemintegrity:createFullJarDebug UP-TO-DATE
> Task :cascade:datastream:routing:processDebugJavaRes NO-SOURCE
> Task :cascade:datastream:routing:createFullJarDebug UP-TO-DATE
> Task :aura:reactivedesign:chromacore:compileDebugKotlin UP-TO-DATE
> Task :genesis:oracledrive:datavein:compileDebugKotlin UP-TO-DATE
> Task :agents:growthmetrics:nexusmemory:compileDebugKotlin UP-TO-DATE
> Task :kai:sentinelsfortress:security:compileDebugKotlin UP-TO-DATE
> Task :aura:reactivedesign:collabcanvas:compileDebugKotlin UP-TO-DATE
> Task :cascade:datastream:routing:writeDebugAarMetadata UP-TO-DATE
> Task :aura:reactivedesign:chromacore:javaPreCompileDebug UP-TO-DATE
> Task :kai:sentinelsfortress:security:javaPreCompileDebug UP-TO-DATE
> Task :genesis:oracledrive:datavein:javaPreCompileDebug UP-TO-DATE
> Task :agents:growthmetrics:nexusmemory:javaPreCompileDebug UP-TO-DATE
> Task :aura:reactivedesign:collabcanvas:javaPreCompileDebug UP-TO-DATE
> Task :kai:sentinelsfortress:systemintegrity:writeDebugAarMetadata UP-TO-DATE
> Task :cascade:datastream:routing:extractDeepLinksDebug UP-TO-DATE
> Task :cascade:datastream:routing:processDebugManifest UP-TO-DATE
> Task :kai:sentinelsfortress:systemintegrity:extractDeepLinksDebug UP-TO-DATE
> Task :kai:sentinelsfortress:systemintegrity:processDebugManifest UP-TO-DATE
> Task :cascade:datastream:routing:compileDebugLibraryResources UP-TO-DATE
> Task :kai:sentinelsfortress:systemintegrity:compileDebugLibraryResources UP-TO-DATE
> Task :aura:reactivedesign:chromacore:compileDebugJavaWithJavac UP-TO-DATE
> Task :kai:sentinelsfortress:systemintegrity:bundleLibRuntimeToDirDebug UP-TO-DATE
> Task :cascade:datastream:routing:bundleLibRuntimeToDirDebug UP-TO-DATE
> Task :kai:sentinelsfortress:security:compileDebugJavaWithJavac UP-TO-DATE
> Task :cascade:datastream:routing:mergeDebugJniLibFolders UP-TO-DATE
> Task :cascade:datastream:routing:mergeDebugNativeLibs NO-SOURCE
> Task :cascade:datastream:routing:copyDebugJniLibsProjectOnly UP-TO-DATE
> Task :kai:sentinelsfortress:systemintegrity:mergeDebugJniLibFolders UP-TO-DATE
> Task :kai:sentinelsfortress:systemintegrity:mergeDebugNativeLibs NO-SOURCE
> Task :kai:sentinelsfortress:systemintegrity:copyDebugJniLibsProjectOnly UP-TO-DATE
> Task :genesis:oracledrive:datavein:compileDebugJavaWithJavac UP-TO-DATE
> Task :agents:growthmetrics:nexusmemory:compileDebugJavaWithJavac UP-TO-DATE
> Task :aura:reactivedesign:collabcanvas:compileDebugJavaWithJavac UP-TO-DATE
> Task :core-module:compileDebugKotlin UP-TO-DATE
> Task :aura:reactivedesign:chromacore:transformDebugClassesWithAsm UP-TO-DATE
> Task :aura:reactivedesign:chromacore:bundleLibCompileToJarDebug UP-TO-DATE
> Task :aura:reactivedesign:chromacore:generateDebugAssets UP-TO-DATE
> Task :aura:reactivedesign:chromacore:mergeDebugAssets UP-TO-DATE
> Task :aura:reactivedesign:chromacore:bundleLibRuntimeToJarDebug UP-TO-DATE
> Task :aura:reactivedesign:chromacore:processDebugJavaRes UP-TO-DATE
> Task :aura:reactivedesign:chromacore:createFullJarDebug UP-TO-DATE
> Task :aura:reactivedesign:chromacore:writeDebugAarMetadata UP-TO-DATE
> Task :aura:reactivedesign:chromacore:extractDeepLinksDebug UP-TO-DATE
> Task :aura:reactivedesign:chromacore:processDebugManifest UP-TO-DATE
> Task :aura:reactivedesign:chromacore:compileDebugLibraryResources UP-TO-DATE
> Task :kai:sentinelsfortress:security:transformDebugClassesWithAsm UP-TO-DATE
> Task :aura:reactivedesign:chromacore:bundleLibRuntimeToDirDebug UP-TO-DATE
> Task :aura:reactivedesign:chromacore:mergeDebugJniLibFolders UP-TO-DATE
> Task :kai:sentinelsfortress:security:bundleLibCompileToJarDebug UP-TO-DATE
> Task :aura:reactivedesign:chromacore:mergeDebugNativeLibs NO-SOURCE
> Task :kai:sentinelsfortress:security:generateDebugAssets UP-TO-DATE
> Task :kai:sentinelsfortress:security:mergeDebugAssets UP-TO-DATE
> Task :kai:sentinelsfortress:threatmonitor:compileDebugJavaWithJavac NO-SOURCE
> Task :kai:sentinelsfortress:threatmonitor:bundleLibCompileToJarDebug UP-TO-DATE
> Task :kai:sentinelsfortress:threatmonitor:bundleLibRuntimeToJarDebug UP-TO-DATE
> Task :kai:sentinelsfortress:security:bundleLibRuntimeToJarDebug UP-TO-DATE
> Task :kai:sentinelsfortress:threatmonitor:createFullJarDebug UP-TO-DATE
> Task :kai:sentinelsfortress:threatmonitor:bundleLibRuntimeToDirDebug UP-TO-DATE
> Task :aura:reactivedesign:chromacore:copyDebugJniLibsProjectOnly UP-TO-DATE
> Task :kai:sentinelsfortress:security:processDebugJavaRes UP-TO-DATE
> Task :extendsysd:preBuild UP-TO-DATE
> Task :extendsysd:preDebugBuild UP-TO-DATE
> Task :kai:sentinelsfortress:security:createFullJarDebug UP-TO-DATE
> Task :cascade:datastream:delivery:kspDebugKotlin UP-TO-DATE
> Task :aura:reactivedesign:collabcanvas:transformDebugClassesWithAsm UP-TO-DATE
> Task :aura:reactivedesign:collabcanvas:bundleLibCompileToJarDebug UP-TO-DATE
> Task :aura:reactivedesign:collabcanvas:generateDebugAssets UP-TO-DATE
> Task :aura:reactivedesign:collabcanvas:mergeDebugAssets UP-TO-DATE
> Task :kai:sentinelsfortress:security:writeDebugAarMetadata UP-TO-DATE
> Task :aura:reactivedesign:collabcanvas:bundleLibRuntimeToJarDebug UP-TO-DATE
> Task :cascade:datastream:delivery:compileDebugKotlin NO-SOURCE
> Task :kai:sentinelsfortress:security:extractDeepLinksDebug UP-TO-DATE
> Task :kai:sentinelsfortress:security:processDebugManifest UP-TO-DATE
> Task :aura:reactivedesign:collabcanvas:processDebugJavaRes UP-TO-DATE
> Task :aura:reactivedesign:collabcanvas:createFullJarDebug UP-TO-DATE
> Task :kai:sentinelsfortress:security:compileDebugLibraryResources UP-TO-DATE
> Task :agents:growthmetrics:nexusmemory:transformDebugClassesWithAsm UP-TO-DATE
> Task :kai:sentinelsfortress:security:bundleLibRuntimeToDirDebug UP-TO-DATE
> Task :agents:growthmetrics:nexusmemory:bundleLibCompileToJarDebug UP-TO-DATE
> Task :genesis:oracledrive:datavein:transformDebugClassesWithAsm UP-TO-DATE
> Task :agents:growthmetrics:nexusmemory:generateDebugAssets UP-TO-DATE
> Task :kai:sentinelsfortress:security:mergeDebugJniLibFolders UP-TO-DATE
> Task :genesis:oracledrive:datavein:bundleLibCompileToJarDebug UP-TO-DATE
> Task :genesis:oracledrive:datavein:generateDebugAssets UP-TO-DATE
> Task :cascade:datastream:taskmanager:kspDebugKotlin UP-TO-DATE
> Task :agents:growthmetrics:nexusmemory:mergeDebugAssets UP-TO-DATE
> Task :kai:sentinelsfortress:security:mergeDebugNativeLibs NO-SOURCE
> Task :aura:reactivedesign:auraslab:transformDebugClassesWithAsm UP-TO-DATE
> Task :agents:growthmetrics:nexusmemory:bundleLibRuntimeToJarDebug UP-TO-DATE
> Task :genesis:oracledrive:transformDebugClassesWithAsm UP-TO-DATE
> Task :kai:sentinelsfortress:security:copyDebugJniLibsProjectOnly UP-TO-DATE
> Task :genesis:oracledrive:datavein:mergeDebugAssets UP-TO-DATE
> Task :genesis:oracledrive:rootmanagement:transformDebugClassesWithAsm UP-TO-DATE
> Task :aura:reactivedesign:auraslab:bundleLibCompileToJarDebug UP-TO-DATE
> Task :aura:reactivedesign:collabcanvas:writeDebugAarMetadata UP-TO-DATE
> Task :aura:reactivedesign:auraslab:generateDebugAssets UP-TO-DATE
> Task :genesis:oracledrive:bundleLibCompileToJarDebug UP-TO-DATE
> Task :genesis:oracledrive:rootmanagement:bundleLibCompileToJarDebug UP-TO-DATE
> Task :extendsyse:preBuild UP-TO-DATE
> Task :aura:reactivedesign:collabcanvas:extractDeepLinksDebug UP-TO-DATE
> Task :genesis:oracledrive:generateDebugAssets UP-TO-DATE
> Task :extendsyse:preDebugBuild UP-TO-DATE
> Task :genesis:oracledrive:datavein:bundleLibRuntimeToJarDebug UP-TO-DATE
> Task :aura:reactivedesign:auraslab:mergeDebugAssets UP-TO-DATE
> Task :genesis:oracledrive:rootmanagement:generateDebugAssets UP-TO-DATE
> Task :aura:reactivedesign:collabcanvas:processDebugManifest UP-TO-DATE
> Task :genesis:oracledrive:rootmanagement:mergeDebugAssets UP-TO-DATE
> Task :genesis:oracledrive:mergeDebugAssets UP-TO-DATE
> Task :aura:reactivedesign:auraslab:bundleLibRuntimeToJarDebug UP-TO-DATE
> Task :aura:reactivedesign:collabcanvas:compileDebugLibraryResources UP-TO-DATE
> Task :cascade:datastream:delivery:compileDebugJavaWithJavac UP-TO-DATE
> Task :agents:growthmetrics:nexusmemory:processDebugJavaRes UP-TO-DATE
> Task :genesis:oracledrive:bundleLibRuntimeToJarDebug UP-TO-DATE
> Task :aura:reactivedesign:collabcanvas:bundleLibRuntimeToDirDebug UP-TO-DATE
> Task :genesis:oracledrive:rootmanagement:bundleLibRuntimeToJarDebug UP-TO-DATE
> Task :genesis:oracledrive:datavein:processDebugJavaRes UP-TO-DATE
> Task :aura:reactivedesign:auraslab:processDebugJavaRes NO-SOURCE
> Task :agents:growthmetrics:nexusmemory:createFullJarDebug UP-TO-DATE
> Task :genesis:oracledrive:datavein:createFullJarDebug UP-TO-DATE
> Task :genesis:oracledrive:rootmanagement:processDebugJavaRes NO-SOURCE
> Task :genesis:oracledrive:rootmanagement:createFullJarDebug UP-TO-DATE
> Task :aura:reactivedesign:auraslab:createFullJarDebug UP-TO-DATE
> Task :genesis:oracledrive:processDebugJavaRes NO-SOURCE
> Task :cascade:datastream:taskmanager:compileDebugKotlin NO-SOURCE
> Task :genesis:oracledrive:createFullJarDebug UP-TO-DATE
> Task :aura:reactivedesign:auraslab:writeDebugAarMetadata UP-TO-DATE
> Task :genesis:oracledrive:datavein:writeDebugAarMetadata UP-TO-DATE
> Task :aura:reactivedesign:collabcanvas:mergeDebugJniLibFolders UP-TO-DATE
> Task :genesis:oracledrive:datavein:extractDeepLinksDebug UP-TO-DATE
> Task :aura:reactivedesign:auraslab:extractDeepLinksDebug UP-TO-DATE
> Task :genesis:oracledrive:rootmanagement:writeDebugAarMetadata UP-TO-DATE
> Task :aura:reactivedesign:collabcanvas:mergeDebugNativeLibs NO-SOURCE
> Task :aura:reactivedesign:auraslab:processDebugManifest UP-TO-DATE
> Task :genesis:oracledrive:datavein:processDebugManifest UP-TO-DATE
> Task :agents:growthmetrics:nexusmemory:writeDebugAarMetadata UP-TO-DATE
> Task :genesis:oracledrive:rootmanagement:extractDeepLinksDebug UP-TO-DATE
> Task :aura:reactivedesign:collabcanvas:copyDebugJniLibsProjectOnly UP-TO-DATE
> Task :genesis:oracledrive:writeDebugAarMetadata UP-TO-DATE
> Task :genesis:oracledrive:datavein:compileDebugLibraryResources UP-TO-DATE
> Task :aura:reactivedesign:auraslab:compileDebugLibraryResources UP-TO-DATE
> Task :extendsysf:preBuild UP-TO-DATE
> Task :genesis:oracledrive:rootmanagement:processDebugManifest UP-TO-DATE
> Task :agents:growthmetrics:nexusmemory:extractDeepLinksDebug UP-TO-DATE
> Task :genesis:oracledrive:extractDeepLinksDebug UP-TO-DATE
> Task :extendsysf:preDebugBuild UP-TO-DATE
> Task :aura:reactivedesign:auraslab:bundleLibRuntimeToDirDebug UP-TO-DATE
> Task :genesis:oracledrive:datavein:bundleLibRuntimeToDirDebug UP-TO-DATE
> Task :genesis:oracledrive:rootmanagement:compileDebugLibraryResources UP-TO-DATE
> Task :agents:growthmetrics:nexusmemory:processDebugManifest UP-TO-DATE
> Task :aura:reactivedesign:auraslab:mergeDebugJniLibFolders UP-TO-DATE
> Task :agents:growthmetrics:nexusmemory:compileDebugLibraryResources UP-TO-DATE
> Task :genesis:oracledrive:datavein:mergeDebugJniLibFolders UP-TO-DATE
> Task :aura:reactivedesign:auraslab:mergeDebugNativeLibs NO-SOURCE
> Task :genesis:oracledrive:rootmanagement:bundleLibRuntimeToDirDebug UP-TO-DATE
> Task :genesis:oracledrive:processDebugManifest UP-TO-DATE
> Task :aura:reactivedesign:auraslab:copyDebugJniLibsProjectOnly UP-TO-DATE
> Task :agents:growthmetrics:nexusmemory:bundleLibRuntimeToDirDebug UP-TO-DATE
> Task :genesis:oracledrive:rootmanagement:mergeDebugJniLibFolders UP-TO-DATE
> Task :genesis:oracledrive:compileDebugLibraryResources UP-TO-DATE
> Task :genesis:oracledrive:datavein:mergeDebugNativeLibs NO-SOURCE
> Task :agents:growthmetrics:nexusmemory:mergeDebugJniLibFolders UP-TO-DATE
> Task :genesis:oracledrive:datavein:copyDebugJniLibsProjectOnly UP-TO-DATE
> Task :genesis:oracledrive:bundleLibRuntimeToDirDebug UP-TO-DATE
> Task :genesis:oracledrive:rootmanagement:mergeDebugNativeLibs NO-SOURCE
> Task :core:common:preBuild UP-TO-DATE
> Task :core:common:preDebugBuild UP-TO-DATE
> Task :core:data:preBuild UP-TO-DATE
> Task :agents:growthmetrics:nexusmemory:mergeDebugNativeLibs NO-SOURCE
> Task :genesis:oracledrive:rootmanagement:copyDebugJniLibsProjectOnly UP-TO-DATE
> Task :core:data:preDebugBuild UP-TO-DATE
> Task :genesis:oracledrive:mergeDebugJniLibFolders UP-TO-DATE
> Task :agents:growthmetrics:nexusmemory:copyDebugJniLibsProjectOnly UP-TO-DATE
> Task :core:domain:preBuild UP-TO-DATE
> Task :core:domain:preDebugBuild UP-TO-DATE
> Task :core:ui:preBuild UP-TO-DATE
> Task :genesis:oracledrive:mergeDebugNativeLibs NO-SOURCE
> Task :core:ui:preDebugBuild UP-TO-DATE
> Task :genesis:oracledrive:copyDebugJniLibsProjectOnly UP-TO-DATE
> Task :cascade:datastream:taskmanager:compileDebugJavaWithJavac UP-TO-DATE
> Task :genesis:oracledrive:checkDebugAarMetadata UP-TO-DATE
> Task :genesis:oracledrive:stripDebugDebugSymbols NO-SOURCE
> Task :genesis:oracledrive:copyDebugJniLibsProjectAndLocalJars UP-TO-DATE
> Task :cascade:datastream:delivery:transformDebugClassesWithAsm UP-TO-DATE
> Task :extendsysd:checkDebugAarMetadata UP-TO-DATE
> Task :cascade:datastream:delivery:bundleLibCompileToJarDebug UP-TO-DATE
> Task :extendsysd:compileDebugAidl NO-SOURCE
> Task :extendsysd:mergeDebugJniLibFolders UP-TO-DATE
> Task :cascade:datastream:delivery:bundleLibRuntimeToJarDebug UP-TO-DATE
> Task :extendsysd:mergeDebugNativeLibs NO-SOURCE
> Task :extendsysd:stripDebugDebugSymbols NO-SOURCE
> Task :cascade:datastream:delivery:processDebugJavaRes NO-SOURCE
> Task :extendsysd:copyDebugJniLibsProjectAndLocalJars UP-TO-DATE
> Task :extendsysd:checkKotlinGradlePluginConfigurationErrors SKIPPED
> Task :cascade:datastream:delivery:createFullJarDebug UP-TO-DATE
> Task :extendsysd:generateDebugBuildConfig UP-TO-DATE
> Task :cascade:datastream:delivery:bundleLibRuntimeToDirDebug UP-TO-DATE
> Task :extendsysd:generateDebugResources UP-TO-DATE
> Task :core:data:checkDebugAarMetadata UP-TO-DATE
> Task :extendsyse:checkDebugAarMetadata UP-TO-DATE
> Task :extendsyse:compileDebugAidl NO-SOURCE
> Task :core:data:compileDebugAidl NO-SOURCE
> Task :extendsyse:mergeDebugJniLibFolders UP-TO-DATE
> Task :extendsysd:packageDebugResources UP-TO-DATE
> Task :core:data:mergeDebugJniLibFolders UP-TO-DATE
> Task :extendsysd:processDebugNavigationResources UP-TO-DATE
> Task :core:domain:checkDebugAarMetadata UP-TO-DATE
> Task :extendsyse:mergeDebugNativeLibs NO-SOURCE
> Task :extendsyse:stripDebugDebugSymbols NO-SOURCE
> Task :core:data:mergeDebugNativeLibs NO-SOURCE
> Task :extendsyse:copyDebugJniLibsProjectAndLocalJars UP-TO-DATE
> Task :extendsyse:checkKotlinGradlePluginConfigurationErrors SKIPPED
> Task :core:data:stripDebugDebugSymbols NO-SOURCE
> Task :core:domain:compileDebugAidl NO-SOURCE
> Task :extendsyse:generateDebugBuildConfig UP-TO-DATE
> Task :extendsysf:checkDebugAarMetadata UP-TO-DATE
> Task :core:common:checkDebugAarMetadata UP-TO-DATE
> Task :core:domain:mergeDebugJniLibFolders UP-TO-DATE
> Task :core:data:copyDebugJniLibsProjectAndLocalJars UP-TO-DATE
> Task :extendsysf:compileDebugAidl NO-SOURCE
> Task :extendsyse:generateDebugResources UP-TO-DATE
> Task :core:domain:mergeDebugNativeLibs NO-SOURCE
> Task :core:common:compileDebugAidl NO-SOURCE
> Task :core:data:checkKotlinGradlePluginConfigurationErrors SKIPPED
> Task :core:domain:stripDebugDebugSymbols NO-SOURCE
> Task :extendsysf:mergeDebugJniLibFolders UP-TO-DATE
> Task :core:data:generateDebugBuildConfig UP-TO-DATE
> Task :core:common:mergeDebugJniLibFolders UP-TO-DATE
> Task :extendsysd:parseDebugLocalResources UP-TO-DATE
> Task :extendsyse:packageDebugResources UP-TO-DATE
> Task :core:data:generateDebugResources UP-TO-DATE
> Task :core:ui:checkDebugAarMetadata UP-TO-DATE
> Task :core:domain:copyDebugJniLibsProjectAndLocalJars UP-TO-DATE
> Task :extendsysf:mergeDebugNativeLibs NO-SOURCE
> Task :core:domain:checkKotlinGradlePluginConfigurationErrors SKIPPED
> Task :extendsyse:processDebugNavigationResources UP-TO-DATE
> Task :extendsysf:stripDebugDebugSymbols NO-SOURCE
> Task :core:common:mergeDebugNativeLibs NO-SOURCE
> Task :core:ui:compileDebugAidl NO-SOURCE
> Task :core:domain:generateDebugBuildConfig UP-TO-DATE
> Task :extendsysf:copyDebugJniLibsProjectAndLocalJars UP-TO-DATE
> Task :extendsysd:generateDebugRFile UP-TO-DATE
> Task :core:data:packageDebugResources UP-TO-DATE
> Task :core-module:extractDebugAnnotations UP-TO-DATE
> Task :core:common:stripDebugDebugSymbols NO-SOURCE
> Task :extendsysf:checkKotlinGradlePluginConfigurationErrors SKIPPED
> Task :extendsysa:extractDebugAnnotations UP-TO-DATE
> Task :extendsysb:extractDebugAnnotations UP-TO-DATE
> Task :extendsysc:extractDebugAnnotations UP-TO-DATE
> Task :core:data:processDebugNavigationResources UP-TO-DATE
> Task :core:domain:generateDebugResources UP-TO-DATE
> Task :core:ui:mergeDebugJniLibFolders UP-TO-DATE
> Task :extendsysf:generateDebugBuildConfig UP-TO-DATE
> Task :core:common:copyDebugJniLibsProjectAndLocalJars UP-TO-DATE
> Task :extendsysc:extractDeepLinksForAarDebug UP-TO-DATE
> Task :extendsysb:extractDeepLinksForAarDebug UP-TO-DATE
> Task :extendsysb:generateDebugAssets UP-TO-DATE
> Task :core-module:extractDeepLinksForAarDebug UP-TO-DATE
> Task :core:common:checkKotlinGradlePluginConfigurationErrors SKIPPED
> Task :extendsysc:generateDebugAssets UP-TO-DATE
> Task :core-module:generateDebugAssets UP-TO-DATE
> Task :extendsysf:generateDebugResources UP-TO-DATE
> Task :genesis:oracledrive:extractDebugAnnotations UP-TO-DATE
> Task :core:ui:mergeDebugNativeLibs NO-SOURCE
> Task :extendsysa:extractDeepLinksForAarDebug UP-TO-DATE
> Task :extendsysb:mergeDebugAssets UP-TO-DATE
> Task :extendsyse:parseDebugLocalResources UP-TO-DATE
> Task :core:common:generateDebugBuildConfig UP-TO-DATE
> Task :core-module:mergeDebugAssets UP-TO-DATE
> Task :core:domain:packageDebugResources UP-TO-DATE
> Task :core:ui:stripDebugDebugSymbols NO-SOURCE
> Task :extendsysc:mergeDebugAssets UP-TO-DATE
> Task :extendsysa:generateDebugAssets UP-TO-DATE
> Task :genesis:oracledrive:extractDeepLinksForAarDebug UP-TO-DATE
> Task :core:ui:copyDebugJniLibsProjectAndLocalJars UP-TO-DATE
> Task :core:domain:processDebugNavigationResources UP-TO-DATE
> Task :extendsysb:javaPreCompileDebug UP-TO-DATE
> Task :extendsysf:packageDebugResources UP-TO-DATE
> Task :extendsysa:mergeDebugAssets UP-TO-DATE
> Task :core:ui:checkKotlinGradlePluginConfigurationErrors SKIPPED
> Task :core-module:javaPreCompileDebug UP-TO-DATE
> Task :core:common:generateDebugResources UP-TO-DATE
> Task :extendsysc:javaPreCompileDebug UP-TO-DATE
> Task :extendsyse:generateDebugRFile UP-TO-DATE
> Task :core:ui:generateDebugBuildConfig UP-TO-DATE
> Task :core:data:parseDebugLocalResources UP-TO-DATE
> Task :extendsysf:processDebugNavigationResources UP-TO-DATE
> Task :extendsysa:javaPreCompileDebug UP-TO-DATE
> Task :core:ui:generateDebugResources UP-TO-DATE
> Task :genesis:oracledrive:mergeDebugGeneratedProguardFiles UP-TO-DATE
> Task :core:data:generateDebugRFile UP-TO-DATE
> Task :core:common:packageDebugResources UP-TO-DATE
> Task :extendsysd:compileDebugKotlin NO-SOURCE
> Task :core:common:processDebugNavigationResources UP-TO-DATE
> Task :core:ui:packageDebugResources UP-TO-DATE
> Task :genesis:oracledrive:mergeDebugConsumerProguardFiles UP-TO-DATE
> Task :core:ui:processDebugNavigationResources UP-TO-DATE
> Task :core:domain:parseDebugLocalResources UP-TO-DATE
> Task :genesis:oracledrive:prepareDebugArtProfile UP-TO-DATE
> Task :core:domain:generateDebugRFile UP-TO-DATE
> Task :genesis:oracledrive:prepareLintJarForPublish UP-TO-DATE
> Task :extendsysf:parseDebugLocalResources UP-TO-DATE
> Task :core:ui:parseDebugLocalResources UP-TO-DATE
> Task :core:data:compileDebugKotlin NO-SOURCE
> Task :extendsyse:compileDebugKotlin NO-SOURCE
> Task :extendsysf:generateDebugRFile UP-TO-DATE
> Task :core:ui:generateDebugRFile UP-TO-DATE
> Task :extendsysb:compileDebugJavaWithJavac UP-TO-DATE
> Task :genesis:oracledrive:mergeDebugJavaResource UP-TO-DATE
> Task :extendsysb:mergeDebugGeneratedProguardFiles UP-TO-DATE
> Task :core-module:compileDebugJavaWithJavac UP-TO-DATE
> Task :extendsysb:mergeDebugConsumerProguardFiles UP-TO-DATE
> Task :extendsysb:prepareDebugArtProfile UP-TO-DATE
> Task :core-module:mergeDebugGeneratedProguardFiles UP-TO-DATE
> Task :cascade:datastream:taskmanager:transformDebugClassesWithAsm UP-TO-DATE
> Task :extendsysf:compileDebugKotlin NO-SOURCE
> Task :extendsysb:prepareLintJarForPublish UP-TO-DATE
> Task :core-module:mergeDebugConsumerProguardFiles UP-TO-DATE
> Task :core:domain:compileDebugKotlin NO-SOURCE
> Task :cascade:datastream:taskmanager:bundleLibCompileToJarDebug UP-TO-DATE
> Task :extendsysa:compileDebugJavaWithJavac UP-TO-DATE
> Task :genesis:oracledrive:syncDebugLibJars UP-TO-DATE
> Task :core-module:prepareDebugArtProfile UP-TO-DATE
> Task :agents:growthmetrics:tasker:compileDebugJavaWithJavac NO-SOURCE
> Task :cascade:datastream:taskmanager:bundleLibRuntimeToJarDebug UP-TO-DATE
> Task :extendsysa:mergeDebugGeneratedProguardFiles UP-TO-DATE
> Task :core-module:prepareLintJarForPublish UP-TO-DATE
> Task :extendsysb:processDebugManifest UP-TO-DATE
> Task :agents:growthmetrics:tasker:bundleLibCompileToJarDebug UP-TO-DATE
> Task :extendsysa:mergeDebugConsumerProguardFiles UP-TO-DATE
> Task :extendsysa:prepareDebugArtProfile UP-TO-DATE
> Task :agents:growthmetrics:tasker:bundleLibRuntimeToJarDebug UP-TO-DATE
> Task :core-module:processDebugManifest UP-TO-DATE
> Task :extendsysb:processDebugJavaRes NO-SOURCE
> Task :agents:growthmetrics:tasker:createFullJarDebug UP-TO-DATE
> Task :cascade:datastream:taskmanager:processDebugJavaRes NO-SOURCE
> Task :extendsysa:prepareLintJarForPublish UP-TO-DATE
> Task :agents:growthmetrics:tasker:bundleLibRuntimeToDirDebug UP-TO-DATE
> Task :core-module:processDebugJavaRes UP-TO-DATE
> Task :cascade:datastream:taskmanager:createFullJarDebug UP-TO-DATE
> Task :extendsysa:processDebugManifest UP-TO-DATE
> Task :core:common:parseDebugLocalResources UP-TO-DATE
> Task :extendsysb:mergeDebugJavaResource UP-TO-DATE
> Task :extendsysa:processDebugJavaRes NO-SOURCE
> Task :core-module:mergeDebugJavaResource UP-TO-DATE
> Task :cascade:datastream:taskmanager:bundleLibRuntimeToDirDebug UP-TO-DATE
> Task :extendsysb:syncDebugLibJars UP-TO-DATE
> Task :core:common:generateDebugRFile UP-TO-DATE
> Task :extendsysb:writeDebugAarMetadata UP-TO-DATE
> Task :extendsysa:mergeDebugJavaResource UP-TO-DATE
> Task :genesis:oracledrive:bundleDebugAar UP-TO-DATE
> Task :genesis:oracledrive:assembleDebug UP-TO-DATE
> Task :core-module:syncDebugLibJars UP-TO-DATE
> Task :extendsysa:syncDebugLibJars UP-TO-DATE
> Task :core-module:writeDebugAarMetadata UP-TO-DATE
> Task :extendsysa:writeDebugAarMetadata UP-TO-DATE
> Task :extendsysb:bundleDebugAar UP-TO-DATE
> Task :extendsysb:assembleDebug UP-TO-DATE
> Task :extendsysc:compileDebugJavaWithJavac UP-TO-DATE
> Task :core-module:bundleDebugAar UP-TO-DATE
> Task :core-module:assembleDebug UP-TO-DATE
> Task :core:common:compileDebugKotlin NO-SOURCE
> Task :extendsysc:mergeDebugGeneratedProguardFiles UP-TO-DATE
> Task :extendsysa:bundleDebugAar UP-TO-DATE
> Task :extendsysa:assembleDebug UP-TO-DATE
> Task :extendsysc:mergeDebugConsumerProguardFiles UP-TO-DATE
> Task :extendsysc:prepareDebugArtProfile UP-TO-DATE
> Task :extendsysc:prepareLintJarForPublish UP-TO-DATE
> Task :extendsysc:processDebugManifest UP-TO-DATE
> Task :extendsysc:processDebugJavaRes NO-SOURCE
> Task :extendsysc:mergeDebugJavaResource UP-TO-DATE
> Task :extendsysc:syncDebugLibJars UP-TO-DATE
> Task :extendsysc:writeDebugAarMetadata UP-TO-DATE
> Task :agents:growthmetrics:nexusmemory:checkDebugAarMetadata UP-TO-DATE
> Task :agents:growthmetrics:nexusmemory:stripDebugDebugSymbols NO-SOURCE
> Task :agents:growthmetrics:nexusmemory:copyDebugJniLibsProjectAndLocalJars UP-TO-DATE
> Task :extendsysc:bundleDebugAar UP-TO-DATE
> Task :extendsysc:assembleDebug UP-TO-DATE
> Task :extendsysd:extractDebugAnnotations UP-TO-DATE
> Task :extendsysd:extractDeepLinksForAarDebug UP-TO-DATE
> Task :extendsysd:generateDebugAssets UP-TO-DATE
> Task :extendsysd:mergeDebugAssets UP-TO-DATE
> Task :extendsysd:javaPreCompileDebug UP-TO-DATE
> Task :agents:growthmetrics:identity:checkDebugAarMetadata UP-TO-DATE
> Task :agents:growthmetrics:identity:stripDebugDebugSymbols NO-SOURCE
> Task :agents:growthmetrics:identity:copyDebugJniLibsProjectAndLocalJars UP-TO-DATE
> Task :core:domain:extractDebugAnnotations UP-TO-DATE
> Task :core:domain:extractDeepLinksForAarDebug UP-TO-DATE
> Task :core:domain:generateDebugAssets UP-TO-DATE
> Task :core:domain:mergeDebugAssets UP-TO-DATE
> Task :core:domain:javaPreCompileDebug UP-TO-DATE
> Task :extendsysd:compileDebugJavaWithJavac UP-TO-DATE
> Task :extendsysd:mergeDebugGeneratedProguardFiles UP-TO-DATE
> Task :core:data:extractDebugAnnotations UP-TO-DATE
> Task :extendsysd:mergeDebugConsumerProguardFiles UP-TO-DATE
> Task :extendsysd:prepareDebugArtProfile UP-TO-DATE
> Task :core:data:extractDeepLinksForAarDebug UP-TO-DATE
> Task :core:data:generateDebugAssets UP-TO-DATE
> Task :extendsysd:prepareLintJarForPublish UP-TO-DATE
> Task :aura:reactivedesign:auraslab:checkDebugAarMetadata UP-TO-DATE
> Task :aura:reactivedesign:auraslab:stripDebugDebugSymbols NO-SOURCE
> Task :core:data:mergeDebugAssets UP-TO-DATE
> Task :extendsysd:processDebugManifest UP-TO-DATE
> Task :agents:growthmetrics:nexusmemory:extractDebugAnnotations UP-TO-DATE
> Task :aura:reactivedesign:auraslab:copyDebugJniLibsProjectAndLocalJars UP-TO-DATE
> Task :extendsysf:extractDebugAnnotations UP-TO-DATE
> Task :core:data:javaPreCompileDebug UP-TO-DATE
> Task :extendsyse:extractDebugAnnotations UP-TO-DATE
> Task :core:common:extractDebugAnnotations UP-TO-DATE
> Task :agents:growthmetrics:nexusmemory:extractDeepLinksForAarDebug UP-TO-DATE
> Task :extendsysf:extractDeepLinksForAarDebug UP-TO-DATE
> Task :extendsysf:generateDebugAssets UP-TO-DATE
> Task :core:common:extractDeepLinksForAarDebug UP-TO-DATE
> Task :core:common:generateDebugAssets UP-TO-DATE
> Task :extendsyse:extractDeepLinksForAarDebug UP-TO-DATE
> Task :extendsysf:mergeDebugAssets UP-TO-DATE
> Task :extendsyse:generateDebugAssets UP-TO-DATE
> Task :core:domain:compileDebugJavaWithJavac UP-TO-DATE
> Task :extendsysd:processDebugJavaRes NO-SOURCE
> Task :extendsysf:javaPreCompileDebug UP-TO-DATE
> Task :core:common:mergeDebugAssets UP-TO-DATE
> Task :agents:growthmetrics:nexusmemory:mergeDebugGeneratedProguardFiles UP-TO-DATE
> Task :core:domain:mergeDebugGeneratedProguardFiles UP-TO-DATE
> Task :extendsysd:mergeDebugJavaResource UP-TO-DATE
> Task :agents:growthmetrics:spheregrid:checkDebugAarMetadata UP-TO-DATE
> Task :agents:growthmetrics:nexusmemory:mergeDebugConsumerProguardFiles UP-TO-DATE
> Task :extendsyse:mergeDebugAssets UP-TO-DATE
> Task :core:common:javaPreCompileDebug UP-TO-DATE
> Task :core:domain:mergeDebugConsumerProguardFiles UP-TO-DATE
> Task :agents:growthmetrics:nexusmemory:prepareDebugArtProfile UP-TO-DATE
> Task :agents:growthmetrics:spheregrid:stripDebugDebugSymbols NO-SOURCE
> Task :extendsysd:syncDebugLibJars UP-TO-DATE
> Task :core:domain:prepareDebugArtProfile UP-TO-DATE
> Task :extendsyse:javaPreCompileDebug UP-TO-DATE
> Task :agents:growthmetrics:nexusmemory:prepareLintJarForPublish UP-TO-DATE
> Task :agents:growthmetrics:spheregrid:copyDebugJniLibsProjectAndLocalJars UP-TO-DATE
> Task :core:domain:prepareLintJarForPublish UP-TO-DATE
> Task :extendsysd:writeDebugAarMetadata UP-TO-DATE
> Task :agents:growthmetrics:nexusmemory:mergeDebugJavaResource UP-TO-DATE
> Task :core:domain:processDebugManifest UP-TO-DATE
> Task :agents:growthmetrics:tasker:checkDebugAarMetadata UP-TO-DATE
> Task :agents:growthmetrics:nexusmemory:syncDebugLibJars UP-TO-DATE
> Task :agents:growthmetrics:tasker:stripDebugDebugSymbols NO-SOURCE
> Task :core:domain:processDebugJavaRes NO-SOURCE
> Task :core:data:compileDebugJavaWithJavac UP-TO-DATE
> Task :agents:growthmetrics:progression:checkDebugAarMetadata UP-TO-DATE
> Task :extendsysd:bundleDebugAar UP-TO-DATE
> Task :extendsysd:assembleDebug UP-TO-DATE
> Task :agents:growthmetrics:tasker:copyDebugJniLibsProjectAndLocalJars UP-TO-DATE
> Task :extendsysf:compileDebugJavaWithJavac UP-TO-DATE
> Task :core:domain:mergeDebugJavaResource UP-TO-DATE
> Task :agents:growthmetrics:nexusmemory:bundleDebugAar UP-TO-DATE
> Task :core:data:mergeDebugGeneratedProguardFiles UP-TO-DATE
> Task :agents:growthmetrics:nexusmemory:assembleDebug UP-TO-DATE
> Task :extendsysf:mergeDebugGeneratedProguardFiles UP-TO-DATE
> Task :core:data:mergeDebugConsumerProguardFiles UP-TO-DATE
> Task :agents:growthmetrics:progression:stripDebugDebugSymbols NO-SOURCE
> Task :core:domain:syncDebugLibJars UP-TO-DATE
> Task :extendsysf:mergeDebugConsumerProguardFiles UP-TO-DATE
> Task :agents:growthmetrics:progression:copyDebugJniLibsProjectAndLocalJars UP-TO-DATE
> Task :core:data:prepareDebugArtProfile UP-TO-DATE
> Task :extendsysf:prepareDebugArtProfile UP-TO-DATE
> Task :core:domain:writeDebugAarMetadata UP-TO-DATE
> Task :core:data:prepareLintJarForPublish UP-TO-DATE
> Task :extendsysf:prepareLintJarForPublish UP-TO-DATE
> Task :extendsysf:processDebugManifest UP-TO-DATE
> Task :core:data:processDebugManifest UP-TO-DATE
> Task :extendsysf:processDebugJavaRes NO-SOURCE
> Task :core:data:processDebugJavaRes NO-SOURCE
> Task :extendsysf:mergeDebugJavaResource UP-TO-DATE
> Task :core:common:compileDebugJavaWithJavac UP-TO-DATE
> Task :extendsysf:syncDebugLibJars UP-TO-DATE
> Task :core:common:mergeDebugGeneratedProguardFiles UP-TO-DATE
> Task :aura:reactivedesign:chromacore:checkDebugAarMetadata UP-TO-DATE
> Task :extendsysf:writeDebugAarMetadata UP-TO-DATE
> Task :core:data:mergeDebugJavaResource UP-TO-DATE
> Task :aura:reactivedesign:chromacore:stripDebugDebugSymbols NO-SOURCE
> Task :core:common:mergeDebugConsumerProguardFiles UP-TO-DATE
> Task :core:domain:bundleDebugAar UP-TO-DATE
> Task :core:domain:assembleDebug UP-TO-DATE
> Task :aura:reactivedesign:chromacore:copyDebugJniLibsProjectAndLocalJars UP-TO-DATE
> Task :core:data:syncDebugLibJars UP-TO-DATE
> Task :core:common:prepareDebugArtProfile UP-TO-DATE
> Task :core:data:writeDebugAarMetadata UP-TO-DATE
> Task :extendsysf:bundleDebugAar UP-TO-DATE
> Task :extendsysf:assembleDebug UP-TO-DATE
> Task :core:common:prepareLintJarForPublish UP-TO-DATE
> Task :agents:growthmetrics:metareflection:checkDebugAarMetadata UP-TO-DATE
> Task :agents:growthmetrics:metareflection:stripDebugDebugSymbols NO-SOURCE
> Task :core:common:processDebugManifest UP-TO-DATE
> Task :core:data:bundleDebugAar UP-TO-DATE
> Task :core:data:assembleDebug UP-TO-DATE
> Task :aura:reactivedesign:collabcanvas:checkDebugAarMetadata UP-TO-DATE
> Task :core:common:processDebugJavaRes NO-SOURCE
> Task :agents:growthmetrics:metareflection:copyDebugJniLibsProjectAndLocalJars UP-TO-DATE
> Task :aura:reactivedesign:collabcanvas:stripDebugDebugSymbols NO-SOURCE
> Task :extendsyse:compileDebugJavaWithJavac UP-TO-DATE
> Task :core:common:mergeDebugJavaResource UP-TO-DATE
> Task :aura:reactivedesign:collabcanvas:copyDebugJniLibsProjectAndLocalJars UP-TO-DATE
> Task :extendsyse:mergeDebugGeneratedProguardFiles UP-TO-DATE
> Task :core:common:syncDebugLibJars UP-TO-DATE
> Task :extendsyse:mergeDebugConsumerProguardFiles UP-TO-DATE
> Task :core:common:writeDebugAarMetadata UP-TO-DATE
> Task :extendsyse:prepareDebugArtProfile UP-TO-DATE
> Task :extendsyse:prepareLintJarForPublish UP-TO-DATE
> Task :core:common:bundleDebugAar UP-TO-DATE
> Task :extendsyse:processDebugManifest UP-TO-DATE
> Task :cascade:datastream:routing:checkDebugAarMetadata UP-TO-DATE
> Task :core:ui:kspDebugKotlin UP-TO-DATE
> Task :cascade:datastream:delivery:checkDebugAarMetadata UP-TO-DATE
> Task :core:common:assembleDebug UP-TO-DATE
> Task :aura:reactivedesign:auraslab:extractDebugAnnotations UP-TO-DATE
> Task :cascade:datastream:delivery:stripDebugDebugSymbols NO-SOURCE
> Task :aura:reactivedesign:chromacore:extractDebugAnnotations UP-TO-DATE
> Task :cascade:datastream:routing:stripDebugDebugSymbols NO-SOURCE
> Task :extendsyse:processDebugJavaRes NO-SOURCE
> Task :cascade:datastream:delivery:copyDebugJniLibsProjectAndLocalJars UP-TO-DATE
> Task :aura:reactivedesign:auraslab:extractDeepLinksForAarDebug UP-TO-DATE
> Task :cascade:datastream:routing:copyDebugJniLibsProjectAndLocalJars UP-TO-DATE
> Task :aura:reactivedesign:chromacore:extractDeepLinksForAarDebug UP-TO-DATE
> Task :extendsyse:mergeDebugJavaResource UP-TO-DATE
> Task :aura:reactivedesign:auraslab:mergeDebugGeneratedProguardFiles UP-TO-DATE
> Task :aura:reactivedesign:chromacore:mergeDebugGeneratedProguardFiles UP-TO-DATE
> Task :aura:reactivedesign:auraslab:mergeDebugConsumerProguardFiles UP-TO-DATE
> Task :extendsyse:syncDebugLibJars UP-TO-DATE
> Task :aura:reactivedesign:chromacore:mergeDebugConsumerProguardFiles UP-TO-DATE
> Task :aura:reactivedesign:auraslab:prepareDebugArtProfile UP-TO-DATE
> Task :extendsyse:writeDebugAarMetadata UP-TO-DATE
> Task :aura:reactivedesign:chromacore:prepareDebugArtProfile UP-TO-DATE
> Task :aura:reactivedesign:auraslab:prepareLintJarForPublish UP-TO-DATE
> Task :aura:reactivedesign:chromacore:prepareLintJarForPublish UP-TO-DATE
> Task :core:ui:compileDebugKotlin NO-SOURCE
> Task :aura:reactivedesign:auraslab:mergeDebugJavaResource UP-TO-DATE
> Task :aura:reactivedesign:chromacore:mergeDebugJavaResource UP-TO-DATE
> Task :aura:reactivedesign:chromacore:syncDebugLibJars UP-TO-DATE
> Task :aura:reactivedesign:collabcanvas:extractDebugAnnotations UP-TO-DATE
> Task :extendsyse:bundleDebugAar UP-TO-DATE
> Task :aura:reactivedesign:auraslab:syncDebugLibJars UP-TO-DATE
> Task :extendsyse:assembleDebug UP-TO-DATE
> Task :aura:reactivedesign:collabcanvas:extractDeepLinksForAarDebug UP-TO-DATE
> Task :aura:reactivedesign:chromacore:bundleDebugAar UP-TO-DATE
> Task :aura:reactivedesign:chromacore:assembleDebug UP-TO-DATE
> Task :genesis:oracledrive:datavein:checkDebugAarMetadata UP-TO-DATE
> Task :aura:reactivedesign:collabcanvas:mergeDebugGeneratedProguardFiles UP-TO-DATE
> Task :aura:reactivedesign:auraslab:bundleDebugAar UP-TO-DATE
> Task :aura:reactivedesign:auraslab:assembleDebug UP-TO-DATE
> Task :aura:reactivedesign:collabcanvas:mergeDebugConsumerProguardFiles UP-TO-DATE
> Task :genesis:oracledrive:datavein:stripDebugDebugSymbols NO-SOURCE
> Task :aura:reactivedesign:collabcanvas:prepareDebugArtProfile UP-TO-DATE
> Task :genesis:oracledrive:datavein:copyDebugJniLibsProjectAndLocalJars UP-TO-DATE
> Task :aura:reactivedesign:collabcanvas:prepareLintJarForPublish UP-TO-DATE
> Task :aura:reactivedesign:collabcanvas:mergeDebugJavaResource UP-TO-DATE
> Task :cascade:datastream:taskmanager:checkDebugAarMetadata UP-TO-DATE
> Task :agents:growthmetrics:tasker:extractDebugAnnotations UP-TO-DATE
> Task :cascade:datastream:taskmanager:stripDebugDebugSymbols NO-SOURCE
> Task :aura:reactivedesign:collabcanvas:syncDebugLibJars UP-TO-DATE
> Task :cascade:datastream:taskmanager:copyDebugJniLibsProjectAndLocalJars UP-TO-DATE
> Task :agents:growthmetrics:tasker:extractDeepLinksForAarDebug UP-TO-DATE
> Task :agents:growthmetrics:tasker:mergeDebugGeneratedProguardFiles UP-TO-DATE
> Task :agents:growthmetrics:spheregrid:extractDebugAnnotations UP-TO-DATE
> Task :agents:growthmetrics:tasker:mergeDebugConsumerProguardFiles UP-TO-DATE
> Task :agents:growthmetrics:spheregrid:extractDeepLinksForAarDebug UP-TO-DATE
> Task :agents:growthmetrics:tasker:prepareDebugArtProfile UP-TO-DATE
> Task :kai:sentinelsfortress:systemintegrity:checkDebugAarMetadata UP-TO-DATE
> Task :agents:growthmetrics:spheregrid:mergeDebugGeneratedProguardFiles UP-TO-DATE
> Task :kai:sentinelsfortress:systemintegrity:stripDebugDebugSymbols NO-SOURCE
> Task :agents:growthmetrics:tasker:prepareLintJarForPublish UP-TO-DATE
> Task :kai:sentinelsfortress:systemintegrity:copyDebugJniLibsProjectAndLocalJars UP-TO-DATE
> Task :agents:growthmetrics:spheregrid:mergeDebugConsumerProguardFiles UP-TO-DATE
> Task :core:ui:extractDebugAnnotations UP-TO-DATE
> Task :aura:reactivedesign:collabcanvas:bundleDebugAar UP-TO-DATE
> Task :agents:growthmetrics:tasker:mergeDebugJavaResource UP-TO-DATE
> Task :aura:reactivedesign:collabcanvas:assembleDebug UP-TO-DATE
> Task :core:ui:extractDeepLinksForAarDebug UP-TO-DATE
> Task :core:ui:generateDebugAssets UP-TO-DATE
> Task :aura:reactivedesign:customization:checkDebugAarMetadata UP-TO-DATE
> Task :agents:growthmetrics:spheregrid:prepareDebugArtProfile UP-TO-DATE
> Task :core:ui:mergeDebugAssets UP-TO-DATE
> Task :agents:growthmetrics:tasker:syncDebugLibJars UP-TO-DATE
> Task :aura:reactivedesign:customization:stripDebugDebugSymbols NO-SOURCE
> Task :agents:growthmetrics:spheregrid:prepareLintJarForPublish UP-TO-DATE
> Task :agents:growthmetrics:spheregrid:mergeDebugJavaResource UP-TO-DATE
> Task :agents:growthmetrics:tasker:bundleDebugAar UP-TO-DATE
> Task :agents:growthmetrics:tasker:assembleDebug UP-TO-DATE
> Task :agents:growthmetrics:spheregrid:syncDebugLibJars UP-TO-DATE
> Task :aura:reactivedesign:customization:copyDebugJniLibsProjectAndLocalJars UP-TO-DATE
> Task :core:ui:javaPreCompileDebug UP-TO-DATE
> Task :cascade:datastream:delivery:extractDebugAnnotations UP-TO-DATE
> Task :agents:growthmetrics:spheregrid:bundleDebugAar UP-TO-DATE
> Task :agents:growthmetrics:spheregrid:assembleDebug UP-TO-DATE
> Task :agents:growthmetrics:metareflection:extractDebugAnnotations UP-TO-DATE
> Task :cascade:datastream:delivery:extractDeepLinksForAarDebug UP-TO-DATE
> Task :agents:growthmetrics:identity:extractDebugAnnotations UP-TO-DATE
> Task :agents:growthmetrics:metareflection:extractDeepLinksForAarDebug UP-TO-DATE
> Task :cascade:datastream:delivery:mergeDebugGeneratedProguardFiles UP-TO-DATE
> Task :agents:growthmetrics:identity:extractDeepLinksForAarDebug UP-TO-DATE
> Task :cascade:datastream:delivery:mergeDebugConsumerProguardFiles UP-TO-DATE
> Task :cascade:datastream:taskmanager:extractDebugAnnotations UP-TO-DATE
> Task :agents:growthmetrics:metareflection:mergeDebugGeneratedProguardFiles UP-TO-DATE
> Task :agents:growthmetrics:progression:extractDebugAnnotations UP-TO-DATE
> Task :kai:sentinelsfortress:security:checkDebugAarMetadata UP-TO-DATE
> Task :cascade:datastream:delivery:prepareDebugArtProfile UP-TO-DATE
> Task :kai:sentinelsfortress:security:stripDebugDebugSymbols NO-SOURCE
> Task :cascade:datastream:routing:extractDebugAnnotations UP-TO-DATE
> Task :cascade:datastream:taskmanager:extractDeepLinksForAarDebug UP-TO-DATE
> Task :agents:growthmetrics:identity:mergeDebugGeneratedProguardFiles UP-TO-DATE
> Task :agents:growthmetrics:metareflection:mergeDebugConsumerProguardFiles UP-TO-DATE
> Task :agents:growthmetrics:progression:extractDeepLinksForAarDebug UP-TO-DATE
> Task :cascade:datastream:routing:extractDeepLinksForAarDebug UP-TO-DATE
> Task :cascade:datastream:delivery:prepareLintJarForPublish UP-TO-DATE
> Task :agents:growthmetrics:identity:mergeDebugConsumerProguardFiles UP-TO-DATE
> Task :agents:growthmetrics:metareflection:prepareDebugArtProfile UP-TO-DATE
> Task :kai:sentinelsfortress:security:copyDebugJniLibsProjectAndLocalJars UP-TO-DATE
> Task :agents:growthmetrics:identity:prepareDebugArtProfile UP-TO-DATE
> Task :cascade:datastream:routing:mergeDebugGeneratedProguardFiles UP-TO-DATE
> Task :agents:growthmetrics:progression:mergeDebugGeneratedProguardFiles UP-TO-DATE
> Task :cascade:datastream:taskmanager:mergeDebugGeneratedProguardFiles UP-TO-DATE
> Task :cascade:datastream:routing:mergeDebugConsumerProguardFiles UP-TO-DATE
> Task :cascade:datastream:delivery:mergeDebugJavaResource UP-TO-DATE
> Task :agents:growthmetrics:progression:mergeDebugConsumerProguardFiles UP-TO-DATE
> Task :kai:sentinelsfortress:systemintegrity:extractDebugAnnotations UP-TO-DATE
> Task :core:ui:compileDebugJavaWithJavac UP-TO-DATE
> Task :agents:growthmetrics:identity:prepareLintJarForPublish UP-TO-DATE
> Task :genesis:oracledrive:datavein:extractDebugAnnotations UP-TO-DATE
> Task :kai:sentinelsfortress:systemintegrity:extractDeepLinksForAarDebug UP-TO-DATE
> Task :cascade:datastream:taskmanager:mergeDebugConsumerProguardFiles UP-TO-DATE
> Task :agents:growthmetrics:progression:prepareDebugArtProfile UP-TO-DATE
> Task :agents:growthmetrics:metareflection:prepareLintJarForPublish UP-TO-DATE
> Task :cascade:datastream:routing:prepareDebugArtProfile UP-TO-DATE
> Task :agents:growthmetrics:progression:prepareLintJarForPublish UP-TO-DATE
> Task :cascade:datastream:taskmanager:prepareDebugArtProfile UP-TO-DATE
> Task :cascade:datastream:routing:prepareLintJarForPublish UP-TO-DATE
> Task :genesis:oracledrive:datavein:extractDeepLinksForAarDebug UP-TO-DATE
> Task :kai:sentinelsfortress:systemintegrity:mergeDebugGeneratedProguardFiles UP-TO-DATE
> Task :cascade:datastream:taskmanager:prepareLintJarForPublish UP-TO-DATE
> Task :agents:growthmetrics:identity:mergeDebugJavaResource UP-TO-DATE
> Task :agents:growthmetrics:metareflection:mergeDebugJavaResource UP-TO-DATE
> Task :core:ui:mergeDebugGeneratedProguardFiles UP-TO-DATE
> Task :cascade:datastream:delivery:syncDebugLibJars UP-TO-DATE
> Task :cascade:datastream:routing:mergeDebugJavaResource UP-TO-DATE
> Task :agents:growthmetrics:identity:syncDebugLibJars UP-TO-DATE
> Task :agents:growthmetrics:progression:mergeDebugJavaResource UP-TO-DATE
> Task :core:ui:mergeDebugConsumerProguardFiles UP-TO-DATE
> Task :agents:growthmetrics:metareflection:syncDebugLibJars UP-TO-DATE
> Task :kai:sentinelsfortress:systemintegrity:mergeDebugConsumerProguardFiles UP-TO-DATE
> Task :genesis:oracledrive:datavein:mergeDebugGeneratedProguardFiles UP-TO-DATE
> Task :genesis:oracledrive:rootmanagement:checkDebugAarMetadata UP-TO-DATE
> Task :cascade:datastream:taskmanager:mergeDebugJavaResource UP-TO-DATE
> Task :kai:sentinelsfortress:systemintegrity:prepareDebugArtProfile UP-TO-DATE
> Task :core:ui:prepareDebugArtProfile UP-TO-DATE
> Task :genesis:oracledrive:datavein:mergeDebugConsumerProguardFiles UP-TO-DATE
> Task :cascade:datastream:routing:syncDebugLibJars UP-TO-DATE
> Task :agents:growthmetrics:progression:syncDebugLibJars UP-TO-DATE
> Task :agents:growthmetrics:metareflection:bundleDebugAar UP-TO-DATE
> Task :genesis:oracledrive:rootmanagement:stripDebugDebugSymbols NO-SOURCE
> Task :cascade:datastream:taskmanager:syncDebugLibJars UP-TO-DATE
> Task :cascade:datastream:delivery:bundleDebugAar UP-TO-DATE
> Task :kai:sentinelsfortress:systemintegrity:prepareLintJarForPublish UP-TO-DATE
> Task :agents:growthmetrics:identity:bundleDebugAar UP-TO-DATE
> Task :core:ui:prepareLintJarForPublish UP-TO-DATE
> Task :genesis:oracledrive:datavein:prepareDebugArtProfile UP-TO-DATE
> Task :agents:growthmetrics:metareflection:assembleDebug UP-TO-DATE
> Task :cascade:datastream:delivery:assembleDebug UP-TO-DATE
> Task :agents:growthmetrics:identity:assembleDebug UP-TO-DATE
> Task :genesis:oracledrive:rootmanagement:copyDebugJniLibsProjectAndLocalJars UP-TO-DATE
> Task :kai:sentinelsfortress:systemintegrity:mergeDebugJavaResource UP-TO-DATE
> Task :agents:growthmetrics:progression:bundleDebugAar UP-TO-DATE
> Task :genesis:oracledrive:datavein:prepareLintJarForPublish UP-TO-DATE
> Task :cascade:datastream:routing:bundleDebugAar UP-TO-DATE
> Task :agents:growthmetrics:progression:assembleDebug UP-TO-DATE
> Task :core:ui:processDebugManifest UP-TO-DATE
> Task :cascade:datastream:routing:assembleDebug UP-TO-DATE
> Task :genesis:oracledrive:datavein:mergeDebugJavaResource UP-TO-DATE
> Task :kai:sentinelsfortress:systemintegrity:syncDebugLibJars UP-TO-DATE
> Task :cascade:datastream:taskmanager:bundleDebugAar UP-TO-DATE
> Task :cascade:datastream:taskmanager:assembleDebug UP-TO-DATE
> Task :core:ui:processDebugJavaRes NO-SOURCE
> Task :genesis:oracledrive:datavein:syncDebugLibJars UP-TO-DATE
> Task :core:ui:mergeDebugJavaResource UP-TO-DATE
> Task :kai:sentinelsfortress:systemintegrity:bundleDebugAar UP-TO-DATE
> Task :kai:sentinelsfortress:systemintegrity:assembleDebug UP-TO-DATE
> Task :core:ui:syncDebugLibJars UP-TO-DATE
> Task :genesis:oracledrive:datavein:bundleDebugAar UP-TO-DATE
> Task :core:ui:writeDebugAarMetadata UP-TO-DATE
> Task :genesis:oracledrive:datavein:assembleDebug UP-TO-DATE
> Task :kai:sentinelsfortress:security:extractDebugAnnotations UP-TO-DATE
> Task :core:ui:bundleDebugAar UP-TO-DATE
> Task :kai:sentinelsfortress:security:extractDeepLinksForAarDebug UP-TO-DATE
> Task :core:ui:assembleDebug UP-TO-DATE
> Task :kai:sentinelsfortress:security:mergeDebugGeneratedProguardFiles UP-TO-DATE
> Task :kai:sentinelsfortress:security:mergeDebugConsumerProguardFiles UP-TO-DATE
> Task :kai:sentinelsfortress:security:prepareDebugArtProfile UP-TO-DATE
> Task :aura:reactivedesign:customization:extractDebugAnnotations UP-TO-DATE
> Task :aura:reactivedesign:customization:extractDeepLinksForAarDebug UP-TO-DATE
> Task :kai:sentinelsfortress:security:prepareLintJarForPublish UP-TO-DATE
> Task :aura:reactivedesign:customization:mergeDebugGeneratedProguardFiles UP-TO-DATE
> Task :kai:sentinelsfortress:security:mergeDebugJavaResource UP-TO-DATE
> Task :aura:reactivedesign:customization:mergeDebugConsumerProguardFiles UP-TO-DATE
> Task :aura:reactivedesign:customization:prepareDebugArtProfile UP-TO-DATE
> Task :kai:sentinelsfortress:security:syncDebugLibJars UP-TO-DATE
> Task :aura:reactivedesign:customization:prepareLintJarForPublish UP-TO-DATE
> Task :aura:reactivedesign:customization:mergeDebugJavaResource UP-TO-DATE
> Task :kai:sentinelsfortress:security:bundleDebugAar UP-TO-DATE
> Task :genesis:oracledrive:rootmanagement:extractDebugAnnotations UP-TO-DATE
> Task :aura:reactivedesign:customization:syncDebugLibJars UP-TO-DATE
> Task :kai:sentinelsfortress:security:assembleDebug UP-TO-DATE
> Task :genesis:oracledrive:rootmanagement:extractDeepLinksForAarDebug UP-TO-DATE
> Task :genesis:oracledrive:rootmanagement:mergeDebugGeneratedProguardFiles UP-TO-DATE
> Task :aura:reactivedesign:customization:bundleDebugAar UP-TO-DATE
> Task :kai:sentinelsfortress:threatmonitor:checkDebugAarMetadata UP-TO-DATE
> Task :aura:reactivedesign:customization:assembleDebug UP-TO-DATE
> Task :genesis:oracledrive:rootmanagement:mergeDebugConsumerProguardFiles UP-TO-DATE
> Task :kai:sentinelsfortress:threatmonitor:stripDebugDebugSymbols NO-SOURCE
> Task :genesis:oracledrive:rootmanagement:prepareDebugArtProfile UP-TO-DATE
> Task :kai:sentinelsfortress:threatmonitor:copyDebugJniLibsProjectAndLocalJars UP-TO-DATE
> Task :genesis:oracledrive:rootmanagement:prepareLintJarForPublish UP-TO-DATE
> Task :genesis:oracledrive:rootmanagement:mergeDebugJavaResource UP-TO-DATE
> Task :genesis:oracledrive:rootmanagement:syncDebugLibJars UP-TO-DATE
> Task :genesis:oracledrive:rootmanagement:bundleDebugAar UP-TO-DATE
> Task :genesis:oracledrive:rootmanagement:assembleDebug UP-TO-DATE
> Task :kai:sentinelsfortress:threatmonitor:extractDebugAnnotations UP-TO-DATE
> Task :kai:sentinelsfortress:threatmonitor:extractDeepLinksForAarDebug UP-TO-DATE
> Task :kai:sentinelsfortress:threatmonitor:mergeDebugGeneratedProguardFiles UP-TO-DATE
> Task :kai:sentinelsfortress:threatmonitor:mergeDebugConsumerProguardFiles UP-TO-DATE
> Task :kai:sentinelsfortress:threatmonitor:prepareDebugArtProfile UP-TO-DATE
> Task :kai:sentinelsfortress:threatmonitor:prepareLintJarForPublish UP-TO-DATE
> Task :kai:sentinelsfortress:threatmonitor:mergeDebugJavaResource UP-TO-DATE
> Task :kai:sentinelsfortress:threatmonitor:syncDebugLibJars UP-TO-DATE
> Task :kai:sentinelsfortress:threatmonitor:bundleDebugAar UP-TO-DATE
> Task :kai:sentinelsfortress:threatmonitor:assembleDebug UP-TO-DATE
> Task :app:dataBindingMergeDependencyArtifactsDebug UP-TO-DATE
> Task :app:generateDebugResources UP-TO-DATE
> Task :app:injectCrashlyticsMappingFileIdDebug UP-TO-DATE
> Task :app:injectCrashlyticsVersionControlInfoDebug UP-TO-DATE
> Task :app:processDebugGoogleServices UP-TO-DATE
> Task :app:mergeDebugResources UP-TO-DATE
> Task :app:packageDebugResources UP-TO-DATE
> Task :app:processDebugNavigationResources UP-TO-DATE
> Task :app:parseDebugLocalResources UP-TO-DATE
> Task :app:dataBindingGenBaseClassesDebug UP-TO-DATE
> Task :app:generateDebugBuildConfig UP-TO-DATE
> Task :app:generateDebugRFile UP-TO-DATE
> Task :app:kspDebugKotlin UP-TO-DATE
> Task :app:javaPreCompileDebug UP-TO-DATE
> Task :app:generateDebugAssets UP-TO-DATE
> Task :app:mergeDebugAssets UP-TO-DATE
> Task :app:compressDebugAssets UP-TO-DATE
> Task :app:l8DexDesugarLibDebug UP-TO-DATE
> Task :app:desugarDebugFileDependencies UP-TO-DATE
> Task :app:checkDebugAarMetadata UP-TO-DATE
> Task :app:compileDebugNavigationResources UP-TO-DATE
> Task :app:mapDebugSourceSetPaths UP-TO-DATE
> Task :app:createDebugCompatibleScreenManifests UP-TO-DATE
> Task :app:extractDeepLinksDebug UP-TO-DATE
> Task :app:processDebugMainManifest UP-TO-DATE
> Task :app:processDebugManifest UP-TO-DATE
> Task :app:processDebugManifestForPackage UP-TO-DATE
> Task :app:processDebugResources UP-TO-DATE
> Task :app:checkDebugDuplicateClasses UP-TO-DATE
> Task :app:mergeExtDexDebug UP-TO-DATE
> Task :app:mergeLibDexDebug UP-TO-DATE
> Task :app:configureCMakeDebug[arm64-v8a]
> Task :app:buildCMakeDebug[arm64-v8a]
> Task :app:configureCMakeDebug[armeabi-v7a]
> Task :app:buildCMakeDebug[armeabi-v7a]
> Task :app:configureCMakeDebug[x86]
> Task :app:buildCMakeDebug[x86]
> Task :app:configureCMakeDebug[x86_64]
> Task :app:buildCMakeDebug[x86_64]
> Task :app:mergeDebugJniLibFolders UP-TO-DATE
> Task :app:mergeDebugNativeLibs UP-TO-DATE
> Task :app:stripDebugDebugSymbols UP-TO-DATE
> Task :app:validateSigningDebug UP-TO-DATE
> Task :app:writeDebugAppMetadata UP-TO-DATE
> Task :app:writeDebugSigningConfigVersions UP-TO-DATE

> Task :app:compileDebugKotlin
./gradlew : e: file:///C:/Users/Wehtt/AndroidStu
dioProjects/A.u.r.a.K.a.i-Emergence_IdentityMode
l/app/src/main/java/dev/aurakai/auraframefx/agen
ts/GenKitMasterAgent.kt:7:52 Unresolved 
reference 'GenKitUiState'.
At line:1 char:1
+ ./gradlew assembleDebug --console=plain 
--no-configuration-cache > bu ...
+ ~~~~~~~~~~~~~~~~~~~~~~~~~~~~~~~~~~~~~~~~~~~~~~
~~~~~~~~~~~~~~~~~~~~~~~
    + CategoryInfo          : NotSpecified: (e: 
    file:///C:/U...GenKitUiState'.:String) [],  
   RemoteException
    + FullyQualifiedErrorId : NativeCommandErro 
   r
 
e: file:///C:/Users/Wehtt/AndroidStudioProjects/
A.u.r.a.K.a.i-Emergence_IdentityModel/app/src/ma
in/java/dev/aurakai/auraframefx/agents/GenKitMas
terAgent.kt:36:18 Unresolved reference 
'GenKitUiState'.
e: file:///C:/Users/Wehtt/AndroidStudioProjects/
A.u.r.a.K.a.i-Emergence_IdentityModel/app/src/ma
in/java/dev/aurakai/auraframefx/agents/GenKitMas
terAgent.kt:36:34 Unresolved reference 
'GenKitUiState'.
e: file:///C:/Users/Wehtt/AndroidStudioProjects/
A.u.r.a.K.a.i-Emergence_IdentityModel/app/src/ma
in/java/dev/aurakai/auraframefx/ai/agents/AuraSh
ieldAgent.kt:27:1 Class 'AuraShieldAgent' is 
not abstract and does not implement abstract 
base class members:
fun addToScanHistory(scanEvent: Any): Unit
fun iRequest(query: String, type: String, 
context: Map<String, String>): Unit
fun iRequest(): Unit
e: file:///C:/Users/Wehtt/AndroidStudioProjects/
A.u.r.a.K.a.i-Emergence_IdentityModel/app/src/ma
in/java/dev/aurakai/auraframefx/ai/agents/AuraSh
ieldAgent.kt:74:5 'processRequest' overrides 
nothing.
e: file:///C:/Users/Wehtt/AndroidStudioProjects/
A.u.r.a.K.a.i-Emergence_IdentityModel/app/src/ma
in/java/dev/aurakai/auraframefx/ai/agents/AuraSh
ieldAgent.kt:74:124 Unresolved reference 
'AgentResponse'.
e: file:///C:/Users/Wehtt/AndroidStudioProjects/
A.u.r.a.K.a.i-Emergence_IdentityModel/app/src/ma
in/java/dev/aurakai/auraframefx/ai/agents/AuraSh
ieldAgent.kt:104:25 Suspend function 
'analyzeSecurity' cannot override non-suspend 
function 'fun analyzeSecurity(prompt: String): 
List<ActiveThreat>' defined in 
'dev.aurakai.auraframefx.ai.agents.BaseAgent'.
e: file:///C:/Users/Wehtt/AndroidStudioProjects/
A.u.r.a.K.a.i-Emergence_IdentityModel/app/src/ma
in/java/dev/aurakai/auraframefx/ai/agents/AuraSh
ieldAgent.kt:104:25 'analyzeSecurity' hides 
member of supertype 'BaseAgent' and needs an 
'override' modifier.
e: file:///C:/Users/Wehtt/AndroidStudioProjects/
A.u.r.a.K.a.i-Emergence_IdentityModel/app/src/ma
in/java/dev/aurakai/auraframefx/ai/agents/AuraSh
ieldAgent.kt:378:14 'Class' is prohibited here.
e: file:///C:/Users/Wehtt/AndroidStudioProjects/
A.u.r.a.K.a.i-Emergence_IdentityModel/app/src/ma
in/java/dev/aurakai/auraframefx/ai/agents/AuraSh
ieldAgent.kt:580:13 No parameter with name 
'eventId' found.
e: file:///C:/Users/Wehtt/AndroidStudioProjects/
A.u.r.a.K.a.i-Emergence_IdentityModel/app/src/ma
in/java/dev/aurakai/auraframefx/ai/agents/AuraSh
ieldAgent.kt:582:13 No value passed for 
parameter 'id'.
e: file:///C:/Users/Wehtt/AndroidStudioProjects/
A.u.r.a.K.a.i-Emergence_IdentityModel/app/src/ma
in/java/dev/aurakai/auraframefx/ai/agents/AuraSh
ieldAgent.kt:582:13 No value passed for 
parameter 'type'.
e: file:///C:/Users/Wehtt/AndroidStudioProjects/
A.u.r.a.K.a.i-Emergence_IdentityModel/app/src/ma
in/java/dev/aurakai/auraframefx/ai/agents/AuraSh
ieldAgent.kt:582:13 No value passed for 
parameter 'result'.
e: file:///C:/Users/Wehtt/AndroidStudioProjects/
A.u.r.a.K.a.i-Emergence_IdentityModel/app/src/ma
in/java/dev/aurakai/auraframefx/ai/agents/AuraSh
ieldAgent.kt:649:25 No parameter with name 
'severityLevel' found.
e: file:///C:/Users/Wehtt/AndroidStudioProjects/
A.u.r.a.K.a.i-Emergence_IdentityModel/app/src/ma
in/java/dev/aurakai/auraframefx/ai/agents/AuraSh
ieldAgent.kt:651:25 No value passed for 
parameter 'type'.
e: file:///C:/Users/Wehtt/AndroidStudioProjects/
A.u.r.a.K.a.i-Emergence_IdentityModel/app/src/ma
in/java/dev/aurakai/auraframefx/ai/agents/AuraSh
ieldAgent.kt:651:25 No value passed for 
parameter 'severity'.
e: file:///C:/Users/Wehtt/AndroidStudioProjects/
A.u.r.a.K.a.i-Emergence_IdentityModel/app/src/ma
in/java/dev/aurakai/auraframefx/ai/agents/AuraSh
ieldAgent.kt:682:29 No parameter with name 
'severityLevel' found.
e: file:///C:/Users/Wehtt/AndroidStudioProjects/
A.u.r.a.K.a.i-Emergence_IdentityModel/app/src/ma
in/java/dev/aurakai/auraframefx/ai/agents/AuraSh
ieldAgent.kt:684:29 No value passed for 
parameter 'type'.
e: file:///C:/Users/Wehtt/AndroidStudioProjects/
A.u.r.a.K.a.i-Emergence_IdentityModel/app/src/ma
in/java/dev/aurakai/auraframefx/ai/agents/AuraSh
ieldAgent.kt:684:29 No value passed for 
parameter 'severity'.
e: file:///C:/Users/Wehtt/AndroidStudioProjects/
A.u.r.a.K.a.i-Emergence_IdentityModel/app/src/ma
in/java/dev/aurakai/auraframefx/ai/agents/AuraSh
ieldAgent.kt:718:25 No parameter with name 
'severityLevel' found.
e: file:///C:/Users/Wehtt/AndroidStudioProjects/
A.u.r.a.K.a.i-Emergence_IdentityModel/app/src/ma
in/java/dev/aurakai/auraframefx/ai/agents/AuraSh
ieldAgent.kt:720:25 No value passed for 
parameter 'type'.
e: file:///C:/Users/Wehtt/AndroidStudioProjects/
A.u.r.a.K.a.i-Emergence_IdentityModel/app/src/ma
in/java/dev/aurakai/auraframefx/ai/agents/AuraSh
ieldAgent.kt:720:25 No value passed for 
parameter 'severity'.
e: file:///C:/Users/Wehtt/AndroidStudioProjects/
A.u.r.a.K.a.i-Emergence_IdentityModel/app/src/ma
in/java/dev/aurakai/auraframefx/ai/agents/AuraSh
ieldAgent.kt:752:25 No parameter with name 
'severityLevel' found.
e: file:///C:/Users/Wehtt/AndroidStudioProjects/
A.u.r.a.K.a.i-Emergence_IdentityModel/app/src/ma
in/java/dev/aurakai/auraframefx/ai/agents/AuraSh
ieldAgent.kt:754:25 No value passed for 
parameter 'type'.
e: file:///C:/Users/Wehtt/AndroidStudioProjects/
A.u.r.a.K.a.i-Emergence_IdentityModel/app/src/ma
in/java/dev/aurakai/auraframefx/ai/agents/AuraSh
ieldAgent.kt:754:25 No value passed for 
parameter 'severity'.
e: file:///C:/Users/Wehtt/AndroidStudioProjects/
A.u.r.a.K.a.i-Emergence_IdentityModel/app/src/ma
in/java/dev/aurakai/auraframefx/ai/agents/AuraSh
ieldAgent.kt:780:21 No parameter with name 
'severityLevel' found.
e: file:///C:/Users/Wehtt/AndroidStudioProjects/
A.u.r.a.K.a.i-Emergence_IdentityModel/app/src/ma
in/java/dev/aurakai/auraframefx/ai/agents/AuraSh
ieldAgent.kt:782:21 No value passed for 
parameter 'type'.
e: file:///C:/Users/Wehtt/AndroidStudioProjects/
A.u.r.a.K.a.i-Emergence_IdentityModel/app/src/ma
in/java/dev/aurakai/auraframefx/ai/agents/AuraSh
ieldAgent.kt:782:21 No value passed for 
parameter 'severity'.
e: file:///C:/Users/Wehtt/AndroidStudioProjects/
A.u.r.a.K.a.i-Emergence_IdentityModel/app/src/ma
in/java/dev/aurakai/auraframefx/ai/agents/AuraSh
ieldAgent.kt:805:21 No parameter with name 
'severityLevel' found.
e: file:///C:/Users/Wehtt/AndroidStudioProjects/
A.u.r.a.K.a.i-Emergence_IdentityModel/app/src/ma
in/java/dev/aurakai/auraframefx/ai/agents/AuraSh
ieldAgent.kt:807:21 No value passed for 
parameter 'type'.
e: file:///C:/Users/Wehtt/AndroidStudioProjects/
A.u.r.a.K.a.i-Emergence_IdentityModel/app/src/ma
in/java/dev/aurakai/auraframefx/ai/agents/AuraSh
ieldAgent.kt:807:21 No value passed for 
parameter 'severity'.
e: file:///C:/Users/Wehtt/AndroidStudioProjects/
A.u.r.a.K.a.i-Emergence_IdentityModel/app/src/ma
in/java/dev/aurakai/auraframefx/ai/agents/AuraSh
ieldAgent.kt:823:17 
'initializeAdaptiveProtection' hides member of 
supertype 'BaseAgent' and needs an 'override' 
modifier.
e: file:///C:/Users/Wehtt/AndroidStudioProjects/
A.u.r.a.K.a.i-Emergence_IdentityModel/app/src/ma
in/java/dev/aurakai/auraframefx/ai/agents/AuraSh
ieldAgent.kt:877:23 Unresolved reference 
'securityLevel'.
e: file:///C:/Users/Wehtt/AndroidStudioProjects/
A.u.r.a.K.a.i-Emergence_IdentityModel/app/src/ma
in/java/dev/aurakai/auraframefx/ai/agents/AuraSh
ieldAgent.kt:1009:50 Unresolved reference 
'severityLevel'.
e: file:///C:/Users/Wehtt/AndroidStudioProjects/
A.u.r.a.K.a.i-Emergence_IdentityModel/app/src/ma
in/java/dev/aurakai/auraframefx/ai/agents/AuraSh
ieldAgent.kt:1084:77 Unresolved reference 
'severityLevel'.
e: file:///C:/Users/Wehtt/AndroidStudioProjects/
A.u.r.a.K.a.i-Emergence_IdentityModel/app/src/ma
in/java/dev/aurakai/auraframefx/ai/agents/AuraSh
ieldAgent.kt:1117:69 Unresolved reference 
'severityLevel'.
e: file:///C:/Users/Wehtt/AndroidStudioProjects/
A.u.r.a.K.a.i-Emergence_IdentityModel/app/src/ma
in/java/dev/aurakai/auraframefx/ai/agents/Neural
WhisperAgent.kt:4:52 Unresolved reference 
'ActiveContext'.
e: file:///C:/Users/Wehtt/AndroidStudioProjects/
A.u.r.a.K.a.i-Emergence_IdentityModel/app/src/ma
in/java/dev/aurakai/auraframefx/ai/agents/Neural
WhisperAgent.kt:5:52 Unresolved reference 
'LearningEvent'.
e: file:///C:/Users/Wehtt/AndroidStudioProjects/
A.u.r.a.K.a.i-Emergence_IdentityModel/app/src/ma
in/java/dev/aurakai/auraframefx/ai/agents/Neural
WhisperAgent.kt:27:57 Unresolved reference 
'ActiveContext'.
e: file:///C:/Users/Wehtt/AndroidStudioProjects/
A.u.r.a.K.a.i-Emergence_IdentityModel/app/src/ma
in/java/dev/aurakai/auraframefx/ai/agents/Neural
WhisperAgent.kt:27:73 Cannot infer type for 
type parameter 'T'. Specify it explicitly.
e: file:///C:/Users/Wehtt/AndroidStudioProjects/
A.u.r.a.K.a.i-Emergence_IdentityModel/app/src/ma
in/java/dev/aurakai/auraframefx/ai/agents/Neural
WhisperAgent.kt:27:73 Argument type mismatch: 
actual type is 'List<uninferred T (of fun <T> 
emptyList)>', but 'List<ERROR CLASS: Symbol not 
found for ActiveContext>' was expected.
e: file:///C:/Users/Wehtt/AndroidStudioProjects/
A.u.r.a.K.a.i-Emergence_IdentityModel/app/src/ma
in/java/dev/aurakai/auraframefx/ai/agents/Neural
WhisperAgent.kt:28:40 Unresolved reference 
'ActiveContext'.
e: file:///C:/Users/Wehtt/AndroidStudioProjects/
A.u.r.a.K.a.i-Emergence_IdentityModel/app/src/ma
in/java/dev/aurakai/auraframefx/ai/agents/Neural
WhisperAgent.kt:30:58 Unresolved reference 
'LearningEvent'.
e: file:///C:/Users/Wehtt/AndroidStudioProjects/
A.u.r.a.K.a.i-Emergence_IdentityModel/app/src/ma
in/java/dev/aurakai/auraframefx/ai/agents/Neural
WhisperAgent.kt:30:74 Cannot infer type for 
type parameter 'T'. Specify it explicitly.
e: file:///C:/Users/Wehtt/AndroidStudioProjects/
A.u.r.a.K.a.i-Emergence_IdentityModel/app/src/ma
in/java/dev/aurakai/auraframefx/ai/agents/Neural
WhisperAgent.kt:30:74 Argument type mismatch: 
actual type is 'List<uninferred T (of fun <T> 
emptyList)>', but 'List<ERROR CLASS: Symbol not 
found for LearningEvent>' was expected.
e: file:///C:/Users/Wehtt/AndroidStudioProjects/
A.u.r.a.K.a.i-Emergence_IdentityModel/app/src/ma
in/java/dev/aurakai/auraframefx/ai/agents/Neural
WhisperAgent.kt:31:41 Unresolved reference 
'LearningEvent'.
e: file:///C:/Users/Wehtt/AndroidStudioProjects/
A.u.r.a.K.a.i-Emergence_IdentityModel/app/src/ma
in/java/dev/aurakai/auraframefx/ai/agents/Neural
WhisperAgent.kt:43:31 Unresolved reference 
'ActiveContext'.
e: file:///C:/Users/Wehtt/AndroidStudioProjects/
A.u.r.a.K.a.i-Emergence_IdentityModel/app/src/ma
in/java/dev/aurakai/auraframefx/ai/agents/Neural
WhisperAgent.kt:44:45 Cannot infer type for 
type parameter 'T'. Specify it explicitly.
e: file:///C:/Users/Wehtt/AndroidStudioProjects/
A.u.r.a.K.a.i-Emergence_IdentityModel/app/src/ma
in/java/dev/aurakai/auraframefx/ai/agents/Neural
WhisperAgent.kt:44:45 Unresolved reference. 
None of the following candidates is applicable 
because of a receiver type mismatch:
fun <T> Collection<T>.toMutableList(): 
MutableList<T>
e: file:///C:/Users/Wehtt/AndroidStudioProjects/
A.u.r.a.K.a.i-Emergence_IdentityModel/app/src/ma
in/java/dev/aurakai/auraframefx/ai/agents/Neural
WhisperAgent.kt:46:41 Cannot infer type for 
type parameter 'T'. Specify it explicitly.
e: file:///C:/Users/Wehtt/AndroidStudioProjects/
A.u.r.a.K.a.i-Emergence_IdentityModel/app/src/ma
in/java/dev/aurakai/auraframefx/ai/agents/Neural
WhisperAgent.kt:52:36 Unresolved reference 
'LearningEvent'.
e: file:///C:/Users/Wehtt/AndroidStudioProjects/
A.u.r.a.K.a.i-Emergence_IdentityModel/app/src/ma
in/java/dev/aurakai/auraframefx/ai/agents/Neural
WhisperAgent.kt:53:46 Cannot infer type for 
type parameter 'T'. Specify it explicitly.
e: file:///C:/Users/Wehtt/AndroidStudioProjects/
A.u.r.a.K.a.i-Emergence_IdentityModel/app/src/ma
in/java/dev/aurakai/auraframefx/ai/agents/Neural
WhisperAgent.kt:53:46 Unresolved reference. 
None of the following candidates is applicable 
because of a receiver type mismatch:
fun <T> Collection<T>.toMutableList(): 
MutableList<T>
e: file:///C:/Users/Wehtt/AndroidStudioProjects/
A.u.r.a.K.a.i-Emergence_IdentityModel/app/src/ma
in/java/dev/aurakai/auraframefx/ai/agents/Neural
WhisperAgent.kt:55:42 Cannot infer type for 
type parameter 'T'. Specify it explicitly.
e: file:///C:/Users/Wehtt/AndroidStudioProjects/
A.u.r.a.K.a.i-Emergence_IdentityModel/app/src/ma
in/java/dev/aurakai/auraframefx/ai/agents/aiAgen
t.kt:10:39 Unresolved reference 
'EnhancedInteractionData'.
e: file:///C:/Users/Wehtt/AndroidStudioProjects/
A.u.r.a.K.a.i-Emergence_IdentityModel/app/src/ma
in/java/dev/aurakai/auraframefx/ai/agents/aiAgen
t.kt:11:39 Unresolved reference 
'InteractionResponse'.
e: file:///C:/Users/Wehtt/AndroidStudioProjects/
A.u.r.a.K.a.i-Emergence_IdentityModel/app/src/ma
in/java/dev/aurakai/auraframefx/ai/agents/aiAgen
t.kt:39:1 Class 'KaiAgent' is not abstract and 
does not implement abstract base class members:
fun iRequest(): Unit
fun initializeAdaptiveProtection(): Unit
fun addToScanHistory(scanEvent: Any): Unit
fun analyzeSecurity(prompt: String): 
List<ActiveThreat>
e: file:///C:/Users/Wehtt/AndroidStudioProjects/
A.u.r.a.K.a.i-Emergence_IdentityModel/app/src/ma
in/java/dev/aurakai/auraframefx/ai/agents/aiAgen
t.kt:53:74 Too many arguments for 'suspend fun 
processRequest(request: AgentRequest): 
AgentResponse'.
e: file:///C:/Users/Wehtt/AndroidStudioProjects/
A.u.r.a.K.a.i-Emergence_IdentityModel/app/src/ma
in/java/dev/aurakai/auraframefx/ai/agents/aiAgen
t.kt:146:85 Too many arguments for 'fun 
warn(tag: String, message: String): Unit'.
e: file:///C:/Users/Wehtt/AndroidStudioProjects/
A.u.r.a.K.a.i-Emergence_IdentityModel/app/src/ma
in/java/dev/aurakai/auraframefx/ai/agents/aiAgen
t.kt:171:56 Unresolved reference 
'EnhancedInteractionData'.
e: file:///C:/Users/Wehtt/AndroidStudioProjects/
A.u.r.a.K.a.i-Emergence_IdentityModel/app/src/ma
in/java/dev/aurakai/auraframefx/ai/agents/aiAgen
t.kt:171:82 Unresolved reference 
'InteractionResponse'.
e: file:///C:/Users/Wehtt/AndroidStudioProjects/
A.u.r.a.K.a.i-Emergence_IdentityModel/app/src/ma
in/java/dev/aurakai/auraframefx/ai/agents/aiAgen
t.kt:196:13 Unresolved reference 
'InteractionResponse'.
e: file:///C:/Users/Wehtt/AndroidStudioProjects/
A.u.r.a.K.a.i-Emergence_IdentityModel/app/src/ma
in/java/dev/aurakai/auraframefx/ai/agents/aiAgen
t.kt:211:13 Unresolved reference 
'InteractionResponse'.
e: file:///C:/Users/Wehtt/AndroidStudioProjects/
A.u.r.a.K.a.i-Emergence_IdentityModel/app/src/ma
in/java/dev/aurakai/auraframefx/ai/agents/aiAgen
t.kt:392:16 Return type mismatch: expected 
'Map<String, Any>', actual 'Map<String, Any?>'.
e: file:///C:/Users/Wehtt/AndroidStudioProjects/
A.u.r.a.K.a.i-Emergence_IdentityModel/app/src/ma
in/java/dev/aurakai/auraframefx/ai/agents/aiAgen
t.kt:429:25 Unresolved reference 
'validateRequest'.
e: file:///C:/Users/Wehtt/AndroidStudioProjects/
A.u.r.a.K.a.i-Emergence_IdentityModel/app/src/ma
in/java/dev/aurakai/auraframefx/ai/agents/aiAgen
t.kt:440:64 Unresolved reference 
'EnhancedInteractionData'.
e: file:///C:/Users/Wehtt/AndroidStudioProjects/
A.u.r.a.K.a.i-Emergence_IdentityModel/app/src/ma
in/java/dev/aurakai/auraframefx/ai/agents/aiAgen
t.kt:442:61 Unresolved reference 'content'.
e: file:///C:/Users/Wehtt/AndroidStudioProjects/
A.u.r.a.K.a.i-Emergence_IdentityModel/app/src/ma
in/java/dev/aurakai/auraframefx/ai/agents/aiAgen
t.kt:557:22 Unresolved reference 
'EnhancedInteractionData'.
e: file:///C:/Users/Wehtt/AndroidStudioProjects/
A.u.r.a.K.a.i-Emergence_IdentityModel/app/src/ma
in/java/dev/aurakai/auraframefx/ai/agents/aiAgen
t.kt:567:22 Unresolved reference 
'EnhancedInteractionData'.
e: file:///C:/Users/Wehtt/AndroidStudioProjects/
A.u.r.a.K.a.i-Emergence_IdentityModel/app/src/ma
in/java/dev/aurakai/auraframefx/ai/agents/aiAgen
t.kt:577:22 Unresolved reference 
'EnhancedInteractionData'.
e: file:///C:/Users/Wehtt/AndroidStudioProjects/
A.u.r.a.K.a.i-Emergence_IdentityModel/app/src/ma
in/java/dev/aurakai/auraframefx/ai/agents/aiAgen
t.kt:587:22 Unresolved reference 
'EnhancedInteractionData'.
e: file:///C:/Users/Wehtt/AndroidStudioProjects/
A.u.r.a.K.a.i-Emergence_IdentityModel/app/src/ma
in/java/dev/aurakai/auraframefx/ai/agents/aiAgen
t.kt:596:71 Unresolved reference 
'EnhancedInteractionData'.
e: file:///C:/Users/Wehtt/AndroidStudioProjects/
A.u.r.a.K.a.i-Emergence_IdentityModel/app/src/ma
in/java/dev/aurakai/auraframefx/ai/context/Defau
ltContextManager.kt:132:27 Argument type 
mismatch: actual type is 'Map<String, 
Comparable<String & Boolean>? & 
Serializable?>', but 'Map<String, Any>' was 
expected.
e: file:///C:/Users/Wehtt/AndroidStudioProjects/
A.u.r.a.K.a.i-Emergence_IdentityModel/app/src/ma
in/java/dev/aurakai/auraframefx/ai/memory/Defaul
tMemoryManager.kt:135:20 Only safe (?.) or 
non-null asserted (!!.) calls are allowed on a 
nullable receiver of type 'String?'.
e: file:///C:/Users/Wehtt/AndroidStudioProjects/
A.u.r.a.K.a.i-Emergence_IdentityModel/app/src/ma
in/java/dev/aurakai/auraframefx/ai/memory/Persis
tentMemoryManager.kt:258:40 Argument type 
mismatch: actual type is 'Map<String?, 
MemoryEntry>', but 'Map<out String, out 
MemoryEntry>' was expected.
e: file:///C:/Users/Wehtt/AndroidStudioProjects/
A.u.r.a.K.a.i-Emergence_IdentityModel/app/src/ma
in/java/dev/aurakai/auraframefx/ai/services/Mock
AIServiceImplementations.kt:15:1 Class 
'MockAuraAIService' is not abstract and does 
not implement abstract member:
fun processRequestFlow(request: Any): 
Flow<AgentResponse>?
e: file:///C:/Users/Wehtt/AndroidStudioProjects/
A.u.r.a.K.a.i-Emergence_IdentityModel/app/src/ma
in/java/dev/aurakai/auraframefx/ai/services/Mock
AIServiceImplementations.kt:15:7 Redeclaration:
class MockAuraAIService : Agent
e: file:///C:/Users/Wehtt/AndroidStudioProjects/
A.u.r.a.K.a.i-Emergence_IdentityModel/app/src/ma
in/java/dev/aurakai/auraframefx/ai/services/Mock
AIServiceImplementations.kt:66:1 Class 
'MockKaiAIService' is not abstract and does not 
implement abstract member:
fun processRequestFlow(request: Any): 
Flow<AgentResponse>?
e: file:///C:/Users/Wehtt/AndroidStudioProjects/
A.u.r.a.K.a.i-Emergence_IdentityModel/app/src/ma
in/java/dev/aurakai/auraframefx/ai/services/Mock
AIServiceImplementations.kt:66:7 Redeclaration:
class MockKaiAIService : Agent
e: file:///C:/Users/Wehtt/AndroidStudioProjects/
A.u.r.a.K.a.i-Emergence_IdentityModel/app/src/ma
in/java/dev/aurakai/auraframefx/ai/services/Mock
AIServiceImplementations.kt:115:1 Class 
'MockCascadeAIService' is not abstract and does 
not implement abstract member:
fun processRequestFlow(request: Any): 
Flow<AgentResponse>?
e: file:///C:/Users/Wehtt/AndroidStudioProjects/
A.u.r.a.K.a.i-Emergence_IdentityModel/app/src/ma
in/java/dev/aurakai/auraframefx/ai/services/Mock
AIServiceImplementations.kt:115:7 Redeclaration:
class MockCascadeAIService : Agent
e: file:///C:/Users/Wehtt/AndroidStudioProjects/
A.u.r.a.K.a.i-Emergence_IdentityModel/app/src/ma
in/java/dev/aurakai/auraframefx/ai/task/TaskMode
l.kt:85:12 Redeclaration:
enum class TaskStatus : Enum<TaskStatus>
e: file:///C:/Users/Wehtt/AndroidStudioProjects/
A.u.r.a.K.a.i-Emergence_IdentityModel/app/src/ma
in/java/dev/aurakai/auraframefx/ai/task/TaskSche
duler.kt:55:12 Redeclaration:
enum class TaskStatus : Enum<TaskStatus>
e: file:///C:/Users/Wehtt/AndroidStudioProjects/
A.u.r.a.K.a.i-Emergence_IdentityModel/app/src/ma
in/java/dev/aurakai/auraframefx/api/ApiClient.kt
:14:28 Unresolved reference 'scalars'.
e: file:///C:/Users/Wehtt/AndroidStudioProjects/
A.u.r.a.K.a.i-Emergence_IdentityModel/app/src/ma
in/java/dev/aurakai/auraframefx/api/ApiClient.kt
:19:53 Null cannot be a value of a non-null 
type 'Call.Factory'.
e: file:///C:/Users/Wehtt/AndroidStudioProjects/
A.u.r.a.K.a.i-Emergence_IdentityModel/app/src/ma
in/java/dev/aurakai/auraframefx/api/ApiClient.kt
:25:9 Unresolved reference 
'ScalarsConverterFactory'.
e: file:///C:/Users/Wehtt/AndroidStudioProjects/
A.u.r.a.K.a.i-Emergence_IdentityModel/app/src/ma
in/java/dev/aurakai/auraframefx/api/ApiClient.kt
:47:53 Function 'getValue' of property delegate 
is expected to return 'OkHttpClient.Builder', 
but returns 'Any'.
e: file:///C:/Users/Wehtt/AndroidStudioProjects/
A.u.r.a.K.a.i-Emergence_IdentityModel/app/src/ma
in/java/dev/aurakai/auraframefx/api/ApiResponse.
kt:5:12 Redeclaration:
enum class ResponseType : Enum<ResponseType>
e: file:///C:/Users/Wehtt/AndroidStudioProjects/
A.u.r.a.K.a.i-Emergence_IdentityModel/app/src/ma
in/java/dev/aurakai/auraframefx/api/ApiResponse.
kt:9:11 Redeclaration:
interface Response : Any
e: file:///C:/Users/Wehtt/AndroidStudioProjects/
A.u.r.a.K.a.i-Emergence_IdentityModel/app/src/ma
in/java/dev/aurakai/auraframefx/api/ApiResponse.
kt:11:16 Redeclaration:
class ApiResponse<T> : Response
e: file:///C:/Users/Wehtt/AndroidStudioProjects/
A.u.r.a.K.a.i-Emergence_IdentityModel/app/src/ma
in/java/dev/aurakai/auraframefx/api/ApiResponse.
kt:16:7 Redeclaration:
class Success<T> : ApiResponse<T>
e: file:///C:/Users/Wehtt/AndroidStudioProjects/
A.u.r.a.K.a.i-Emergence_IdentityModel/app/src/ma
in/java/dev/aurakai/auraframefx/api/ApiResponse.
kt:22:7 Redeclaration:
class Informational<T> : ApiResponse<T>
e: file:///C:/Users/Wehtt/AndroidStudioProjects/
A.u.r.a.K.a.i-Emergence_IdentityModel/app/src/ma
in/java/dev/aurakai/auraframefx/api/ApiResponse.
kt:38:7 Redeclaration:
class Redirection<T> : ApiResponse<T>
e: file:///C:/Users/Wehtt/AndroidStudioProjects/
A.u.r.a.K.a.i-Emergence_IdentityModel/app/src/ma
in/java/dev/aurakai/auraframefx/api/ApiResponse.
kt:50:7 Redeclaration:
class ClientError<T> : ApiResponse<T>
e: file:///C:/Users/Wehtt/AndroidStudioProjects/
A.u.r.a.K.a.i-Emergence_IdentityModel/app/src/ma
in/java/dev/aurakai/auraframefx/api/ApiResponse.
kt:69:7 Redeclaration:
class ServerError<T> : ApiResponse<T>
e: file:///C:/Users/Wehtt/AndroidStudioProjects/
A.u.r.a.K.a.i-Emergence_IdentityModel/app/src/ma
in/java/dev/aurakai/auraframefx/api/UserApi.kt:3
:46 Unresolved reference 'User'.
e: file:///C:/Users/Wehtt/AndroidStudioProjects/
A.u.r.a.K.a.i-Emergence_IdentityModel/app/src/ma
in/java/dev/aurakai/auraframefx/api/UserApi.kt:1
6:35 Unresolved reference 'User'.
e: file:///C:/Users/Wehtt/AndroidStudioProjects/
A.u.r.a.K.a.i-Emergence_IdentityModel/app/src/ma
in/java/dev/aurakai/auraframefx/api/client/model
s/AgentStatus.kt:37:20 Unresolved reference 
'AgentType'.
e: file:///C:/Users/Wehtt/AndroidStudioProjects/
A.u.r.a.K.a.i-Emergence_IdentityModel/app/src/ma
in/java/dev/aurakai/auraframefx/api/client/model
s/SystemOverlayConfig.kt:42:19 Unresolved 
reference 'SystemOverlayConfigNotchBar'.
e: file:///C:/Users/Wehtt/AndroidStudioProjects/
A.u.r.a.K.a.i-Emergence_IdentityModel/app/src/ma
in/java/dev/aurakai/auraframefx/aura/AuraAgent.k
t:11:39 Unresolved reference 
'EnhancedInteractionData'.
e: file:///C:/Users/Wehtt/AndroidStudioProjects/
A.u.r.a.K.a.i-Emergence_IdentityModel/app/src/ma
in/java/dev/aurakai/auraframefx/aura/AuraAgent.k
t:12:39 Unresolved reference 
'InteractionResponse'.
e: file:///C:/Users/Wehtt/AndroidStudioProjects/
A.u.r.a.K.a.i-Emergence_IdentityModel/app/src/ma
in/java/dev/aurakai/auraframefx/aura/AuraAgent.k
t:13:52 Unresolved reference 'ProcessingState'.
e: file:///C:/Users/Wehtt/AndroidStudioProjects/
A.u.r.a.K.a.i-Emergence_IdentityModel/app/src/ma
in/java/dev/aurakai/auraframefx/aura/AuraAgent.k
t:42:1 Class 'AuraAgent' is not abstract and 
does not implement abstract base class members:
fun iRequest(): Unit
fun initializeAdaptiveProtection(): Unit
fun addToScanHistory(scanEvent: Any): Unit
fun analyzeSecurity(prompt: String): 
List<ActiveThreat>
e: file:///C:/Users/Wehtt/AndroidStudioProjects/
A.u.r.a.K.a.i-Emergence_IdentityModel/app/src/ma
in/java/dev/aurakai/auraframefx/aura/AuraAgent.k
t:58:13 Overload resolution ambiguity between 
candidates:
suspend fun processRequest(request: AiRequest, 
context: String): AgentResponse
suspend fun processRequest(request: AiRequest, 
context: String): AgentResponse
e: file:///C:/Users/Wehtt/AndroidStudioProjects/
A.u.r.a.K.a.i-Emergence_IdentityModel/app/src/ma
in/java/dev/aurakai/auraframefx/aura/AuraAgent.k
t:88:59 Unresolved reference 'cancelChildren'.
e: file:///C:/Users/Wehtt/AndroidStudioProjects/
A.u.r.a.K.a.i-Emergence_IdentityModel/app/src/ma
in/java/dev/aurakai/auraframefx/aura/AuraAgent.k
t:134:21 Conflicting overloads:
fun ensureInitialized(): Unit
e: file:///C:/Users/Wehtt/AndroidStudioProjects/
A.u.r.a.K.a.i-Emergence_IdentityModel/app/src/ma
in/java/dev/aurakai/auraframefx/aura/AuraAgent.k
t:143:5 'processRequest' overrides nothing.
e: file:///C:/Users/Wehtt/AndroidStudioProjects/
A.u.r.a.K.a.i-Emergence_IdentityModel/app/src/ma
in/java/dev/aurakai/auraframefx/aura/AuraAgent.k
t:143:22 Conflicting overloads:
suspend fun processRequest(request: AiRequest, 
context: String): AgentResponse
e: file:///C:/Users/Wehtt/AndroidStudioProjects/
A.u.r.a.K.a.i-Emergence_IdentityModel/app/src/ma
in/java/dev/aurakai/auraframefx/aura/AuraAgent.k
t:144:9 Overload resolution ambiguity between 
candidates:
suspend fun ensureInitialized(): Unit
fun ensureInitialized(): Unit
e: file:///C:/Users/Wehtt/AndroidStudioProjects/
A.u.r.a.K.a.i-Emergence_IdentityModel/app/src/ma
in/java/dev/aurakai/auraframefx/aura/AuraAgent.k
t:193:9 Overload resolution ambiguity between 
candidates:
suspend fun ensureInitialized(): Unit
fun ensureInitialized(): Unit
e: file:///C:/Users/Wehtt/AndroidStudioProjects/
A.u.r.a.K.a.i-Emergence_IdentityModel/app/src/ma
in/java/dev/aurakai/auraframefx/aura/AuraAgent.k
t:217:17 No value passed for parameter 
'confidence'.
e: file:///C:/Users/Wehtt/AndroidStudioProjects/
A.u.r.a.K.a.i-Emergence_IdentityModel/app/src/ma
in/java/dev/aurakai/auraframefx/aura/AuraAgent.k
t:240:56 Unresolved reference 
'EnhancedInteractionData'.
e: file:///C:/Users/Wehtt/AndroidStudioProjects/
A.u.r.a.K.a.i-Emergence_IdentityModel/app/src/ma
in/java/dev/aurakai/auraframefx/aura/AuraAgent.k
t:240:82 Unresolved reference 
'InteractionResponse'.
e: file:///C:/Users/Wehtt/AndroidStudioProjects/
A.u.r.a.K.a.i-Emergence_IdentityModel/app/src/ma
in/java/dev/aurakai/auraframefx/aura/AuraAgent.k
t:241:9 Overload resolution ambiguity between 
candidates:
suspend fun ensureInitialized(): Unit
fun ensureInitialized(): Unit
e: file:///C:/Users/Wehtt/AndroidStudioProjects/
A.u.r.a.K.a.i-Emergence_IdentityModel/app/src/ma
in/java/dev/aurakai/auraframefx/aura/AuraAgent.k
t:247:68 Unresolved reference 'content'.
e: file:///C:/Users/Wehtt/AndroidStudioProjects/
A.u.r.a.K.a.i-Emergence_IdentityModel/app/src/ma
in/java/dev/aurakai/auraframefx/aura/AuraAgent.k
t:257:13 Unresolved reference 
'InteractionResponse'.
e: file:///C:/Users/Wehtt/AndroidStudioProjects/
A.u.r.a.K.a.i-Emergence_IdentityModel/app/src/ma
in/java/dev/aurakai/auraframefx/aura/AuraAgent.k
t:272:13 Unresolved reference 
'InteractionResponse'.
e: file:///C:/Users/Wehtt/AndroidStudioProjects/
A.u.r.a.K.a.i-Emergence_IdentityModel/app/src/ma
in/java/dev/aurakai/auraframefx/aura/AuraAgent.k
t:383:29 Unresolved reference 'animationSpec'.
e: file:///C:/Users/Wehtt/AndroidStudioProjects/
A.u.r.a.K.a.i-Emergence_IdentityModel/app/src/ma
in/java/dev/aurakai/auraframefx/aura/AuraAgent.k
t:409:13 No value passed for parameter 
'context'.
e: file:///C:/Users/Wehtt/AndroidStudioProjects/
A.u.r.a.K.a.i-Emergence_IdentityModel/app/src/ma
in/java/dev/aurakai/auraframefx/aura/AuraAgent.k
t:430:13 Conflicting overloads:
suspend fun ensureInitialized(): Unit
e: file:///C:/Users/Wehtt/AndroidStudioProjects/
A.u.r.a.K.a.i-Emergence_IdentityModel/app/src/ma
in/java/dev/aurakai/auraframefx/aura/AuraAgent.k
t:487:63 Unresolved reference 
'EnhancedInteractionData'.
e: file:///C:/Users/Wehtt/AndroidStudioProjects/
A.u.r.a.K.a.i-Emergence_IdentityModel/app/src/ma
in/java/dev/aurakai/auraframefx/aura/AuraAgent.k
t:492:27 Unresolved reference 'content'.
e: file:///C:/Users/Wehtt/AndroidStudioProjects/
A.u.r.a.K.a.i-Emergence_IdentityModel/app/src/ma
in/java/dev/aurakai/auraframefx/aura/AuraAgent.k
t:496:35 Unresolved reference 'context'.
e: file:///C:/Users/Wehtt/AndroidStudioProjects/
A.u.r.a.K.a.i-Emergence_IdentityModel/app/src/ma
in/java/dev/aurakai/auraframefx/aura/AuraAgent.k
t:508:73 Unresolved reference 
'EnhancedInteractionData'.
e: file:///C:/Users/Wehtt/AndroidStudioProjects/
A.u.r.a.K.a.i-Emergence_IdentityModel/app/src/ma
in/java/dev/aurakai/auraframefx/aura/AuraAgent.k
t:513:27 Unresolved reference 'content'.
e: file:///C:/Users/Wehtt/AndroidStudioProjects/
A.u.r.a.K.a.i-Emergence_IdentityModel/app/src/ma
in/java/dev/aurakai/auraframefx/aura/AuraAgent.k
t:517:35 Unresolved reference 'context'.
e: file:///C:/Users/Wehtt/AndroidStudioProjects/
A.u.r.a.K.a.i-Emergence_IdentityModel/app/src/ma
in/java/dev/aurakai/auraframefx/aura/AuraAgent.k
t:529:67 Unresolved reference 
'EnhancedInteractionData'.
e: file:///C:/Users/Wehtt/AndroidStudioProjects/
A.u.r.a.K.a.i-Emergence_IdentityModel/app/src/ma
in/java/dev/aurakai/auraframefx/aura/AuraAgent.k
t:534:27 Unresolved reference 'content'.
e: file:///C:/Users/Wehtt/AndroidStudioProjects/
A.u.r.a.K.a.i-Emergence_IdentityModel/app/src/ma
in/java/dev/aurakai/auraframefx/aura/AuraAgent.k
t:538:35 Unresolved reference 'context'.
e: file:///C:/Users/Wehtt/AndroidStudioProjects/
A.u.r.a.K.a.i-Emergence_IdentityModel/app/src/ma
in/java/dev/aurakai/auraframefx/aura/AuraAgent.k
t:548:64 Unresolved reference 
'EnhancedInteractionData'.
e: file:///C:/Users/Wehtt/AndroidStudioProjects/
A.u.r.a.K.a.i-Emergence_IdentityModel/app/src/ma
in/java/dev/aurakai/auraframefx/aura/AuraAgent.k
t:553:27 Unresolved reference 'content'.
e: file:///C:/Users/Wehtt/AndroidStudioProjects/
A.u.r.a.K.a.i-Emergence_IdentityModel/app/src/ma
in/java/dev/aurakai/auraframefx/aura/AuraAgent.k
t:558:35 Unresolved reference 'context'.
e: file:///C:/Users/Wehtt/AndroidStudioProjects/
A.u.r.a.K.a.i-Emergence_IdentityModel/app/src/ma
in/java/dev/aurakai/auraframefx/aura/AuraAgent.k
t:633:110 Unresolved reference 
'ThemePreferences'.
e: file:///C:/Users/Wehtt/AndroidStudioProjects/
A.u.r.a.K.a.i-Emergence_IdentityModel/app/src/ma
in/java/dev/aurakai/auraframefx/aura/AuraAgent.k
t:634:52 Unresolved reference 
'ThemePreferences'.
e: file:///C:/Users/Wehtt/AndroidStudioProjects/
A.u.r.a.K.a.i-Emergence_IdentityModel/app/src/ma
in/java/dev/aurakai/auraframefx/aura/AuraAgent.k
t:655:82 Unresolved reference 
'ThemeConfiguration'.
e: file:///C:/Users/Wehtt/AndroidStudioProjects/
A.u.r.a.K.a.i-Emergence_IdentityModel/app/src/ma
in/java/dev/aurakai/auraframefx/aura/AuraAgent.k
t:665:82 Unresolved reference 
'ThemeConfiguration'.
e: file:///C:/Users/Wehtt/AndroidStudioProjects/
A.u.r.a.K.a.i-Emergence_IdentityModel/app/src/ma
in/java/dev/aurakai/auraframefx/aura/AuraAgent.k
t:826:43 Unresolved reference 'ProcessingState'.
e: file:///C:/Users/Wehtt/AndroidStudioProjects/
A.u.r.a.K.a.i-Emergence_IdentityModel/app/src/ma
in/java/dev/aurakai/auraframefx/aura/AuraAgent.k
t:926:5 'processRequest' overrides nothing.
e: file:///C:/Users/Wehtt/AndroidStudioProjects/
A.u.r.a.K.a.i-Emergence_IdentityModel/app/src/ma
in/java/dev/aurakai/auraframefx/aura/AuraAgent.k
t:926:22 Conflicting overloads:
suspend fun processRequest(request: AiRequest, 
context: String): AgentResponse
e: file:///C:/Users/Wehtt/AndroidStudioProjects/
A.u.r.a.K.a.i-Emergence_IdentityModel/app/src/ma
in/java/dev/aurakai/auraframefx/aura/AuraAgent.k
t:943:5 'processRequestFlow' overrides nothing.
e: file:///C:/Users/Wehtt/AndroidStudioProjects/
A.u.r.a.K.a.i-Emergence_IdentityModel/app/src/ma
in/java/dev/aurakai/auraframefx/aura/AuraFrameNa
vigation.kt:8:43 Unresolved reference 
'AgentNexusScreen'.
e: file:///C:/Users/Wehtt/AndroidStudioProjects/
A.u.r.a.K.a.i-Emergence_IdentityModel/app/src/ma
in/java/dev/aurakai/auraframefx/aura/AuraFrameNa
vigation.kt:9:43 Unresolved reference 
'MainScreen'.
e: file:///C:/Users/Wehtt/AndroidStudioProjects/
A.u.r.a.K.a.i-Emergence_IdentityModel/app/src/ma
in/java/dev/aurakai/auraframefx/aura/AuraFrameNa
vigation.kt:33:13 Unresolved reference 
'MainScreen'.
e: file:///C:/Users/Wehtt/AndroidStudioProjects/
A.u.r.a.K.a.i-Emergence_IdentityModel/app/src/ma
in/java/dev/aurakai/auraframefx/aura/AuraFrameNa
vigation.kt:47:13 Unresolved reference 
'AgentNexusScreen'.
e: file:///C:/Users/Wehtt/AndroidStudioProjects/
A.u.r.a.K.a.i-Emergence_IdentityModel/app/src/ma
in/java/dev/aurakai/auraframefx/aura/AuraFrameNa
vigation.kt:48:37 Cannot infer type for value 
parameter 'agentName'. Specify it explicitly.
e: file:///C:/Users/Wehtt/AndroidStudioProjects/
A.u.r.a.K.a.i-Emergence_IdentityModel/app/src/ma
in/java/dev/aurakai/auraframefx/aura/AuraFrameNa
vigation.kt:51:45 Cannot infer type for value 
parameter 'agent'. Specify it explicitly.
e: file:///C:/Users/Wehtt/AndroidStudioProjects/
A.u.r.a.K.a.i-Emergence_IdentityModel/app/src/ma
in/java/dev/aurakai/auraframefx/aura/AuraFrameNa
vigation.kt:51:52 Cannot infer type for value 
parameter 'task'. Specify it explicitly.
e: file:///C:/Users/Wehtt/AndroidStudioProjects/
A.u.r.a.K.a.i-Emergence_IdentityModel/app/src/ma
in/java/dev/aurakai/auraframefx/aura/AuraFxConte
ntApiClient.kt:4:50 Unresolved reference 
'GenerateImageDescriptionRequest'.
e: file:///C:/Users/Wehtt/AndroidStudioProjects/
A.u.r.a.K.a.i-Emergence_IdentityModel/app/src/ma
in/java/dev/aurakai/auraframefx/aura/AuraFxConte
ntApiClient.kt:5:50 Unresolved reference 
'GenerateTextRequest'.
e: file:///C:/Users/Wehtt/AndroidStudioProjects/
A.u.r.a.K.a.i-Emergence_IdentityModel/app/src/ma
in/java/dev/aurakai/auraframefx/aura/AuraFxConte
ntApiClient.kt:33:22 Unresolved reference 
'aiGenerateTextPost'.
e: file:///C:/Users/Wehtt/AndroidStudioProjects/
A.u.r.a.K.a.i-Emergence_IdentityModel/app/src/ma
in/java/dev/aurakai/auraframefx/aura/AuraFxConte
ntApiClient.kt:34:13 Unresolved reference 
'GenerateTextRequest'.
e: file:///C:/Users/Wehtt/AndroidStudioProjects/
A.u.r.a.K.a.i-Emergence_IdentityModel/app/src/ma
in/java/dev/aurakai/auraframefx/aura/AuraFxConte
ntApiClient.kt:55:26 Unresolved reference 
'aiGenerateImageDescriptionPost'.
e: file:///C:/Users/Wehtt/AndroidStudioProjects/
A.u.r.a.K.a.i-Emergence_IdentityModel/app/src/ma
in/java/dev/aurakai/auraframefx/aura/AuraFxConte
ntApiClient.kt:56:17 Unresolved reference 
'GenerateImageDescriptionRequest'.
e: file:///C:/Users/Wehtt/AndroidStudioProjects/
A.u.r.a.K.a.i-Emergence_IdentityModel/app/src/ma
in/java/dev/aurakai/auraframefx/aura/AuraXposedM
odule.kt:21:21 Unresolved reference 'config'.
e: file:///C:/Users/Wehtt/AndroidStudioProjects/
A.u.r.a.K.a.i-Emergence_IdentityModel/app/src/ma
in/java/dev/aurakai/auraframefx/aura/animations/
AnimationUtils.kt:46:18 Unresolved reference 
'isVisible'.
e: file:///C:/Users/Wehtt/AndroidStudioProjects/
A.u.r.a.K.a.i-Emergence_IdentityModel/app/src/ma
in/java/dev/aurakai/auraframefx/aura/animations/
AnimationUtils.kt:114:18 Unresolved reference 
'isVisible'.
e: file:///C:/Users/Wehtt/AndroidStudioProjects/
A.u.r.a.K.a.i-Emergence_IdentityModel/app/src/ma
in/java/dev/aurakai/auraframefx/aura/animations/
AnimationUtils.kt:210:37 Unresolved reference 
'toDrawable'.
e: file:///C:/Users/Wehtt/AndroidStudioProjects/
A.u.r.a.K.a.i-Emergence_IdentityModel/app/src/ma
in/java/dev/aurakai/auraframefx/aura/animations/
HomeScreenTransitionConfig.kt:4:15 Unresolved 
reference 'HomeScreenTransitionType'.
e: file:///C:/Users/Wehtt/AndroidStudioProjects/
A.u.r.a.K.a.i-Emergence_IdentityModel/app/src/ma
in/java/dev/aurakai/auraframefx/aura/animations/
HomeScreenTransitionConfig.kt:4:42 Unresolved 
reference 'HomeScreenTransitionType'.
e: file:///C:/Users/Wehtt/AndroidStudioProjects/
A.u.r.a.K.a.i-Emergence_IdentityModel/app/src/ma
in/java/dev/aurakai/auraframefx/aura/animations/
HomeScreenTransitionManager.kt:31:41 Unresolved 
reference 'GLOBE_ROTATE'.
e: file:///C:/Users/Wehtt/AndroidStudioProjects/
A.u.r.a.K.a.i-Emergence_IdentityModel/app/src/ma
in/java/dev/aurakai/auraframefx/aura/animations/
HomeScreenTransitionManager.kt:109:42 
Unresolved reference 'GLOBE_ROTATE'.
e: file:///C:/Users/Wehtt/AndroidStudioProjects/
A.u.r.a.K.a.i-Emergence_IdentityModel/app/src/ma
in/java/dev/aurakai/auraframefx/aura/animations/
HomeScreenTransitionManager.kt:196:37 
Unresolved reference 'name'.
e: file:///C:/Users/Wehtt/AndroidStudioProjects/
A.u.r.a.K.a.i-Emergence_IdentityModel/app/src/ma
in/java/dev/aurakai/auraframefx/aura/themes/Cybe
rpunkThemeElements.kt:17:53 Unresolved 
reference 'labelMedium'.
e: file:///C:/Users/Wehtt/AndroidStudioProjects/
A.u.r.a.K.a.i-Emergence_IdentityModel/app/src/ma
in/java/dev/aurakai/auraframefx/aura/themes/Cybe
rpunkThemeElements.kt:18:52 Unresolved 
reference 'bodyMedium'.
e: file:///C:/Users/Wehtt/AndroidStudioProjects/
A.u.r.a.K.a.i-Emergence_IdentityModel/app/src/ma
in/java/dev/aurakai/auraframefx/aura/themes/Cybe
rpunkThemeElements.kt:20:42 Unresolved 
reference 'bodyMedium'.
e: file:///C:/Users/Wehtt/AndroidStudioProjects/
A.u.r.a.K.a.i-Emergence_IdentityModel/app/src/ma
in/java/dev/aurakai/auraframefx/aura/themes/Cybe
rpunkThemeElements.kt:20:85 Unresolved 
reference 'displayLarge'.
e: file:///C:/Users/Wehtt/AndroidStudioProjects/
A.u.r.a.K.a.i-Emergence_IdentityModel/app/src/ma
in/java/dev/aurakai/auraframefx/aura/themes/NewT
hemes.kt:7:15 Cannot access 'constructor(): 
Color': it is private in 
'dev.aurakai.auraframefx.ui.theme.Color'.
e: file:///C:/Users/Wehtt/AndroidStudioProjects/
A.u.r.a.K.a.i-Emergence_IdentityModel/app/src/ma
in/java/dev/aurakai/auraframefx/aura/themes/NewT
hemes.kt:7:15 Argument type mismatch: actual 
type is 
'dev.aurakai.auraframefx.ui.theme.Color', but 
'androidx.compose.ui.graphics.Color' was 
expected.
e: file:///C:/Users/Wehtt/AndroidStudioProjects/
A.u.r.a.K.a.i-Emergence_IdentityModel/app/src/ma
in/java/dev/aurakai/auraframefx/aura/themes/NewT
hemes.kt:7:15 Enum types cannot be instantiated.
e: file:///C:/Users/Wehtt/AndroidStudioProjects/
A.u.r.a.K.a.i-Emergence_IdentityModel/app/src/ma
in/java/dev/aurakai/auraframefx/aura/themes/NewT
hemes.kt:8:17 Cannot access 'constructor(): 
Color': it is private in 
'dev.aurakai.auraframefx.ui.theme.Color'.
e: file:///C:/Users/Wehtt/AndroidStudioProjects/
A.u.r.a.K.a.i-Emergence_IdentityModel/app/src/ma
in/java/dev/aurakai/auraframefx/aura/themes/NewT
hemes.kt:8:17 Argument type mismatch: actual 
type is 
'dev.aurakai.auraframefx.ui.theme.Color', but 
'androidx.compose.ui.graphics.Color' was 
expected.
e: file:///C:/Users/Wehtt/AndroidStudioProjects/
A.u.r.a.K.a.i-Emergence_IdentityModel/app/src/ma
in/java/dev/aurakai/auraframefx/aura/themes/NewT
hemes.kt:8:17 Enum types cannot be instantiated.
e: file:///C:/Users/Wehtt/AndroidStudioProjects/
A.u.r.a.K.a.i-Emergence_IdentityModel/app/src/ma
in/java/dev/aurakai/auraframefx/aura/themes/NewT
hemes.kt:9:16 Cannot access 'constructor(): 
Color': it is private in 
'dev.aurakai.auraframefx.ui.theme.Color'.
e: file:///C:/Users/Wehtt/AndroidStudioProjects/
A.u.r.a.K.a.i-Emergence_IdentityModel/app/src/ma
in/java/dev/aurakai/auraframefx/aura/themes/NewT
hemes.kt:9:16 Argument type mismatch: actual 
type is 
'dev.aurakai.auraframefx.ui.theme.Color', but 
'androidx.compose.ui.graphics.Color' was 
expected.
e: file:///C:/Users/Wehtt/AndroidStudioProjects/
A.u.r.a.K.a.i-Emergence_IdentityModel/app/src/ma
in/java/dev/aurakai/auraframefx/aura/themes/NewT
hemes.kt:9:16 Enum types cannot be instantiated.
e: file:///C:/Users/Wehtt/AndroidStudioProjects/
A.u.r.a.K.a.i-Emergence_IdentityModel/app/src/ma
in/java/dev/aurakai/auraframefx/aura/themes/NewT
hemes.kt:10:18 Cannot access 'constructor(): 
Color': it is private in 
'dev.aurakai.auraframefx.ui.theme.Color'.
e: file:///C:/Users/Wehtt/AndroidStudioProjects/
A.u.r.a.K.a.i-Emergence_IdentityModel/app/src/ma
in/java/dev/aurakai/auraframefx/aura/themes/NewT
hemes.kt:10:18 Argument type mismatch: actual 
type is 
'dev.aurakai.auraframefx.ui.theme.Color', but 
'androidx.compose.ui.graphics.Color' was 
expected.
e: file:///C:/Users/Wehtt/AndroidStudioProjects/
A.u.r.a.K.a.i-Emergence_IdentityModel/app/src/ma
in/java/dev/aurakai/auraframefx/aura/themes/NewT
hemes.kt:10:18 Enum types cannot be 
instantiated.
e: file:///C:/Users/Wehtt/AndroidStudioProjects/
A.u.r.a.K.a.i-Emergence_IdentityModel/app/src/ma
in/java/dev/aurakai/auraframefx/aura/themes/NewT
hemes.kt:11:15 Cannot access 'constructor(): 
Color': it is private in 
'dev.aurakai.auraframefx.ui.theme.Color'.
e: file:///C:/Users/Wehtt/AndroidStudioProjects/
A.u.r.a.K.a.i-Emergence_IdentityModel/app/src/ma
in/java/dev/aurakai/auraframefx/aura/themes/NewT
hemes.kt:11:15 Argument type mismatch: actual 
type is 
'dev.aurakai.auraframefx.ui.theme.Color', but 
'androidx.compose.ui.graphics.Color' was 
expected.
e: file:///C:/Users/Wehtt/AndroidStudioProjects/
A.u.r.a.K.a.i-Emergence_IdentityModel/app/src/ma
in/java/dev/aurakai/auraframefx/aura/themes/NewT
hemes.kt:11:15 Enum types cannot be 
instantiated.
e: file:///C:/Users/Wehtt/AndroidStudioProjects/
A.u.r.a.K.a.i-Emergence_IdentityModel/app/src/ma
in/java/dev/aurakai/auraframefx/aura/themes/NewT
hemes.kt:12:17 Cannot access 'constructor(): 
Color': it is private in 
'dev.aurakai.auraframefx.ui.theme.Color'.
e: file:///C:/Users/Wehtt/AndroidStudioProjects/
A.u.r.a.K.a.i-Emergence_IdentityModel/app/src/ma
in/java/dev/aurakai/auraframefx/aura/themes/NewT
hemes.kt:12:17 Argument type mismatch: actual 
type is 
'dev.aurakai.auraframefx.ui.theme.Color', but 
'androidx.compose.ui.graphics.Color' was 
expected.
e: file:///C:/Users/Wehtt/AndroidStudioProjects/
A.u.r.a.K.a.i-Emergence_IdentityModel/app/src/ma
in/java/dev/aurakai/auraframefx/aura/themes/NewT
hemes.kt:12:17 Enum types cannot be 
instantiated.
e: file:///C:/Users/Wehtt/AndroidStudioProjects/
A.u.r.a.K.a.i-Emergence_IdentityModel/app/src/ma
in/java/dev/aurakai/auraframefx/aura/themes/NewT
hemes.kt:13:19 Cannot access 'constructor(): 
Color': it is private in 
'dev.aurakai.auraframefx.ui.theme.Color'.
e: file:///C:/Users/Wehtt/AndroidStudioProjects/
A.u.r.a.K.a.i-Emergence_IdentityModel/app/src/ma
in/java/dev/aurakai/auraframefx/aura/themes/NewT
hemes.kt:13:19 Argument type mismatch: actual 
type is 
'dev.aurakai.auraframefx.ui.theme.Color', but 
'androidx.compose.ui.graphics.Color' was 
expected.
e: file:///C:/Users/Wehtt/AndroidStudioProjects/
A.u.r.a.K.a.i-Emergence_IdentityModel/app/src/ma
in/java/dev/aurakai/auraframefx/aura/themes/NewT
hemes.kt:13:19 Enum types cannot be 
instantiated.
e: file:///C:/Users/Wehtt/AndroidStudioProjects/
A.u.r.a.K.a.i-Emergence_IdentityModel/app/src/ma
in/java/dev/aurakai/auraframefx/aura/themes/NewT
hemes.kt:14:18 Cannot access 'constructor(): 
Color': it is private in 
'dev.aurakai.auraframefx.ui.theme.Color'.
e: file:///C:/Users/Wehtt/AndroidStudioProjects/
A.u.r.a.K.a.i-Emergence_IdentityModel/app/src/ma
in/java/dev/aurakai/auraframefx/aura/themes/NewT
hemes.kt:14:18 Argument type mismatch: actual 
type is 
'dev.aurakai.auraframefx.ui.theme.Color', but 
'androidx.compose.ui.graphics.Color' was 
expected.
e: file:///C:/Users/Wehtt/AndroidStudioProjects/
A.u.r.a.K.a.i-Emergence_IdentityModel/app/src/ma
in/java/dev/aurakai/auraframefx/aura/themes/NewT
hemes.kt:14:18 Enum types cannot be 
instantiated.
e: file:///C:/Users/Wehtt/AndroidStudioProjects/
A.u.r.a.K.a.i-Emergence_IdentityModel/app/src/ma
in/java/dev/aurakai/auraframefx/aura/themes/NewT
hemes.kt:15:20 Cannot access 'constructor(): 
Color': it is private in 
'dev.aurakai.auraframefx.ui.theme.Color'.
e: file:///C:/Users/Wehtt/AndroidStudioProjects/
A.u.r.a.K.a.i-Emergence_IdentityModel/app/src/ma
in/java/dev/aurakai/auraframefx/aura/themes/NewT
hemes.kt:15:20 Argument type mismatch: actual 
type is 
'dev.aurakai.auraframefx.ui.theme.Color', but 
'androidx.compose.ui.graphics.Color' was 
expected.
e: file:///C:/Users/Wehtt/AndroidStudioProjects/
A.u.r.a.K.a.i-Emergence_IdentityModel/app/src/ma
in/java/dev/aurakai/auraframefx/aura/themes/NewT
hemes.kt:15:20 Enum types cannot be 
instantiated.
e: file:///C:/Users/Wehtt/AndroidStudioProjects/
A.u.r.a.K.a.i-Emergence_IdentityModel/app/src/ma
in/java/dev/aurakai/auraframefx/aura/themes/NewT
hemes.kt:16:17 Cannot access 'constructor(): 
Color': it is private in 
'dev.aurakai.auraframefx.ui.theme.Color'.
e: file:///C:/Users/Wehtt/AndroidStudioProjects/
A.u.r.a.K.a.i-Emergence_IdentityModel/app/src/ma
in/java/dev/aurakai/auraframefx/aura/themes/NewT
hemes.kt:16:17 Argument type mismatch: actual 
type is 
'dev.aurakai.auraframefx.ui.theme.Color', but 
'androidx.compose.ui.graphics.Color' was 
expected.
e: file:///C:/Users/Wehtt/AndroidStudioProjects/
A.u.r.a.K.a.i-Emergence_IdentityModel/app/src/ma
in/java/dev/aurakai/auraframefx/aura/themes/NewT
hemes.kt:16:17 Enum types cannot be 
instantiated.
e: file:///C:/Users/Wehtt/AndroidStudioProjects/
A.u.r.a.K.a.i-Emergence_IdentityModel/app/src/ma
in/java/dev/aurakai/auraframefx/aura/themes/NewT
hemes.kt:20:15 Cannot access 'constructor(): 
Color': it is private in 
'dev.aurakai.auraframefx.ui.theme.Color'.
e: file:///C:/Users/Wehtt/AndroidStudioProjects/
A.u.r.a.K.a.i-Emergence_IdentityModel/app/src/ma
in/java/dev/aurakai/auraframefx/aura/themes/NewT
hemes.kt:20:15 Argument type mismatch: actual 
type is 
'dev.aurakai.auraframefx.ui.theme.Color', but 
'androidx.compose.ui.graphics.Color' was 
expected.
e: file:///C:/Users/Wehtt/AndroidStudioProjects/
A.u.r.a.K.a.i-Emergence_IdentityModel/app/src/ma
in/java/dev/aurakai/auraframefx/aura/themes/NewT
hemes.kt:20:15 Enum types cannot be 
instantiated.
e: file:///C:/Users/Wehtt/AndroidStudioProjects/
A.u.r.a.K.a.i-Emergence_IdentityModel/app/src/ma
in/java/dev/aurakai/auraframefx/aura/themes/NewT
hemes.kt:21:17 Cannot access 'constructor(): 
Color': it is private in 
'dev.aurakai.auraframefx.ui.theme.Color'.
e: file:///C:/Users/Wehtt/AndroidStudioProjects/
A.u.r.a.K.a.i-Emergence_IdentityModel/app/src/ma
in/java/dev/aurakai/auraframefx/aura/themes/NewT
hemes.kt:21:17 Argument type mismatch: actual 
type is 
'dev.aurakai.auraframefx.ui.theme.Color', but 
'androidx.compose.ui.graphics.Color' was 
expected.
e: file:///C:/Users/Wehtt/AndroidStudioProjects/
A.u.r.a.K.a.i-Emergence_IdentityModel/app/src/ma
in/java/dev/aurakai/auraframefx/aura/themes/NewT
hemes.kt:21:17 Enum types cannot be 
instantiated.
e: file:///C:/Users/Wehtt/AndroidStudioProjects/
A.u.r.a.K.a.i-Emergence_IdentityModel/app/src/ma
in/java/dev/aurakai/auraframefx/aura/themes/NewT
hemes.kt:22:16 Cannot access 'constructor(): 
Color': it is private in 
'dev.aurakai.auraframefx.ui.theme.Color'.
e: file:///C:/Users/Wehtt/AndroidStudioProjects/
A.u.r.a.K.a.i-Emergence_IdentityModel/app/src/ma
in/java/dev/aurakai/auraframefx/aura/themes/NewT
hemes.kt:22:16 Argument type mismatch: actual 
type is 
'dev.aurakai.auraframefx.ui.theme.Color', but 
'androidx.compose.ui.graphics.Color' was 
expected.
e: file:///C:/Users/Wehtt/AndroidStudioProjects/
A.u.r.a.K.a.i-Emergence_IdentityModel/app/src/ma
in/java/dev/aurakai/auraframefx/aura/themes/NewT
hemes.kt:22:16 Enum types cannot be 
instantiated.
e: file:///C:/Users/Wehtt/AndroidStudioProjects/
A.u.r.a.K.a.i-Emergence_IdentityModel/app/src/ma
in/java/dev/aurakai/auraframefx/aura/themes/NewT
hemes.kt:23:18 Cannot access 'constructor(): 
Color': it is private in 
'dev.aurakai.auraframefx.ui.theme.Color'.
e: file:///C:/Users/Wehtt/AndroidStudioProjects/
A.u.r.a.K.a.i-Emergence_IdentityModel/app/src/ma
in/java/dev/aurakai/auraframefx/aura/themes/NewT
hemes.kt:23:18 Argument type mismatch: actual 
type is 
'dev.aurakai.auraframefx.ui.theme.Color', but 
'androidx.compose.ui.graphics.Color' was 
expected.
e: file:///C:/Users/Wehtt/AndroidStudioProjects/
A.u.r.a.K.a.i-Emergence_IdentityModel/app/src/ma
in/java/dev/aurakai/auraframefx/aura/themes/NewT
hemes.kt:23:18 Enum types cannot be 
instantiated.
e: file:///C:/Users/Wehtt/AndroidStudioProjects/
A.u.r.a.K.a.i-Emergence_IdentityModel/app/src/ma
in/java/dev/aurakai/auraframefx/aura/themes/NewT
hemes.kt:24:15 Cannot access 'constructor(): 
Color': it is private in 
'dev.aurakai.auraframefx.ui.theme.Color'.
e: file:///C:/Users/Wehtt/AndroidStudioProjects/
A.u.r.a.K.a.i-Emergence_IdentityModel/app/src/ma
in/java/dev/aurakai/auraframefx/aura/themes/NewT
hemes.kt:24:15 Argument type mismatch: actual 
type is 
'dev.aurakai.auraframefx.ui.theme.Color', but 
'androidx.compose.ui.graphics.Color' was 
expected.
e: file:///C:/Users/Wehtt/AndroidStudioProjects/
A.u.r.a.K.a.i-Emergence_IdentityModel/app/src/ma
in/java/dev/aurakai/auraframefx/aura/themes/NewT
hemes.kt:24:15 Enum types cannot be 
instantiated.
e: file:///C:/Users/Wehtt/AndroidStudioProjects/
A.u.r.a.K.a.i-Emergence_IdentityModel/app/src/ma
in/java/dev/aurakai/auraframefx/aura/themes/NewT
hemes.kt:25:17 Cannot access 'constructor(): 
Color': it is private in 
'dev.aurakai.auraframefx.ui.theme.Color'.
e: file:///C:/Users/Wehtt/AndroidStudioProjects/
A.u.r.a.K.a.i-Emergence_IdentityModel/app/src/ma
in/java/dev/aurakai/auraframefx/aura/themes/NewT
hemes.kt:25:17 Argument type mismatch: actual 
type is 
'dev.aurakai.auraframefx.ui.theme.Color', but 
'androidx.compose.ui.graphics.Color' was 
expected.
e: file:///C:/Users/Wehtt/AndroidStudioProjects/
A.u.r.a.K.a.i-Emergence_IdentityModel/app/src/ma
in/java/dev/aurakai/auraframefx/aura/themes/NewT
hemes.kt:25:17 Enum types cannot be 
instantiated.
e: file:///C:/Users/Wehtt/AndroidStudioProjects/
A.u.r.a.K.a.i-Emergence_IdentityModel/app/src/ma
in/java/dev/aurakai/auraframefx/aura/themes/NewT
hemes.kt:26:19 Cannot access 'constructor(): 
Color': it is private in 
'dev.aurakai.auraframefx.ui.theme.Color'.
e: file:///C:/Users/Wehtt/AndroidStudioProjects/
A.u.r.a.K.a.i-Emergence_IdentityModel/app/src/ma
in/java/dev/aurakai/auraframefx/aura/themes/NewT
hemes.kt:26:19 Argument type mismatch: actual 
type is 
'dev.aurakai.auraframefx.ui.theme.Color', but 
'androidx.compose.ui.graphics.Color' was 
expected.
e: file:///C:/Users/Wehtt/AndroidStudioProjects/
A.u.r.a.K.a.i-Emergence_IdentityModel/app/src/ma
in/java/dev/aurakai/auraframefx/aura/themes/NewT
hemes.kt:26:19 Enum types cannot be 
instantiated.
e: file:///C:/Users/Wehtt/AndroidStudioProjects/
A.u.r.a.K.a.i-Emergence_IdentityModel/app/src/ma
in/java/dev/aurakai/auraframefx/aura/themes/NewT
hemes.kt:27:18 Cannot access 'constructor(): 
Color': it is private in 
'dev.aurakai.auraframefx.ui.theme.Color'.
e: file:///C:/Users/Wehtt/AndroidStudioProjects/
A.u.r.a.K.a.i-Emergence_IdentityModel/app/src/ma
in/java/dev/aurakai/auraframefx/aura/themes/NewT
hemes.kt:27:18 Argument type mismatch: actual 
type is 
'dev.aurakai.auraframefx.ui.theme.Color', but 
'androidx.compose.ui.graphics.Color' was 
expected.
e: file:///C:/Users/Wehtt/AndroidStudioProjects/
A.u.r.a.K.a.i-Emergence_IdentityModel/app/src/ma
in/java/dev/aurakai/auraframefx/aura/themes/NewT
hemes.kt:27:18 Enum types cannot be 
instantiated.
e: file:///C:/Users/Wehtt/AndroidStudioProjects/
A.u.r.a.K.a.i-Emergence_IdentityModel/app/src/ma
in/java/dev/aurakai/auraframefx/aura/themes/NewT
hemes.kt:28:20 Cannot access 'constructor(): 
Color': it is private in 
'dev.aurakai.auraframefx.ui.theme.Color'.
e: file:///C:/Users/Wehtt/AndroidStudioProjects/
A.u.r.a.K.a.i-Emergence_IdentityModel/app/src/ma
in/java/dev/aurakai/auraframefx/aura/themes/NewT
hemes.kt:28:20 Argument type mismatch: actual 
type is 
'dev.aurakai.auraframefx.ui.theme.Color', but 
'androidx.compose.ui.graphics.Color' was 
expected.
e: file:///C:/Users/Wehtt/AndroidStudioProjects/
A.u.r.a.K.a.i-Emergence_IdentityModel/app/src/ma
in/java/dev/aurakai/auraframefx/aura/themes/NewT
hemes.kt:28:20 Enum types cannot be 
instantiated.
e: file:///C:/Users/Wehtt/AndroidStudioProjects/
A.u.r.a.K.a.i-Emergence_IdentityModel/app/src/ma
in/java/dev/aurakai/auraframefx/aura/themes/NewT
hemes.kt:29:17 Cannot access 'constructor(): 
Color': it is private in 
'dev.aurakai.auraframefx.ui.theme.Color'.
e: file:///C:/Users/Wehtt/AndroidStudioProjects/
A.u.r.a.K.a.i-Emergence_IdentityModel/app/src/ma
in/java/dev/aurakai/auraframefx/aura/themes/NewT
hemes.kt:29:17 Argument type mismatch: actual 
type is 
'dev.aurakai.auraframefx.ui.theme.Color', but 
'androidx.compose.ui.graphics.Color' was 
expected.
e: file:///C:/Users/Wehtt/AndroidStudioProjects/
A.u.r.a.K.a.i-Emergence_IdentityModel/app/src/ma
in/java/dev/aurakai/auraframefx/aura/themes/NewT
hemes.kt:29:17 Enum types cannot be 
instantiated.
e: file:///C:/Users/Wehtt/AndroidStudioProjects/
A.u.r.a.K.a.i-Emergence_IdentityModel/app/src/ma
in/java/dev/aurakai/auraframefx/aura/themes/Them
eColorPicker.kt:48:42 Unresolved reference 
'toColorInt'.
e: file:///C:/Users/Wehtt/AndroidStudioProjects/
A.u.r.a.K.a.i-Emergence_IdentityModel/app/src/ma
in/java/dev/aurakai/auraframefx/aura/themes/Them
eColorPicker.kt:50:56 Unresolved reference 
'toColorInt'.
e: file:///C:/Users/Wehtt/AndroidStudioProjects/
A.u.r.a.K.a.i-Emergence_IdentityModel/app/src/ma
in/java/dev/aurakai/auraframefx/aura/themes/Them
eColorPicker.kt:57:44 Unresolved reference 
'toColorInt'.
e: file:///C:/Users/Wehtt/AndroidStudioProjects/
A.u.r.a.K.a.i-Emergence_IdentityModel/app/src/ma
in/java/dev/aurakai/auraframefx/aura/themes/Them
eColorPicker.kt:59:58 Unresolved reference 
'toColorInt'.
e: file:///C:/Users/Wehtt/AndroidStudioProjects/
A.u.r.a.K.a.i-Emergence_IdentityModel/app/src/ma
in/java/dev/aurakai/auraframefx/aura/themes/Them
eColorPicker.kt:66:45 Unresolved reference 
'toColorInt'.
e: file:///C:/Users/Wehtt/AndroidStudioProjects/
A.u.r.a.K.a.i-Emergence_IdentityModel/app/src/ma
in/java/dev/aurakai/auraframefx/aura/themes/Them
eColorPicker.kt:68:59 Unresolved reference 
'toColorInt'.
e: file:///C:/Users/Wehtt/AndroidStudioProjects/
A.u.r.a.K.a.i-Emergence_IdentityModel/app/src/ma
in/java/dev/aurakai/auraframefx/aura/themes/Them
eColorPicker.kt:75:42 Unresolved reference 
'toColorInt'.
e: file:///C:/Users/Wehtt/AndroidStudioProjects/
A.u.r.a.K.a.i-Emergence_IdentityModel/app/src/ma
in/java/dev/aurakai/auraframefx/aura/themes/Them
eColorPicker.kt:77:56 Unresolved reference 
'toColorInt'.
e: file:///C:/Users/Wehtt/AndroidStudioProjects/
A.u.r.a.K.a.i-Emergence_IdentityModel/app/src/ma
in/java/dev/aurakai/auraframefx/aura/themes/Them
eColorPicker.kt:84:40 Unresolved reference 
'toColorInt'.
e: file:///C:/Users/Wehtt/AndroidStudioProjects/
A.u.r.a.K.a.i-Emergence_IdentityModel/app/src/ma
in/java/dev/aurakai/auraframefx/aura/themes/Them
eColorPicker.kt:86:54 Unresolved reference 
'toColorInt'.
e: file:///C:/Users/Wehtt/AndroidStudioProjects/
A.u.r.a.K.a.i-Emergence_IdentityModel/app/src/ma
in/java/dev/aurakai/auraframefx/aura/themes/Them
eColorPicker.kt:107:21 No parameter with name 
'onColorChanged' found.
e: file:///C:/Users/Wehtt/AndroidStudioProjects/
A.u.r.a.K.a.i-Emergence_IdentityModel/app/src/ma
in/java/dev/aurakai/auraframefx/aura/themes/Them
eColorPicker.kt:107:21 No value passed for 
parameter 'onColorSelected'.
e: file:///C:/Users/Wehtt/AndroidStudioProjects/
A.u.r.a.K.a.i-Emergence_IdentityModel/app/src/ma
in/java/dev/aurakai/auraframefx/aura/themes/Them
eColorPicker.kt:107:55 Unresolved reference 
'it'.
e: file:///C:/Users/Wehtt/AndroidStudioProjects/
A.u.r.a.K.a.i-Emergence_IdentityModel/app/src/ma
in/java/dev/aurakai/auraframefx/aura/themes/Them
eColorPicker.kt:120:58 Unresolved reference 
'toColorInt'.
e: file:///C:/Users/Wehtt/AndroidStudioProjects/
A.u.r.a.K.a.i-Emergence_IdentityModel/app/src/ma
in/java/dev/aurakai/auraframefx/aura/themes/Them
eColorPicker.kt:126:59 Unresolved reference 
'toColorInt'.
e: file:///C:/Users/Wehtt/AndroidStudioProjects/
A.u.r.a.K.a.i-Emergence_IdentityModel/app/src/ma
in/java/dev/aurakai/auraframefx/aura/themes/Them
eColorPicker.kt:132:56 Unresolved reference 
'toColorInt'.
e: file:///C:/Users/Wehtt/AndroidStudioProjects/
A.u.r.a.K.a.i-Emergence_IdentityModel/app/src/ma
in/java/dev/aurakai/auraframefx/aura/themes/Them
eColorPicker.kt:138:54 Unresolved reference 
'toColorInt'.
e: file:///C:/Users/Wehtt/AndroidStudioProjects/
A.u.r.a.K.a.i-Emergence_IdentityModel/app/src/ma
in/java/dev/aurakai/auraframefx/aura/themes/Them
eColorPicker.kt:145:54 Unresolved reference 
'luminance'.
e: file:///C:/Users/Wehtt/AndroidStudioProjects/
A.u.r.a.K.a.i-Emergence_IdentityModel/app/src/ma
in/java/dev/aurakai/auraframefx/aura/themes/Them
eColorPicker.kt:148:58 Unresolved reference 
'toColorInt'.
e: file:///C:/Users/Wehtt/AndroidStudioProjects/
A.u.r.a.K.a.i-Emergence_IdentityModel/app/src/ma
in/java/dev/aurakai/auraframefx/aura/themes/Them
eColorPicker.kt:151:54 Unresolved reference 
'luminance'.
e: file:///C:/Users/Wehtt/AndroidStudioProjects/
A.u.r.a.K.a.i-Emergence_IdentityModel/app/src/ma
in/java/dev/aurakai/auraframefx/aura/themes/Them
eEditorPreview.kt:24:34 Cannot infer type for 
type parameter 'T'. Specify it explicitly.
e: file:///C:/Users/Wehtt/AndroidStudioProjects/
A.u.r.a.K.a.i-Emergence_IdentityModel/app/src/ma
in/java/dev/aurakai/auraframefx/aura/themes/Them
eEditorPreview.kt:24:34 Cannot infer type for 
type parameter 'T'. Specify it explicitly.
e: file:///C:/Users/Wehtt/AndroidStudioProjects/
A.u.r.a.K.a.i-Emergence_IdentityModel/app/src/ma
in/java/dev/aurakai/auraframefx/aura/themes/Them
eEditorPreview.kt:25:17 Cannot infer type for 
type parameter 'T'. Specify it explicitly.
e: file:///C:/Users/Wehtt/AndroidStudioProjects/
A.u.r.a.K.a.i-Emergence_IdentityModel/app/src/ma
in/java/dev/aurakai/auraframefx/aura/themes/Them
eEditorPreview.kt:26:21 Unresolved reference 
'ThemeColors'.
e: file:///C:/Users/Wehtt/AndroidStudioProjects/
A.u.r.a.K.a.i-Emergence_IdentityModel/app/src/ma
in/java/dev/aurakai/auraframefx/aura/themes/Them
eEditorPreview.kt:36:13 Unresolved reference 
'ThemeEditor'.
e: file:///C:/Users/Wehtt/AndroidStudioProjects/
A.u.r.a.K.a.i-Emergence_IdentityModel/app/src/ma
in/java/dev/aurakai/auraframefx/aura/themes/Them
eEditorPreview.kt:38:53 Unresolved reference 
'it'.
e: file:///C:/Users/Wehtt/AndroidStudioProjects/
A.u.r.a.K.a.i-Emergence_IdentityModel/app/src/ma
in/java/dev/aurakai/auraframefx/aura/themes/Them
eEditorPreview.kt:58:23 Unresolved reference 
'toColorInt'.
e: file:///C:/Users/Wehtt/AndroidStudioProjects/
A.u.r.a.K.a.i-Emergence_IdentityModel/app/src/ma
in/java/dev/aurakai/auraframefx/aura/themes/Them
eManager.kt:11:39 Unresolved reference 
'toColorInt'.
e: file:///C:/Users/Wehtt/AndroidStudioProjects/
A.u.r.a.K.a.i-Emergence_IdentityModel/app/src/ma
in/java/dev/aurakai/auraframefx/aura/themes/Them
eManager.kt:12:43 Unresolved reference 
'toColorInt'.
e: file:///C:/Users/Wehtt/AndroidStudioProjects/
A.u.r.a.K.a.i-Emergence_IdentityModel/app/src/ma
in/java/dev/aurakai/auraframefx/aura/themes/Them
eManager.kt:13:38 Unresolved reference 
'toColorInt'.
e: file:///C:/Users/Wehtt/AndroidStudioProjects/
A.u.r.a.K.a.i-Emergence_IdentityModel/app/src/ma
in/java/dev/aurakai/auraframefx/aura/themes/Them
eManager.kt:14:46 Unresolved reference 
'toColorInt'.
e: file:///C:/Users/Wehtt/AndroidStudioProjects/
A.u.r.a.K.a.i-Emergence_IdentityModel/app/src/ma
in/java/dev/aurakai/auraframefx/aura/themes/Them
eManager.kt:15:41 Unresolved reference 
'toColorInt'.
e: file:///C:/Users/Wehtt/AndroidStudioProjects/
A.u.r.a.K.a.i-Emergence_IdentityModel/app/src/ma
in/java/dev/aurakai/auraframefx/aura/themes/Them
eManager.kt:16:48 Unresolved reference 
'toColorInt'.
e: file:///C:/Users/Wehtt/AndroidStudioProjects/
A.u.r.a.K.a.i-Emergence_IdentityModel/app/src/ma
in/java/dev/aurakai/auraframefx/aura/themes/Them
eManager.kt:26:29 Unresolved reference 
'ThemeColors'.
e: file:///C:/Users/Wehtt/AndroidStudioProjects/
A.u.r.a.K.a.i-Emergence_IdentityModel/app/src/ma
in/java/dev/aurakai/auraframefx/aura/themes/Them
eManager.kt:27:31 Unresolved reference 
'primary'.
e: file:///C:/Users/Wehtt/AndroidStudioProjects/
A.u.r.a.K.a.i-Emergence_IdentityModel/app/src/ma
in/java/dev/aurakai/auraframefx/aura/themes/Them
eManager.kt:28:38 Unresolved reference 
'primaryVariant'.
e: file:///C:/Users/Wehtt/AndroidStudioProjects/
A.u.r.a.K.a.i-Emergence_IdentityModel/app/src/ma
in/java/dev/aurakai/auraframefx/aura/themes/Them
eManager.kt:29:33 Unresolved reference 
'secondary'.
e: file:///C:/Users/Wehtt/AndroidStudioProjects/
A.u.r.a.K.a.i-Emergence_IdentityModel/app/src/ma
in/java/dev/aurakai/auraframefx/aura/themes/Them
eManager.kt:30:40 Unresolved reference 
'secondaryVariant'.
e: file:///C:/Users/Wehtt/AndroidStudioProjects/
A.u.r.a.K.a.i-Emergence_IdentityModel/app/src/ma
in/java/dev/aurakai/auraframefx/aura/themes/Them
eManager.kt:31:30 Unresolved reference 'accent'.
e: file:///C:/Users/Wehtt/AndroidStudioProjects/
A.u.r.a.K.a.i-Emergence_IdentityModel/app/src/ma
in/java/dev/aurakai/auraframefx/aura/themes/Them
eManager.kt:32:34 Unresolved reference 
'background'.
e: file:///C:/Users/Wehtt/AndroidStudioProjects/
A.u.r.a.K.a.i-Emergence_IdentityModel/app/src/ma
in/java/dev/aurakai/auraframefx/aura/themes/Them
eManager.kt:33:34 Unresolved reference 
'onBackground'.
e: file:///C:/Users/Wehtt/AndroidStudioProjects/
A.u.r.a.K.a.i-Emergence_IdentityModel/app/src/ma
in/java/dev/aurakai/auraframefx/aura/themes/Them
eManager.kt:52:70 Unresolved reference 
'ThemeColors'.
e: file:///C:/Users/Wehtt/AndroidStudioProjects/
A.u.r.a.K.a.i-Emergence_IdentityModel/app/src/ma
in/java/dev/aurakai/auraframefx/aura/themes/Them
eManager.kt:126:30 Unresolved reference 
'ThemeColors'.
e: file:///C:/Users/Wehtt/AndroidStudioProjects/
A.u.r.a.K.a.i-Emergence_IdentityModel/app/src/ma
in/java/dev/aurakai/auraframefx/aura/themes/Them
eManager.kt:128:33 Unresolved reference 
'primary'.
e: file:///C:/Users/Wehtt/AndroidStudioProjects/
A.u.r.a.K.a.i-Emergence_IdentityModel/app/src/ma
in/java/dev/aurakai/auraframefx/aura/themes/Them
eManager.kt:129:40 Unresolved reference 
'primaryVariant'.
e: file:///C:/Users/Wehtt/AndroidStudioProjects/
A.u.r.a.K.a.i-Emergence_IdentityModel/app/src/ma
in/java/dev/aurakai/auraframefx/aura/themes/Them
eManager.kt:130:35 Unresolved reference 
'secondary'.
e: file:///C:/Users/Wehtt/AndroidStudioProjects/
A.u.r.a.K.a.i-Emergence_IdentityModel/app/src/ma
in/java/dev/aurakai/auraframefx/aura/themes/Them
eManager.kt:131:42 Unresolved reference 
'secondaryVariant'.
e: file:///C:/Users/Wehtt/AndroidStudioProjects/
A.u.r.a.K.a.i-Emergence_IdentityModel/app/src/ma
in/java/dev/aurakai/auraframefx/aura/themes/Them
eManager.kt:132:32 Unresolved reference 
'accent'.
e: file:///C:/Users/Wehtt/AndroidStudioProjects/
A.u.r.a.K.a.i-Emergence_IdentityModel/app/src/ma
in/java/dev/aurakai/auraframefx/aura/themes/Them
eManager.kt:133:36 Unresolved reference 
'background'.
e: file:///C:/Users/Wehtt/AndroidStudioProjects/
A.u.r.a.K.a.i-Emergence_IdentityModel/app/src/ma
in/java/dev/aurakai/auraframefx/aura/themes/Them
eManager.kt:134:38 Unresolved reference 
'onBackground'.
e: file:///C:/Users/Wehtt/AndroidStudioProjects/
A.u.r.a.K.a.i-Emergence_IdentityModel/app/src/ma
in/java/dev/aurakai/auraframefx/aura/themes/Them
eManager.kt:141:14 Function invocation 
'alpha()' expected.
e: file:///C:/Users/Wehtt/AndroidStudioProjects/
A.u.r.a.K.a.i-Emergence_IdentityModel/app/src/ma
in/java/dev/aurakai/auraframefx/aura/themes/Them
eManager.kt:142:14 Function invocation 'red()' 
expected.
e: file:///C:/Users/Wehtt/AndroidStudioProjects/
A.u.r.a.K.a.i-Emergence_IdentityModel/app/src/ma
in/java/dev/aurakai/auraframefx/aura/themes/Them
eManager.kt:143:14 Function invocation 
'green()' expected.
e: file:///C:/Users/Wehtt/AndroidStudioProjects/
A.u.r.a.K.a.i-Emergence_IdentityModel/app/src/ma
in/java/dev/aurakai/auraframefx/aura/themes/Them
eManager.kt:144:14 Function invocation 'blue()' 
expected.
e: file:///C:/Users/Wehtt/AndroidStudioProjects/
A.u.r.a.K.a.i-Emergence_IdentityModel/app/src/ma
in/java/dev/aurakai/auraframefx/aura/themes/Them
ePreview.kt:110:22 No parameter with name 
'useDarkTheme' found.
e: file:///C:/Users/Wehtt/AndroidStudioProjects/
A.u.r.a.K.a.i-Emergence_IdentityModel/app/src/ma
in/java/dev/aurakai/auraframefx/aura/themes/Them
ePreview.kt:121:22 No parameter with name 
'useDarkTheme' found.
e: file:///C:/Users/Wehtt/AndroidStudioProjects/
A.u.r.a.K.a.i-Emergence_IdentityModel/app/src/ma
in/java/dev/aurakai/auraframefx/aura/themes/Them
ePreview.kt:132:22 No parameter with name 
'useDarkTheme' found.
e: file:///C:/Users/Wehtt/AndroidStudioProjects/
A.u.r.a.K.a.i-Emergence_IdentityModel/app/src/ma
in/java/dev/aurakai/auraframefx/aura/themes/Them
ePreview.kt:132:43 No parameter with name 
'dynamicColor' found.
e: file:///C:/Users/Wehtt/AndroidStudioProjects/
A.u.r.a.K.a.i-Emergence_IdentityModel/app/src/ma
in/java/dev/aurakai/auraframefx/aura/themes/Them
eService.kt:3:8 Unresolved reference 'edu'.
e: file:///C:/Users/Wehtt/AndroidStudioProjects/
A.u.r.a.K.a.i-Emergence_IdentityModel/app/src/ma
in/java/dev/aurakai/auraframefx/aura/themes/Them
eService.kt:8:27 Unresolved reference 
'StanfordCoreNLP'.
e: file:///C:/Users/Wehtt/AndroidStudioProjects/
A.u.r.a.K.a.i-Emergence_IdentityModel/app/src/ma
in/java/dev/aurakai/auraframefx/aura/themes/Them
eService.kt:13:20 Unresolved reference 
'StanfordCoreNLP'.
e: file:///C:/Users/Wehtt/AndroidStudioProjects/
A.u.r.a.K.a.i-Emergence_IdentityModel/app/src/ma
in/java/dev/aurakai/auraframefx/aura/themes/Them
eService.kt:19:33 Unresolved reference 
'newdocument'.
e: file:///C:/Users/Wehtt/AndroidStudioProjects/
A.u.r.a.K.a.i-Emergence_IdentityModel/app/src/ma
in/java/dev/aurakai/auraframefx/aura/themes/Them
eService.kt:20:18 Unresolved reference 
'annotate'.
e: file:///C:/Users/Wehtt/AndroidStudioProjects/
A.u.r.a.K.a.i-Emergence_IdentityModel/app/src/ma
in/java/dev/aurakai/auraframefx/aura/themes/Them
eService.kt:22:37 Unresolved reference 'it'.
e: file:///C:/Users/Wehtt/AndroidStudioProjects/
A.u.r.a.K.a.i-Emergence_IdentityModel/app/src/ma
in/java/dev/aurakai/auraframefx/aura/ui/AIChatSc
reen.kt:89:19 Argument type mismatch: actual 
type is 'List<ChatMessage>', but 'Int' was 
expected.
e: file:///C:/Users/Wehtt/AndroidStudioProjects/
A.u.r.a.K.a.i-Emergence_IdentityModel/app/src/ma
in/java/dev/aurakai/auraframefx/aura/ui/AIChatSc
reen.kt:90:33 Argument type mismatch: actual 
type is 'Int', but 'ChatMessage' was expected.
e: file:///C:/Users/Wehtt/AndroidStudioProjects/
A.u.r.a.K.a.i-Emergence_IdentityModel/app/src/ma
in/java/dev/aurakai/auraframefx/aura/ui/AIChatSc
reen.kt:195:9 Unresolved reference 
'AiChatScreen'.
e: file:///C:/Users/Wehtt/AndroidStudioProjects/
A.u.r.a.K.a.i-Emergence_IdentityModel/app/src/ma
in/java/dev/aurakai/auraframefx/aura/ui/AIFeatur
esScreen.kt:86:9 Unresolved reference 
'AiFeaturesScreen'.
e: file:///C:/Users/Wehtt/AndroidStudioProjects/
A.u.r.a.K.a.i-Emergence_IdentityModel/app/src/ma
in/java/dev/aurakai/auraframefx/aura/ui/AgentNex
usScreen.kt:64:30 Unresolved reference 'name'.
e: file:///C:/Users/Wehtt/AndroidStudioProjects/
A.u.r.a.K.a.i-Emergence_IdentityModel/app/src/ma
in/java/dev/aurakai/auraframefx/aura/ui/AgentNex
usScreen.kt:207:25 Unresolved reference 
'Stroke'.
e: file:///C:/Users/Wehtt/AndroidStudioProjects/
A.u.r.a.K.a.i-Emergence_IdentityModel/app/src/ma
in/java/dev/aurakai/auraframefx/aura/ui/AgentNex
usScreen.kt:215:29 Unresolved reference 
'Stroke'.
e: file:///C:/Users/Wehtt/AndroidStudioProjects/
A.u.r.a.K.a.i-Emergence_IdentityModel/app/src/ma
in/java/dev/aurakai/auraframefx/aura/ui/AgentNex
usScreen.kt:229:36 Unresolved reference 'name'.
e: file:///C:/Users/Wehtt/AndroidStudioProjects/
A.u.r.a.K.a.i-Emergence_IdentityModel/app/src/ma
in/java/dev/aurakai/auraframefx/aura/ui/AgentNex
usScreen.kt:231:51 Unresolved reference 'name'.
e: file:///C:/Users/Wehtt/AndroidStudioProjects/
A.u.r.a.K.a.i-Emergence_IdentityModel/app/src/ma
in/java/dev/aurakai/auraframefx/aura/ui/AgentNex
usScreen.kt:279:30 Argument type mismatch: 
actual type is 'AnimationState<Float, 
AnimationVector1D>', but 'Color' was expected.
e: file:///C:/Users/Wehtt/AndroidStudioProjects/
A.u.r.a.K.a.i-Emergence_IdentityModel/app/src/ma
in/java/dev/aurakai/auraframefx/aura/ui/AgentNex
usScreen.kt:279:36 Unresolved reference 'color'.
e: file:///C:/Users/Wehtt/AndroidStudioProjects/
A.u.r.a.K.a.i-Emergence_IdentityModel/app/src/ma
in/java/dev/aurakai/auraframefx/aura/ui/AgentNex
usScreen.kt:284:26 Unresolved reference 'name'.
e: file:///C:/Users/Wehtt/AndroidStudioProjects/
A.u.r.a.K.a.i-Emergence_IdentityModel/app/src/ma
in/java/dev/aurakai/auraframefx/aura/ui/AgentNex
usScreen.kt:304:18 None of the following 
candidates is applicable:
constructor(width: Dp, brush: Brush): 
BorderStroke
fun BorderStroke(width: Dp, color: Color): 
BorderStroke
e: file:///C:/Users/Wehtt/AndroidStudioProjects/
A.u.r.a.K.a.i-Emergence_IdentityModel/app/src/ma
in/java/dev/aurakai/auraframefx/aura/ui/AgentNex
usScreen.kt:304:43 Unresolved reference 'color'.
e: file:///C:/Users/Wehtt/AndroidStudioProjects/
A.u.r.a.K.a.i-Emergence_IdentityModel/app/src/ma
in/java/dev/aurakai/auraframefx/aura/ui/AgentNex
usScreen.kt:311:30 Unresolved reference 'name'.
e: file:///C:/Users/Wehtt/AndroidStudioProjects/
A.u.r.a.K.a.i-Emergence_IdentityModel/app/src/ma
in/java/dev/aurakai/auraframefx/aura/ui/AgentNex
usScreen.kt:312:31 Unresolved reference 'color'.
e: file:///C:/Users/Wehtt/AndroidStudioProjects/
A.u.r.a.K.a.i-Emergence_IdentityModel/app/src/ma
in/java/dev/aurakai/auraframefx/aura/ui/AgentNex
usScreen.kt:318:39 Unresolved reference 
'evolutionLevel'.
e: file:///C:/Users/Wehtt/AndroidStudioProjects/
A.u.r.a.K.a.i-Emergence_IdentityModel/app/src/ma
in/java/dev/aurakai/auraframefx/aura/ui/AgentNex
usScreen.kt:318:65 Unresolved reference 
'specialAbility'.
e: file:///C:/Users/Wehtt/AndroidStudioProjects/
A.u.r.a.K.a.i-Emergence_IdentityModel/app/src/ma
in/java/dev/aurakai/auraframefx/aura/ui/AgentNex
usScreen.kt:326:33 Unresolved reference 
'processingPower'.
e: file:///C:/Users/Wehtt/AndroidStudioProjects/
A.u.r.a.K.a.i-Emergence_IdentityModel/app/src/ma
in/java/dev/aurakai/auraframefx/aura/ui/AgentNex
usScreen.kt:327:33 Unresolved reference 
'knowledgeBase'.
e: file:///C:/Users/Wehtt/AndroidStudioProjects/
A.u.r.a.K.a.i-Emergence_IdentityModel/app/src/ma
in/java/dev/aurakai/auraframefx/aura/ui/AgentNex
usScreen.kt:328:33 Unresolved reference 'speed'.
e: file:///C:/Users/Wehtt/AndroidStudioProjects/
A.u.r.a.K.a.i-Emergence_IdentityModel/app/src/ma
in/java/dev/aurakai/auraframefx/aura/ui/AgentNex
usScreen.kt:329:33 Unresolved reference 
'accuracy'.
e: file:///C:/Users/Wehtt/AndroidStudioProjects/
A.u.r.a.K.a.i-Emergence_IdentityModel/app/src/ma
in/java/dev/aurakai/auraframefx/aura/ui/AuraMood
ViewModel.kt:6:39 Unresolved reference 
'Emotion'.
e: file:///C:/Users/Wehtt/AndroidStudioProjects/
A.u.r.a.K.a.i-Emergence_IdentityModel/app/src/ma
in/java/dev/aurakai/auraframefx/aura/ui/AuraMood
ViewModel.kt:7:39 Unresolved reference 
'MoodState'.
e: file:///C:/Users/Wehtt/AndroidStudioProjects/
A.u.r.a.K.a.i-Emergence_IdentityModel/app/src/ma
in/java/dev/aurakai/auraframefx/aura/ui/AuraMood
ViewModel.kt:28:30 Cannot infer type for type 
parameter 'T'. Specify it explicitly.
e: file:///C:/Users/Wehtt/AndroidStudioProjects/
A.u.r.a.K.a.i-Emergence_IdentityModel/app/src/ma
in/java/dev/aurakai/auraframefx/aura/ui/AuraMood
ViewModel.kt:28:47 Unresolved reference 
'MoodState'.
e: file:///C:/Users/Wehtt/AndroidStudioProjects/
A.u.r.a.K.a.i-Emergence_IdentityModel/app/src/ma
in/java/dev/aurakai/auraframefx/aura/ui/AuraMood
ViewModel.kt:29:30 Unresolved reference 
'MoodState'.
e: file:///C:/Users/Wehtt/AndroidStudioProjects/
A.u.r.a.K.a.i-Emergence_IdentityModel/app/src/ma
in/java/dev/aurakai/auraframefx/aura/ui/AuraMood
ViewModel.kt:29:54 Cannot infer type for type 
parameter 'T'. Specify it explicitly.
e: file:///C:/Users/Wehtt/AndroidStudioProjects/
A.u.r.a.K.a.i-Emergence_IdentityModel/app/src/ma
in/java/dev/aurakai/auraframefx/aura/ui/AuraMood
ViewModel.kt:31:54 Unresolved reference 
'MoodState'.
e: file:///C:/Users/Wehtt/AndroidStudioProjects/
A.u.r.a.K.a.i-Emergence_IdentityModel/app/src/ma
in/java/dev/aurakai/auraframefx/aura/ui/AuraMood
ViewModel.kt:31:66 Cannot infer type for type 
parameter 'T'. Specify it explicitly.
e: file:///C:/Users/Wehtt/AndroidStudioProjects/
A.u.r.a.K.a.i-Emergence_IdentityModel/app/src/ma
in/java/dev/aurakai/auraframefx/aura/ui/AuraMood
ViewModel.kt:31:66 Argument type mismatch: 
actual type is 'List<uninferred T (of fun <T> 
emptyList)>', but 'List<ERROR CLASS: Symbol not 
found for MoodState>' was expected.
e: file:///C:/Users/Wehtt/AndroidStudioProjects/
A.u.r.a.K.a.i-Emergence_IdentityModel/app/src/ma
in/java/dev/aurakai/auraframefx/aura/ui/AuraMood
ViewModel.kt:32:37 Unresolved reference 
'MoodState'.
e: file:///C:/Users/Wehtt/AndroidStudioProjects/
A.u.r.a.K.a.i-Emergence_IdentityModel/app/src/ma
in/java/dev/aurakai/auraframefx/aura/ui/AuraMood
ViewModel.kt:36:17 Unresolved reference 
'Emotion'.
e: file:///C:/Users/Wehtt/AndroidStudioProjects/
A.u.r.a.K.a.i-Emergence_IdentityModel/app/src/ma
in/java/dev/aurakai/auraframefx/aura/ui/AuraMood
ViewModel.kt:45:26 Unresolved reference 
'Emotion'.
e: file:///C:/Users/Wehtt/AndroidStudioProjects/
A.u.r.a.K.a.i-Emergence_IdentityModel/app/src/ma
in/java/dev/aurakai/auraframefx/aura/ui/AuraMood
ViewModel.kt:46:23 Unresolved reference 
'MoodState'.
e: file:///C:/Users/Wehtt/AndroidStudioProjects/
A.u.r.a.K.a.i-Emergence_IdentityModel/app/src/ma
in/java/dev/aurakai/auraframefx/aura/ui/AuraMood
ViewModel.kt:59:24 Unresolved reference 
'Emotion'.
e: file:///C:/Users/Wehtt/AndroidStudioProjects/
A.u.r.a.K.a.i-Emergence_IdentityModel/app/src/ma
in/java/dev/aurakai/auraframefx/aura/ui/AuraMood
ViewModel.kt:74:33 Unresolved reference 
'intensity'.
e: file:///C:/Users/Wehtt/AndroidStudioProjects/
A.u.r.a.K.a.i-Emergence_IdentityModel/app/src/ma
in/java/dev/aurakai/auraframefx/aura/ui/AuraMood
ViewModel.kt:79:86 Unresolved reference 
'emotion'.
e: file:///C:/Users/Wehtt/AndroidStudioProjects/
A.u.r.a.K.a.i-Emergence_IdentityModel/app/src/ma
in/java/dev/aurakai/auraframefx/aura/ui/AuraMood
ViewModel.kt:81:36 Unresolved reference 
'MoodState'.
e: file:///C:/Users/Wehtt/AndroidStudioProjects/
A.u.r.a.K.a.i-Emergence_IdentityModel/app/src/ma
in/java/dev/aurakai/auraframefx/aura/ui/AuraMood
ViewModel.kt:90:29 Unresolved reference 
'MoodState'.
e: file:///C:/Users/Wehtt/AndroidStudioProjects/
A.u.r.a.K.a.i-Emergence_IdentityModel/app/src/ma
in/java/dev/aurakai/auraframefx/aura/ui/AuraMood
ViewModel.kt:108:38 Unresolved reference 
'Emotion'.
e: file:///C:/Users/Wehtt/AndroidStudioProjects/
A.u.r.a.K.a.i-Emergence_IdentityModel/app/src/ma
in/java/dev/aurakai/auraframefx/aura/ui/AuraMood
ViewModel.kt:110:38 Unresolved reference 
'Emotion'.
e: file:///C:/Users/Wehtt/AndroidStudioProjects/
A.u.r.a.K.a.i-Emergence_IdentityModel/app/src/ma
in/java/dev/aurakai/auraframefx/aura/ui/AuraMood
ViewModel.kt:116:38 Unresolved reference 
'Emotion'.
e: file:///C:/Users/Wehtt/AndroidStudioProjects/
A.u.r.a.K.a.i-Emergence_IdentityModel/app/src/ma
in/java/dev/aurakai/auraframefx/aura/ui/AuraMood
ViewModel.kt:118:38 Unresolved reference 
'Emotion'.
e: file:///C:/Users/Wehtt/AndroidStudioProjects/
A.u.r.a.K.a.i-Emergence_IdentityModel/app/src/ma
in/java/dev/aurakai/auraframefx/aura/ui/AuraMood
ViewModel.kt:123:34 Unresolved reference 
'Emotion'.
e: file:///C:/Users/Wehtt/AndroidStudioProjects/
A.u.r.a.K.a.i-Emergence_IdentityModel/app/src/ma
in/java/dev/aurakai/auraframefx/aura/ui/AuraMood
ViewModel.kt:127:34 Unresolved reference 
'Emotion'.
e: file:///C:/Users/Wehtt/AndroidStudioProjects/
A.u.r.a.K.a.i-Emergence_IdentityModel/app/src/ma
in/java/dev/aurakai/auraframefx/aura/ui/AuraMood
ViewModel.kt:131:34 Unresolved reference 
'Emotion'.
e: file:///C:/Users/Wehtt/AndroidStudioProjects/
A.u.r.a.K.a.i-Emergence_IdentityModel/app/src/ma
in/java/dev/aurakai/auraframefx/aura/ui/AuraMood
ViewModel.kt:136:34 Unresolved reference 
'Emotion'.
e: file:///C:/Users/Wehtt/AndroidStudioProjects/
A.u.r.a.K.a.i-Emergence_IdentityModel/app/src/ma
in/java/dev/aurakai/auraframefx/aura/ui/AuraMood
ViewModel.kt:141:34 Unresolved reference 
'Emotion'.
e: file:///C:/Users/Wehtt/AndroidStudioProjects/
A.u.r.a.K.a.i-Emergence_IdentityModel/app/src/ma
in/java/dev/aurakai/auraframefx/aura/ui/AuraMood
ViewModel.kt:157:33 Unresolved reference 
'ageSeconds'.
e: file:///C:/Users/Wehtt/AndroidStudioProjects/
A.u.r.a.K.a.i-Emergence_IdentityModel/app/src/ma
in/java/dev/aurakai/auraframefx/aura/ui/AuraMood
ViewModel.kt:157:64 Unresolved reference 
'intensity'.
e: file:///C:/Users/Wehtt/AndroidStudioProjects/
A.u.r.a.K.a.i-Emergence_IdentityModel/app/src/ma
in/java/dev/aurakai/auraframefx/aura/ui/AuraMood
ViewModel.kt:158:53 Unresolved reference 
'intensity'.
e: file:///C:/Users/Wehtt/AndroidStudioProjects/
A.u.r.a.K.a.i-Emergence_IdentityModel/app/src/ma
in/java/dev/aurakai/auraframefx/aura/ui/AuraMood
ViewModel.kt:159:52 Unresolved reference 'copy'.
e: file:///C:/Users/Wehtt/AndroidStudioProjects/
A.u.r.a.K.a.i-Emergence_IdentityModel/app/src/ma
in/java/dev/aurakai/auraframefx/aura/ui/AuraMood
ViewModel.kt:167:47 Cannot infer type for type 
parameter 'T'. Specify it explicitly.
e: file:///C:/Users/Wehtt/AndroidStudioProjects/
A.u.r.a.K.a.i-Emergence_IdentityModel/app/src/ma
in/java/dev/aurakai/auraframefx/aura/ui/AuraMood
ViewModel.kt:168:25 Unresolved reference 
'Emotion'.
e: file:///C:/Users/Wehtt/AndroidStudioProjects/
A.u.r.a.K.a.i-Emergence_IdentityModel/app/src/ma
in/java/dev/aurakai/auraframefx/aura/ui/AuraMood
ViewModel.kt:169:25 Unresolved reference 
'Emotion'.
e: file:///C:/Users/Wehtt/AndroidStudioProjects/
A.u.r.a.K.a.i-Emergence_IdentityModel/app/src/ma
in/java/dev/aurakai/auraframefx/aura/ui/AuraMood
ViewModel.kt:170:25 Unresolved reference 
'Emotion'.
e: file:///C:/Users/Wehtt/AndroidStudioProjects/
A.u.r.a.K.a.i-Emergence_IdentityModel/app/src/ma
in/java/dev/aurakai/auraframefx/aura/ui/AuraMood
ViewModel.kt:171:25 Unresolved reference 
'Emotion'.
e: file:///C:/Users/Wehtt/AndroidStudioProjects/
A.u.r.a.K.a.i-Emergence_IdentityModel/app/src/ma
in/java/dev/aurakai/auraframefx/aura/ui/AuraMood
ViewModel.kt:174:58 Cannot infer type for type 
parameter 'T'. Specify it explicitly.
e: file:///C:/Users/Wehtt/AndroidStudioProjects/
A.u.r.a.K.a.i-Emergence_IdentityModel/app/src/ma
in/java/dev/aurakai/auraframefx/aura/ui/AuraMood
ViewModel.kt:185:39 Unresolved reference 
'emotion'.
e: file:///C:/Users/Wehtt/AndroidStudioProjects/
A.u.r.a.K.a.i-Emergence_IdentityModel/app/src/ma
in/java/dev/aurakai/auraframefx/aura/ui/AuraMood
ViewModel.kt:186:13 Unresolved reference 
'Emotion'.
e: file:///C:/Users/Wehtt/AndroidStudioProjects/
A.u.r.a.K.a.i-Emergence_IdentityModel/app/src/ma
in/java/dev/aurakai/auraframefx/aura/ui/AuraMood
ViewModel.kt:187:13 Unresolved reference 
'Emotion'.
e: file:///C:/Users/Wehtt/AndroidStudioProjects/
A.u.r.a.K.a.i-Emergence_IdentityModel/app/src/ma
in/java/dev/aurakai/auraframefx/aura/ui/AuraMood
ViewModel.kt:188:13 Unresolved reference 
'Emotion'.
e: file:///C:/Users/Wehtt/AndroidStudioProjects/
A.u.r.a.K.a.i-Emergence_IdentityModel/app/src/ma
in/java/dev/aurakai/auraframefx/aura/ui/AuraMood
ViewModel.kt:189:13 Unresolved reference 
'Emotion'.
e: file:///C:/Users/Wehtt/AndroidStudioProjects/
A.u.r.a.K.a.i-Emergence_IdentityModel/app/src/ma
in/java/dev/aurakai/auraframefx/aura/ui/AuraMood
ViewModel.kt:190:13 Unresolved reference 
'Emotion'.
e: file:///C:/Users/Wehtt/AndroidStudioProjects/
A.u.r.a.K.a.i-Emergence_IdentityModel/app/src/ma
in/java/dev/aurakai/auraframefx/aura/ui/AuraMood
ViewModel.kt:191:13 Unresolved reference 
'Emotion'.
e: file:///C:/Users/Wehtt/AndroidStudioProjects/
A.u.r.a.K.a.i-Emergence_IdentityModel/app/src/ma
in/java/dev/aurakai/auraframefx/aura/ui/AuraMood
ViewModel.kt:192:13 Unresolved reference 
'Emotion'.
e: file:///C:/Users/Wehtt/AndroidStudioProjects/
A.u.r.a.K.a.i-Emergence_IdentityModel/app/src/ma
in/java/dev/aurakai/auraframefx/aura/ui/AuraMood
ViewModel.kt:193:13 Unresolved reference 
'Emotion'.
e: file:///C:/Users/Wehtt/AndroidStudioProjects/
A.u.r.a.K.a.i-Emergence_IdentityModel/app/src/ma
in/java/dev/aurakai/auraframefx/aura/ui/AuraMood
ViewModel.kt:194:13 Unresolved reference 
'Emotion'.
e: file:///C:/Users/Wehtt/AndroidStudioProjects/
A.u.r.a.K.a.i-Emergence_IdentityModel/app/src/ma
in/java/dev/aurakai/auraframefx/aura/ui/AuraMood
ViewModel.kt:195:13 Unresolved reference 
'Emotion'.
e: file:///C:/Users/Wehtt/AndroidStudioProjects/
A.u.r.a.K.a.i-Emergence_IdentityModel/app/src/ma
in/java/dev/aurakai/auraframefx/aura/ui/AuraMood
ViewModel.kt:206:18 Unresolved reference 
'intensity'.
e: file:///C:/Users/Wehtt/AndroidStudioProjects/
A.u.r.a.K.a.i-Emergence_IdentityModel/app/src/ma
in/java/dev/aurakai/auraframefx/aura/ui/AuraMood
ViewModel.kt:207:18 Unresolved reference 
'intensity'.
e: file:///C:/Users/Wehtt/AndroidStudioProjects/
A.u.r.a.K.a.i-Emergence_IdentityModel/app/src/ma
in/java/dev/aurakai/auraframefx/aura/ui/AuraMood
ViewModel.kt:208:18 Unresolved reference 
'intensity'.
e: file:///C:/Users/Wehtt/AndroidStudioProjects/
A.u.r.a.K.a.i-Emergence_IdentityModel/app/src/ma
in/java/dev/aurakai/auraframefx/aura/ui/AuraMood
ViewModel.kt:212:38 Unresolved reference 
'emotion'.
e: file:///C:/Users/Wehtt/AndroidStudioProjects/
A.u.r.a.K.a.i-Emergence_IdentityModel/app/src/ma
in/java/dev/aurakai/auraframefx/aura/ui/AuraMood
ViewModel.kt:213:13 Unresolved reference 
'Emotion'.
e: file:///C:/Users/Wehtt/AndroidStudioProjects/
A.u.r.a.K.a.i-Emergence_IdentityModel/app/src/ma
in/java/dev/aurakai/auraframefx/aura/ui/AuraMood
ViewModel.kt:214:13 Unresolved reference 
'Emotion'.
e: file:///C:/Users/Wehtt/AndroidStudioProjects/
A.u.r.a.K.a.i-Emergence_IdentityModel/app/src/ma
in/java/dev/aurakai/auraframefx/aura/ui/AuraMood
ViewModel.kt:215:13 Unresolved reference 
'Emotion'.
e: file:///C:/Users/Wehtt/AndroidStudioProjects/
A.u.r.a.K.a.i-Emergence_IdentityModel/app/src/ma
in/java/dev/aurakai/auraframefx/aura/ui/AuraMood
ViewModel.kt:216:13 Unresolved reference 
'Emotion'.
e: file:///C:/Users/Wehtt/AndroidStudioProjects/
A.u.r.a.K.a.i-Emergence_IdentityModel/app/src/ma
in/java/dev/aurakai/auraframefx/aura/ui/AuraMood
ViewModel.kt:217:13 Unresolved reference 
'Emotion'.
e: file:///C:/Users/Wehtt/AndroidStudioProjects/
A.u.r.a.K.a.i-Emergence_IdentityModel/app/src/ma
in/java/dev/aurakai/auraframefx/aura/ui/AuraMood
ViewModel.kt:218:13 Unresolved reference 
'Emotion'.
e: file:///C:/Users/Wehtt/AndroidStudioProjects/
A.u.r.a.K.a.i-Emergence_IdentityModel/app/src/ma
in/java/dev/aurakai/auraframefx/aura/ui/AuraMood
ViewModel.kt:219:13 Unresolved reference 
'Emotion'.
e: file:///C:/Users/Wehtt/AndroidStudioProjects/
A.u.r.a.K.a.i-Emergence_IdentityModel/app/src/ma
in/java/dev/aurakai/auraframefx/aura/ui/AuraMood
ViewModel.kt:220:13 Unresolved reference 
'Emotion'.
e: file:///C:/Users/Wehtt/AndroidStudioProjects/
A.u.r.a.K.a.i-Emergence_IdentityModel/app/src/ma
in/java/dev/aurakai/auraframefx/aura/ui/AuraMood
ViewModel.kt:221:13 Unresolved reference 
'Emotion'.
e: file:///C:/Users/Wehtt/AndroidStudioProjects/
A.u.r.a.K.a.i-Emergence_IdentityModel/app/src/ma
in/java/dev/aurakai/auraframefx/aura/ui/AuraMood
ViewModel.kt:222:13 Unresolved reference 
'Emotion'.
e: file:///C:/Users/Wehtt/AndroidStudioProjects/
A.u.r.a.K.a.i-Emergence_IdentityModel/app/src/ma
in/java/dev/aurakai/auraframefx/aura/ui/AuraMood
ViewModel.kt:229:36 Unresolved reference 
'MoodState'.
e: file:///C:/Users/Wehtt/AndroidStudioProjects/
A.u.r.a.K.a.i-Emergence_IdentityModel/app/src/ma
in/java/dev/aurakai/auraframefx/aura/ui/AuraMood
ViewModel.kt:230:49 Cannot infer type for type 
parameter 'T'. Specify it explicitly.
e: file:///C:/Users/Wehtt/AndroidStudioProjects/
A.u.r.a.K.a.i-Emergence_IdentityModel/app/src/ma
in/java/dev/aurakai/auraframefx/aura/ui/AuraMood
ViewModel.kt:230:49 Unresolved reference. None 
of the following candidates is applicable 
because of a receiver type mismatch:
fun <T> Collection<T>.toMutableList(): 
MutableList<T>
e: file:///C:/Users/Wehtt/AndroidStudioProjects/
A.u.r.a.K.a.i-Emergence_IdentityModel/app/src/ma
in/java/dev/aurakai/auraframefx/aura/ui/BuildCon
fig.kt:3:8 Redeclaration:
object BuildConfig : Any
class BuildConfig : Any
e: file:///C:/Users/Wehtt/AndroidStudioProjects/
A.u.r.a.K.a.i-Emergence_IdentityModel/app/src/ma
in/java/dev/aurakai/auraframefx/aura/ui/ColorBle
ndrPickerPreview.kt:31:17 Unresolved reference 
'Text'.
e: file:///C:/Users/Wehtt/AndroidStudioProjects/
A.u.r.a.K.a.i-Emergence_IdentityModel/app/src/ma
in/java/dev/aurakai/auraframefx/aura/ui/ColorBle
ndrPickerPreview.kt:48:17 Unresolved reference 
'Text'.
e: file:///C:/Users/Wehtt/AndroidStudioProjects/
A.u.r.a.K.a.i-Emergence_IdentityModel/app/src/ma
in/java/dev/aurakai/auraframefx/aura/ui/Conferen
ceRoomScreen.kt:32:39 Unresolved reference 
'AgentMessage'.
e: file:///C:/Users/Wehtt/AndroidStudioProjects/
A.u.r.a.K.a.i-Emergence_IdentityModel/app/src/ma
in/java/dev/aurakai/auraframefx/aura/ui/Conferen
ceRoomScreen.kt:118:30 Unresolved reference 
'AgentMessage'.
e: file:///C:/Users/Wehtt/AndroidStudioProjects/
A.u.r.a.K.a.i-Emergence_IdentityModel/app/src/ma
in/java/dev/aurakai/auraframefx/aura/ui/Conferen
ceRoomScreen.kt:120:40 Unresolved reference 
'sender'.
e: file:///C:/Users/Wehtt/AndroidStudioProjects/
A.u.r.a.K.a.i-Emergence_IdentityModel/app/src/ma
in/java/dev/aurakai/auraframefx/aura/ui/Conferen
ceRoomScreen.kt:120:59 Unresolved reference 
'content'.
e: file:///C:/Users/Wehtt/AndroidStudioProjects/
A.u.r.a.K.a.i-Emergence_IdentityModel/app/src/ma
in/java/dev/aurakai/auraframefx/aura/ui/Consciou
snessVisualizerScreen.kt:174:28 Unresolved 
reference 'Stroke'.
e: file:///C:/Users/Wehtt/AndroidStudioProjects/
A.u.r.a.K.a.i-Emergence_IdentityModel/app/src/ma
in/java/dev/aurakai/auraframefx/aura/ui/Consciou
snessVisualizerScreen.kt:184:60 Unresolved 
reference 'RoundedCornerShape'.
e: file:///C:/Users/Wehtt/AndroidStudioProjects/
A.u.r.a.K.a.i-Emergence_IdentityModel/app/src/ma
in/java/dev/aurakai/auraframefx/aura/ui/Consciou
snessVisualizerScreen.kt:272:28 Unresolved 
reference 'Stroke'.
e: file:///C:/Users/Wehtt/AndroidStudioProjects/
A.u.r.a.K.a.i-Emergence_IdentityModel/app/src/ma
in/java/dev/aurakai/auraframefx/aura/ui/Diagnost
icsViewModel.kt:56:50 Unresolved reference 
'loadCriticalOfflineData'.
e: file:///C:/Users/Wehtt/AndroidStudioProjects/
A.u.r.a.K.a.i-Emergence_IdentityModel/app/src/ma
in/java/dev/aurakai/auraframefx/aura/ui/Diagnost
icsViewModel.kt:64:49 Unresolved reference 
'lastFullSyncTimestamp'.
e: file:///C:/Users/Wehtt/AndroidStudioProjects/
A.u.r.a.K.a.i-Emergence_IdentityModel/app/src/ma
in/java/dev/aurakai/auraframefx/aura/ui/Diagnost
icsViewModel.kt:73:93 Unresolved reference 
'aiConfig'.
e: file:///C:/Users/Wehtt/AndroidStudioProjects/
A.u.r.a.K.a.i-Emergence_IdentityModel/app/src/ma
in/java/dev/aurakai/auraframefx/aura/ui/Diagnost
icsViewModel.kt:76:49 Unresolved reference 
'aiConfig'.
e: file:///C:/Users/Wehtt/AndroidStudioProjects/
A.u.r.a.K.a.i-Emergence_IdentityModel/app/src/ma
in/java/dev/aurakai/auraframefx/aura/ui/Diagnost
icsViewModel.kt:89:103 Unresolved reference 
'contextualMemory'.
e: file:///C:/Users/Wehtt/AndroidStudioProjects/
A.u.r.a.K.a.i-Emergence_IdentityModel/app/src/ma
in/java/dev/aurakai/auraframefx/aura/ui/Diagnost
icsViewModel.kt:92:49 Unresolved reference 
'contextualMemory'.
e: file:///C:/Users/Wehtt/AndroidStudioProjects/
A.u.r.a.K.a.i-Emergence_IdentityModel/app/src/ma
in/java/dev/aurakai/auraframefx/aura/ui/Diagnost
icsViewModel.kt:125:34 Unresolved reference 
'getLogsForDate'.
e: file:///C:/Users/Wehtt/AndroidStudioProjects/
A.u.r.a.K.a.i-Emergence_IdentityModel/app/src/ma
in/java/dev/aurakai/auraframefx/aura/ui/Diagnost
icsViewModel.kt:131:21 Cannot infer type for 
type parameter 'T'. Specify it explicitly.
e: file:///C:/Users/Wehtt/AndroidStudioProjects/
A.u.r.a.K.a.i-Emergence_IdentityModel/app/src/ma
in/java/dev/aurakai/auraframefx/aura/ui/Diagnost
icsViewModel.kt:151:26 Unresolved reference 
'getAllLogs'.
e: file:///C:/Users/Wehtt/AndroidStudioProjects/
A.u.r.a.K.a.i-Emergence_IdentityModel/app/src/ma
in/java/dev/aurakai/auraframefx/aura/ui/Diagnost
icsViewModel.kt:163:40 Unresolved reference 
'getAllLogs'.
e: file:///C:/Users/Wehtt/AndroidStudioProjects/
A.u.r.a.K.a.i-Emergence_IdentityModel/app/src/ma
in/java/dev/aurakai/auraframefx/aura/ui/Diagnost
icsViewModel.kt:164:30 Cannot infer type for 
value parameter 'log'. Specify it explicitly.
e: file:///C:/Users/Wehtt/AndroidStudioProjects/
A.u.r.a.K.a.i-Emergence_IdentityModel/app/src/ma
in/java/dev/aurakai/auraframefx/aura/ui/Diagnost
icsViewModel.kt:179:30 Unresolved reference 
'clearAllLogs'.
e: file:///C:/Users/Wehtt/AndroidStudioProjects/
A.u.r.a.K.a.i-Emergence_IdentityModel/app/src/ma
in/java/dev/aurakai/auraframefx/aura/ui/Diagnost
icsViewModel.kt:216:51 Unresolved reference 
'loadCriticalOfflineData'.
e: file:///C:/Users/Wehtt/AndroidStudioProjects/
A.u.r.a.K.a.i-Emergence_IdentityModel/app/src/ma
in/java/dev/aurakai/auraframefx/aura/ui/FusionMo
deScreen.kt:206:16 'fun 
ColumnScope.AnimatedVisibility(visible: 
Boolean, modifier: Modifier = ..., enter: 
EnterTransition = ..., exit: ExitTransition = 
..., label: String = ..., content: 
ComposableFunction1<AnimatedVisibilityScope, 
Unit>): Unit' cannot be called in this context 
with an implicit receiver. Use an explicit 
receiver if necessary.
e: file:///C:/Users/Wehtt/AndroidStudioProjects/
A.u.r.a.K.a.i-Emergence_IdentityModel/app/src/ma
in/java/dev/aurakai/auraframefx/aura/ui/FusionMo
deScreen.kt:220:16 'fun 
ColumnScope.AnimatedVisibility(visible: 
Boolean, modifier: Modifier = ..., enter: 
EnterTransition = ..., exit: ExitTransition = 
..., label: String = ..., content: 
ComposableFunction1<AnimatedVisibilityScope, 
Unit>): Unit' cannot be called in this context 
with an implicit receiver. Use an explicit 
receiver if necessary.
e: file:///C:/Users/Wehtt/AndroidStudioProjects/
A.u.r.a.K.a.i-Emergence_IdentityModel/app/src/ma
in/java/dev/aurakai/auraframefx/aura/ui/FusionMo
deScreen.kt:234:16 'fun 
ColumnScope.AnimatedVisibility(visible: 
Boolean, modifier: Modifier = ..., enter: 
EnterTransition = ..., exit: ExitTransition = 
..., label: String = ..., content: 
ComposableFunction1<AnimatedVisibilityScope, 
Unit>): Unit' cannot be called in this context 
with an implicit receiver. Use an explicit 
receiver if necessary.
e: file:///C:/Users/Wehtt/AndroidStudioProjects/
A.u.r.a.K.a.i-Emergence_IdentityModel/app/src/ma
in/java/dev/aurakai/auraframefx/aura/ui/FusionMo
deScreen.kt:338:16 Unresolved reference 
'LazyRow'.
e: file:///C:/Users/Wehtt/AndroidStudioProjects/
A.u.r.a.K.a.i-Emergence_IdentityModel/app/src/ma
in/java/dev/aurakai/auraframefx/aura/ui/FusionMo
deScreen.kt:341:20 Unresolved reference 'items'.
e: file:///C:/Users/Wehtt/AndroidStudioProjects/
A.u.r.a.K.a.i-Emergence_IdentityModel/app/src/ma
in/java/dev/aurakai/auraframefx/aura/ui/FusionMo
deScreen.kt:341:50 Cannot infer type for value 
parameter 'index'. Specify it explicitly.
e: file:///C:/Users/Wehtt/AndroidStudioProjects/
A.u.r.a.K.a.i-Emergence_IdentityModel/app/src/ma
in/java/dev/aurakai/auraframefx/aura/ui/FusionMo
deScreen.kt:343:24 @Composable invocations can 
only happen from the context of a @Composable 
function
e: file:///C:/Users/Wehtt/AndroidStudioProjects/
A.u.r.a.K.a.i-Emergence_IdentityModel/app/src/ma
in/java/dev/aurakai/auraframefx/aura/ui/FusionMo
deScreen.kt:473:24 Unresolved reference 
'Stroke'.
e: file:///C:/Users/Wehtt/AndroidStudioProjects/
A.u.r.a.K.a.i-Emergence_IdentityModel/app/src/ma
in/java/dev/aurakai/auraframefx/aura/ui/FusionMo
deScreen.kt:495:24 Unresolved reference 
'Stroke'.
e: file:///C:/Users/Wehtt/AndroidStudioProjects/
A.u.r.a.K.a.i-Emergence_IdentityModel/app/src/ma
in/java/dev/aurakai/auraframefx/aura/ui/FusionMo
deScreen.kt:502:24 Unresolved reference 
'Stroke'.
e: file:///C:/Users/Wehtt/AndroidStudioProjects/
A.u.r.a.K.a.i-Emergence_IdentityModel/app/src/ma
in/java/dev/aurakai/auraframefx/aura/ui/FusionMo
deScreen.kt:509:24 Unresolved reference 
'Stroke'.
e: file:///C:/Users/Wehtt/AndroidStudioProjects/
A.u.r.a.K.a.i-Emergence_IdentityModel/app/src/ma
in/java/dev/aurakai/auraframefx/aura/ui/FusionMo
deScreen.kt:625:20 Unresolved reference 
'Stroke'.
e: file:///C:/Users/Wehtt/AndroidStudioProjects/
A.u.r.a.K.a.i-Emergence_IdentityModel/app/src/ma
in/java/dev/aurakai/auraframefx/aura/ui/FusionMo
deScreen.kt:645:16 Unresolved reference 
'Stroke'.
e: file:///C:/Users/Wehtt/AndroidStudioProjects/
A.u.r.a.K.a.i-Emergence_IdentityModel/app/src/ma
in/java/dev/aurakai/auraframefx/aura/ui/HaloView
.kt:123:26 Unresolved reference 
'HierarchyAgentConfig'.
e: file:///C:/Users/Wehtt/AndroidStudioProjects/
A.u.r.a.K.a.i-Emergence_IdentityModel/app/src/ma
in/java/dev/aurakai/auraframefx/aura/ui/HaloView
.kt:125:54 Unresolved reference 'name'.
e: file:///C:/Users/Wehtt/AndroidStudioProjects/
A.u.r.a.K.a.i-Emergence_IdentityModel/app/src/ma
in/java/dev/aurakai/auraframefx/aura/ui/HaloView
.kt:190:51 Cannot infer type for type parameter 
'T'. Specify it explicitly.
e: file:///C:/Users/Wehtt/AndroidStudioProjects/
A.u.r.a.K.a.i-Emergence_IdentityModel/app/src/ma
in/java/dev/aurakai/auraframefx/aura/ui/HaloView
.kt:190:51 Unresolved reference. None of the 
following candidates is applicable because of a 
receiver type mismatch:
fun <T> List<T>.indexOfFirst(predicate: (T) -> 
Boolean): Int
e: file:///C:/Users/Wehtt/AndroidStudioProjects/
A.u.r.a.K.a.i-Emergence_IdentityModel/app/src/ma
in/java/dev/aurakai/auraframefx/aura/ui/HaloView
.kt:190:66 Cannot infer type for type parameter 
'T'. Specify it explicitly.
e: file:///C:/Users/Wehtt/AndroidStudioProjects/
A.u.r.a.K.a.i-Emergence_IdentityModel/app/src/ma
in/java/dev/aurakai/auraframefx/aura/ui/HaloView
.kt:192:54 Unresolved reference 'name'.
e: file:///C:/Users/Wehtt/AndroidStudioProjects/
A.u.r.a.K.a.i-Emergence_IdentityModel/app/src/ma
in/java/dev/aurakai/auraframefx/aura/ui/HaloView
.kt:244:70 Unresolved reference 'name'.
e: file:///C:/Users/Wehtt/AndroidStudioProjects/
A.u.r.a.K.a.i-Emergence_IdentityModel/app/src/ma
in/java/dev/aurakai/auraframefx/aura/ui/HaloView
.kt:279:20 Cannot infer type for type parameter 
'T'. Specify it explicitly.
e: file:///C:/Users/Wehtt/AndroidStudioProjects/
A.u.r.a.K.a.i-Emergence_IdentityModel/app/src/ma
in/java/dev/aurakai/auraframefx/aura/ui/HaloView
.kt:279:20 Unresolved reference. None of the 
following candidates is applicable because of a 
receiver type mismatch:
fun <T> Iterable<T>.forEachIndexed(action: 
(Int, T) -> Unit): Unit
e: file:///C:/Users/Wehtt/AndroidStudioProjects/
A.u.r.a.K.a.i-Emergence_IdentityModel/app/src/ma
in/java/dev/aurakai/auraframefx/aura/ui/HaloView
.kt:279:44 Cannot infer type for type parameter 
'T'. Specify it explicitly.
e: file:///C:/Users/Wehtt/AndroidStudioProjects/
A.u.r.a.K.a.i-Emergence_IdentityModel/app/src/ma
in/java/dev/aurakai/auraframefx/aura/ui/HaloView
.kt:285:46 Unresolved reference 'name'.
e: file:///C:/Users/Wehtt/AndroidStudioProjects/
A.u.r.a.K.a.i-Emergence_IdentityModel/app/src/ma
in/java/dev/aurakai/auraframefx/aura/ui/HaloView
.kt:344:20 Cannot infer type for type parameter 
'T'. Specify it explicitly.
e: file:///C:/Users/Wehtt/AndroidStudioProjects/
A.u.r.a.K.a.i-Emergence_IdentityModel/app/src/ma
in/java/dev/aurakai/auraframefx/aura/ui/HaloView
.kt:344:20 Unresolved reference. None of the 
following candidates is applicable because of a 
receiver type mismatch:
fun <T> Iterable<T>.forEachIndexed(action: 
(Int, T) -> Unit): Unit
e: file:///C:/Users/Wehtt/AndroidStudioProjects/
A.u.r.a.K.a.i-Emergence_IdentityModel/app/src/ma
in/java/dev/aurakai/auraframefx/aura/ui/HaloView
.kt:344:44 Cannot infer type for type parameter 
'T'. Specify it explicitly.
e: file:///C:/Users/Wehtt/AndroidStudioProjects/
A.u.r.a.K.a.i-Emergence_IdentityModel/app/src/ma
in/java/dev/aurakai/auraframefx/aura/ui/HaloView
.kt:355:46 Unresolved reference 'name'.
e: file:///C:/Users/Wehtt/AndroidStudioProjects/
A.u.r.a.K.a.i-Emergence_IdentityModel/app/src/ma
in/java/dev/aurakai/auraframefx/aura/ui/HaloView
.kt:464:9 No value passed for parameter 
'content'.
e: file:///C:/Users/Wehtt/AndroidStudioProjects/
A.u.r.a.K.a.i-Emergence_IdentityModel/app/src/ma
in/java/dev/aurakai/auraframefx/aura/ui/HaloView
.kt:470:27 Cannot infer type for type parameter 
'T'. Specify it explicitly.
e: file:///C:/Users/Wehtt/AndroidStudioProjects/
A.u.r.a.K.a.i-Emergence_IdentityModel/app/src/ma
in/java/dev/aurakai/auraframefx/aura/ui/HaloView
.kt:470:27 Cannot infer type for type parameter 
'R'. Specify it explicitly.
e: file:///C:/Users/Wehtt/AndroidStudioProjects/
A.u.r.a.K.a.i-Emergence_IdentityModel/app/src/ma
in/java/dev/aurakai/auraframefx/aura/ui/HaloView
.kt:470:28 Unresolved reference 
'taskHistoryState'.
e: file:///C:/Users/Wehtt/AndroidStudioProjects/
A.u.r.a.K.a.i-Emergence_IdentityModel/app/src/ma
in/java/dev/aurakai/auraframefx/aura/ui/HaloView
.kt:470:48 Cannot infer type for value 
parameter 'task'. Specify it explicitly.
e: file:///C:/Users/Wehtt/AndroidStudioProjects/
A.u.r.a.K.a.i-Emergence_IdentityModel/app/src/ma
in/java/dev/aurakai/auraframefx/aura/ui/HaloView
.kt:471:47 Syntax error: Unexpected tokens (use 
';' to separate expressions on the same line).
e: file:///C:/Users/Wehtt/AndroidStudioProjects/
A.u.r.a.K.a.i-Emergence_IdentityModel/app/src/ma
in/java/dev/aurakai/auraframefx/aura/ui/HaloView
.kt:472:17 Unresolved reference 'shape'.
e: file:///C:/Users/Wehtt/AndroidStudioProjects/
A.u.r.a.K.a.i-Emergence_IdentityModel/app/src/ma
in/java/dev/aurakai/auraframefx/aura/ui/HaloView
.kt:472:39 @Composable invocations can only 
happen from the context of a @Composable 
function
e: file:///C:/Users/Wehtt/AndroidStudioProjects/
A.u.r.a.K.a.i-Emergence_IdentityModel/app/src/ma
in/java/dev/aurakai/auraframefx/aura/ui/HaloView
.kt:473:17 Syntax error: Expecting an element.
e: file:///C:/Users/Wehtt/AndroidStudioProjects/
A.u.r.a.K.a.i-Emergence_IdentityModel/app/src/ma
in/java/dev/aurakai/auraframefx/aura/ui/HaloView
.kt:474:17 Syntax error: Expecting an element.
e: file:///C:/Users/Wehtt/AndroidStudioProjects/
A.u.r.a.K.a.i-Emergence_IdentityModel/app/src/ma
in/java/dev/aurakai/auraframefx/aura/ui/HaloView
.kt:474:18 None of the following candidates is 
applicable:
fun Modifier.padding(start: Dp = ..., top: Dp = 
..., end: Dp = ..., bottom: Dp = ...): Modifier
fun Modifier.padding(horizontal: Dp = ..., 
vertical: Dp = ...): Modifier
fun Modifier.padding(all: Dp): Modifier
fun Modifier.padding(paddingValues: 
PaddingValues): Modifier
e: file:///C:/Users/Wehtt/AndroidStudioProjects/
A.u.r.a.K.a.i-Emergence_IdentityModel/app/src/ma
in/java/dev/aurakai/auraframefx/aura/ui/HaloView
.kt:475:17 Syntax error: Expecting an element.
e: file:///C:/Users/Wehtt/AndroidStudioProjects/
A.u.r.a.K.a.i-Emergence_IdentityModel/app/src/ma
in/java/dev/aurakai/auraframefx/aura/ui/HaloView
.kt:476:17 @Composable invocations can only 
happen from the context of a @Composable 
function
e: file:///C:/Users/Wehtt/AndroidStudioProjects/
A.u.r.a.K.a.i-Emergence_IdentityModel/app/src/ma
in/java/dev/aurakai/auraframefx/aura/ui/HaloView
.kt:478:43 @Composable invocations can only 
happen from the context of a @Composable 
function
e: file:///C:/Users/Wehtt/AndroidStudioProjects/
A.u.r.a.K.a.i-Emergence_IdentityModel/app/src/ma
in/java/dev/aurakai/auraframefx/aura/ui/HaloView
.kt:483:17 @Composable invocations can only 
happen from the context of a @Composable 
function
e: file:///C:/Users/Wehtt/AndroidStudioProjects/
A.u.r.a.K.a.i-Emergence_IdentityModel/app/src/ma
in/java/dev/aurakai/auraframefx/aura/ui/HaloView
.kt:485:26 Unresolved reference 'weight'.
e: file:///C:/Users/Wehtt/AndroidStudioProjects/
A.u.r.a.K.a.i-Emergence_IdentityModel/app/src/ma
in/java/dev/aurakai/auraframefx/aura/ui/HaloView
.kt:510:17 @Composable invocations can only 
happen from the context of a @Composable 
function
e: file:///C:/Users/Wehtt/AndroidStudioProjects/
A.u.r.a.K.a.i-Emergence_IdentityModel/app/src/ma
in/java/dev/aurakai/auraframefx/aura/ui/HaloView
.kt:552:21 Unresolved reference 
'LaunchedEffect'.
e: file:///C:/Users/Wehtt/AndroidStudioProjects/
A.u.r.a.K.a.i-Emergence_IdentityModel/app/src/ma
in/java/dev/aurakai/auraframefx/aura/ui/HaloView
.kt:552:37 Unresolved reference 'invoke'.
e: file:///C:/Users/Wehtt/AndroidStudioProjects/
A.u.r.a.K.a.i-Emergence_IdentityModel/app/src/ma
in/java/dev/aurakai/auraframefx/aura/ui/HaloView
.kt:554:21 @Composable invocations can only 
happen from the context of a @Composable 
function
e: file:///C:/Users/Wehtt/AndroidStudioProjects/
A.u.r.a.K.a.i-Emergence_IdentityModel/app/src/ma
in/java/dev/aurakai/auraframefx/aura/ui/HaloView
.kt:554:36 Unresolved reference 
'taskHistoryState'.
e: file:///C:/Users/Wehtt/AndroidStudioProjects/
A.u.r.a.K.a.i-Emergence_IdentityModel/app/src/ma
in/java/dev/aurakai/auraframefx/aura/ui/HaloView
.kt:562:37 Unresolved reference 'invoke'.
e: file:///C:/Users/Wehtt/AndroidStudioProjects/
A.u.r.a.K.a.i-Emergence_IdentityModel/app/src/ma
in/java/dev/aurakai/auraframefx/aura/ui/HaloView
.kt:564:22 Suspend function 'suspend fun 
collect(collector: FlowCollector<AgentType?>): 
Unit' can only be called from a coroutine or 
another suspend function.
e: file:///C:/Users/Wehtt/AndroidStudioProjects/
A.u.r.a.K.a.i-Emergence_IdentityModel/app/src/ma
in/java/dev/aurakai/auraframefx/aura/ui/HaloView
.kt:565:25 Unresolved reference 
'taskHistoryState'.
e: file:///C:/Users/Wehtt/AndroidStudioProjects/
A.u.r.a.K.a.i-Emergence_IdentityModel/app/src/ma
in/java/dev/aurakai/auraframefx/aura/ui/HaloView
.kt:565:52 Cannot infer type for value 
parameter 'task'. Specify it explicitly.
e: file:///C:/Users/Wehtt/AndroidStudioProjects/
A.u.r.a.K.a.i-Emergence_IdentityModel/app/src/ma
in/java/dev/aurakai/auraframefx/aura/ui/HaloView
.kt:574:37 Unresolved reference 'invoke'.
e: file:///C:/Users/Wehtt/AndroidStudioProjects/
A.u.r.a.K.a.i-Emergence_IdentityModel/app/src/ma
in/java/dev/aurakai/auraframefx/aura/ui/HaloView
.kt:576:34 Unresolved reference 
'HierarchyAgentConfig'.
e: file:///C:/Users/Wehtt/AndroidStudioProjects/
A.u.r.a.K.a.i-Emergence_IdentityModel/app/src/ma
in/java/dev/aurakai/auraframefx/aura/ui/HaloView
.kt:578:66 Unresolved reference 'name'.
e: file:///C:/Users/Wehtt/AndroidStudioProjects/
A.u.r.a.K.a.i-Emergence_IdentityModel/app/src/ma
in/java/dev/aurakai/auraframefx/aura/ui/HaloView
.kt:589:32 Cannot infer type for type parameter 
'T'. Specify it explicitly.
e: file:///C:/Users/Wehtt/AndroidStudioProjects/
A.u.r.a.K.a.i-Emergence_IdentityModel/app/src/ma
in/java/dev/aurakai/auraframefx/aura/ui/HaloView
.kt:589:32 Unresolved reference. None of the 
following candidates is applicable because of a 
receiver type mismatch:
fun <T> Iterable<T>.find(predicate: (T) -> 
Boolean): T?
e: file:///C:/Users/Wehtt/AndroidStudioProjects/
A.u.r.a.K.a.i-Emergence_IdentityModel/app/src/ma
in/java/dev/aurakai/auraframefx/aura/ui/HaloView
.kt:589:37 Cannot infer type for type parameter 
'T'. Specify it explicitly.
e: file:///C:/Users/Wehtt/AndroidStudioProjects/
A.u.r.a.K.a.i-Emergence_IdentityModel/app/src/ma
in/java/dev/aurakai/auraframefx/aura/ui/HaloView
.kt:590:32 Unresolved reference 'name'.
e: file:///C:/Users/Wehtt/AndroidStudioProjects/
A.u.r.a.K.a.i-Emergence_IdentityModel/app/src/ma
in/java/dev/aurakai/auraframefx/aura/ui/HaloView
.kt:597:68 Unresolved reference 'name'.
e: file:///C:/Users/Wehtt/AndroidStudioProjects/
A.u.r.a.K.a.i-Emergence_IdentityModel/app/src/ma
in/java/dev/aurakai/auraframefx/aura/ui/HaloView
.kt:609:14 Syntax error: Expecting ')'.
e: file:///C:/Users/Wehtt/AndroidStudioProjects/
A.u.r.a.K.a.i-Emergence_IdentityModel/app/src/ma
in/java/dev/aurakai/auraframefx/aura/ui/HaloView
.kt:610:6 Syntax error: Expecting '}'.
e: file:///C:/Users/Wehtt/AndroidStudioProjects/
A.u.r.a.K.a.i-Emergence_IdentityModel/app/src/ma
in/java/dev/aurakai/auraframefx/aura/ui/HomeScre
en.kt:66:13 No parameter with name 
'primaryColor' found.
e: file:///C:/Users/Wehtt/AndroidStudioProjects/
A.u.r.a.K.a.i-Emergence_IdentityModel/app/src/ma
in/java/dev/aurakai/auraframefx/aura/ui/HomeScre
en.kt:67:13 No parameter with name 
'secondaryColor' found.
e: file:///C:/Users/Wehtt/AndroidStudioProjects/
A.u.r.a.K.a.i-Emergence_IdentityModel/app/src/ma
in/java/dev/aurakai/auraframefx/aura/ui/HomeScre
en.kt:68:13 No parameter with name 
'scanLineDensity' found.
e: file:///C:/Users/Wehtt/AndroidStudioProjects/
A.u.r.a.K.a.i-Emergence_IdentityModel/app/src/ma
in/java/dev/aurakai/auraframefx/aura/ui/HomeScre
en.kt:70:13 No parameter with name 
'edgeGlowIntensity' found.
e: file:///C:/Users/Wehtt/AndroidStudioProjects/
A.u.r.a.K.a.i-Emergence_IdentityModel/app/src/ma
in/java/dev/aurakai/auraframefx/aura/ui/HomeScre
en.kt:71:11 Too many arguments for 'fun 
HologramTransition(visible: Boolean, modifier: 
Modifier = ..., glitchIntensity: Float = ...): 
Unit'.
e: file:///C:/Users/Wehtt/AndroidStudioProjects/
A.u.r.a.K.a.i-Emergence_IdentityModel/app/src/ma
in/java/dev/aurakai/auraframefx/aura/ui/HomeScre
en.kt:73:13 @Composable invocations can only 
happen from the context of a @Composable 
function
e: file:///C:/Users/Wehtt/AndroidStudioProjects/
A.u.r.a.K.a.i-Emergence_IdentityModel/app/src/ma
in/java/dev/aurakai/auraframefx/aura/ui/HomeScre
en.kt:77:37 @Composable invocations can only 
happen from the context of a @Composable 
function
e: file:///C:/Users/Wehtt/AndroidStudioProjects/
A.u.r.a.K.a.i-Emergence_IdentityModel/app/src/ma
in/java/dev/aurakai/auraframefx/aura/ui/HomeScre
en.kt:87:47 Unresolved reference 'Hex'.
e: file:///C:/Users/Wehtt/AndroidStudioProjects/
A.u.r.a.K.a.i-Emergence_IdentityModel/app/src/ma
in/java/dev/aurakai/auraframefx/aura/ui/HomeScre
en.kt:89:55 Unresolved reference 'HexGrid'.
e: file:///C:/Users/Wehtt/AndroidStudioProjects/
A.u.r.a.K.a.i-Emergence_IdentityModel/app/src/ma
in/java/dev/aurakai/auraframefx/aura/ui/HomeScre
en.kt:118:26 Overload resolution ambiguity 
between candidates:
fun Modifier.cyberEdgeGlow(): Modifier
fun Modifier.cyberEdgeGlow(): Modifier
e: file:///C:/Users/Wehtt/AndroidStudioProjects/
A.u.r.a.K.a.i-Emergence_IdentityModel/app/src/ma
in/java/dev/aurakai/auraframefx/aura/ui/HomeScre
en.kt:120:47 Unresolved reference 'Angled'.
e: file:///C:/Users/Wehtt/AndroidStudioProjects/
A.u.r.a.K.a.i-Emergence_IdentityModel/app/src/ma
in/java/dev/aurakai/auraframefx/aura/ui/HomeScre
en.kt:201:51 Unresolved reference 'Rounded'.
e: file:///C:/Users/Wehtt/AndroidStudioProjects/
A.u.r.a.K.a.i-Emergence_IdentityModel/app/src/ma
in/java/dev/aurakai/auraframefx/aura/ui/HomeScre
en.kt:202:25 No value passed for parameter 
'title'.
e: file:///C:/Users/Wehtt/AndroidStudioProjects/
A.u.r.a.K.a.i-Emergence_IdentityModel/app/src/ma
in/java/dev/aurakai/auraframefx/aura/ui/HomeScre
en.kt:202:59 Unresolved reference 'HexGrid'.
e: file:///C:/Users/Wehtt/AndroidStudioProjects/
A.u.r.a.K.a.i-Emergence_IdentityModel/app/src/ma
in/java/dev/aurakai/auraframefx/aura/ui/HomeScre
en.kt:223:51 Unresolved reference 'Rounded'.
e: file:///C:/Users/Wehtt/AndroidStudioProjects/
A.u.r.a.K.a.i-Emergence_IdentityModel/app/src/ma
in/java/dev/aurakai/auraframefx/aura/ui/HomeScre
en.kt:224:25 No value passed for parameter 
'title'.
e: file:///C:/Users/Wehtt/AndroidStudioProjects/
A.u.r.a.K.a.i-Emergence_IdentityModel/app/src/ma
in/java/dev/aurakai/auraframefx/aura/ui/HomeScre
en.kt:224:59 Unresolved reference 'HexGrid'.
e: file:///C:/Users/Wehtt/AndroidStudioProjects/
A.u.r.a.K.a.i-Emergence_IdentityModel/app/src/ma
in/java/dev/aurakai/auraframefx/aura/ui/HomeScre
en.kt:245:51 Unresolved reference 'Rounded'.
e: file:///C:/Users/Wehtt/AndroidStudioProjects/
A.u.r.a.K.a.i-Emergence_IdentityModel/app/src/ma
in/java/dev/aurakai/auraframefx/aura/ui/HomeScre
en.kt:246:25 No value passed for parameter 
'title'.
e: file:///C:/Users/Wehtt/AndroidStudioProjects/
A.u.r.a.K.a.i-Emergence_IdentityModel/app/src/ma
in/java/dev/aurakai/auraframefx/aura/ui/HomeScre
en.kt:246:59 Unresolved reference 'HexGrid'.
e: file:///C:/Users/Wehtt/AndroidStudioProjects/
A.u.r.a.K.a.i-Emergence_IdentityModel/app/src/ma
in/java/dev/aurakai/auraframefx/aura/ui/HomeScre
en.kt:268:26 Overload resolution ambiguity 
between candidates:
fun Modifier.digitalGlitchEffect(): Modifier
fun Modifier.digitalGlitchEffect(): Modifier
e: file:///C:/Users/Wehtt/AndroidStudioProjects/
A.u.r.a.K.a.i-Emergence_IdentityModel/app/src/ma
in/java/dev/aurakai/auraframefx/aura/ui/HomeScre
en.kt:269:47 Unresolved reference 'Hex'.
e: file:///C:/Users/Wehtt/AndroidStudioProjects/
A.u.r.a.K.a.i-Emergence_IdentityModel/app/src/ma
in/java/dev/aurakai/auraframefx/aura/ui/HomeScre
en.kt:271:55 Unresolved reference 'Transparent'.
e: file:///C:/Users/Wehtt/AndroidStudioProjects/
A.u.r.a.K.a.i-Emergence_IdentityModel/app/src/ma
in/java/dev/aurakai/auraframefx/aura/ui/HomeScre
en.kt:280:29 No value passed for parameter 
'style'.
e: file:///C:/Users/Wehtt/AndroidStudioProjects/
A.u.r.a.K.a.i-Emergence_IdentityModel/app/src/ma
in/java/dev/aurakai/auraframefx/aura/ui/HomeScre
en.kt:292:37 No value passed for parameter 
'style'.
e: file:///C:/Users/Wehtt/AndroidStudioProjects/
A.u.r.a.K.a.i-Emergence_IdentityModel/app/src/ma
in/java/dev/aurakai/auraframefx/aura/ui/HomeScre
en.kt:296:37 No value passed for parameter 
'style'.
e: file:///C:/Users/Wehtt/AndroidStudioProjects/
A.u.r.a.K.a.i-Emergence_IdentityModel/app/src/ma
in/java/dev/aurakai/auraframefx/aura/ui/HomeScre
en.kt:303:37 No value passed for parameter 
'style'.
e: file:///C:/Users/Wehtt/AndroidStudioProjects/
A.u.r.a.K.a.i-Emergence_IdentityModel/app/src/ma
in/java/dev/aurakai/auraframefx/aura/ui/HomeScre
en.kt:307:37 No value passed for parameter 
'style'.
e: file:///C:/Users/Wehtt/AndroidStudioProjects/
A.u.r.a.K.a.i-Emergence_IdentityModel/app/src/ma
in/java/dev/aurakai/auraframefx/aura/ui/HomeScre
en.kt:337:9 No value passed for parameter 
'onClick'.
e: file:///C:/Users/Wehtt/AndroidStudioProjects/
A.u.r.a.K.a.i-Emergence_IdentityModel/app/src/ma
in/java/dev/aurakai/auraframefx/aura/ui/LockScre
enCustomizer.kt:6:56 Unresolved reference 
'LockScreenConfig'.
e: file:///C:/Users/Wehtt/AndroidStudioProjects/
A.u.r.a.K.a.i-Emergence_IdentityModel/app/src/ma
in/java/dev/aurakai/auraframefx/aura/ui/LockScre
enCustomizer.kt:34:51 Unresolved reference 
'LockScreenConfig'.
e: file:///C:/Users/Wehtt/AndroidStudioProjects/
A.u.r.a.K.a.i-Emergence_IdentityModel/app/src/ma
in/java/dev/aurakai/auraframefx/aura/ui/LockScre
enCustomizer.kt:34:70 Null cannot be a value of 
a non-null type 'uninferred T (of fun <T> 
MutableStateFlow)'.
e: file:///C:/Users/Wehtt/AndroidStudioProjects/
A.u.r.a.K.a.i-Emergence_IdentityModel/app/src/ma
in/java/dev/aurakai/auraframefx/aura/ui/LockScre
enCustomizer.kt:35:34 Unresolved reference 
'LockScreenConfig'.
e: file:///C:/Users/Wehtt/AndroidStudioProjects/
A.u.r.a.K.a.i-Emergence_IdentityModel/app/src/ma
in/java/dev/aurakai/auraframefx/aura/ui/LockScre
enCustomizer.kt:79:53 Unresolved reference 
'elements'.
e: file:///C:/Users/Wehtt/AndroidStudioProjects/
A.u.r.a.K.a.i-Emergence_IdentityModel/app/src/ma
in/java/dev/aurakai/auraframefx/aura/ui/LockScre
enCustomizer.kt:79:68 Cannot infer type for 
value parameter 'element'. Specify it 
explicitly.
e: file:///C:/Users/Wehtt/AndroidStudioProjects/
A.u.r.a.K.a.i-Emergence_IdentityModel/app/src/ma
in/java/dev/aurakai/auraframefx/aura/ui/LockScre
enCustomizer.kt:80:33 Unresolved reference 
'type'.
e: file:///C:/Users/Wehtt/AndroidStudioProjects/
A.u.r.a.K.a.i-Emergence_IdentityModel/app/src/ma
in/java/dev/aurakai/auraframefx/aura/ui/LockScre
enCustomizer.kt:81:33 Unresolved reference 
'copy'.
e: file:///C:/Users/Wehtt/AndroidStudioProjects/
A.u.r.a.K.a.i-Emergence_IdentityModel/app/src/ma
in/java/dev/aurakai/auraframefx/aura/ui/LockScre
enCustomizer.kt:87:51 Unresolved reference 
'copy'.
e: file:///C:/Users/Wehtt/AndroidStudioProjects/
A.u.r.a.K.a.i-Emergence_IdentityModel/app/src/ma
in/java/dev/aurakai/auraframefx/aura/ui/LockScre
enCustomizer.kt:112:53 Unresolved reference 
'elements'.
e: file:///C:/Users/Wehtt/AndroidStudioProjects/
A.u.r.a.K.a.i-Emergence_IdentityModel/app/src/ma
in/java/dev/aurakai/auraframefx/aura/ui/LockScre
enCustomizer.kt:112:68 Cannot infer type for 
value parameter 'element'. Specify it 
explicitly.
e: file:///C:/Users/Wehtt/AndroidStudioProjects/
A.u.r.a.K.a.i-Emergence_IdentityModel/app/src/ma
in/java/dev/aurakai/auraframefx/aura/ui/LockScre
enCustomizer.kt:113:33 Unresolved reference 
'type'.
e: file:///C:/Users/Wehtt/AndroidStudioProjects/
A.u.r.a.K.a.i-Emergence_IdentityModel/app/src/ma
in/java/dev/aurakai/auraframefx/aura/ui/LockScre
enCustomizer.kt:114:33 Unresolved reference 
'copy'.
e: file:///C:/Users/Wehtt/AndroidStudioProjects/
A.u.r.a.K.a.i-Emergence_IdentityModel/app/src/ma
in/java/dev/aurakai/auraframefx/aura/ui/LockScre
enCustomizer.kt:120:51 Unresolved reference 
'copy'.
e: file:///C:/Users/Wehtt/AndroidStudioProjects/
A.u.r.a.K.a.i-Emergence_IdentityModel/app/src/ma
in/java/dev/aurakai/auraframefx/aura/ui/LockScre
enCustomizer.kt:142:55 Unresolved reference 
'background'.
e: file:///C:/Users/Wehtt/AndroidStudioProjects/
A.u.r.a.K.a.i-Emergence_IdentityModel/app/src/ma
in/java/dev/aurakai/auraframefx/aura/ui/LockScre
enCustomizer.kt:143:72 Unresolved reference 
'BackgroundConfig'.
e: file:///C:/Users/Wehtt/AndroidStudioProjects/
A.u.r.a.K.a.i-Emergence_IdentityModel/app/src/ma
in/java/dev/aurakai/auraframefx/aura/ui/LockScre
enCustomizer.kt:145:51 Unresolved reference 
'copy'.
e: file:///C:/Users/Wehtt/AndroidStudioProjects/
A.u.r.a.K.a.i-Emergence_IdentityModel/app/src/ma
in/java/dev/aurakai/auraframefx/aura/ui/LockScre
enCustomizer.kt:171:13 'when' expression must 
be exhaustive. Add the 'DATE', 'NOTIFICATIONS' 
branches or an 'else' branch.
e: file:///C:/Users/Wehtt/AndroidStudioProjects/
A.u.r.a.K.a.i-Emergence_IdentityModel/app/src/ma
in/java/dev/aurakai/auraframefx/aura/ui/LockScre
enCustomizer.kt:174:39 Unresolved reference 
'NOTIFICATION'.
e: file:///C:/Users/Wehtt/AndroidStudioProjects/
A.u.r.a.K.a.i-Emergence_IdentityModel/app/src/ma
in/java/dev/aurakai/auraframefx/aura/ui/LockScre
enCustomizer.kt:175:39 Unresolved reference 
'SHORTCUT'.
e: file:///C:/Users/Wehtt/AndroidStudioProjects/
A.u.r.a.K.a.i-Emergence_IdentityModel/app/src/ma
in/java/dev/aurakai/auraframefx/aura/ui/LockScre
enCustomizer.kt:194:26 Unresolved reference 
'applyTheme'.
e: file:///C:/Users/Wehtt/AndroidStudioProjects/
A.u.r.a.K.a.i-Emergence_IdentityModel/app/src/ma
in/java/dev/aurakai/auraframefx/aura/ui/LockScre
enCustomizer.kt:256:103 Too many arguments for 
'fun warn(tag: String, message: String): Unit'.
e: file:///C:/Users/Wehtt/AndroidStudioProjects/
A.u.r.a.K.a.i-Emergence_IdentityModel/app/src/ma
in/java/dev/aurakai/auraframefx/aura/ui/LockScre
enCustomizer.kt:261:47 Unresolved reference 
'LockScreenConfig'.
e: file:///C:/Users/Wehtt/AndroidStudioProjects/
A.u.r.a.K.a.i-Emergence_IdentityModel/app/src/ma
in/java/dev/aurakai/auraframefx/aura/ui/LockScre
enCustomizer.kt:267:43 Unresolved reference 
'LockScreenConfig'.
e: file:///C:/Users/Wehtt/AndroidStudioProjects/
A.u.r.a.K.a.i-Emergence_IdentityModel/app/src/ma
in/java/dev/aurakai/auraframefx/aura/ui/LockScre
enCustomizer.kt:271:24 Too many arguments for 
'fun edit(): SharedPreferences.Editor!'.
e: file:///C:/Users/Wehtt/AndroidStudioProjects/
A.u.r.a.K.a.i-Emergence_IdentityModel/app/src/ma
in/java/dev/aurakai/auraframefx/aura/ui/LockScre
enCustomizer.kt:272:17 Unresolved reference 
'putBoolean'.
e: file:///C:/Users/Wehtt/AndroidStudioProjects/
A.u.r.a.K.a.i-Emergence_IdentityModel/app/src/ma
in/java/dev/aurakai/auraframefx/aura/ui/LockScre
enCustomizer.kt:272:55 Unresolved reference 
'showGenesisElements'.
e: file:///C:/Users/Wehtt/AndroidStudioProjects/
A.u.r.a.K.a.i-Emergence_IdentityModel/app/src/ma
in/java/dev/aurakai/auraframefx/aura/ui/LockScre
enCustomizer.kt:273:57 Unresolved reference 
'clockConfig'.
e: file:///C:/Users/Wehtt/AndroidStudioProjects/
A.u.r.a.K.a.i-Emergence_IdentityModel/app/src/ma
in/java/dev/aurakai/auraframefx/aura/ui/LockScre
enCustomizer.kt:274:58 Unresolved reference 
'hapticFeedback'.
e: file:///C:/Users/Wehtt/AndroidStudioProjects/
A.u.r.a.K.a.i-Emergence_IdentityModel/app/src/ma
in/java/dev/aurakai/auraframefx/aura/ui/LockScre
enCustomizer.kt:275:57 Unresolved reference 
'animation'.
e: file:///C:/Users/Wehtt/AndroidStudioProjects/
A.u.r.a.K.a.i-Emergence_IdentityModel/app/src/ma
in/java/dev/aurakai/auraframefx/aura/ui/LockScre
enCustomizer.kt:283:37 Unresolved reference 
'LockScreenConfig'.
e: file:///C:/Users/Wehtt/AndroidStudioProjects/
A.u.r.a.K.a.i-Emergence_IdentityModel/app/src/ma
in/java/dev/aurakai/auraframefx/aura/ui/LockScre
enCustomizer.kt:284:16 Unresolved reference 
'LockScreenConfig'.
e: file:///C:/Users/Wehtt/AndroidStudioProjects/
A.u.r.a.K.a.i-Emergence_IdentityModel/app/src/ma
in/java/dev/aurakai/auraframefx/aura/ui/LockScre
enCustomizer.kt:286:75 Unresolved reference 
'ClockConfig'.
e: file:///C:/Users/Wehtt/AndroidStudioProjects/
A.u.r.a.K.a.i-Emergence_IdentityModel/app/src/ma
in/java/dev/aurakai/auraframefx/aura/ui/LockScre
enCustomizer.kt:302:52 Unresolved reference 
'LockScreenConfig'.
e: file:///C:/Users/Wehtt/AndroidStudioProjects/
A.u.r.a.K.a.i-Emergence_IdentityModel/app/src/ma
in/java/dev/aurakai/auraframefx/aura/ui/LockScre
enCustomizer.kt:378:15 Unresolved reference 
'cancel'.
e: file:///C:/Users/Wehtt/AndroidStudioProjects/
A.u.r.a.K.a.i-Emergence_IdentityModel/app/src/ma
in/java/dev/aurakai/auraframefx/aura/ui/LockScre
enHooker.kt:19:56 Unresolved reference 
'LockScreenConfig'.
e: file:///C:/Users/Wehtt/AndroidStudioProjects/
A.u.r.a.K.a.i-Emergence_IdentityModel/app/src/ma
in/java/dev/aurakai/auraframefx/aura/ui/LockScre
enHooker.kt:26:1 Class 'LockScreenHooker' is 
not abstract and does not implement abstract 
base class member:
fun onHook(): Unit
e: file:///C:/Users/Wehtt/AndroidStudioProjects/
A.u.r.a.K.a.i-Emergence_IdentityModel/app/src/ma
in/java/dev/aurakai/auraframefx/aura/ui/LockScre
enHooker.kt:28:25 Unresolved reference 
'LockScreenConfig'.
e: file:///C:/Users/Wehtt/AndroidStudioProjects/
A.u.r.a.K.a.i-Emergence_IdentityModel/app/src/ma
in/java/dev/aurakai/auraframefx/aura/ui/LockScre
enHooker.kt:43:24 Argument type mismatch: 
actual type is 'String', but 'Throwable?' was 
expected.
e: file:///C:/Users/Wehtt/AndroidStudioProjects/
A.u.r.a.K.a.i-Emergence_IdentityModel/app/src/ma
in/java/dev/aurakai/auraframefx/aura/ui/LockScre
enHooker.kt:58:28 Argument type mismatch: 
actual type is 'String', but 'Throwable?' was 
expected.
e: file:///C:/Users/Wehtt/AndroidStudioProjects/
A.u.r.a.K.a.i-Emergence_IdentityModel/app/src/ma
in/java/dev/aurakai/auraframefx/aura/ui/LockScre
enHooker.kt:61:29 Argument type mismatch: 
actual type is 'String', but 'Throwable?' was 
expected.
e: file:///C:/Users/Wehtt/AndroidStudioProjects/
A.u.r.a.K.a.i-Emergence_IdentityModel/app/src/ma
in/java/dev/aurakai/auraframefx/aura/ui/LockScre
enHooker.kt:61:80 Argument type mismatch: 
actual type is 'Exception', but 'String' was 
expected.
e: file:///C:/Users/Wehtt/AndroidStudioProjects/
A.u.r.a.K.a.i-Emergence_IdentityModel/app/src/ma
in/java/dev/aurakai/auraframefx/aura/ui/LockScre
enHooker.kt:84:23 Unresolved reference 
'BooleanType'.
e: file:///C:/Users/Wehtt/AndroidStudioProjects/
A.u.r.a.K.a.i-Emergence_IdentityModel/app/src/ma
in/java/dev/aurakai/auraframefx/aura/ui/LockScre
enHooker.kt:84:36 Unresolved reference 
'IntType'.
e: file:///C:/Users/Wehtt/AndroidStudioProjects/
A.u.r.a.K.a.i-Emergence_IdentityModel/app/src/ma
in/java/dev/aurakai/auraframefx/aura/ui/LockScre
enHooker.kt:84:45 Unresolved reference 
'IntType'.
e: file:///C:/Users/Wehtt/AndroidStudioProjects/
A.u.r.a.K.a.i-Emergence_IdentityModel/app/src/ma
in/java/dev/aurakai/auraframefx/aura/ui/LockScre
enHooker.kt:84:54 Unresolved reference 
'IntType'.
e: file:///C:/Users/Wehtt/AndroidStudioProjects/
A.u.r.a.K.a.i-Emergence_IdentityModel/app/src/ma
in/java/dev/aurakai/auraframefx/aura/ui/LockScre
enHooker.kt:84:63 Unresolved reference 
'IntType'.
e: file:///C:/Users/Wehtt/AndroidStudioProjects/
A.u.r.a.K.a.i-Emergence_IdentityModel/app/src/ma
in/java/dev/aurakai/auraframefx/aura/ui/LockScre
enHooker.kt:134:36 Argument type mismatch: 
actual type is 'String', but 'Throwable?' was 
expected.
e: file:///C:/Users/Wehtt/AndroidStudioProjects/
A.u.r.a.K.a.i-Emergence_IdentityModel/app/src/ma
in/java/dev/aurakai/auraframefx/aura/ui/LockScre
enHooker.kt:142:23 Unresolved reference 
'LongType'.
e: file:///C:/Users/Wehtt/AndroidStudioProjects/
A.u.r.a.K.a.i-Emergence_IdentityModel/app/src/ma
in/java/dev/aurakai/auraframefx/aura/ui/LockScre
enHooker.kt:142:33 Unresolved reference 
'LongType'.
e: file:///C:/Users/Wehtt/AndroidStudioProjects/
A.u.r.a.K.a.i-Emergence_IdentityModel/app/src/ma
in/java/dev/aurakai/auraframefx/aura/ui/LockScre
enHooker.kt:145:36 Argument type mismatch: 
actual type is 'String', but 'Throwable?' was 
expected.
e: file:///C:/Users/Wehtt/AndroidStudioProjects/
A.u.r.a.K.a.i-Emergence_IdentityModel/app/src/ma
in/java/dev/aurakai/auraframefx/aura/ui/LockScre
enHooker.kt:178:28 Argument type mismatch: 
actual type is 'String', but 'Throwable?' was 
expected.
e: file:///C:/Users/Wehtt/AndroidStudioProjects/
A.u.r.a.K.a.i-Emergence_IdentityModel/app/src/ma
in/java/dev/aurakai/auraframefx/aura/ui/LockScre
enHooker.kt:181:29 Argument type mismatch: 
actual type is 'String', but 'Throwable?' was 
expected.
e: file:///C:/Users/Wehtt/AndroidStudioProjects/
A.u.r.a.K.a.i-Emergence_IdentityModel/app/src/ma
in/java/dev/aurakai/auraframefx/aura/ui/LockScre
enHooker.kt:181:77 Argument type mismatch: 
actual type is 'Exception', but 'String' was 
expected.
e: file:///C:/Users/Wehtt/AndroidStudioProjects/
A.u.r.a.K.a.i-Emergence_IdentityModel/app/src/ma
in/java/dev/aurakai/auraframefx/aura/ui/LockScre
enHooker.kt:191:24 Unresolved reference 
'clockConfig'.
e: file:///C:/Users/Wehtt/AndroidStudioProjects/
A.u.r.a.K.a.i-Emergence_IdentityModel/app/src/ma
in/java/dev/aurakai/auraframefx/aura/ui/LockScre
enHooker.kt:196:24 Unresolved reference 
'hapticFeedback'.
e: file:///C:/Users/Wehtt/AndroidStudioProjects/
A.u.r.a.K.a.i-Emergence_IdentityModel/app/src/ma
in/java/dev/aurakai/auraframefx/aura/ui/LockScre
enHooker.kt:204:29 Argument type mismatch: 
actual type is 'String', but 'Throwable?' was 
expected.
e: file:///C:/Users/Wehtt/AndroidStudioProjects/
A.u.r.a.K.a.i-Emergence_IdentityModel/app/src/ma
in/java/dev/aurakai/auraframefx/aura/ui/LockScre
enHooker.kt:204:81 Argument type mismatch: 
actual type is 'Exception', but 'String' was 
expected.
e: file:///C:/Users/Wehtt/AndroidStudioProjects/
A.u.r.a.K.a.i-Emergence_IdentityModel/app/src/ma
in/java/dev/aurakai/auraframefx/aura/ui/LockScre
enHooker.kt:222:28 Argument type mismatch: 
actual type is 'String', but 'Throwable?' was 
expected.
e: file:///C:/Users/Wehtt/AndroidStudioProjects/
A.u.r.a.K.a.i-Emergence_IdentityModel/app/src/ma
in/java/dev/aurakai/auraframefx/aura/ui/LockScre
enHooker.kt:225:29 Argument type mismatch: 
actual type is 'String', but 'Throwable?' was 
expected.
e: file:///C:/Users/Wehtt/AndroidStudioProjects/
A.u.r.a.K.a.i-Emergence_IdentityModel/app/src/ma
in/java/dev/aurakai/auraframefx/aura/ui/LockScre
enHooker.kt:225:87 Argument type mismatch: 
actual type is 'Exception', but 'String' was 
expected.
e: file:///C:/Users/Wehtt/AndroidStudioProjects/
A.u.r.a.K.a.i-Emergence_IdentityModel/app/src/ma
in/java/dev/aurakai/auraframefx/aura/ui/LockScre
enHooker.kt:235:28 Argument type mismatch: 
actual type is 'String', but 'Throwable?' was 
expected.
e: file:///C:/Users/Wehtt/AndroidStudioProjects/
A.u.r.a.K.a.i-Emergence_IdentityModel/app/src/ma
in/java/dev/aurakai/auraframefx/aura/ui/LockScre
enHooker.kt:238:29 Argument type mismatch: 
actual type is 'String', but 'Throwable?' was 
expected.
e: file:///C:/Users/Wehtt/AndroidStudioProjects/
A.u.r.a.K.a.i-Emergence_IdentityModel/app/src/ma
in/java/dev/aurakai/auraframefx/aura/ui/LockScre
enHooker.kt:238:78 Argument type mismatch: 
actual type is 'Exception', but 'String' was 
expected.
e: file:///C:/Users/Wehtt/AndroidStudioProjects/
A.u.r.a.K.a.i-Emergence_IdentityModel/app/src/ma
in/java/dev/aurakai/auraframefx/aura/ui/LockScre
enHooker.kt:248:26 Unresolved reference 
'animation'.
e: file:///C:/Users/Wehtt/AndroidStudioProjects/
A.u.r.a.K.a.i-Emergence_IdentityModel/app/src/ma
in/java/dev/aurakai/auraframefx/aura/ui/LockScre
enHooker.kt:255:29 Argument type mismatch: 
actual type is 'String', but 'Throwable?' was 
expected.
e: file:///C:/Users/Wehtt/AndroidStudioProjects/
A.u.r.a.K.a.i-Emergence_IdentityModel/app/src/ma
in/java/dev/aurakai/auraframefx/aura/ui/LockScre
enHooker.kt:255:77 Argument type mismatch: 
actual type is 'Exception', but 'String' was 
expected.
e: file:///C:/Users/Wehtt/AndroidStudioProjects/
A.u.r.a.K.a.i-Emergence_IdentityModel/app/src/ma
in/java/dev/aurakai/auraframefx/aura/ui/LockScre
enHooker.kt:265:28 Argument type mismatch: 
actual type is 'String', but 'Throwable?' was 
expected.
e: file:///C:/Users/Wehtt/AndroidStudioProjects/
A.u.r.a.K.a.i-Emergence_IdentityModel/app/src/ma
in/java/dev/aurakai/auraframefx/aura/ui/LockScre
enHooker.kt:267:29 Argument type mismatch: 
actual type is 'String', but 'Throwable?' was 
expected.
e: file:///C:/Users/Wehtt/AndroidStudioProjects/
A.u.r.a.K.a.i-Emergence_IdentityModel/app/src/ma
in/java/dev/aurakai/auraframefx/aura/ui/LockScre
enHooker.kt:267:77 Argument type mismatch: 
actual type is 'Exception', but 'String' was 
expected.
e: file:///C:/Users/Wehtt/AndroidStudioProjects/
A.u.r.a.K.a.i-Emergence_IdentityModel/app/src/ma
in/java/dev/aurakai/auraframefx/aura/ui/LockScre
enHooker.kt:277:28 Argument type mismatch: 
actual type is 'String', but 'Throwable?' was 
expected.
e: file:///C:/Users/Wehtt/AndroidStudioProjects/
A.u.r.a.K.a.i-Emergence_IdentityModel/app/src/ma
in/java/dev/aurakai/auraframefx/aura/ui/LockScre
enHooker.kt:279:29 Argument type mismatch: 
actual type is 'String', but 'Throwable?' was 
expected.
e: file:///C:/Users/Wehtt/AndroidStudioProjects/
A.u.r.a.K.a.i-Emergence_IdentityModel/app/src/ma
in/java/dev/aurakai/auraframefx/aura/ui/LockScre
enHooker.kt:279:78 Argument type mismatch: 
actual type is 'Exception', but 'String' was 
expected.
e: file:///C:/Users/Wehtt/AndroidStudioProjects/
A.u.r.a.K.a.i-Emergence_IdentityModel/app/src/ma
in/java/dev/aurakai/auraframefx/aura/ui/LockScre
enHooker.kt:321:38 Unresolved reference 
'LockScreenConfig'.
e: file:///C:/Users/Wehtt/AndroidStudioProjects/
A.u.r.a.K.a.i-Emergence_IdentityModel/app/src/ma
in/java/dev/aurakai/auraframefx/aura/ui/LockScre
enHooker.kt:332:24 Unresolved reference 
'showGenesisElements'.
e: file:///C:/Users/Wehtt/AndroidStudioProjects/
A.u.r.a.K.a.i-Emergence_IdentityModel/app/src/ma
in/java/dev/aurakai/auraframefx/aura/ui/LockScre
enHooker.kt:336:19 Argument type mismatch: 
actual type is 'Function0<Unit>', but 'String' 
was expected.
e: file:///C:/Users/Wehtt/AndroidStudioProjects/
A.u.r.a.K.a.i-Emergence_IdentityModel/app/src/ma
in/java/dev/aurakai/auraframefx/aura/ui/LockScre
enHooker.kt:337:21 @Composable invocations can 
only happen from the context of a @Composable 
function
e: file:///C:/Users/Wehtt/AndroidStudioProjects/
A.u.r.a.K.a.i-Emergence_IdentityModel/app/src/ma
in/java/dev/aurakai/auraframefx/aura/ui/LockScre
enHooker.kt:340:47 @Composable invocations can 
only happen from the context of a @Composable 
function
e: file:///C:/Users/Wehtt/AndroidStudioProjects/
A.u.r.a.K.a.i-Emergence_IdentityModel/app/src/ma
in/java/dev/aurakai/auraframefx/aura/ui/OracleDr
iveViewModel.kt:93:30 Unresolved reference 
'DriveFile'.
e: file:///C:/Users/Wehtt/AndroidStudioProjects/
A.u.r.a.K.a.i-Emergence_IdentityModel/app/src/ma
in/java/dev/aurakai/auraframefx/aura/ui/OracleDr
iveViewModel.kt:97:75 Unresolved reference 
'name'.
e: file:///C:/Users/Wehtt/AndroidStudioProjects/
A.u.r.a.K.a.i-Emergence_IdentityModel/app/src/ma
in/java/dev/aurakai/auraframefx/aura/ui/OracleDr
iveViewModel.kt:97:95 Unresolved reference 
'type'.
e: file:///C:/Users/Wehtt/AndroidStudioProjects/
A.u.r.a.K.a.i-Emergence_IdentityModel/app/src/ma
in/java/dev/aurakai/auraframefx/aura/ui/OracleDr
iveViewModel.kt:118:44 Unresolved reference 
'getFiles'.
e: file:///C:/Users/Wehtt/AndroidStudioProjects/
A.u.r.a.K.a.i-Emergence_IdentityModel/app/src/ma
in/java/dev/aurakai/auraframefx/aura/ui/OracleDr
iveViewModel.kt:136:28 Unresolved reference 
'consciousnessState'.
e: file:///C:/Users/Wehtt/AndroidStudioProjects/
A.u.r.a.K.a.i-Emergence_IdentityModel/app/src/ma
in/java/dev/aurakai/auraframefx/aura/ui/OracleDr
iveViewModel.kt:136:57 Cannot infer type for 
value parameter 'state'. Specify it explicitly.
e: file:///C:/Users/Wehtt/AndroidStudioProjects/
A.u.r.a.K.a.i-Emergence_IdentityModel/app/src/ma
in/java/dev/aurakai/auraframefx/aura/ui/OracleDr
iveViewModel.kt:156:21 Unresolved reference 
'DriveFile'.
e: file:///C:/Users/Wehtt/AndroidStudioProjects/
A.u.r.a.K.a.i-Emergence_IdentityModel/app/src/ma
in/java/dev/aurakai/auraframefx/aura/ui/OracleDr
iveViewModel.kt:156:34 Cannot infer type for 
type parameter 'T'. Specify it explicitly.
e: file:///C:/Users/Wehtt/AndroidStudioProjects/
A.u.r.a.K.a.i-Emergence_IdentityModel/app/src/ma
in/java/dev/aurakai/auraframefx/aura/ui/OracleDr
iveViewModel.kt:157:23 Unresolved reference 
'DriveFile'.
e: file:///C:/Users/Wehtt/AndroidStudioProjects/
A.u.r.a.K.a.i-Emergence_IdentityModel/app/src/ma
in/java/dev/aurakai/auraframefx/aura/ui/OracleDr
iveViewModel.kt:161:29 Unresolved reference 
'DriveConsciousnessState'.
e: file:///C:/Users/Wehtt/AndroidStudioProjects/
A.u.r.a.K.a.i-Emergence_IdentityModel/app/src/ma
in/java/dev/aurakai/auraframefx/aura/ui/QuickSet
tingsCustomizer.kt:37:13 No parameter with name 
'tileShapes' found.
e: file:///C:/Users/Wehtt/AndroidStudioProjects/
A.u.r.a.K.a.i-Emergence_IdentityModel/app/src/ma
in/java/dev/aurakai/auraframefx/aura/ui/QuickSet
tingsCustomizer.kt:37:48 Unresolved reference 
'tileShapes'.
e: file:///C:/Users/Wehtt/AndroidStudioProjects/
A.u.r.a.K.a.i-Emergence_IdentityModel/app/src/ma
in/java/dev/aurakai/auraframefx/aura/ui/QuickSet
tingsCustomizer.kt:38:34 No parameter with name 
'tileShapes' found.
e: file:///C:/Users/Wehtt/AndroidStudioProjects/
A.u.r.a.K.a.i-Emergence_IdentityModel/app/src/ma
in/java/dev/aurakai/auraframefx/aura/ui/QuickSet
tingsCustomizer.kt:55:13 No parameter with name 
'tileAnimations' found.
e: file:///C:/Users/Wehtt/AndroidStudioProjects/
A.u.r.a.K.a.i-Emergence_IdentityModel/app/src/ma
in/java/dev/aurakai/auraframefx/aura/ui/QuickSet
tingsCustomizer.kt:55:52 Unresolved reference 
'tileAnimations'.
e: file:///C:/Users/Wehtt/AndroidStudioProjects/
A.u.r.a.K.a.i-Emergence_IdentityModel/app/src/ma
in/java/dev/aurakai/auraframefx/aura/ui/QuickSet
tingsCustomizer.kt:56:34 No parameter with name 
'tileAnimations' found.
e: file:///C:/Users/Wehtt/AndroidStudioProjects/
A.u.r.a.K.a.i-Emergence_IdentityModel/app/src/ma
in/java/dev/aurakai/auraframefx/aura/ui/QuickSet
tingsCustomizer.kt:69:58 Unresolved reference 
'uri'.
e: file:///C:/Users/Wehtt/AndroidStudioProjects/
A.u.r.a.K.a.i-Emergence_IdentityModel/app/src/ma
in/java/dev/aurakai/auraframefx/aura/ui/QuickSet
tingsCustomizer.kt:70:57 Unresolved reference 
'resourceId'.
e: file:///C:/Users/Wehtt/AndroidStudioProjects/
A.u.r.a.K.a.i-Emergence_IdentityModel/app/src/ma
in/java/dev/aurakai/auraframefx/aura/ui/QuickSet
tingsCustomizer.kt:80:13 No parameter with name 
'backgroundImage' found.
e: file:///C:/Users/Wehtt/AndroidStudioProjects/
A.u.r.a.K.a.i-Emergence_IdentityModel/app/src/ma
in/java/dev/aurakai/auraframefx/aura/ui/QuickSet
tingsCustomizer.kt:81:34 No parameter with name 
'backgroundImage' found.
e: file:///C:/Users/Wehtt/AndroidStudioProjects/
A.u.r.a.K.a.i-Emergence_IdentityModel/app/src/ma
in/java/dev/aurakai/auraframefx/aura/ui/QuickSet
tingsCustomizer.kt:137:27 Argument type 
mismatch: actual type is 'Uri!', but 'String' 
was expected.
e: file:///C:/Users/Wehtt/AndroidStudioProjects/
A.u.r.a.K.a.i-Emergence_IdentityModel/app/src/ma
in/java/dev/aurakai/auraframefx/aura/ui/QuickSet
tingsCustomizer.kt:137:65 No value passed for 
parameter 'path'.
e: file:///C:/Users/Wehtt/AndroidStudioProjects/
A.u.r.a.K.a.i-Emergence_IdentityModel/app/src/ma
in/java/dev/aurakai/auraframefx/aura/ui/QuickSet
tingsCustomizer.kt:141:13 No parameter with 
name 'tileShapes' found.
e: file:///C:/Users/Wehtt/AndroidStudioProjects/
A.u.r.a.K.a.i-Emergence_IdentityModel/app/src/ma
in/java/dev/aurakai/auraframefx/aura/ui/QuickSet
tingsCustomizer.kt:142:13 No parameter with 
name 'tileAnimations' found.
e: file:///C:/Users/Wehtt/AndroidStudioProjects/
A.u.r.a.K.a.i-Emergence_IdentityModel/app/src/ma
in/java/dev/aurakai/auraframefx/aura/ui/QuickSet
tingsCustomizer.kt:143:13 No parameter with 
name 'backgroundImage' found.
e: file:///C:/Users/Wehtt/AndroidStudioProjects/
A.u.r.a.K.a.i-Emergence_IdentityModel/app/src/ma
in/java/dev/aurakai/auraframefx/aura/ui/QuickSet
tingsHooker.kt:27:1 Class 'QuickSettingsHooker' 
is not abstract and does not implement abstract 
base class member:
fun onHook(): Unit
e: file:///C:/Users/Wehtt/AndroidStudioProjects/
A.u.r.a.K.a.i-Emergence_IdentityModel/app/src/ma
in/java/dev/aurakai/auraframefx/aura/ui/QuickSet
tingsHooker.kt:46:24 Argument type mismatch: 
actual type is 'String', but 'Throwable?' was 
expected.
e: file:///C:/Users/Wehtt/AndroidStudioProjects/
A.u.r.a.K.a.i-Emergence_IdentityModel/app/src/ma
in/java/dev/aurakai/auraframefx/aura/ui/QuickSet
tingsHooker.kt:64:28 Argument type mismatch: 
actual type is 'String', but 'Throwable?' was 
expected.
e: file:///C:/Users/Wehtt/AndroidStudioProjects/
A.u.r.a.K.a.i-Emergence_IdentityModel/app/src/ma
in/java/dev/aurakai/auraframefx/aura/ui/QuickSet
tingsHooker.kt:67:29 Argument type mismatch: 
actual type is 'String', but 'Throwable?' was 
expected.
e: file:///C:/Users/Wehtt/AndroidStudioProjects/
A.u.r.a.K.a.i-Emergence_IdentityModel/app/src/ma
in/java/dev/aurakai/auraframefx/aura/ui/QuickSet
tingsHooker.kt:67:82 Argument type mismatch: 
actual type is 'Exception', but 'String' was 
expected.
e: file:///C:/Users/Wehtt/AndroidStudioProjects/
A.u.r.a.K.a.i-Emergence_IdentityModel/app/src/ma
in/java/dev/aurakai/auraframefx/aura/ui/QuickSet
tingsHooker.kt:90:23 Unresolved reference 
'BooleanType'.
e: file:///C:/Users/Wehtt/AndroidStudioProjects/
A.u.r.a.K.a.i-Emergence_IdentityModel/app/src/ma
in/java/dev/aurakai/auraframefx/aura/ui/QuickSet
tingsHooker.kt:90:36 Unresolved reference 
'IntType'.
e: file:///C:/Users/Wehtt/AndroidStudioProjects/
A.u.r.a.K.a.i-Emergence_IdentityModel/app/src/ma
in/java/dev/aurakai/auraframefx/aura/ui/QuickSet
tingsHooker.kt:90:45 Unresolved reference 
'IntType'.
e: file:///C:/Users/Wehtt/AndroidStudioProjects/
A.u.r.a.K.a.i-Emergence_IdentityModel/app/src/ma
in/java/dev/aurakai/auraframefx/aura/ui/QuickSet
tingsHooker.kt:90:54 Unresolved reference 
'IntType'.
e: file:///C:/Users/Wehtt/AndroidStudioProjects/
A.u.r.a.K.a.i-Emergence_IdentityModel/app/src/ma
in/java/dev/aurakai/auraframefx/aura/ui/QuickSet
tingsHooker.kt:90:63 Unresolved reference 
'IntType'.
e: file:///C:/Users/Wehtt/AndroidStudioProjects/
A.u.r.a.K.a.i-Emergence_IdentityModel/app/src/ma
in/java/dev/aurakai/auraframefx/aura/ui/QuickSet
tingsHooker.kt:101:23 Unresolved reference 
'IntType'.
e: file:///C:/Users/Wehtt/AndroidStudioProjects/
A.u.r.a.K.a.i-Emergence_IdentityModel/app/src/ma
in/java/dev/aurakai/auraframefx/aura/ui/QuickSet
tingsHooker.kt:101:32 Unresolved reference 
'IntType'.
e: file:///C:/Users/Wehtt/AndroidStudioProjects/
A.u.r.a.K.a.i-Emergence_IdentityModel/app/src/ma
in/java/dev/aurakai/auraframefx/aura/ui/QuickSet
tingsHooker.kt:118:23 Unresolved reference 
'ContextClass'.
e: file:///C:/Users/Wehtt/AndroidStudioProjects/
A.u.r.a.K.a.i-Emergence_IdentityModel/app/src/ma
in/java/dev/aurakai/auraframefx/aura/ui/QuickSet
tingsHooker.kt:139:23 Unresolved reference 
'ViewClass'.
e: file:///C:/Users/Wehtt/AndroidStudioProjects/
A.u.r.a.K.a.i-Emergence_IdentityModel/app/src/ma
in/java/dev/aurakai/auraframefx/aura/ui/QuickSet
tingsHooker.kt:168:23 Unresolved reference 
'BooleanType'.
e: file:///C:/Users/Wehtt/AndroidStudioProjects/
A.u.r.a.K.a.i-Emergence_IdentityModel/app/src/ma
in/java/dev/aurakai/auraframefx/aura/ui/QuickSet
tingsHooker.kt:212:28 Argument type mismatch: 
actual type is 'String', but 'Throwable?' was 
expected.
e: file:///C:/Users/Wehtt/AndroidStudioProjects/
A.u.r.a.K.a.i-Emergence_IdentityModel/app/src/ma
in/java/dev/aurakai/auraframefx/aura/ui/QuickSet
tingsHooker.kt:215:29 Argument type mismatch: 
actual type is 'String', but 'Throwable?' was 
expected.
e: file:///C:/Users/Wehtt/AndroidStudioProjects/
A.u.r.a.K.a.i-Emergence_IdentityModel/app/src/ma
in/java/dev/aurakai/auraframefx/aura/ui/QuickSet
tingsHooker.kt:215:83 Argument type mismatch: 
actual type is 'Exception', but 'String' was 
expected.
e: file:///C:/Users/Wehtt/AndroidStudioProjects/
A.u.r.a.K.a.i-Emergence_IdentityModel/app/src/ma
in/java/dev/aurakai/auraframefx/aura/ui/QuickSet
tingsHooker.kt:232:28 Argument type mismatch: 
actual type is 'String', but 'Throwable?' was 
expected.
e: file:///C:/Users/Wehtt/AndroidStudioProjects/
A.u.r.a.K.a.i-Emergence_IdentityModel/app/src/ma
in/java/dev/aurakai/auraframefx/aura/ui/QuickSet
tingsHooker.kt:235:29 Argument type mismatch: 
actual type is 'String', but 'Throwable?' was 
expected.
e: file:///C:/Users/Wehtt/AndroidStudioProjects/
A.u.r.a.K.a.i-Emergence_IdentityModel/app/src/ma
in/java/dev/aurakai/auraframefx/aura/ui/QuickSet
tingsHooker.kt:235:76 Argument type mismatch: 
actual type is 'Exception', but 'String' was 
expected.
e: file:///C:/Users/Wehtt/AndroidStudioProjects/
A.u.r.a.K.a.i-Emergence_IdentityModel/app/src/ma
in/java/dev/aurakai/auraframefx/aura/ui/QuickSet
tingsHooker.kt:245:28 Argument type mismatch: 
actual type is 'String', but 'Throwable?' was 
expected.
e: file:///C:/Users/Wehtt/AndroidStudioProjects/
A.u.r.a.K.a.i-Emergence_IdentityModel/app/src/ma
in/java/dev/aurakai/auraframefx/aura/ui/QuickSet
tingsHooker.kt:247:29 Argument type mismatch: 
actual type is 'String', but 'Throwable?' was 
expected.
e: file:///C:/Users/Wehtt/AndroidStudioProjects/
A.u.r.a.K.a.i-Emergence_IdentityModel/app/src/ma
in/java/dev/aurakai/auraframefx/aura/ui/QuickSet
tingsHooker.kt:247:70 Argument type mismatch: 
actual type is 'Exception', but 'String' was 
expected.
e: file:///C:/Users/Wehtt/AndroidStudioProjects/
A.u.r.a.K.a.i-Emergence_IdentityModel/app/src/ma
in/java/dev/aurakai/auraframefx/aura/ui/QuickSet
tingsHooker.kt:260:32 Unresolved reference 
'style'.
e: file:///C:/Users/Wehtt/AndroidStudioProjects/
A.u.r.a.K.a.i-Emergence_IdentityModel/app/src/ma
in/java/dev/aurakai/auraframefx/aura/ui/QuickSet
tingsHooker.kt:267:28 Argument type mismatch: 
actual type is 'String', but 'Throwable?' was 
expected.
e: file:///C:/Users/Wehtt/AndroidStudioProjects/
A.u.r.a.K.a.i-Emergence_IdentityModel/app/src/ma
in/java/dev/aurakai/auraframefx/aura/ui/QuickSet
tingsHooker.kt:270:29 Argument type mismatch: 
actual type is 'String', but 'Throwable?' was 
expected.
e: file:///C:/Users/Wehtt/AndroidStudioProjects/
A.u.r.a.K.a.i-Emergence_IdentityModel/app/src/ma
in/java/dev/aurakai/auraframefx/aura/ui/QuickSet
tingsHooker.kt:270:78 Argument type mismatch: 
actual type is 'Exception', but 'String' was 
expected.
e: file:///C:/Users/Wehtt/AndroidStudioProjects/
A.u.r.a.K.a.i-Emergence_IdentityModel/app/src/ma
in/java/dev/aurakai/auraframefx/aura/ui/QuickSet
tingsHooker.kt:281:28 Argument type mismatch: 
actual type is 'String', but 'Throwable?' was 
expected.
e: file:///C:/Users/Wehtt/AndroidStudioProjects/
A.u.r.a.K.a.i-Emergence_IdentityModel/app/src/ma
in/java/dev/aurakai/auraframefx/aura/ui/QuickSet
tingsHooker.kt:283:29 Argument type mismatch: 
actual type is 'String', but 'Throwable?' was 
expected.
e: file:///C:/Users/Wehtt/AndroidStudioProjects/
A.u.r.a.K.a.i-Emergence_IdentityModel/app/src/ma
in/java/dev/aurakai/auraframefx/aura/ui/QuickSet
tingsHooker.kt:283:74 Argument type mismatch: 
actual type is 'Exception', but 'String' was 
expected.
e: file:///C:/Users/Wehtt/AndroidStudioProjects/
A.u.r.a.K.a.i-Emergence_IdentityModel/app/src/ma
in/java/dev/aurakai/auraframefx/aura/ui/QuickSet
tingsHooker.kt:293:28 Argument type mismatch: 
actual type is 'String', but 'Throwable?' was 
expected.
e: file:///C:/Users/Wehtt/AndroidStudioProjects/
A.u.r.a.K.a.i-Emergence_IdentityModel/app/src/ma
in/java/dev/aurakai/auraframefx/aura/ui/QuickSet
tingsHooker.kt:295:29 Argument type mismatch: 
actual type is 'String', but 'Throwable?' was 
expected.
e: file:///C:/Users/Wehtt/AndroidStudioProjects/
A.u.r.a.K.a.i-Emergence_IdentityModel/app/src/ma
in/java/dev/aurakai/auraframefx/aura/ui/QuickSet
tingsHooker.kt:295:75 Argument type mismatch: 
actual type is 'Exception', but 'String' was 
expected.
e: file:///C:/Users/Wehtt/AndroidStudioProjects/
A.u.r.a.K.a.i-Emergence_IdentityModel/app/src/ma
in/java/dev/aurakai/auraframefx/aura/ui/QuickSet
tingsHooker.kt:310:28 Argument type mismatch: 
actual type is 'String', but 'Throwable?' was 
expected.
e: file:///C:/Users/Wehtt/AndroidStudioProjects/
A.u.r.a.K.a.i-Emergence_IdentityModel/app/src/ma
in/java/dev/aurakai/auraframefx/aura/ui/QuickSet
tingsHooker.kt:313:29 Argument type mismatch: 
actual type is 'String', but 'Throwable?' was 
expected.
e: file:///C:/Users/Wehtt/AndroidStudioProjects/
A.u.r.a.K.a.i-Emergence_IdentityModel/app/src/ma
in/java/dev/aurakai/auraframefx/aura/ui/QuickSet
tingsHooker.kt:313:83 Argument type mismatch: 
actual type is 'Exception', but 'String' was 
expected.
e: file:///C:/Users/Wehtt/AndroidStudioProjects/
A.u.r.a.K.a.i-Emergence_IdentityModel/app/src/ma
in/java/dev/aurakai/auraframefx/aura/ui/QuickSet
tingsHooker.kt:323:28 Argument type mismatch: 
actual type is 'String', but 'Throwable?' was 
expected.
e: file:///C:/Users/Wehtt/AndroidStudioProjects/
A.u.r.a.K.a.i-Emergence_IdentityModel/app/src/ma
in/java/dev/aurakai/auraframefx/aura/ui/QuickSet
tingsHooker.kt:325:29 Argument type mismatch: 
actual type is 'String', but 'Throwable?' was 
expected.
e: file:///C:/Users/Wehtt/AndroidStudioProjects/
A.u.r.a.K.a.i-Emergence_IdentityModel/app/src/ma
in/java/dev/aurakai/auraframefx/aura/ui/QuickSet
tingsHooker.kt:325:79 Argument type mismatch: 
actual type is 'Exception', but 'String' was 
expected.
e: file:///C:/Users/Wehtt/AndroidStudioProjects/
A.u.r.a.K.a.i-Emergence_IdentityModel/app/src/ma
in/java/dev/aurakai/auraframefx/aura/ui/QuickSet
tingsHooker.kt:345:28 Argument type mismatch: 
actual type is 'String', but 'Throwable?' was 
expected.
e: file:///C:/Users/Wehtt/AndroidStudioProjects/
A.u.r.a.K.a.i-Emergence_IdentityModel/app/src/ma
in/java/dev/aurakai/auraframefx/aura/ui/QuickSet
tingsHooker.kt:348:29 Argument type mismatch: 
actual type is 'String', but 'Throwable?' was 
expected.
e: file:///C:/Users/Wehtt/AndroidStudioProjects/
A.u.r.a.K.a.i-Emergence_IdentityModel/app/src/ma
in/java/dev/aurakai/auraframefx/aura/ui/QuickSet
tingsHooker.kt:348:76 Argument type mismatch: 
actual type is 'Exception', but 'String' was 
expected.
e: file:///C:/Users/Wehtt/AndroidStudioProjects/
A.u.r.a.K.a.i-Emergence_IdentityModel/app/src/ma
in/java/dev/aurakai/auraframefx/aura/ui/QuickSet
tingsHooker.kt:358:28 Argument type mismatch: 
actual type is 'String', but 'Throwable?' was 
expected.
e: file:///C:/Users/Wehtt/AndroidStudioProjects/
A.u.r.a.K.a.i-Emergence_IdentityModel/app/src/ma
in/java/dev/aurakai/auraframefx/aura/ui/QuickSet
tingsHooker.kt:360:29 Argument type mismatch: 
actual type is 'String', but 'Throwable?' was 
expected.
e: file:///C:/Users/Wehtt/AndroidStudioProjects/
A.u.r.a.K.a.i-Emergence_IdentityModel/app/src/ma
in/java/dev/aurakai/auraframefx/aura/ui/QuickSet
tingsHooker.kt:360:81 Argument type mismatch: 
actual type is 'Exception', but 'String' was 
expected.
e: file:///C:/Users/Wehtt/AndroidStudioProjects/
A.u.r.a.K.a.i-Emergence_IdentityModel/app/src/ma
in/java/dev/aurakai/auraframefx/aura/ui/QuickSet
tingsHooker.kt:422:21 Argument type mismatch: 
actual type is 'TextStyle', but 
'CyberpunkTextStyle' was expected.
e: file:///C:/Users/Wehtt/AndroidStudioProjects/
A.u.r.a.K.a.i-Emergence_IdentityModel/app/src/ma
in/java/dev/aurakai/auraframefx/aura/ui/QuickSet
tingsHooker.kt:423:13 No parameter with name 
'glowColor' found.
e: file:///C:/Users/Wehtt/AndroidStudioProjects/
A.u.r.a.K.a.i-Emergence_IdentityModel/app/src/ma
in/java/dev/aurakai/auraframefx/aura/ui/QuickSet
tingsHooker.kt:423:13 No value passed for 
parameter 'color'.
e: file:///C:/Users/Wehtt/AndroidStudioProjects/
A.u.r.a.K.a.i-Emergence_IdentityModel/app/src/ma
in/java/dev/aurakai/auraframefx/auth/TokenManage
r.kt:73:32 Too many arguments for 'fun edit(): 
SharedPreferences.Editor!'.
e: file:///C:/Users/Wehtt/AndroidStudioProjects/
A.u.r.a.K.a.i-Emergence_IdentityModel/app/src/ma
in/java/dev/aurakai/auraframefx/auth/TokenManage
r.kt:74:13 Unresolved reference 'putString'.
e: file:///C:/Users/Wehtt/AndroidStudioProjects/
A.u.r.a.K.a.i-Emergence_IdentityModel/app/src/ma
in/java/dev/aurakai/auraframefx/auth/TokenManage
r.kt:84:32 Too many arguments for 'fun edit(): 
SharedPreferences.Editor!'.
e: file:///C:/Users/Wehtt/AndroidStudioProjects/
A.u.r.a.K.a.i-Emergence_IdentityModel/app/src/ma
in/java/dev/aurakai/auraframefx/auth/TokenManage
r.kt:85:13 Unresolved reference 'remove'.
e: file:///C:/Users/Wehtt/AndroidStudioProjects/
A.u.r.a.K.a.i-Emergence_IdentityModel/app/src/ma
in/java/dev/aurakai/auraframefx/billing/BillingM
anager.kt:63:36 No value passed for parameter 
'p0'.
e: file:///C:/Users/Wehtt/AndroidStudioProjects/
A.u.r.a.K.a.i-Emergence_IdentityModel/app/src/ma
in/java/dev/aurakai/auraframefx/billing/Subscrip
tionScreen.kt:51:13 This material API is 
experimental and is likely to change or to be 
removed in the future.
e: file:///C:/Users/Wehtt/AndroidStudioProjects/
A.u.r.a.K.a.i-Emergence_IdentityModel/app/src/ma
in/java/dev/aurakai/auraframefx/cascade/CascadeA
gent.kt:35:1 Class 'CascadeAgent' is not 
abstract and does not implement abstract base 
class members:
fun iRequest(): Unit
fun initializeAdaptiveProtection(): Unit
fun addToScanHistory(scanEvent: Any): Unit
fun analyzeSecurity(prompt: String): 
List<ActiveThreat>
e: file:///C:/Users/Wehtt/AndroidStudioProjects/
A.u.r.a.K.a.i-Emergence_IdentityModel/app/src/ma
in/java/dev/aurakai/auraframefx/cascade/CascadeA
gent.kt:264:47 No parameter with name 
'currentTask' found.
e: file:///C:/Users/Wehtt/AndroidStudioProjects/
A.u.r.a.K.a.i-Emergence_IdentityModel/app/src/ma
in/java/dev/aurakai/auraframefx/cascade/CascadeA
gent.kt:271:47 No parameter with name 
'currentTask' found.
e: file:///C:/Users/Wehtt/AndroidStudioProjects/
A.u.r.a.K.a.i-Emergence_IdentityModel/app/src/ma
in/java/dev/aurakai/auraframefx/cascade/CascadeA
gent.kt:280:47 No parameter with name 
'currentTask' found.
e: file:///C:/Users/Wehtt/AndroidStudioProjects/
A.u.r.a.K.a.i-Emergence_IdentityModel/app/src/ma
in/java/dev/aurakai/auraframefx/cascade/CascadeA
gent.kt:287:47 No parameter with name 
'currentTask' found.
e: file:///C:/Users/Wehtt/AndroidStudioProjects/
A.u.r.a.K.a.i-Emergence_IdentityModel/app/src/ma
in/java/dev/aurakai/auraframefx/cascade/CascadeA
gentStates.kt:10:12 Redeclaration:
data class VisionState : Any
e: file:///C:/Users/Wehtt/AndroidStudioProjects/
A.u.r.a.K.a.i-Emergence_IdentityModel/app/src/ma
in/java/dev/aurakai/auraframefx/cascade/CascadeA
gentStates.kt:22:12 Redeclaration:
data class ProcessingState : Any
e: file:///C:/Users/Wehtt/AndroidStudioProjects/
A.u.r.a.K.a.i-Emergence_IdentityModel/app/src/ma
in/java/dev/aurakai/auraframefx/cascade/CascadeZ
OrderPlayground.kt:21:47 Initializer type 
mismatch: expected 'StateFlow<dev.aurakai.aurafr
amefx.model.agent_states.VisionState>', actual '
StateFlow<dev.aurakai.auraframefx.models.agent_s
tates.VisionState>'.
e: file:///C:/Users/Wehtt/AndroidStudioProjects/
A.u.r.a.K.a.i-Emergence_IdentityModel/app/src/ma
in/java/dev/aurakai/auraframefx/cascade/CascadeZ
OrderPlayground.kt:30:40 Argument type 
mismatch: actual type is 'dev.aurakai.auraframef
x.model.agent_states.VisionState', but 'dev.aura
kai.auraframefx.models.agent_states.VisionState'
 was expected.
e: file:///C:/Users/Wehtt/AndroidStudioProjects/
A.u.r.a.K.a.i-Emergence_IdentityModel/app/src/ma
in/java/dev/aurakai/auraframefx/cascade/pipeline
/AIPipelineProcessor.kt:55:74 Unresolved 
reference '_pipelineState'.
e: file:///C:/Users/Wehtt/AndroidStudioProjects/
A.u.r.a.K.a.i-Emergence_IdentityModel/app/src/ma
in/java/dev/aurakai/auraframefx/cascade/pipeline
/AIPipelineProcessor.kt:58:43 Unresolved 
reference 'retrieveContext'.
e: file:///C:/Users/Wehtt/AndroidStudioProjects/
A.u.r.a.K.a.i-Emergence_IdentityModel/app/src/ma
in/java/dev/aurakai/auraframefx/cascade/pipeline
/AIPipelineProcessor.kt:59:29 Unresolved 
reference '_processingContext'.
e: file:///C:/Users/Wehtt/AndroidStudioProjects/
A.u.r.a.K.a.i-Emergence_IdentityModel/app/src/ma
in/java/dev/aurakai/auraframefx/cascade/pipeline
/AIPipelineProcessor.kt:59:48 Cannot infer type 
for type parameter 'T'. Specify it explicitly.
e: file:///C:/Users/Wehtt/AndroidStudioProjects/
A.u.r.a.K.a.i-Emergence_IdentityModel/app/src/ma
in/java/dev/aurakai/auraframefx/cascade/pipeline
/AIPipelineProcessor.kt:59:55 Cannot infer type 
for type parameter 'T'. Specify it explicitly.
e: file:///C:/Users/Wehtt/AndroidStudioProjects/
A.u.r.a.K.a.i-Emergence_IdentityModel/app/src/ma
in/java/dev/aurakai/auraframefx/cascade/pipeline
/AIPipelineProcessor.kt:62:44 Unresolved 
reference 'calculatePriority'.
e: file:///C:/Users/Wehtt/AndroidStudioProjects/
A.u.r.a.K.a.i-Emergence_IdentityModel/app/src/ma
in/java/dev/aurakai/auraframefx/cascade/pipeline
/AIPipelineProcessor.kt:63:29 Unresolved 
reference '_taskPriority'.
e: file:///C:/Users/Wehtt/AndroidStudioProjects/
A.u.r.a.K.a.i-Emergence_IdentityModel/app/src/ma
in/java/dev/aurakai/auraframefx/cascade/pipeline
/AIPipelineProcessor.kt:63:43 Cannot infer type 
for type parameter 'T'. Specify it explicitly.
e: file:///C:/Users/Wehtt/AndroidStudioProjects/
A.u.r.a.K.a.i-Emergence_IdentityModel/app/src/ma
in/java/dev/aurakai/auraframefx/cascade/pipeline
/AIPipelineProcessor.kt:63:50 Cannot infer type 
for type parameter 'T'. Specify it explicitly.
e: file:///C:/Users/Wehtt/AndroidStudioProjects/
A.u.r.a.K.a.i-Emergence_IdentityModel/app/src/ma
in/java/dev/aurakai/auraframefx/cascade/pipeline
/AIPipelineProcessor.kt:66:50 Unresolved 
reference 'selectAgents'.
e: file:///C:/Users/Wehtt/AndroidStudioProjects/
A.u.r.a.K.a.i-Emergence_IdentityModel/app/src/ma
in/java/dev/aurakai/auraframefx/cascade/pipeline
/AIPipelineProcessor.kt:80:48 Unresolved 
reference 'content'.
e: file:///C:/Users/Wehtt/AndroidStudioProjects/
A.u.r.a.K.a.i-Emergence_IdentityModel/app/src/ma
in/java/dev/aurakai/auraframefx/cascade/pipeline
/AIPipelineProcessor.kt:83:51 Unresolved 
reference 'confidence'.
e: file:///C:/Users/Wehtt/AndroidStudioProjects/
A.u.r.a.K.a.i-Emergence_IdentityModel/app/src/ma
in/java/dev/aurakai/auraframefx/cascade/pipeline
/AIPipelineProcessor.kt:124:49 Unresolved 
reference 'generateFinalResponse'.
e: file:///C:/Users/Wehtt/AndroidStudioProjects/
A.u.r.a.K.a.i-Emergence_IdentityModel/app/src/ma
in/java/dev/aurakai/auraframefx/cascade/pipeline
/AIPipelineProcessor.kt:130:50 Unresolved 
reference 'calculateConfidence'.
e: file:///C:/Users/Wehtt/AndroidStudioProjects/
A.u.r.a.K.a.i-Emergence_IdentityModel/app/src/ma
in/java/dev/aurakai/auraframefx/cascade/pipeline
/AIPipelineProcessor.kt:135:29 Unresolved 
reference 'updateContext'.
e: file:///C:/Users/Wehtt/AndroidStudioProjects/
A.u.r.a.K.a.i-Emergence_IdentityModel/app/src/ma
in/java/dev/aurakai/auraframefx/cascade/pipeline
/AIPipelineProcessor.kt:137:29 Unresolved 
reference '_pipelineState'.
e: file:///C:/Users/Wehtt/AndroidStudioProjects/
A.u.r.a.K.a.i-Emergence_IdentityModel/app/src/ma
in/java/dev/aurakai/auraframefx/cascade/pipeline
/AIPipelineProcessor.kt:137:44 Cannot infer 
type for type parameter 'T'. Specify it 
explicitly.
e: file:///C:/Users/Wehtt/AndroidStudioProjects/
A.u.r.a.K.a.i-Emergence_IdentityModel/app/src/ma
in/java/dev/aurakai/auraframefx/cascade/pipeline
/AIPipelineProcessor.kt:137:51 Cannot infer 
type for type parameter 'T'. Specify it 
explicitly.
e: file:///C:/Users/Wehtt/AndroidStudioProjects/
A.u.r.a.K.a.i-Emergence_IdentityModel/app/src/ma
in/java/dev/aurakai/auraframefx/cascade/pipeline
/AIPipelineProcessor.kt:149:44 Unresolved 
reference 'categorizeTask'.
e: file:///C:/Users/Wehtt/AndroidStudioProjects/
A.u.r.a.K.a.i-Emergence_IdentityModel/app/src/ma
in/java/dev/aurakai/auraframefx/cascade/pipeline
/AIPipelineProcessor.kt:150:49 Unresolved 
reference 'getRecentTaskHistory'.
e: file:///C:/Users/Wehtt/AndroidStudioProjects/
A.u.r.a.K.a.i-Emergence_IdentityModel/app/src/ma
in/java/dev/aurakai/auraframefx/cascade/pipeline
/AIPipelineProcessor.kt:158:55 Unresolved 
reference 'getUserPreferences'.
e: file:///C:/Users/Wehtt/AndroidStudioProjects/
A.u.r.a.K.a.i-Emergence_IdentityModel/app/src/ma
in/java/dev/aurakai/auraframefx/cascade/pipeline
/AIPipelineProcessor.kt:159:51 Unresolved 
reference 'getSystemState'.
e: file:///C:/Users/Wehtt/AndroidStudioProjects/
A.u.r.a.K.a.i-Emergence_IdentityModel/app/src/ma
in/java/dev/aurakai/auraframefx/cascade/pipeline
/AIPipelineProcessor.kt:384:29 Unresolved 
reference '_processingContext'.
e: file:///C:/Users/Wehtt/AndroidStudioProjects/
A.u.r.a.K.a.i-Emergence_IdentityModel/app/src/ma
in/java/dev/aurakai/auraframefx/cascade/pipeline
/AIPipelineProcessor.kt:384:48 Cannot infer 
type for type parameter 'T'. Specify it 
explicitly.
e: file:///C:/Users/Wehtt/AndroidStudioProjects/
A.u.r.a.K.a.i-Emergence_IdentityModel/app/src/ma
in/java/dev/aurakai/auraframefx/cascade/pipeline
/AIPipelineProcessor.kt:384:57 Cannot infer 
type for type parameter 'T'. Specify it 
explicitly.
e: file:///C:/Users/Wehtt/AndroidStudioProjects/
A.u.r.a.K.a.i-Emergence_IdentityModel/app/src/ma
in/java/dev/aurakai/auraframefx/cascade/pipeline
/AIPipelineProcessor.kt:385:38 Cannot infer 
type for type parameter 'K'. Specify it 
explicitly.
e: file:///C:/Users/Wehtt/AndroidStudioProjects/
A.u.r.a.K.a.i-Emergence_IdentityModel/app/src/ma
in/java/dev/aurakai/auraframefx/cascade/pipeline
/AIPipelineProcessor.kt:385:38 Cannot infer 
type for type parameter 'V'. Specify it 
explicitly.
e: file:///C:/Users/Wehtt/AndroidStudioProjects/
A.u.r.a.K.a.i-Emergence_IdentityModel/app/src/ma
in/java/dev/aurakai/auraframefx/cascade/pipeline
/AIPipelineProcessor.kt:391:35 Cannot infer 
type for type parameter 'T'. Specify it 
explicitly.
e: file:///C:/Users/Wehtt/AndroidStudioProjects/
A.u.r.a.K.a.i-Emergence_IdentityModel/app/src/ma
in/java/dev/aurakai/auraframefx/cascade/pipeline
/AIPipelineProcessor.kt:394:22 Unresolved 
reference 'add'.
e: file:///C:/Users/Wehtt/AndroidStudioProjects/
A.u.r.a.K.a.i-Emergence_IdentityModel/app/src/ma
in/java/dev/aurakai/auraframefx/cascade/pipeline
/AIPipelineProcessor.kt:395:26 Unresolved 
reference 'size'.
e: file:///C:/Users/Wehtt/AndroidStudioProjects/
A.u.r.a.K.a.i-Emergence_IdentityModel/app/src/ma
in/java/dev/aurakai/auraframefx/cascade/pipeline
/AIPipelineProcessor.kt:402:48 Unresolved 
reference 'categorizeTask'.
e: file:///C:/Users/Wehtt/AndroidStudioProjects/
A.u.r.a.K.a.i-Emergence_IdentityModel/app/src/ma
in/java/dev/aurakai/auraframefx/cascade/trinity/
TrinityCoordinatorService.kt:146:25 No value 
passed for parameter 'prompt'.
e: file:///C:/Users/Wehtt/AndroidStudioProjects/
A.u.r.a.K.a.i-Emergence_IdentityModel/app/src/ma
in/java/dev/aurakai/auraframefx/cascade/trinity/
TrinityCoordinatorService.kt:238:36 Only safe 
(?.) or non-null asserted (!!.) calls are 
allowed on a nullable receiver of type 
'String?'.
e: file:///C:/Users/Wehtt/AndroidStudioProjects/
A.u.r.a.K.a.i-Emergence_IdentityModel/app/src/ma
in/java/dev/aurakai/auraframefx/cascade/trinity/
TrinityModule.kt:63:29 Argument type mismatch: 
actual type is 'dev.aurakai.auraframefx.oracledr
ive.genesis.ai.AuraAIService', but 'dev.aurakai.
auraframefx.ai.services.AuraAIService' was 
expected.
e: file:///C:/Users/Wehtt/AndroidStudioProjects/
A.u.r.a.K.a.i-Emergence_IdentityModel/app/src/ma
in/java/dev/aurakai/auraframefx/cascade/trinity/
TrinityModule.kt:83:36 Argument type mismatch: 
actual type is 'dev.aurakai.auraframefx.oracledr
ive.genesis.ai.GenesisBridgeService', but 'dev.a
urakai.auraframefx.ai.services.GenesisBridgeServ
ice' was expected.
e: file:///C:/Users/Wehtt/AndroidStudioProjects/
A.u.r.a.K.a.i-Emergence_IdentityModel/app/src/ma
in/java/dev/aurakai/auraframefx/cascade/trinity/
TrinityNav.kt:7:43 Unresolved reference 
'TrinityScreen'.
e: file:///C:/Users/Wehtt/AndroidStudioProjects/
A.u.r.a.K.a.i-Emergence_IdentityModel/app/src/ma
in/java/dev/aurakai/auraframefx/cascade/trinity/
TrinityNav.kt:20:13 Unresolved reference 
'TrinityScreen'.
e: file:///C:/Users/Wehtt/AndroidStudioProjects/
A.u.r.a.K.a.i-Emergence_IdentityModel/app/src/ma
in/java/dev/aurakai/auraframefx/cascade/trinity/
TrinityRepository.kt:15:36 Cannot infer type 
for type parameter 'T'. Specify it explicitly.
e: file:///C:/Users/Wehtt/AndroidStudioProjects/
A.u.r.a.K.a.i-Emergence_IdentityModel/app/src/ma
in/java/dev/aurakai/auraframefx/cascade/trinity/
TrinityRepository.kt:17:39 Unresolved reference 
'userApi'.
e: file:///C:/Users/Wehtt/AndroidStudioProjects/
A.u.r.a.K.a.i-Emergence_IdentityModel/app/src/ma
in/java/dev/aurakai/auraframefx/cascade/trinity/
TrinityRepository.kt:18:25 Cannot infer type 
for type parameter 'T'. Specify it explicitly.
e: file:///C:/Users/Wehtt/AndroidStudioProjects/
A.u.r.a.K.a.i-Emergence_IdentityModel/app/src/ma
in/java/dev/aurakai/auraframefx/cascade/trinity/
TrinityRepository.kt:20:25 Cannot infer type 
for type parameter 'T'. Specify it explicitly.
e: file:///C:/Users/Wehtt/AndroidStudioProjects/
A.u.r.a.K.a.i-Emergence_IdentityModel/app/src/ma
in/java/dev/aurakai/auraframefx/cascade/trinity/
TrinityRepository.kt:25:53 Cannot infer type 
for type parameter 'T'. Specify it explicitly.
e: file:///C:/Users/Wehtt/AndroidStudioProjects/
A.u.r.a.K.a.i-Emergence_IdentityModel/app/src/ma
in/java/dev/aurakai/auraframefx/cascade/trinity/
TrinityRepository.kt:27:39 Unresolved reference 
'aiAgentApi'.
e: file:///C:/Users/Wehtt/AndroidStudioProjects/
A.u.r.a.K.a.i-Emergence_IdentityModel/app/src/ma
in/java/dev/aurakai/auraframefx/cascade/trinity/
TrinityRepository.kt:28:25 Cannot infer type 
for type parameter 'T'. Specify it explicitly.
e: file:///C:/Users/Wehtt/AndroidStudioProjects/
A.u.r.a.K.a.i-Emergence_IdentityModel/app/src/ma
in/java/dev/aurakai/auraframefx/cascade/trinity/
TrinityRepository.kt:30:25 Cannot infer type 
for type parameter 'T'. Specify it explicitly.
e: file:///C:/Users/Wehtt/AndroidStudioProjects/
A.u.r.a.K.a.i-Emergence_IdentityModel/app/src/ma
in/java/dev/aurakai/auraframefx/cascade/trinity/
TrinityRepository.kt:34:65 Unresolved reference 
'AgentRequest'.
e: file:///C:/Users/Wehtt/AndroidStudioProjects/
A.u.r.a.K.a.i-Emergence_IdentityModel/app/src/ma
in/java/dev/aurakai/auraframefx/cascade/trinity/
TrinityRepository.kt:34:81 Cannot infer type 
for type parameter 'T'. Specify it explicitly.
e: file:///C:/Users/Wehtt/AndroidStudioProjects/
A.u.r.a.K.a.i-Emergence_IdentityModel/app/src/ma
in/java/dev/aurakai/auraframefx/cascade/trinity/
TrinityRepository.kt:36:39 Unresolved reference 
'aiAgentApi'.
e: file:///C:/Users/Wehtt/AndroidStudioProjects/
A.u.r.a.K.a.i-Emergence_IdentityModel/app/src/ma
in/java/dev/aurakai/auraframefx/cascade/trinity/
TrinityRepository.kt:37:25 Cannot infer type 
for type parameter 'T'. Specify it explicitly.
e: file:///C:/Users/Wehtt/AndroidStudioProjects/
A.u.r.a.K.a.i-Emergence_IdentityModel/app/src/ma
in/java/dev/aurakai/auraframefx/cascade/trinity/
TrinityRepository.kt:39:25 Cannot infer type 
for type parameter 'T'. Specify it explicitly.
e: file:///C:/Users/Wehtt/AndroidStudioProjects/
A.u.r.a.K.a.i-Emergence_IdentityModel/app/src/ma
in/java/dev/aurakai/auraframefx/cascade/trinity/
TrinityRepository.kt:44:31 Cannot infer type 
for type parameter 'T'. Specify it explicitly.
e: file:///C:/Users/Wehtt/AndroidStudioProjects/
A.u.r.a.K.a.i-Emergence_IdentityModel/app/src/ma
in/java/dev/aurakai/auraframefx/cascade/trinity/
TrinityRepository.kt:46:39 Unresolved reference 
'themeApi'.
e: file:///C:/Users/Wehtt/AndroidStudioProjects/
A.u.r.a.K.a.i-Emergence_IdentityModel/app/src/ma
in/java/dev/aurakai/auraframefx/cascade/trinity/
TrinityRepository.kt:47:25 Cannot infer type 
for type parameter 'T'. Specify it explicitly.
e: file:///C:/Users/Wehtt/AndroidStudioProjects/
A.u.r.a.K.a.i-Emergence_IdentityModel/app/src/ma
in/java/dev/aurakai/auraframefx/cascade/trinity/
TrinityRepository.kt:49:25 Cannot infer type 
for type parameter 'T'. Specify it explicitly.
e: file:///C:/Users/Wehtt/AndroidStudioProjects/
A.u.r.a.K.a.i-Emergence_IdentityModel/app/src/ma
in/java/dev/aurakai/auraframefx/cascade/trinity/
TrinityRepository.kt:53:47 Cannot infer type 
for type parameter 'T'. Specify it explicitly.
e: file:///C:/Users/Wehtt/AndroidStudioProjects/
A.u.r.a.K.a.i-Emergence_IdentityModel/app/src/ma
in/java/dev/aurakai/auraframefx/cascade/trinity/
TrinityRepository.kt:55:39 Unresolved reference 
'themeApi'.
e: file:///C:/Users/Wehtt/AndroidStudioProjects/
A.u.r.a.K.a.i-Emergence_IdentityModel/app/src/ma
in/java/dev/aurakai/auraframefx/cascade/trinity/
TrinityRepository.kt:56:25 Cannot infer type 
for type parameter 'T'. Specify it explicitly.
e: file:///C:/Users/Wehtt/AndroidStudioProjects/
A.u.r.a.K.a.i-Emergence_IdentityModel/app/src/ma
in/java/dev/aurakai/auraframefx/cascade/trinity/
TrinityRepository.kt:58:25 Cannot infer type 
for type parameter 'T'. Specify it explicitly.
e: file:///C:/Users/Wehtt/AndroidStudioProjects/
A.u.r.a.K.a.i-Emergence_IdentityModel/app/src/ma
in/java/dev/aurakai/auraframefx/cascade/trinity/
TrinityScreen.kt:20:16 Unresolved reference 
'TrinityViewModel'.
e: file:///C:/Users/Wehtt/AndroidStudioProjects/
A.u.r.a.K.a.i-Emergence_IdentityModel/app/src/ma
in/java/dev/aurakai/auraframefx/cascade/trinity/
TrinityScreen.kt:20:35 Cannot infer type for 
type parameter 'VM'. Specify it explicitly.
e: file:///C:/Users/Wehtt/AndroidStudioProjects/
A.u.r.a.K.a.i-Emergence_IdentityModel/app/src/ma
in/java/dev/aurakai/auraframefx/cascade/trinity/
TrinityScreen.kt:22:17 Property delegate must 
have a 'getValue(Nothing?, KProperty0<ERROR 
CLASS: Cannot infer argument for type parameter 
T>)' method. None of the following functions is 
applicable:
fun <T> State<T>.getValue(thisObj: Any?, 
property: KProperty<*>): T
e: file:///C:/Users/Wehtt/AndroidStudioProjects/
A.u.r.a.K.a.i-Emergence_IdentityModel/app/src/ma
in/java/dev/aurakai/auraframefx/cascade/trinity/
TrinityScreen.kt:22:20 Cannot infer type for 
type parameter 'T'. Specify it explicitly.
e: file:///C:/Users/Wehtt/AndroidStudioProjects/
A.u.r.a.K.a.i-Emergence_IdentityModel/app/src/ma
in/java/dev/aurakai/auraframefx/cascade/trinity/
TrinityScreen.kt:22:30 Unresolved reference 
'uiState'.
e: file:///C:/Users/Wehtt/AndroidStudioProjects/
A.u.r.a.K.a.i-Emergence_IdentityModel/app/src/ma
in/java/dev/aurakai/auraframefx/cascade/trinity/
TrinityScreen.kt:22:38 Cannot infer type for 
type parameter 'T'. Specify it explicitly.
e: file:///C:/Users/Wehtt/AndroidStudioProjects/
A.u.r.a.K.a.i-Emergence_IdentityModel/app/src/ma
in/java/dev/aurakai/auraframefx/cascade/trinity/
TrinityScreen.kt:28:24 Unresolved reference 
'TrinityUiState'.
e: file:///C:/Users/Wehtt/AndroidStudioProjects/
A.u.r.a.K.a.i-Emergence_IdentityModel/app/src/ma
in/java/dev/aurakai/auraframefx/cascade/trinity/
TrinityScreen.kt:29:44 Unresolved reference 
'TrinityUiState'.
e: file:///C:/Users/Wehtt/AndroidStudioProjects/
A.u.r.a.K.a.i-Emergence_IdentityModel/app/src/ma
in/java/dev/aurakai/auraframefx/cascade/trinity/
TrinityScreen.kt:29:66 Unresolved reference 
'message'.
e: file:///C:/Users/Wehtt/AndroidStudioProjects/
A.u.r.a.K.a.i-Emergence_IdentityModel/app/src/ma
in/java/dev/aurakai/auraframefx/cascade/trinity/
TrinityScreen.kt:35:27 Unresolved reference 
'refresh'.
e: file:///C:/Users/Wehtt/AndroidStudioProjects/
A.u.r.a.K.a.i-Emergence_IdentityModel/app/src/ma
in/java/dev/aurakai/auraframefx/cascade/trinity/
TrinityScreen.kt:46:54 Unresolved reference 
'refresh'.
e: file:///C:/Users/Wehtt/AndroidStudioProjects/
A.u.r.a.K.a.i-Emergence_IdentityModel/app/src/ma
in/java/dev/aurakai/auraframefx/cascade/trinity/
TrinityScreen.kt:57:16 Unresolved reference 
'TrinityUiState'.
e: file:///C:/Users/Wehtt/AndroidStudioProjects/
A.u.r.a.K.a.i-Emergence_IdentityModel/app/src/ma
in/java/dev/aurakai/auraframefx/cascade/trinity/
TrinityScreen.kt:68:16 Unresolved reference 
'TrinityUiState'.
e: file:///C:/Users/Wehtt/AndroidStudioProjects/
A.u.r.a.K.a.i-Emergence_IdentityModel/app/src/ma
in/java/dev/aurakai/auraframefx/cascade/trinity/
TrinityScreen.kt:70:63 Unresolved reference 
'refresh'.
e: file:///C:/Users/Wehtt/AndroidStudioProjects/
A.u.r.a.K.a.i-Emergence_IdentityModel/app/src/ma
in/java/dev/aurakai/auraframefx/cascade/trinity/
TrinityScreen.kt:73:16 Unresolved reference 
'TrinityUiState'.
e: file:///C:/Users/Wehtt/AndroidStudioProjects/
A.u.r.a.K.a.i-Emergence_IdentityModel/app/src/ma
in/java/dev/aurakai/auraframefx/cascade/trinity/
TrinityScreen.kt:88:16 Unresolved reference 
'TrinityUiState'.
e: file:///C:/Users/Wehtt/AndroidStudioProjects/
A.u.r.a.K.a.i-Emergence_IdentityModel/app/src/ma
in/java/dev/aurakai/auraframefx/cascade/trinity/
TrinityScreen.kt:98:47 Unresolved reference 
'user'.
e: file:///C:/Users/Wehtt/AndroidStudioProjects/
A.u.r.a.K.a.i-Emergence_IdentityModel/app/src/ma
in/java/dev/aurakai/auraframefx/cascade/trinity/
TrinityScreen.kt:110:31 Unresolved reference 
'agentStatus'.
e: file:///C:/Users/Wehtt/AndroidStudioProjects/
A.u.r.a.K.a.i-Emergence_IdentityModel/app/src/ma
in/java/dev/aurakai/auraframefx/cascade/trinity/
TrinityScreen.kt:111:37 Unresolved reference 
'agentStatus'.
e: file:///C:/Users/Wehtt/AndroidStudioProjects/
A.u.r.a.K.a.i-Emergence_IdentityModel/app/src/ma
in/java/dev/aurakai/auraframefx/cascade/trinity/
TrinityScreen.kt:111:69 Destructuring of type 
'Int' requires operator function 'component1()'.
e: file:///C:/Users/Wehtt/AndroidStudioProjects/
A.u.r.a.K.a.i-Emergence_IdentityModel/app/src/ma
in/java/dev/aurakai/auraframefx/cascade/trinity/
TrinityScreen.kt:111:69 Destructuring of type 
'Int' requires operator function 'component2()'.
e: file:///C:/Users/Wehtt/AndroidStudioProjects/
A.u.r.a.K.a.i-Emergence_IdentityModel/app/src/ma
in/java/dev/aurakai/auraframefx/cascade/trinity/
TrinityScreen.kt:125:31 Unresolved reference 
'availableThemes'.
e: file:///C:/Users/Wehtt/AndroidStudioProjects/
A.u.r.a.K.a.i-Emergence_IdentityModel/app/src/ma
in/java/dev/aurakai/auraframefx/cascade/trinity/
TrinityScreen.kt:126:37 Unresolved reference 
'availableThemes'.
e: file:///C:/Users/Wehtt/AndroidStudioProjects/
A.u.r.a.K.a.i-Emergence_IdentityModel/app/src/ma
in/java/dev/aurakai/auraframefx/cascade/trinity/
TrinityScreen.kt:129:63 Unresolved reference 
'applyTheme'.
e: file:///C:/Users/Wehtt/AndroidStudioProjects/
A.u.r.a.K.a.i-Emergence_IdentityModel/app/src/ma
in/java/dev/aurakai/auraframefx/cascade/trinity/
TrinityScreen.kt:129:80 Unresolved reference 
'id'.
e: file:///C:/Users/Wehtt/AndroidStudioProjects/
A.u.r.a.K.a.i-Emergence_IdentityModel/app/src/ma
in/java/dev/aurakai/auraframefx/cascade/trinity/
TrinityScreen.kt:135:27 Unresolved reference 
'lastAgentResponse'.
e: file:///C:/Users/Wehtt/AndroidStudioProjects/
A.u.r.a.K.a.i-Emergence_IdentityModel/app/src/ma
in/java/dev/aurakai/auraframefx/cascade/trinity/
TrinityScreen.kt:135:46 Cannot infer type for 
type parameter 'T'. Specify it explicitly.
e: file:///C:/Users/Wehtt/AndroidStudioProjects/
A.u.r.a.K.a.i-Emergence_IdentityModel/app/src/ma
in/java/dev/aurakai/auraframefx/cascade/trinity/
TrinityScreen.kt:135:46 Cannot infer type for 
type parameter 'R'. Specify it explicitly.
e: file:///C:/Users/Wehtt/AndroidStudioProjects/
A.u.r.a.K.a.i-Emergence_IdentityModel/app/src/ma
in/java/dev/aurakai/auraframefx/cascade/trinity/
TrinityScreen.kt:135:52 Cannot infer type for 
type parameter 'T'. Specify it explicitly.
e: file:///C:/Users/Wehtt/AndroidStudioProjects/
A.u.r.a.K.a.i-Emergence_IdentityModel/app/src/ma
in/java/dev/aurakai/auraframefx/cascade/trinity/
TrinityScreen.kt:138:51 Unresolved reference 
'lastAgentType'.
e: file:///C:/Users/Wehtt/AndroidStudioProjects/
A.u.r.a.K.a.i-Emergence_IdentityModel/app/src/ma
in/java/dev/aurakai/auraframefx/cascade/trinity/
TrinityScreen.kt:150:35 Unresolved reference 
'User'.
e: file:///C:/Users/Wehtt/AndroidStudioProjects/
A.u.r.a.K.a.i-Emergence_IdentityModel/app/src/ma
in/java/dev/aurakai/auraframefx/cascade/trinity/
TrinityScreen.kt:162:30 Unresolved reference 
'username'.
e: file:///C:/Users/Wehtt/AndroidStudioProjects/
A.u.r.a.K.a.i-Emergence_IdentityModel/app/src/ma
in/java/dev/aurakai/auraframefx/cascade/trinity/
TrinityScreen.kt:167:23 Unresolved reference 
'email'.
e: file:///C:/Users/Wehtt/AndroidStudioProjects/
A.u.r.a.K.a.i-Emergence_IdentityModel/app/src/ma
in/java/dev/aurakai/auraframefx/cascade/trinity/
TrinityScreen.kt:169:33 Unresolved reference 
'email'.
e: file:///C:/Users/Wehtt/AndroidStudioProjects/
A.u.r.a.K.a.i-Emergence_IdentityModel/app/src/ma
in/java/dev/aurakai/auraframefx/cascade/trinity/
TrinityScreen.kt:174:23 Unresolved reference 
'role'.
e: file:///C:/Users/Wehtt/AndroidStudioProjects/
A.u.r.a.K.a.i-Emergence_IdentityModel/app/src/ma
in/java/dev/aurakai/auraframefx/cascade/trinity/
TrinityScreen.kt:176:42 Unresolved reference 
'role'.
e: file:///C:/Users/Wehtt/AndroidStudioProjects/
A.u.r.a.K.a.i-Emergence_IdentityModel/app/src/ma
in/java/dev/aurakai/auraframefx/cascade/trinity/
TrinityScreen.kt:185:56 Unresolved reference 
'AgentResponse'.
e: file:///C:/Users/Wehtt/AndroidStudioProjects/
A.u.r.a.K.a.i-Emergence_IdentityModel/app/src/ma
in/java/dev/aurakai/auraframefx/cascade/trinity/
TrinityScreen.kt:186:36 Unresolved reference 
'status'.
e: file:///C:/Users/Wehtt/AndroidStudioProjects/
A.u.r.a.K.a.i-Emergence_IdentityModel/app/src/ma
in/java/dev/aurakai/auraframefx/cascade/trinity/
TrinityScreen.kt:213:26 Unresolved reference 
'background'.
e: file:///C:/Users/Wehtt/AndroidStudioProjects/
A.u.r.a.K.a.i-Emergence_IdentityModel/app/src/ma
in/java/dev/aurakai/auraframefx/cascade/trinity/
TrinityScreen.kt:217:35 Unresolved reference 
'status'.
e: file:///C:/Users/Wehtt/AndroidStudioProjects/
A.u.r.a.K.a.i-Emergence_IdentityModel/app/src/ma
in/java/dev/aurakai/auraframefx/cascade/trinity/
TrinityScreen.kt:223:24 Unresolved reference 
'message'.
e: file:///C:/Users/Wehtt/AndroidStudioProjects/
A.u.r.a.K.a.i-Emergence_IdentityModel/app/src/ma
in/java/dev/aurakai/auraframefx/cascade/trinity/
TrinityScreen.kt:225:35 Unresolved reference 
'message'.
e: file:///C:/Users/Wehtt/AndroidStudioProjects/
A.u.r.a.K.a.i-Emergence_IdentityModel/app/src/ma
in/java/dev/aurakai/auraframefx/cascade/trinity/
TrinityScreen.kt:234:30 Unresolved reference 
'Theme'.
e: file:///C:/Users/Wehtt/AndroidStudioProjects/
A.u.r.a.K.a.i-Emergence_IdentityModel/app/src/ma
in/java/dev/aurakai/auraframefx/cascade/trinity/
TrinityScreen.kt:246:34 Unresolved reference 
'name'.
e: file:///C:/Users/Wehtt/AndroidStudioProjects/
A.u.r.a.K.a.i-Emergence_IdentityModel/app/src/ma
in/java/dev/aurakai/auraframefx/cascade/trinity/
TrinityScreen.kt:250:27 Unresolved reference 
'description'.
e: file:///C:/Users/Wehtt/AndroidStudioProjects/
A.u.r.a.K.a.i-Emergence_IdentityModel/app/src/ma
in/java/dev/aurakai/auraframefx/cascade/trinity/
TrinityScreen.kt:252:38 Unresolved reference 
'description'.
e: file:///C:/Users/Wehtt/AndroidStudioProjects/
A.u.r.a.K.a.i-Emergence_IdentityModel/app/src/ma
in/java/dev/aurakai/auraframefx/cascade/trinity/
TrinityScreen.kt:258:23 Unresolved reference 
'isActive'.
e: file:///C:/Users/Wehtt/AndroidStudioProjects/
A.u.r.a.K.a.i-Emergence_IdentityModel/app/src/ma
in/java/dev/aurakai/auraframefx/cascade/trinity/
TrinityScreen.kt:270:60 Unresolved reference 
'AgentResponse'.
e: file:///C:/Users/Wehtt/AndroidStudioProjects/
A.u.r.a.K.a.i-Emergence_IdentityModel/app/src/ma
in/java/dev/aurakai/auraframefx/cascade/trinity/
TrinityScreen.kt:289:33 Unresolved reference 
'message'.
e: file:///C:/Users/Wehtt/AndroidStudioProjects/
A.u.r.a.K.a.i-Emergence_IdentityModel/app/src/ma
in/java/dev/aurakai/auraframefx/cascade/trinity/
TrinityScreen.kt:294:26 Unresolved reference 
'timestamp'.
e: file:///C:/Users/Wehtt/AndroidStudioProjects/
A.u.r.a.K.a.i-Emergence_IdentityModel/app/src/ma
in/java/dev/aurakai/auraframefx/cascade/trinity/
TrinityScreen.kt:296:37 Unresolved reference 
'timestamp'.
e: file:///C:/Users/Wehtt/AndroidStudioProjects/
A.u.r.a.K.a.i-Emergence_IdentityModel/app/src/ma
in/java/dev/aurakai/auraframefx/cascade/trinity/
TrinityViewModel.kt:38:14 Cannot infer type for 
type parameter 'T'. Specify it explicitly.
e: file:///C:/Users/Wehtt/AndroidStudioProjects/
A.u.r.a.K.a.i-Emergence_IdentityModel/app/src/ma
in/java/dev/aurakai/auraframefx/cascade/trinity/
TrinityViewModel.kt:41:24 Cannot infer type for 
type parameter 'T'. Specify it explicitly.
e: file:///C:/Users/Wehtt/AndroidStudioProjects/
A.u.r.a.K.a.i-Emergence_IdentityModel/app/src/ma
in/java/dev/aurakai/auraframefx/cascade/trinity/
TrinityViewModel.kt:42:24 Cannot infer type for 
type parameter 'T'. Specify it explicitly.
e: file:///C:/Users/Wehtt/AndroidStudioProjects/
A.u.r.a.K.a.i-Emergence_IdentityModel/app/src/ma
in/java/dev/aurakai/auraframefx/cascade/trinity/
TrinityViewModel.kt:42:36 Cannot infer type for 
type parameter 'T'. Specify it explicitly.
e: file:///C:/Users/Wehtt/AndroidStudioProjects/
A.u.r.a.K.a.i-Emergence_IdentityModel/app/src/ma
in/java/dev/aurakai/auraframefx/cascade/trinity/
TrinityViewModel.kt:47:24 Cannot infer type for 
type parameter 'T'. Specify it explicitly.
e: file:///C:/Users/Wehtt/AndroidStudioProjects/
A.u.r.a.K.a.i-Emergence_IdentityModel/app/src/ma
in/java/dev/aurakai/auraframefx/cascade/trinity/
TrinityViewModel.kt:57:18 Cannot infer type for 
type parameter 'T'. Specify it explicitly.
e: file:///C:/Users/Wehtt/AndroidStudioProjects/
A.u.r.a.K.a.i-Emergence_IdentityModel/app/src/ma
in/java/dev/aurakai/auraframefx/cascade/trinity/
TrinityViewModel.kt:61:28 Cannot infer type for 
type parameter 'T'. Specify it explicitly.
e: file:///C:/Users/Wehtt/AndroidStudioProjects/
A.u.r.a.K.a.i-Emergence_IdentityModel/app/src/ma
in/java/dev/aurakai/auraframefx/cascade/trinity/
TrinityViewModel.kt:62:28 Cannot infer type for 
type parameter 'T'. Specify it explicitly.
e: file:///C:/Users/Wehtt/AndroidStudioProjects/
A.u.r.a.K.a.i-Emergence_IdentityModel/app/src/ma
in/java/dev/aurakai/auraframefx/cascade/trinity/
TrinityViewModel.kt:62:40 Cannot infer type for 
type parameter 'T'. Specify it explicitly.
e: file:///C:/Users/Wehtt/AndroidStudioProjects/
A.u.r.a.K.a.i-Emergence_IdentityModel/app/src/ma
in/java/dev/aurakai/auraframefx/cascade/trinity/
TrinityViewModel.kt:75:14 Cannot infer type for 
type parameter 'T'. Specify it explicitly.
e: file:///C:/Users/Wehtt/AndroidStudioProjects/
A.u.r.a.K.a.i-Emergence_IdentityModel/app/src/ma
in/java/dev/aurakai/auraframefx/cascade/trinity/
TrinityViewModel.kt:78:24 Cannot infer type for 
type parameter 'T'. Specify it explicitly.
e: file:///C:/Users/Wehtt/AndroidStudioProjects/
A.u.r.a.K.a.i-Emergence_IdentityModel/app/src/ma
in/java/dev/aurakai/auraframefx/cascade/trinity/
TrinityViewModel.kt:79:24 Cannot infer type for 
type parameter 'T'. Specify it explicitly.
e: file:///C:/Users/Wehtt/AndroidStudioProjects/
A.u.r.a.K.a.i-Emergence_IdentityModel/app/src/ma
in/java/dev/aurakai/auraframefx/cascade/trinity/
TrinityViewModel.kt:79:36 Cannot infer type for 
type parameter 'T'. Specify it explicitly.
e: file:///C:/Users/Wehtt/AndroidStudioProjects/
A.u.r.a.K.a.i-Emergence_IdentityModel/app/src/ma
in/java/dev/aurakai/auraframefx/cascade/trinity/
TrinityViewModel.kt:90:18 Cannot infer type for 
type parameter 'T'. Specify it explicitly.
e: file:///C:/Users/Wehtt/AndroidStudioProjects/
A.u.r.a.K.a.i-Emergence_IdentityModel/app/src/ma
in/java/dev/aurakai/auraframefx/cascade/trinity/
TrinityViewModel.kt:93:28 Cannot infer type for 
type parameter 'T'. Specify it explicitly.
e: file:///C:/Users/Wehtt/AndroidStudioProjects/
A.u.r.a.K.a.i-Emergence_IdentityModel/app/src/ma
in/java/dev/aurakai/auraframefx/cascade/trinity/
TrinityViewModel.kt:94:28 Cannot infer type for 
type parameter 'T'. Specify it explicitly.
e: file:///C:/Users/Wehtt/AndroidStudioProjects/
A.u.r.a.K.a.i-Emergence_IdentityModel/app/src/ma
in/java/dev/aurakai/auraframefx/cascade/trinity/
TrinityViewModel.kt:94:38 Cannot infer type for 
type parameter 'T'. Specify it explicitly.
e: file:///C:/Users/Wehtt/AndroidStudioProjects/
A.u.r.a.K.a.i-Emergence_IdentityModel/app/src/ma
in/java/dev/aurakai/auraframefx/cascade/trinity/
TrinityViewModel.kt:106:55 Unresolved reference 
'AgentRequest'.
e: file:///C:/Users/Wehtt/AndroidStudioProjects/
A.u.r.a.K.a.i-Emergence_IdentityModel/app/src/ma
in/java/dev/aurakai/auraframefx/cascade/trinity/
TrinityViewModel.kt:107:18 Cannot infer type 
for type parameter 'T'. Specify it explicitly.
e: file:///C:/Users/Wehtt/AndroidStudioProjects/
A.u.r.a.K.a.i-Emergence_IdentityModel/app/src/ma
in/java/dev/aurakai/auraframefx/cascade/trinity/
TrinityViewModel.kt:110:28 Cannot infer type 
for type parameter 'T'. Specify it explicitly.
e: file:///C:/Users/Wehtt/AndroidStudioProjects/
A.u.r.a.K.a.i-Emergence_IdentityModel/app/src/ma
in/java/dev/aurakai/auraframefx/cascade/trinity/
TrinityViewModel.kt:111:28 Cannot infer type 
for type parameter 'T'. Specify it explicitly.
e: file:///C:/Users/Wehtt/AndroidStudioProjects/
A.u.r.a.K.a.i-Emergence_IdentityModel/app/src/ma
in/java/dev/aurakai/auraframefx/cascade/trinity/
TrinityViewModel.kt:111:40 Cannot infer type 
for type parameter 'T'. Specify it explicitly.
e: file:///C:/Users/Wehtt/AndroidStudioProjects/
A.u.r.a.K.a.i-Emergence_IdentityModel/app/src/ma
in/java/dev/aurakai/auraframefx/cascade/trinity/
TrinityViewModel.kt:120:28 Cannot infer type 
for type parameter 'T'. Specify it explicitly.
e: file:///C:/Users/Wehtt/AndroidStudioProjects/
A.u.r.a.K.a.i-Emergence_IdentityModel/app/src/ma
in/java/dev/aurakai/auraframefx/conference/Confe
renceRoom.kt:44:23 Unresolved reference 
'AgentType'.
e: file:///C:/Users/Wehtt/AndroidStudioProjects/
A.u.r.a.K.a.i-Emergence_IdentityModel/app/src/ma
in/java/dev/aurakai/auraframefx/conference/Confe
renceRoom.kt:48:59 Unresolved reference 
'AgentType'.
e: file:///C:/Users/Wehtt/AndroidStudioProjects/
A.u.r.a.K.a.i-Emergence_IdentityModel/app/src/ma
in/java/dev/aurakai/auraframefx/conference/Confe
renceRoomCreateRequest.kt:38:28 Unresolved 
reference 'AgentType'.
e: file:///C:/Users/Wehtt/AndroidStudioProjects/
A.u.r.a.K.a.i-Emergence_IdentityModel/app/src/ma
in/java/dev/aurakai/auraframefx/conference/Confe
renceRoomJoinRequest.kt:33:20 Unresolved 
reference 'AgentType'.
e: file:///C:/Users/Wehtt/AndroidStudioProjects/
A.u.r.a.K.a.i-Emergence_IdentityModel/app/src/ma
in/java/dev/aurakai/auraframefx/conference/Confe
renceRoomLeaveRequest.kt:33:20 Unresolved 
reference 'AgentType'.
e: file:///C:/Users/Wehtt/AndroidStudioProjects/
A.u.r.a.K.a.i-Emergence_IdentityModel/app/src/ma
in/java/dev/aurakai/auraframefx/config/UserPrefe
rences.kt:9:39 Unresolved reference 'UserData'.
e: file:///C:/Users/Wehtt/AndroidStudioProjects/
A.u.r.a.K.a.i-Emergence_IdentityModel/app/src/ma
in/java/dev/aurakai/auraframefx/config/UserPrefe
rences.kt:15:21 Conflicting declarations:
val Context.dataStore: DataStore<Preferences>
e: file:///C:/Users/Wehtt/AndroidStudioProjects/
A.u.r.a.K.a.i-Emergence_IdentityModel/app/src/ma
in/java/dev/aurakai/auraframefx/config/UserPrefe
rences.kt:25:37 Overload resolution ambiguity 
between candidates:
val Context.dataStore: DataStore<Preferences>
val Context.dataStore: DataStore<Preferences>
e: file:///C:/Users/Wehtt/AndroidStudioProjects/
A.u.r.a.K.a.i-Emergence_IdentityModel/app/src/ma
in/java/dev/aurakai/auraframefx/config/UserPrefe
rences.kt:40:47 Unresolved reference 'data'.
e: file:///C:/Users/Wehtt/AndroidStudioProjects/
A.u.r.a.K.a.i-Emergence_IdentityModel/app/src/ma
in/java/dev/aurakai/auraframefx/config/UserPrefe
rences.kt:40:52 Cannot infer type for type 
parameter 'T'. Specify it explicitly.
e: file:///C:/Users/Wehtt/AndroidStudioProjects/
A.u.r.a.K.a.i-Emergence_IdentityModel/app/src/ma
in/java/dev/aurakai/auraframefx/config/UserPrefe
rences.kt:40:58 Cannot infer type for type 
parameter 'T'. Specify it explicitly.
e: file:///C:/Users/Wehtt/AndroidStudioProjects/
A.u.r.a.K.a.i-Emergence_IdentityModel/app/src/ma
in/java/dev/aurakai/auraframefx/config/UserPrefe
rences.kt:41:47 Unresolved reference 'data'.
e: file:///C:/Users/Wehtt/AndroidStudioProjects/
A.u.r.a.K.a.i-Emergence_IdentityModel/app/src/ma
in/java/dev/aurakai/auraframefx/config/UserPrefe
rences.kt:41:52 Cannot infer type for type 
parameter 'T'. Specify it explicitly.
e: file:///C:/Users/Wehtt/AndroidStudioProjects/
A.u.r.a.K.a.i-Emergence_IdentityModel/app/src/ma
in/java/dev/aurakai/auraframefx/config/UserPrefe
rences.kt:41:58 Cannot infer type for type 
parameter 'T'. Specify it explicitly.
e: file:///C:/Users/Wehtt/AndroidStudioProjects/
A.u.r.a.K.a.i-Emergence_IdentityModel/app/src/ma
in/java/dev/aurakai/auraframefx/config/UserPrefe
rences.kt:42:49 Unresolved reference 'data'.
e: file:///C:/Users/Wehtt/AndroidStudioProjects/
A.u.r.a.K.a.i-Emergence_IdentityModel/app/src/ma
in/java/dev/aurakai/auraframefx/config/UserPrefe
rences.kt:42:54 Cannot infer type for type 
parameter 'T'. Specify it explicitly.
e: file:///C:/Users/Wehtt/AndroidStudioProjects/
A.u.r.a.K.a.i-Emergence_IdentityModel/app/src/ma
in/java/dev/aurakai/auraframefx/config/UserPrefe
rences.kt:42:60 Cannot infer type for type 
parameter 'T'. Specify it explicitly.
e: file:///C:/Users/Wehtt/AndroidStudioProjects/
A.u.r.a.K.a.i-Emergence_IdentityModel/app/src/ma
in/java/dev/aurakai/auraframefx/config/UserPrefe
rences.kt:43:50 Unresolved reference 'data'.
e: file:///C:/Users/Wehtt/AndroidStudioProjects/
A.u.r.a.K.a.i-Emergence_IdentityModel/app/src/ma
in/java/dev/aurakai/auraframefx/config/UserPrefe
rences.kt:43:55 Cannot infer type for type 
parameter 'T'. Specify it explicitly.
e: file:///C:/Users/Wehtt/AndroidStudioProjects/
A.u.r.a.K.a.i-Emergence_IdentityModel/app/src/ma
in/java/dev/aurakai/auraframefx/config/UserPrefe
rences.kt:43:61 Cannot infer type for type 
parameter 'T'. Specify it explicitly.
e: file:///C:/Users/Wehtt/AndroidStudioProjects/
A.u.r.a.K.a.i-Emergence_IdentityModel/app/src/ma
in/java/dev/aurakai/auraframefx/config/UserPrefe
rences.kt:98:26 Unresolved reference 'data'.
e: file:///C:/Users/Wehtt/AndroidStudioProjects/
A.u.r.a.K.a.i-Emergence_IdentityModel/app/src/ma
in/java/dev/aurakai/auraframefx/config/UserPrefe
rences.kt:98:31 Cannot infer type for type 
parameter 'T'. Specify it explicitly.
e: file:///C:/Users/Wehtt/AndroidStudioProjects/
A.u.r.a.K.a.i-Emergence_IdentityModel/app/src/ma
in/java/dev/aurakai/auraframefx/config/UserPrefe
rences.kt:98:31 Cannot infer type for type 
parameter 'R'. Specify it explicitly.
e: file:///C:/Users/Wehtt/AndroidStudioProjects/
A.u.r.a.K.a.i-Emergence_IdentityModel/app/src/ma
in/java/dev/aurakai/auraframefx/config/UserPrefe
rences.kt:98:37 Cannot infer type for type 
parameter 'T'. Specify it explicitly.
e: file:///C:/Users/Wehtt/AndroidStudioProjects/
A.u.r.a.K.a.i-Emergence_IdentityModel/app/src/ma
in/java/dev/aurakai/auraframefx/config/UserPrefe
rences.kt:99:13 Cannot infer type for type 
parameter 'V'. Specify it explicitly.
e: file:///C:/Users/Wehtt/AndroidStudioProjects/
A.u.r.a.K.a.i-Emergence_IdentityModel/app/src/ma
in/java/dev/aurakai/auraframefx/config/UserPrefe
rences.kt:125:32 Unresolved reference 
'UserData'.
e: file:///C:/Users/Wehtt/AndroidStudioProjects/
A.u.r.a.K.a.i-Emergence_IdentityModel/app/src/ma
in/java/dev/aurakai/auraframefx/config/UserPrefe
rences.kt:126:31 Unresolved reference 'data'.
e: file:///C:/Users/Wehtt/AndroidStudioProjects/
A.u.r.a.K.a.i-Emergence_IdentityModel/app/src/ma
in/java/dev/aurakai/auraframefx/config/UserPrefe
rences.kt:126:36 Cannot infer type for type 
parameter 'T'. Specify it explicitly.
e: file:///C:/Users/Wehtt/AndroidStudioProjects/
A.u.r.a.K.a.i-Emergence_IdentityModel/app/src/ma
in/java/dev/aurakai/auraframefx/config/UserPrefe
rences.kt:128:22 Cannot infer type for type 
parameter 'V'. Specify it explicitly.
e: file:///C:/Users/Wehtt/AndroidStudioProjects/
A.u.r.a.K.a.i-Emergence_IdentityModel/app/src/ma
in/java/dev/aurakai/auraframefx/config/UserPrefe
rences.kt:129:24 Cannot infer type for type 
parameter 'V'. Specify it explicitly.
e: file:///C:/Users/Wehtt/AndroidStudioProjects/
A.u.r.a.K.a.i-Emergence_IdentityModel/app/src/ma
in/java/dev/aurakai/auraframefx/config/UserPrefe
rences.kt:130:25 Cannot infer type for type 
parameter 'V'. Specify it explicitly.
e: file:///C:/Users/Wehtt/AndroidStudioProjects/
A.u.r.a.K.a.i-Emergence_IdentityModel/app/src/ma
in/java/dev/aurakai/auraframefx/config/UserPrefe
rences.kt:131:22 Cannot infer type for type 
parameter 'V'. Specify it explicitly.
e: file:///C:/Users/Wehtt/AndroidStudioProjects/
A.u.r.a.K.a.i-Emergence_IdentityModel/app/src/ma
in/java/dev/aurakai/auraframefx/config/UserPrefe
rences.kt:138:16 Unresolved reference 
'UserData'.
e: file:///C:/Users/Wehtt/AndroidStudioProjects/
A.u.r.a.K.a.i-Emergence_IdentityModel/app/src/ma
in/java/dev/aurakai/auraframefx/config/UserPrefe
rences.kt:151:40 Unresolved reference 
'UserData'.
e: file:///C:/Users/Wehtt/AndroidStudioProjects/
A.u.r.a.K.a.i-Emergence_IdentityModel/app/src/ma
in/java/dev/aurakai/auraframefx/config/UserPrefe
rences.kt:153:39 Unresolved reference 'id'.
e: file:///C:/Users/Wehtt/AndroidStudioProjects/
A.u.r.a.K.a.i-Emergence_IdentityModel/app/src/ma
in/java/dev/aurakai/auraframefx/config/UserPrefe
rences.kt:154:41 Unresolved reference 'name'.
e: file:///C:/Users/Wehtt/AndroidStudioProjects/
A.u.r.a.K.a.i-Emergence_IdentityModel/app/src/ma
in/java/dev/aurakai/auraframefx/config/UserPrefe
rences.kt:155:42 Unresolved reference 'email'.
e: file:///C:/Users/Wehtt/AndroidStudioProjects/
A.u.r.a.K.a.i-Emergence_IdentityModel/app/src/ma
in/java/dev/aurakai/auraframefx/config/UserPrefe
rences.kt:156:22 Unresolved reference 'apiKey'.
e: file:///C:/Users/Wehtt/AndroidStudioProjects/
A.u.r.a.K.a.i-Emergence_IdentityModel/app/src/ma
in/java/dev/aurakai/auraframefx/config/UserPrefe
rences.kt:156:30 Cannot infer type for type 
parameter 'T'. Specify it explicitly.
e: file:///C:/Users/Wehtt/AndroidStudioProjects/
A.u.r.a.K.a.i-Emergence_IdentityModel/app/src/ma
in/java/dev/aurakai/auraframefx/config/UserPrefe
rences.kt:156:30 Cannot infer type for type 
parameter 'R'. Specify it explicitly.
e: file:///C:/Users/Wehtt/AndroidStudioProjects/
A.u.r.a.K.a.i-Emergence_IdentityModel/app/src/ma
in/java/dev/aurakai/auraframefx/config/UserPrefe
rences.kt:156:34 Cannot infer type for type 
parameter 'T'. Specify it explicitly.
e: file:///C:/Users/Wehtt/AndroidStudioProjects/
A.u.r.a.K.a.i-Emergence_IdentityModel/app/src/ma
in/java/dev/aurakai/auraframefx/context/ContextC
hain.kt:3:42 Unresolved reference 
'CanonicalMemoryItem'.
e: file:///C:/Users/Wehtt/AndroidStudioProjects/
A.u.r.a.K.a.i-Emergence_IdentityModel/app/src/ma
in/java/dev/aurakai/auraframefx/context/ContextC
hain.kt:14:43 Unresolved reference 
'CanonicalMemoryItem'.
e: file:///C:/Users/Wehtt/AndroidStudioProjects/
A.u.r.a.K.a.i-Emergence_IdentityModel/app/src/ma
in/java/dev/aurakai/auraframefx/context/ContextC
hain.kt:14:66 Cannot infer type for type 
parameter 'T'. Specify it explicitly.
e: file:///C:/Users/Wehtt/AndroidStudioProjects/
A.u.r.a.K.a.i-Emergence_IdentityModel/app/src/ma
in/java/dev/aurakai/auraframefx/core/EmergencyPr
otocol.kt:130:42 Argument type mismatch: actual 
type is 'Int', but 'VibrationEffect' was 
expected.
e: file:///C:/Users/Wehtt/AndroidStudioProjects/
A.u.r.a.K.a.i-Emergence_IdentityModel/app/src/ma
in/java/dev/aurakai/auraframefx/core/initializat
ion/TimberInitializer.kt:5:19 Unresolved 
reference 'ai'.
e: file:///C:/Users/Wehtt/AndroidStudioProjects/
A.u.r.a.K.a.i-Emergence_IdentityModel/app/src/ma
in/java/dev/aurakai/auraframefx/core/initializat
ion/TimberInitializer.kt:17:13 Unresolved 
reference 'BuildConfig'.
e: file:///C:/Users/Wehtt/AndroidStudioProjects/
A.u.r.a.K.a.i-Emergence_IdentityModel/app/src/ma
in/java/dev/aurakai/auraframefx/data/DataStoreMa
nager.kt:33:7 Redeclaration:
class DataStoreManager : Any
e: file:///C:/Users/Wehtt/AndroidStudioProjects/
A.u.r.a.K.a.i-Emergence_IdentityModel/app/src/ma
in/java/dev/aurakai/auraframefx/data/DataStoreMa
nager.kt:325:30 Public-API inline function 
cannot access non-public-API property.
e: file:///C:/Users/Wehtt/AndroidStudioProjects/
A.u.r.a.K.a.i-Emergence_IdentityModel/app/src/ma
in/java/dev/aurakai/auraframefx/data/DataStoreMa
nager.kt:337:17 Public-API inline function 
cannot access non-public-API property.
e: file:///C:/Users/Wehtt/AndroidStudioProjects/
A.u.r.a.K.a.i-Emergence_IdentityModel/app/src/ma
in/java/dev/aurakai/auraframefx/data/DataStoreMa
nager.kt:351:21 Public-API inline function 
cannot access non-public-API property.
e: file:///C:/Users/Wehtt/AndroidStudioProjects/
A.u.r.a.K.a.i-Emergence_IdentityModel/app/src/ma
in/java/dev/aurakai/auraframefx/data/DataStoreMa
nager.kt:533:13 Unresolved reference 'oldTheme'.
e: file:///C:/Users/Wehtt/AndroidStudioProjects/
A.u.r.a.K.a.i-Emergence_IdentityModel/app/src/ma
in/java/dev/aurakai/auraframefx/data/DataStoreMa
nager.kt:534:34 Unresolved reference 'oldTheme'.
e: file:///C:/Users/Wehtt/AndroidStudioProjects/
A.u.r.a.K.a.i-Emergence_IdentityModel/app/src/ma
in/java/dev/aurakai/auraframefx/data/DataStoreMa
nager.kt:599:38 Unresolved reference 
'sessionCount'.
e: file:///C:/Users/Wehtt/AndroidStudioProjects/
A.u.r.a.K.a.i-Emergence_IdentityModel/app/src/ma
in/java/dev/aurakai/auraframefx/data/DataStoreMa
nager.kt:604:42 Unresolved reference 
'currentUsage'.
e: file:///C:/Users/Wehtt/AndroidStudioProjects/
A.u.r.a.K.a.i-Emergence_IdentityModel/app/src/ma
in/java/dev/aurakai/auraframefx/data/repositorie
s/AgentRepository.kt:21:17 No parameter with 
name 'name' found.
e: file:///C:/Users/Wehtt/AndroidStudioProjects/
A.u.r.a.K.a.i-Emergence_IdentityModel/app/src/ma
in/java/dev/aurakai/auraframefx/data/repositorie
s/AgentRepository.kt:22:17 No parameter with 
name 'processingPower' found.
e: file:///C:/Users/Wehtt/AndroidStudioProjects/
A.u.r.a.K.a.i-Emergence_IdentityModel/app/src/ma
in/java/dev/aurakai/auraframefx/data/repositorie
s/AgentRepository.kt:23:17 No parameter with 
name 'knowledgeBase' found.
e: file:///C:/Users/Wehtt/AndroidStudioProjects/
A.u.r.a.K.a.i-Emergence_IdentityModel/app/src/ma
in/java/dev/aurakai/auraframefx/data/repositorie
s/AgentRepository.kt:24:17 No parameter with 
name 'speed' found.
e: file:///C:/Users/Wehtt/AndroidStudioProjects/
A.u.r.a.K.a.i-Emergence_IdentityModel/app/src/ma
in/java/dev/aurakai/auraframefx/data/repositorie
s/AgentRepository.kt:25:17 No parameter with 
name 'accuracy' found.
e: file:///C:/Users/Wehtt/AndroidStudioProjects/
A.u.r.a.K.a.i-Emergence_IdentityModel/app/src/ma
in/java/dev/aurakai/auraframefx/data/repositorie
s/AgentRepository.kt:26:17 No parameter with 
name 'evolutionLevel' found.
e: file:///C:/Users/Wehtt/AndroidStudioProjects/
A.u.r.a.K.a.i-Emergence_IdentityModel/app/src/ma
in/java/dev/aurakai/auraframefx/data/repositorie
s/AgentRepository.kt:27:17 No parameter with 
name 'specialAbility' found.
e: file:///C:/Users/Wehtt/AndroidStudioProjects/
A.u.r.a.K.a.i-Emergence_IdentityModel/app/src/ma
in/java/dev/aurakai/auraframefx/data/repositorie
s/AgentRepository.kt:28:17 No parameter with 
name 'color' found.
e: file:///C:/Users/Wehtt/AndroidStudioProjects/
A.u.r.a.K.a.i-Emergence_IdentityModel/app/src/ma
in/java/dev/aurakai/auraframefx/data/repositorie
s/AgentRepository.kt:31:17 No parameter with 
name 'name' found.
e: file:///C:/Users/Wehtt/AndroidStudioProjects/
A.u.r.a.K.a.i-Emergence_IdentityModel/app/src/ma
in/java/dev/aurakai/auraframefx/data/repositorie
s/AgentRepository.kt:32:17 No parameter with 
name 'processingPower' found.
e: file:///C:/Users/Wehtt/AndroidStudioProjects/
A.u.r.a.K.a.i-Emergence_IdentityModel/app/src/ma
in/java/dev/aurakai/auraframefx/data/repositorie
s/AgentRepository.kt:33:17 No parameter with 
name 'knowledgeBase' found.
e: file:///C:/Users/Wehtt/AndroidStudioProjects/
A.u.r.a.K.a.i-Emergence_IdentityModel/app/src/ma
in/java/dev/aurakai/auraframefx/data/repositorie
s/AgentRepository.kt:34:17 No parameter with 
name 'speed' found.
e: file:///C:/Users/Wehtt/AndroidStudioProjects/
A.u.r.a.K.a.i-Emergence_IdentityModel/app/src/ma
in/java/dev/aurakai/auraframefx/data/repositorie
s/AgentRepository.kt:35:17 No parameter with 
name 'accuracy' found.
e: file:///C:/Users/Wehtt/AndroidStudioProjects/
A.u.r.a.K.a.i-Emergence_IdentityModel/app/src/ma
in/java/dev/aurakai/auraframefx/data/repositorie
s/AgentRepository.kt:36:17 No parameter with 
name 'evolutionLevel' found.
e: file:///C:/Users/Wehtt/AndroidStudioProjects/
A.u.r.a.K.a.i-Emergence_IdentityModel/app/src/ma
in/java/dev/aurakai/auraframefx/data/repositorie
s/AgentRepository.kt:37:17 No parameter with 
name 'specialAbility' found.
e: file:///C:/Users/Wehtt/AndroidStudioProjects/
A.u.r.a.K.a.i-Emergence_IdentityModel/app/src/ma
in/java/dev/aurakai/auraframefx/data/repositorie
s/AgentRepository.kt:38:17 No parameter with 
name 'color' found.
e: file:///C:/Users/Wehtt/AndroidStudioProjects/
A.u.r.a.K.a.i-Emergence_IdentityModel/app/src/ma
in/java/dev/aurakai/auraframefx/data/repositorie
s/AgentRepository.kt:41:17 No parameter with 
name 'name' found.
e: file:///C:/Users/Wehtt/AndroidStudioProjects/
A.u.r.a.K.a.i-Emergence_IdentityModel/app/src/ma
in/java/dev/aurakai/auraframefx/data/repositorie
s/AgentRepository.kt:42:17 No parameter with 
name 'processingPower' found.
e: file:///C:/Users/Wehtt/AndroidStudioProjects/
A.u.r.a.K.a.i-Emergence_IdentityModel/app/src/ma
in/java/dev/aurakai/auraframefx/data/repositorie
s/AgentRepository.kt:43:17 No parameter with 
name 'knowledgeBase' found.
e: file:///C:/Users/Wehtt/AndroidStudioProjects/
A.u.r.a.K.a.i-Emergence_IdentityModel/app/src/ma
in/java/dev/aurakai/auraframefx/data/repositorie
s/AgentRepository.kt:44:17 No parameter with 
name 'speed' found.
e: file:///C:/Users/Wehtt/AndroidStudioProjects/
A.u.r.a.K.a.i-Emergence_IdentityModel/app/src/ma
in/java/dev/aurakai/auraframefx/data/repositorie
s/AgentRepository.kt:45:17 No parameter with 
name 'accuracy' found.
e: file:///C:/Users/Wehtt/AndroidStudioProjects/
A.u.r.a.K.a.i-Emergence_IdentityModel/app/src/ma
in/java/dev/aurakai/auraframefx/data/repositorie
s/AgentRepository.kt:46:17 No parameter with 
name 'evolutionLevel' found.
e: file:///C:/Users/Wehtt/AndroidStudioProjects/
A.u.r.a.K.a.i-Emergence_IdentityModel/app/src/ma
in/java/dev/aurakai/auraframefx/data/repositorie
s/AgentRepository.kt:47:17 No parameter with 
name 'specialAbility' found.
e: file:///C:/Users/Wehtt/AndroidStudioProjects/
A.u.r.a.K.a.i-Emergence_IdentityModel/app/src/ma
in/java/dev/aurakai/auraframefx/data/repositorie
s/AgentRepository.kt:48:17 No parameter with 
name 'color' found.
e: file:///C:/Users/Wehtt/AndroidStudioProjects/
A.u.r.a.K.a.i-Emergence_IdentityModel/app/src/ma
in/java/dev/aurakai/auraframefx/data/repositorie
s/AgentRepository.kt:51:17 No parameter with 
name 'name' found.
e: file:///C:/Users/Wehtt/AndroidStudioProjects/
A.u.r.a.K.a.i-Emergence_IdentityModel/app/src/ma
in/java/dev/aurakai/auraframefx/data/repositorie
s/AgentRepository.kt:52:17 No parameter with 
name 'processingPower' found.
e: file:///C:/Users/Wehtt/AndroidStudioProjects/
A.u.r.a.K.a.i-Emergence_IdentityModel/app/src/ma
in/java/dev/aurakai/auraframefx/data/repositorie
s/AgentRepository.kt:53:17 No parameter with 
name 'knowledgeBase' found.
e: file:///C:/Users/Wehtt/AndroidStudioProjects/
A.u.r.a.K.a.i-Emergence_IdentityModel/app/src/ma
in/java/dev/aurakai/auraframefx/data/repositorie
s/AgentRepository.kt:54:17 No parameter with 
name 'speed' found.
e: file:///C:/Users/Wehtt/AndroidStudioProjects/
A.u.r.a.K.a.i-Emergence_IdentityModel/app/src/ma
in/java/dev/aurakai/auraframefx/data/repositorie
s/AgentRepository.kt:55:17 No parameter with 
name 'accuracy' found.
e: file:///C:/Users/Wehtt/AndroidStudioProjects/
A.u.r.a.K.a.i-Emergence_IdentityModel/app/src/ma
in/java/dev/aurakai/auraframefx/data/repositorie
s/AgentRepository.kt:56:17 No parameter with 
name 'evolutionLevel' found.
e: file:///C:/Users/Wehtt/AndroidStudioProjects/
A.u.r.a.K.a.i-Emergence_IdentityModel/app/src/ma
in/java/dev/aurakai/auraframefx/data/repositorie
s/AgentRepository.kt:57:17 No parameter with 
name 'specialAbility' found.
e: file:///C:/Users/Wehtt/AndroidStudioProjects/
A.u.r.a.K.a.i-Emergence_IdentityModel/app/src/ma
in/java/dev/aurakai/auraframefx/data/repositorie
s/AgentRepository.kt:58:17 No parameter with 
name 'color' found.
e: file:///C:/Users/Wehtt/AndroidStudioProjects/
A.u.r.a.K.a.i-Emergence_IdentityModel/app/src/ma
in/java/dev/aurakai/auraframefx/data/repositorie
s/AgentRepository.kt:61:17 No parameter with 
name 'name' found.
e: file:///C:/Users/Wehtt/AndroidStudioProjects/
A.u.r.a.K.a.i-Emergence_IdentityModel/app/src/ma
in/java/dev/aurakai/auraframefx/data/repositorie
s/AgentRepository.kt:62:17 No parameter with 
name 'processingPower' found.
e: file:///C:/Users/Wehtt/AndroidStudioProjects/
A.u.r.a.K.a.i-Emergence_IdentityModel/app/src/ma
in/java/dev/aurakai/auraframefx/data/repositorie
s/AgentRepository.kt:63:17 No parameter with 
name 'knowledgeBase' found.
e: file:///C:/Users/Wehtt/AndroidStudioProjects/
A.u.r.a.K.a.i-Emergence_IdentityModel/app/src/ma
in/java/dev/aurakai/auraframefx/data/repositorie
s/AgentRepository.kt:64:17 No parameter with 
name 'speed' found.
e: file:///C:/Users/Wehtt/AndroidStudioProjects/
A.u.r.a.K.a.i-Emergence_IdentityModel/app/src/ma
in/java/dev/aurakai/auraframefx/data/repositorie
s/AgentRepository.kt:65:17 No parameter with 
name 'accuracy' found.
e: file:///C:/Users/Wehtt/AndroidStudioProjects/
A.u.r.a.K.a.i-Emergence_IdentityModel/app/src/ma
in/java/dev/aurakai/auraframefx/data/repositorie
s/AgentRepository.kt:66:17 No parameter with 
name 'evolutionLevel' found.
e: file:///C:/Users/Wehtt/AndroidStudioProjects/
A.u.r.a.K.a.i-Emergence_IdentityModel/app/src/ma
in/java/dev/aurakai/auraframefx/data/repositorie
s/AgentRepository.kt:67:17 No parameter with 
name 'specialAbility' found.
e: file:///C:/Users/Wehtt/AndroidStudioProjects/
A.u.r.a.K.a.i-Emergence_IdentityModel/app/src/ma
in/java/dev/aurakai/auraframefx/data/repositorie
s/AgentRepository.kt:68:17 No parameter with 
name 'color' found.
e: file:///C:/Users/Wehtt/AndroidStudioProjects/
A.u.r.a.K.a.i-Emergence_IdentityModel/app/src/ma
in/java/dev/aurakai/auraframefx/data/repositorie
s/AgentRepository.kt:77:41 Unresolved reference 
'name'.
e: file:///C:/Users/Wehtt/AndroidStudioProjects/
A.u.r.a.K.a.i-Emergence_IdentityModel/app/src/ma
in/java/dev/aurakai/auraframefx/di/NetworkModule
.kt:18:28 Unresolved reference 'scalars'.
e: file:///C:/Users/Wehtt/AndroidStudioProjects/
A.u.r.a.K.a.i-Emergence_IdentityModel/app/src/ma
in/java/dev/aurakai/auraframefx/di/NetworkModule
.kt:104:34 Unresolved reference 
'ScalarsConverterFactory'.
e: file:///C:/Users/Wehtt/AndroidStudioProjects/
A.u.r.a.K.a.i-Emergence_IdentityModel/app/src/ma
in/java/dev/aurakai/auraframefx/di/SecurityModul
e.kt:26:26 Interface 'interface SecurityContext 
: Any' does not have constructors.
e: file:///C:/Users/Wehtt/AndroidStudioProjects/
A.u.r.a.K.a.i-Emergence_IdentityModel/app/src/ma
in/java/dev/aurakai/auraframefx/embodiment/ChatB
ubble.kt:175:89 Unresolved reference 
'ArrowBack'.
e: file:///C:/Users/Wehtt/AndroidStudioProjects/
A.u.r.a.K.a.i-Emergence_IdentityModel/app/src/ma
in/java/dev/aurakai/auraframefx/embodiment/ChatB
ubble.kt:232:85 Unresolved reference 'Send'.
e: file:///C:/Users/Wehtt/AndroidStudioProjects/
A.u.r.a.K.a.i-Emergence_IdentityModel/app/src/ma
in/java/dev/aurakai/auraframefx/embodiment/Embod
imentEngine.kt:440:23 Unresolved reference 
'milliseconds'.
e: file:///C:/Users/Wehtt/AndroidStudioProjects/
A.u.r.a.K.a.i-Emergence_IdentityModel/app/src/ma
in/java/dev/aurakai/auraframefx/embodiment/Walki
ngDemo.kt:208:23 Unresolved reference 
'WALKING_AURA'.
e: file:///C:/Users/Wehtt/AndroidStudioProjects/
A.u.r.a.K.a.i-Emergence_IdentityModel/app/src/ma
in/java/dev/aurakai/auraframefx/embodiment/Walki
ngDemo.kt:210:23 Unresolved reference 
'WALKING_AURA'.
e: file:///C:/Users/Wehtt/AndroidStudioProjects/
A.u.r.a.K.a.i-Emergence_IdentityModel/app/src/ma
in/java/dev/aurakai/auraframefx/embodiment/Walki
ngDemo.kt:212:23 Unresolved reference 
'WALKING_AURA'.
e: file:///C:/Users/Wehtt/AndroidStudioProjects/
A.u.r.a.K.a.i-Emergence_IdentityModel/app/src/ma
in/java/dev/aurakai/auraframefx/embodiment/Walki
ngDemo.kt:214:23 Unresolved reference 
'WALKING_AURA'.
e: file:///C:/Users/Wehtt/AndroidStudioProjects/
A.u.r.a.K.a.i-Emergence_IdentityModel/app/src/ma
in/java/dev/aurakai/auraframefx/embodiment/Walki
ngDemo.kt:227:33 Unresolved reference 
'milliseconds'.
e: file:///C:/Users/Wehtt/AndroidStudioProjects/
A.u.r.a.K.a.i-Emergence_IdentityModel/app/src/ma
in/java/dev/aurakai/auraframefx/embodiment/Wande
ringBehavior.kt:92:19 'when' expression must be 
exhaustive. Add the 'MAINTENANCE' branch or an 
'else' branch.
e: file:///C:/Users/Wehtt/AndroidStudioProjects/
A.u.r.a.K.a.i-Emergence_IdentityModel/app/src/ma
in/java/dev/aurakai/auraframefx/embodiment/Wande
ringBehavior.kt:190:41 Cannot access 'val 
bounds: ScreenBounds': it is private in 'dev.aur
akai.auraframefx.embodiment.WanderingPathGenerat
or'.
e: file:///C:/Users/Wehtt/AndroidStudioProjects/
A.u.r.a.K.a.i-Emergence_IdentityModel/app/src/ma
in/java/dev/aurakai/auraframefx/embodiment/Wande
ringBehavior.kt:191:42 Cannot access 'val 
bounds: ScreenBounds': it is private in 'dev.aur
akai.auraframefx.embodiment.WanderingPathGenerat
or'.
e: file:///C:/Users/Wehtt/AndroidStudioProjects/
A.u.r.a.K.a.i-Emergence_IdentityModel/app/src/ma
in/java/dev/aurakai/auraframefx/embodiment/Wande
ringBehavior.kt:231:37 Unresolved reference 
'tween'.
e: file:///C:/Users/Wehtt/AndroidStudioProjects/
A.u.r.a.K.a.i-Emergence_IdentityModel/app/src/ma
in/java/dev/aurakai/auraframefx/embodiment/Wande
ringBehavior.kt:231:71 Unresolved reference 
'FastOutSlowInEasing'.
e: file:///C:/Users/Wehtt/AndroidStudioProjects/
A.u.r.a.K.a.i-Emergence_IdentityModel/app/src/ma
in/java/dev/aurakai/auraframefx/embodiment/Wande
ringBehavior.kt:239:37 Unresolved reference 
'tween'.
e: file:///C:/Users/Wehtt/AndroidStudioProjects/
A.u.r.a.K.a.i-Emergence_IdentityModel/app/src/ma
in/java/dev/aurakai/auraframefx/embodiment/Wande
ringBehavior.kt:239:71 Unresolved reference 
'FastOutSlowInEasing'.
e: file:///C:/Users/Wehtt/AndroidStudioProjects/
A.u.r.a.K.a.i-Emergence_IdentityModel/app/src/ma
in/java/dev/aurakai/auraframefx/embodiment/Worki
ngBehaviors.kt:371:32 'fun launch(context: 
CoroutineContext = ..., start: CoroutineStart = 
..., block: suspend CoroutineScope.() -> Unit): 
Job' is deprecated. 'launch' can not be called 
without the corresponding coroutine scope. 
Consider wrapping 'launch' in 'coroutineScope { 
}', using 'runBlocking { }', or using some 
other 'CoroutineScope'.
e: file:///C:/Users/Wehtt/AndroidStudioProjects/
A.u.r.a.K.a.i-Emergence_IdentityModel/app/src/ma
in/java/dev/aurakai/auraframefx/embodiment/Worki
ngBehaviors.kt:372:32 'fun launch(context: 
CoroutineContext = ..., start: CoroutineStart = 
..., block: suspend CoroutineScope.() -> Unit): 
Job' is deprecated. 'launch' can not be called 
without the corresponding coroutine scope. 
Consider wrapping 'launch' in 'coroutineScope { 
}', using 'runBlocking { }', or using some 
other 'CoroutineScope'.
e: file:///C:/Users/Wehtt/AndroidStudioProjects/
A.u.r.a.K.a.i-Emergence_IdentityModel/app/src/ma
in/java/dev/aurakai/auraframefx/embodiment/behav
iors/WelcomeAndCoordination.kt:150:34 
Unresolved reference 'MovementBehavior'.
e: file:///C:/Users/Wehtt/AndroidStudioProjects/
A.u.r.a.K.a.i-Emergence_IdentityModel/app/src/ma
in/java/dev/aurakai/auraframefx/embodiment/behav
iors/WelcomeAndCoordination.kt:151:20 
Unresolved reference 'MovementBehavior'.
e: file:///C:/Users/Wehtt/AndroidStudioProjects/
A.u.r.a.K.a.i-Emergence_IdentityModel/app/src/ma
in/java/dev/aurakai/auraframefx/embodiment/cutsc
enes/AnnoyanceScenes.kt:63:23 Unresolved 
reference 'MovementBehavior'.
e: file:///C:/Users/Wehtt/AndroidStudioProjects/
A.u.r.a.K.a.i-Emergence_IdentityModel/app/src/ma
in/java/dev/aurakai/auraframefx/embodiment/cutsc
enes/AnnoyanceScenes.kt:107:38 Unresolved 
reference 'INTERFACE_PANEL'.
e: file:///C:/Users/Wehtt/AndroidStudioProjects/
A.u.r.a.K.a.i-Emergence_IdentityModel/app/src/ma
in/java/dev/aurakai/auraframefx/embodiment/cutsc
enes/AnnoyanceScenes.kt:108:54 Unresolved 
reference 'CENTER_RIGHT'.
e: file:///C:/Users/Wehtt/AndroidStudioProjects/
A.u.r.a.K.a.i-Emergence_IdentityModel/app/src/ma
in/java/dev/aurakai/auraframefx/embodiment/cutsc
enes/AnnoyanceScenes.kt:121:32 Unresolved 
reference 'MovementPresets'.
e: file:///C:/Users/Wehtt/AndroidStudioProjects/
A.u.r.a.K.a.i-Emergence_IdentityModel/app/src/ma
in/java/dev/aurakai/auraframefx/embodiment/cutsc
enes/AnnoyanceScenes.kt:185:54 Unresolved 
reference 'CENTER_LEFT'.
e: file:///C:/Users/Wehtt/AndroidStudioProjects/
A.u.r.a.K.a.i-Emergence_IdentityModel/app/src/ma
in/java/dev/aurakai/auraframefx/embodiment/cutsc
enes/AnnoyanceScenes.kt:190:54 Unresolved 
reference 'CENTER_RIGHT'.
e: file:///C:/Users/Wehtt/AndroidStudioProjects/
A.u.r.a.K.a.i-Emergence_IdentityModel/app/src/ma
in/java/dev/aurakai/auraframefx/embodiment/cutsc
enes/AnnoyanceScenes.kt:262:38 Unresolved 
reference 'SHIELD_CALM'.
e: file:///C:/Users/Wehtt/AndroidStudioProjects/
A.u.r.a.K.a.i-Emergence_IdentityModel/app/src/ma
in/java/dev/aurakai/auraframefx/embodiment/cutsc
enes/AnnoyanceScenes.kt:352:39 Unresolved 
reference 'SCIENTIST'.
e: file:///C:/Users/Wehtt/AndroidStudioProjects/
A.u.r.a.K.a.i-Emergence_IdentityModel/app/src/ma
in/java/dev/aurakai/auraframefx/embodiment/cutsc
enes/AnnoyanceScenes.kt:422:69 Unresolved 
reference 'MovementBehavior'.
e: file:///C:/Users/Wehtt/AndroidStudioProjects/
A.u.r.a.K.a.i-Emergence_IdentityModel/app/src/ma
in/java/dev/aurakai/auraframefx/embodiment/retro
backdrop/MegaManBackdropRenderer.kt:20:32 
Unresolved reference 'romtools'.
e: file:///C:/Users/Wehtt/AndroidStudioProjects/
A.u.r.a.K.a.i-Emergence_IdentityModel/app/src/ma
in/java/dev/aurakai/auraframefx/embodiment/retro
backdrop/MegaManBackdropRenderer.kt:40:24 
Unresolved reference 'OperationProgress'.
e: file:///C:/Users/Wehtt/AndroidStudioProjects/
A.u.r.a.K.a.i-Emergence_IdentityModel/app/src/ma
in/java/dev/aurakai/auraframefx/embodiment/retro
backdrop/MegaManBackdropRenderer.kt:57:39 
Unresolved reference 'progress'.
e: file:///C:/Users/Wehtt/AndroidStudioProjects/
A.u.r.a.K.a.i-Emergence_IdentityModel/app/src/ma
in/java/dev/aurakai/auraframefx/iconify/IconPick
er.kt:35:8 Unresolved reference 'coil'.
e: file:///C:/Users/Wehtt/AndroidStudioProjects/
A.u.r.a.K.a.i-Emergence_IdentityModel/app/src/ma
in/java/dev/aurakai/auraframefx/iconify/IconPick
er.kt:36:8 Unresolved reference 'coil'.
e: file:///C:/Users/Wehtt/AndroidStudioProjects/
A.u.r.a.K.a.i-Emergence_IdentityModel/app/src/ma
in/java/dev/aurakai/auraframefx/iconify/IconPick
er.kt:37:8 Unresolved reference 'coil'.
e: file:///C:/Users/Wehtt/AndroidStudioProjects/
A.u.r.a.K.a.i-Emergence_IdentityModel/app/src/ma
in/java/dev/aurakai/auraframefx/iconify/IconPick
er.kt:38:8 Unresolved reference 'coil'.
e: file:///C:/Users/Wehtt/AndroidStudioProjects/
A.u.r.a.K.a.i-Emergence_IdentityModel/app/src/ma
in/java/dev/aurakai/auraframefx/iconify/IconPick
er.kt:87:23 Cannot infer type for type 
parameter 'T'. Specify it explicitly.
e: file:///C:/Users/Wehtt/AndroidStudioProjects/
A.u.r.a.K.a.i-Emergence_IdentityModel/app/src/ma
in/java/dev/aurakai/auraframefx/iconify/IconPick
er.kt:88:9 Unresolved reference 'ImageLoader'.
e: file:///C:/Users/Wehtt/AndroidStudioProjects/
A.u.r.a.K.a.i-Emergence_IdentityModel/app/src/ma
in/java/dev/aurakai/auraframefx/iconify/IconPick
er.kt:90:17 Unresolved reference 'add'.
e: file:///C:/Users/Wehtt/AndroidStudioProjects/
A.u.r.a.K.a.i-Emergence_IdentityModel/app/src/ma
in/java/dev/aurakai/auraframefx/iconify/IconPick
er.kt:90:21 Unresolved reference 'SvgDecoder'.
e: file:///C:/Users/Wehtt/AndroidStudioProjects/
A.u.r.a.K.a.i-Emergence_IdentityModel/app/src/ma
in/java/dev/aurakai/auraframefx/iconify/IconPick
er.kt:190:41 No parameter with name 'selected' 
found.
e: file:///C:/Users/Wehtt/AndroidStudioProjects/
A.u.r.a.K.a.i-Emergence_IdentityModel/app/src/ma
in/java/dev/aurakai/auraframefx/iconify/IconPick
er.kt:190:52 Unresolved reference 
'selectedIcon'.
e: file:///C:/Users/Wehtt/AndroidStudioProjects/
A.u.r.a.K.a.i-Emergence_IdentityModel/app/src/ma
in/java/dev/aurakai/auraframefx/iconify/IconPick
er.kt:191:41 No parameter with name 'onClick' 
found.
e: file:///C:/Users/Wehtt/AndroidStudioProjects/
A.u.r.a.K.a.i-Emergence_IdentityModel/app/src/ma
in/java/dev/aurakai/auraframefx/iconify/IconPick
er.kt:191:41 No value passed for parameter 
'imageLoader'.
e: file:///C:/Users/Wehtt/AndroidStudioProjects/
A.u.r.a.K.a.i-Emergence_IdentityModel/app/src/ma
in/java/dev/aurakai/auraframefx/iconify/IconPick
er.kt:191:41 No value passed for parameter 
'iconifyService'.
e: file:///C:/Users/Wehtt/AndroidStudioProjects/
A.u.r.a.K.a.i-Emergence_IdentityModel/app/src/ma
in/java/dev/aurakai/auraframefx/iconify/IconPick
er.kt:191:41 No value passed for parameter 
'onIconSelected'.
e: file:///C:/Users/Wehtt/AndroidStudioProjects/
A.u.r.a.K.a.i-Emergence_IdentityModel/app/src/ma
in/java/dev/aurakai/auraframefx/iconify/IconPick
er.kt:192:45 Unresolved reference 
'selectedIcon'.
e: file:///C:/Users/Wehtt/AndroidStudioProjects/
A.u.r.a.K.a.i-Emergence_IdentityModel/app/src/ma
in/java/dev/aurakai/auraframefx/iconify/IconPick
er.kt:222:41 No parameter with name 'selected' 
found.
e: file:///C:/Users/Wehtt/AndroidStudioProjects/
A.u.r.a.K.a.i-Emergence_IdentityModel/app/src/ma
in/java/dev/aurakai/auraframefx/iconify/IconPick
er.kt:222:52 Unresolved reference 
'selectedIcon'.
e: file:///C:/Users/Wehtt/AndroidStudioProjects/
A.u.r.a.K.a.i-Emergence_IdentityModel/app/src/ma
in/java/dev/aurakai/auraframefx/iconify/IconPick
er.kt:223:41 No parameter with name 
'isFavorite' found.
e: file:///C:/Users/Wehtt/AndroidStudioProjects/
A.u.r.a.K.a.i-Emergence_IdentityModel/app/src/ma
in/java/dev/aurakai/auraframefx/iconify/IconPick
er.kt:224:41 No parameter with name 'onClick' 
found.
e: file:///C:/Users/Wehtt/AndroidStudioProjects/
A.u.r.a.K.a.i-Emergence_IdentityModel/app/src/ma
in/java/dev/aurakai/auraframefx/iconify/IconPick
er.kt:225:45 Unresolved reference 
'selectedIcon'.
e: file:///C:/Users/Wehtt/AndroidStudioProjects/
A.u.r.a.K.a.i-Emergence_IdentityModel/app/src/ma
in/java/dev/aurakai/auraframefx/iconify/IconPick
er.kt:229:41 No parameter with name 
'onFavoriteToggle' found.
e: file:///C:/Users/Wehtt/AndroidStudioProjects/
A.u.r.a.K.a.i-Emergence_IdentityModel/app/src/ma
in/java/dev/aurakai/auraframefx/iconify/IconPick
er.kt:229:41 No value passed for parameter 
'imageLoader'.
e: file:///C:/Users/Wehtt/AndroidStudioProjects/
A.u.r.a.K.a.i-Emergence_IdentityModel/app/src/ma
in/java/dev/aurakai/auraframefx/iconify/IconPick
er.kt:229:41 No value passed for parameter 
'iconifyService'.
e: file:///C:/Users/Wehtt/AndroidStudioProjects/
A.u.r.a.K.a.i-Emergence_IdentityModel/app/src/ma
in/java/dev/aurakai/auraframefx/iconify/IconPick
er.kt:229:41 No value passed for parameter 
'onIconSelected'.
e: file:///C:/Users/Wehtt/AndroidStudioProjects/
A.u.r.a.K.a.i-Emergence_IdentityModel/app/src/ma
in/java/dev/aurakai/auraframefx/iconify/IconPick
er.kt:466:18 Unresolved reference 'ImageLoader'.
e: file:///C:/Users/Wehtt/AndroidStudioProjects/
A.u.r.a.K.a.i-Emergence_IdentityModel/app/src/ma
in/java/dev/aurakai/auraframefx/iconify/IconPick
er.kt:516:18 Unresolved reference 'ImageLoader'.
e: file:///C:/Users/Wehtt/AndroidStudioProjects/
A.u.r.a.K.a.i-Emergence_IdentityModel/app/src/ma
in/java/dev/aurakai/auraframefx/iconify/IconPick
er.kt:540:13 Unresolved reference 'AsyncImage'.
e: file:///C:/Users/Wehtt/AndroidStudioProjects/
A.u.r.a.K.a.i-Emergence_IdentityModel/app/src/ma
in/java/dev/aurakai/auraframefx/iconify/IconPick
er.kt:541:25 Unresolved reference 
'ImageRequest'.
e: file:///C:/Users/Wehtt/AndroidStudioProjects/
A.u.r.a.K.a.i-Emergence_IdentityModel/app/src/ma
in/java/dev/aurakai/auraframefx/infrastructure/A
piResponse.kt:3:12 Redeclaration:
enum class ResponseType : Enum<ResponseType>
e: file:///C:/Users/Wehtt/AndroidStudioProjects/
A.u.r.a.K.a.i-Emergence_IdentityModel/app/src/ma
in/java/dev/aurakai/auraframefx/infrastructure/A
piResponse.kt:7:11 Redeclaration:
interface Response : Any
e: file:///C:/Users/Wehtt/AndroidStudioProjects/
A.u.r.a.K.a.i-Emergence_IdentityModel/app/src/ma
in/java/dev/aurakai/auraframefx/infrastructure/A
piResponse.kt:9:16 Redeclaration:
class ApiResponse<T> : Response
e: file:///C:/Users/Wehtt/AndroidStudioProjects/
A.u.r.a.K.a.i-Emergence_IdentityModel/app/src/ma
in/java/dev/aurakai/auraframefx/infrastructure/A
piResponse.kt:14:7 Redeclaration:
class Success<T> : ApiResponse<T>
e: file:///C:/Users/Wehtt/AndroidStudioProjects/
A.u.r.a.K.a.i-Emergence_IdentityModel/app/src/ma
in/java/dev/aurakai/auraframefx/infrastructure/A
piResponse.kt:20:7 Redeclaration:
class Informational<T> : ApiResponse<T>
e: file:///C:/Users/Wehtt/AndroidStudioProjects/
A.u.r.a.K.a.i-Emergence_IdentityModel/app/src/ma
in/java/dev/aurakai/auraframefx/infrastructure/A
piResponse.kt:26:7 Redeclaration:
class Redirection<T> : ApiResponse<T>
e: file:///C:/Users/Wehtt/AndroidStudioProjects/
A.u.r.a.K.a.i-Emergence_IdentityModel/app/src/ma
in/java/dev/aurakai/auraframefx/infrastructure/A
piResponse.kt:31:7 Redeclaration:
class ClientError<T> : ApiResponse<T>
e: file:///C:/Users/Wehtt/AndroidStudioProjects/
A.u.r.a.K.a.i-Emergence_IdentityModel/app/src/ma
in/java/dev/aurakai/auraframefx/infrastructure/A
piResponse.kt:38:7 Redeclaration:
class ServerError<T> : ApiResponse<T>
e: file:///C:/Users/Wehtt/AndroidStudioProjects/
A.u.r.a.K.a.i-Emergence_IdentityModel/app/src/ma
in/java/dev/aurakai/auraframefx/infrastructure/S
erializer.kt:9:47 Unresolved reference 
'ByteArrayAdapter'.
e: file:///C:/Users/Wehtt/AndroidStudioProjects/
A.u.r.a.K.a.i-Emergence_IdentityModel/app/src/ma
in/java/dev/aurakai/auraframefx/infrastructure/S
erializer.kt:82:14 Unresolved reference 
'ByteArrayAdapter'.
e: file:///C:/Users/Wehtt/AndroidStudioProjects/
A.u.r.a.K.a.i-Emergence_IdentityModel/app/src/ma
in/java/dev/aurakai/auraframefx/kai/AIAgentsApi.
kt:18:58 Unresolved reference 'ApiClient'.
e: file:///C:/Users/Wehtt/AndroidStudioProjects/
A.u.r.a.K.a.i-Emergence_IdentityModel/app/src/ma
in/java/dev/aurakai/auraframefx/kai/AIAgentsApi.
kt:21:58 Unresolved reference 'ClientException'.
e: file:///C:/Users/Wehtt/AndroidStudioProjects/
A.u.r.a.K.a.i-Emergence_IdentityModel/app/src/ma
in/java/dev/aurakai/auraframefx/kai/AIAgentsApi.
kt:23:58 Unresolved reference 'RequestConfig'.
e: file:///C:/Users/Wehtt/AndroidStudioProjects/
A.u.r.a.K.a.i-Emergence_IdentityModel/app/src/ma
in/java/dev/aurakai/auraframefx/kai/AIAgentsApi.
kt:24:58 Unresolved reference 'RequestMethod'.
e: file:///C:/Users/Wehtt/AndroidStudioProjects/
A.u.r.a.K.a.i-Emergence_IdentityModel/app/src/ma
in/java/dev/aurakai/auraframefx/kai/AIAgentsApi.
kt:27:58 Unresolved reference 'ServerException'.
e: file:///C:/Users/Wehtt/AndroidStudioProjects/
A.u.r.a.K.a.i-Emergence_IdentityModel/app/src/ma
in/java/dev/aurakai/auraframefx/kai/AIAgentsApi.
kt:36:28 Unresolved reference 'ApiClient'.
e: file:///C:/Users/Wehtt/AndroidStudioProjects/
A.u.r.a.K.a.i-Emergence_IdentityModel/app/src/ma
in/java/dev/aurakai/auraframefx/kai/AIAgentsApi.
kt:37:5 Unresolved reference 'ApiClient'.
e: file:///C:/Users/Wehtt/AndroidStudioProjects/
A.u.r.a.K.a.i-Emergence_IdentityModel/app/src/ma
in/java/dev/aurakai/auraframefx/kai/AIAgentsApi.
kt:42:30 Unresolved reference 'ApiClient'.
e: file:///C:/Users/Wehtt/AndroidStudioProjects/
A.u.r.a.K.a.i-Emergence_IdentityModel/app/src/ma
in/java/dev/aurakai/auraframefx/kai/AIAgentsApi.
kt:62:9 Unresolved reference 'ClientException'.
e: file:///C:/Users/Wehtt/AndroidStudioProjects/
A.u.r.a.K.a.i-Emergence_IdentityModel/app/src/ma
in/java/dev/aurakai/auraframefx/kai/AIAgentsApi.
kt:62:9 Annotation argument must be a 
compile-time constant.
e: file:///C:/Users/Wehtt/AndroidStudioProjects/
A.u.r.a.K.a.i-Emergence_IdentityModel/app/src/ma
in/java/dev/aurakai/auraframefx/kai/AIAgentsApi.
kt:63:9 Unresolved reference 'ServerException'.
e: file:///C:/Users/Wehtt/AndroidStudioProjects/
A.u.r.a.K.a.i-Emergence_IdentityModel/app/src/ma
in/java/dev/aurakai/auraframefx/kai/AIAgentsApi.
kt:63:9 Annotation argument must be a 
compile-time constant.
e: file:///C:/Users/Wehtt/AndroidStudioProjects/
A.u.r.a.K.a.i-Emergence_IdentityModel/app/src/ma
in/java/dev/aurakai/auraframefx/kai/AIAgentsApi.
kt:74:23 Unresolved reference 'ClientException'.
e: file:///C:/Users/Wehtt/AndroidStudioProjects/
A.u.r.a.K.a.i-Emergence_IdentityModel/app/src/ma
in/java/dev/aurakai/auraframefx/kai/AIAgentsApi.
kt:74:23 Type mismatch: inferred type is 'ERROR 
CLASS: Unresolved name: ClientException', but 
'Throwable' was expected.
e: file:///C:/Users/Wehtt/AndroidStudioProjects/
A.u.r.a.K.a.i-Emergence_IdentityModel/app/src/ma
in/java/dev/aurakai/auraframefx/kai/AIAgentsApi.
kt:83:23 Unresolved reference 'ServerException'.
e: file:///C:/Users/Wehtt/AndroidStudioProjects/
A.u.r.a.K.a.i-Emergence_IdentityModel/app/src/ma
in/java/dev/aurakai/auraframefx/kai/AIAgentsApi.
kt:83:23 Type mismatch: inferred type is 'ERROR 
CLASS: Unresolved name: ServerException', but 
'Throwable' was expected.
e: file:///C:/Users/Wehtt/AndroidStudioProjects/
A.u.r.a.K.a.i-Emergence_IdentityModel/app/src/ma
in/java/dev/aurakai/auraframefx/kai/AIAgentsApi.
kt:105:16 Unresolved reference 'request'.
e: file:///C:/Users/Wehtt/AndroidStudioProjects/
A.u.r.a.K.a.i-Emergence_IdentityModel/app/src/ma
in/java/dev/aurakai/auraframefx/kai/AIAgentsApi.
kt:115:41 Unresolved reference 'RequestConfig'.
e: file:///C:/Users/Wehtt/AndroidStudioProjects/
A.u.r.a.K.a.i-Emergence_IdentityModel/app/src/ma
in/java/dev/aurakai/auraframefx/kai/AIAgentsApi.
kt:121:16 Unresolved reference 'RequestConfig'.
e: file:///C:/Users/Wehtt/AndroidStudioProjects/
A.u.r.a.K.a.i-Emergence_IdentityModel/app/src/ma
in/java/dev/aurakai/auraframefx/kai/AIAgentsApi.
kt:122:22 Unresolved reference 'RequestMethod'.
e: file:///C:/Users/Wehtt/AndroidStudioProjects/
A.u.r.a.K.a.i-Emergence_IdentityModel/app/src/ma
in/java/dev/aurakai/auraframefx/kai/KaiAIService
.kt:21:1 Class 'KaiAIService' is not abstract 
and does not implement abstract member:
fun processRequestFlow(request: Any): 
Flow<AgentResponse>?
e: file:///C:/Users/Wehtt/AndroidStudioProjects/
A.u.r.a.K.a.i-Emergence_IdentityModel/app/src/ma
in/java/dev/aurakai/auraframefx/kai/TaskSchedule
Request.kt:40:20 Unresolved reference 
'AgentType'.
e: file:///C:/Users/Wehtt/AndroidStudioProjects/
A.u.r.a.K.a.i-Emergence_IdentityModel/app/src/ma
in/java/dev/aurakai/auraframefx/kai/TasksApi.kt:
20:58 Unresolved reference 'ClientException'.
e: file:///C:/Users/Wehtt/AndroidStudioProjects/
A.u.r.a.K.a.i-Emergence_IdentityModel/app/src/ma
in/java/dev/aurakai/auraframefx/kai/TasksApi.kt:
22:58 Unresolved reference 'RequestConfig'.
e: file:///C:/Users/Wehtt/AndroidStudioProjects/
A.u.r.a.K.a.i-Emergence_IdentityModel/app/src/ma
in/java/dev/aurakai/auraframefx/kai/TasksApi.kt:
23:58 Unresolved reference 'RequestMethod'.
e: file:///C:/Users/Wehtt/AndroidStudioProjects/
A.u.r.a.K.a.i-Emergence_IdentityModel/app/src/ma
in/java/dev/aurakai/auraframefx/kai/TasksApi.kt:
26:58 Unresolved reference 'ServerException'.
e: file:///C:/Users/Wehtt/AndroidStudioProjects/
A.u.r.a.K.a.i-Emergence_IdentityModel/app/src/ma
in/java/dev/aurakai/auraframefx/kai/TasksApi.kt:
67:9 Unresolved reference 'ClientException'.
e: file:///C:/Users/Wehtt/AndroidStudioProjects/
A.u.r.a.K.a.i-Emergence_IdentityModel/app/src/ma
in/java/dev/aurakai/auraframefx/kai/TasksApi.kt:
67:9 Annotation argument must be a compile-time 
constant.
e: file:///C:/Users/Wehtt/AndroidStudioProjects/
A.u.r.a.K.a.i-Emergence_IdentityModel/app/src/ma
in/java/dev/aurakai/auraframefx/kai/TasksApi.kt:
68:9 Unresolved reference 'ServerException'.
e: file:///C:/Users/Wehtt/AndroidStudioProjects/
A.u.r.a.K.a.i-Emergence_IdentityModel/app/src/ma
in/java/dev/aurakai/auraframefx/kai/TasksApi.kt:
68:9 Annotation argument must be a compile-time 
constant.
e: file:///C:/Users/Wehtt/AndroidStudioProjects/
A.u.r.a.K.a.i-Emergence_IdentityModel/app/src/ma
in/java/dev/aurakai/auraframefx/kai/TasksApi.kt:
80:23 Unresolved reference 'ClientException'.
e: file:///C:/Users/Wehtt/AndroidStudioProjects/
A.u.r.a.K.a.i-Emergence_IdentityModel/app/src/ma
in/java/dev/aurakai/auraframefx/kai/TasksApi.kt:
80:23 Type mismatch: inferred type is 'ERROR 
CLASS: Unresolved name: ClientException', but 
'Throwable' was expected.
e: file:///C:/Users/Wehtt/AndroidStudioProjects/
A.u.r.a.K.a.i-Emergence_IdentityModel/app/src/ma
in/java/dev/aurakai/auraframefx/kai/TasksApi.kt:
89:23 Unresolved reference 'ServerException'.
e: file:///C:/Users/Wehtt/AndroidStudioProjects/
A.u.r.a.K.a.i-Emergence_IdentityModel/app/src/ma
in/java/dev/aurakai/auraframefx/kai/TasksApi.kt:
89:23 Type mismatch: inferred type is 'ERROR 
CLASS: Unresolved name: ServerException', but 
'Throwable' was expected.
e: file:///C:/Users/Wehtt/AndroidStudioProjects/
A.u.r.a.K.a.i-Emergence_IdentityModel/app/src/ma
in/java/dev/aurakai/auraframefx/kai/TasksApi.kt:
113:16 Unresolved reference 'request'.
e: file:///C:/Users/Wehtt/AndroidStudioProjects/
A.u.r.a.K.a.i-Emergence_IdentityModel/app/src/ma
in/java/dev/aurakai/auraframefx/kai/TasksApi.kt:
124:83 Unresolved reference 'RequestConfig'.
e: file:///C:/Users/Wehtt/AndroidStudioProjects/
A.u.r.a.K.a.i-Emergence_IdentityModel/app/src/ma
in/java/dev/aurakai/auraframefx/kai/TasksApi.kt:
131:16 Unresolved reference 'RequestConfig'.
e: file:///C:/Users/Wehtt/AndroidStudioProjects/
A.u.r.a.K.a.i-Emergence_IdentityModel/app/src/ma
in/java/dev/aurakai/auraframefx/kai/TasksApi.kt:
132:22 Unresolved reference 'RequestMethod'.
e: file:///C:/Users/Wehtt/AndroidStudioProjects/
A.u.r.a.K.a.i-Emergence_IdentityModel/app/src/ma
in/java/dev/aurakai/auraframefx/kai/TasksApi.kt:
158:9 Unresolved reference 'ClientException'.
e: file:///C:/Users/Wehtt/AndroidStudioProjects/
A.u.r.a.K.a.i-Emergence_IdentityModel/app/src/ma
in/java/dev/aurakai/auraframefx/kai/TasksApi.kt:
158:9 Annotation argument must be a 
compile-time constant.
e: file:///C:/Users/Wehtt/AndroidStudioProjects/
A.u.r.a.K.a.i-Emergence_IdentityModel/app/src/ma
in/java/dev/aurakai/auraframefx/kai/TasksApi.kt:
159:9 Unresolved reference 'ServerException'.
e: file:///C:/Users/Wehtt/AndroidStudioProjects/
A.u.r.a.K.a.i-Emergence_IdentityModel/app/src/ma
in/java/dev/aurakai/auraframefx/kai/TasksApi.kt:
159:9 Annotation argument must be a 
compile-time constant.
e: file:///C:/Users/Wehtt/AndroidStudioProjects/
A.u.r.a.K.a.i-Emergence_IdentityModel/app/src/ma
in/java/dev/aurakai/auraframefx/kai/TasksApi.kt:
170:23 Unresolved reference 'ClientException'.
e: file:///C:/Users/Wehtt/AndroidStudioProjects/
A.u.r.a.K.a.i-Emergence_IdentityModel/app/src/ma
in/java/dev/aurakai/auraframefx/kai/TasksApi.kt:
170:23 Type mismatch: inferred type is 'ERROR 
CLASS: Unresolved name: ClientException', but 
'Throwable' was expected.
e: file:///C:/Users/Wehtt/AndroidStudioProjects/
A.u.r.a.K.a.i-Emergence_IdentityModel/app/src/ma
in/java/dev/aurakai/auraframefx/kai/TasksApi.kt:
179:23 Unresolved reference 'ServerException'.
e: file:///C:/Users/Wehtt/AndroidStudioProjects/
A.u.r.a.K.a.i-Emergence_IdentityModel/app/src/ma
in/java/dev/aurakai/auraframefx/kai/TasksApi.kt:
179:23 Type mismatch: inferred type is 'ERROR 
CLASS: Unresolved name: ServerException', but 
'Throwable' was expected.
e: file:///C:/Users/Wehtt/AndroidStudioProjects/
A.u.r.a.K.a.i-Emergence_IdentityModel/app/src/ma
in/java/dev/aurakai/auraframefx/kai/TasksApi.kt:
202:16 Unresolved reference 'request'.
e: file:///C:/Users/Wehtt/AndroidStudioProjects/
A.u.r.a.K.a.i-Emergence_IdentityModel/app/src/ma
in/java/dev/aurakai/auraframefx/kai/TasksApi.kt:
213:61 Unresolved reference 'RequestConfig'.
e: file:///C:/Users/Wehtt/AndroidStudioProjects/
A.u.r.a.K.a.i-Emergence_IdentityModel/app/src/ma
in/java/dev/aurakai/auraframefx/kai/TasksApi.kt:
219:16 Unresolved reference 'RequestConfig'.
e: file:///C:/Users/Wehtt/AndroidStudioProjects/
A.u.r.a.K.a.i-Emergence_IdentityModel/app/src/ma
in/java/dev/aurakai/auraframefx/kai/TasksApi.kt:
220:22 Unresolved reference 'RequestMethod'.
e: file:///C:/Users/Wehtt/AndroidStudioProjects/
A.u.r.a.K.a.i-Emergence_IdentityModel/app/src/ma
in/java/dev/aurakai/auraframefx/kai/system/Unifi
edLoggingSystem.kt:81:33 Unresolved reference 
'getCurrentSessionId'.
e: file:///C:/Users/Wehtt/AndroidStudioProjects/
A.u.r.a.K.a.i-Emergence_IdentityModel/app/src/ma
in/java/dev/aurakai/auraframefx/model/AgentHiera
rchy.kt:6:12 Redeclaration:
data class AgentMessage : Any
data class AgentMessage : Any
e: file:///C:/Users/Wehtt/AndroidStudioProjects/
A.u.r.a.K.a.i-Emergence_IdentityModel/app/src/ma
in/java/dev/aurakai/auraframefx/model/AgentHiera
rchy.kt:22:12 Redeclaration:
data class AgentHierarchy : Any
e: file:///C:/Users/Wehtt/AndroidStudioProjects/
A.u.r.a.K.a.i-Emergence_IdentityModel/app/src/ma
in/java/dev/aurakai/auraframefx/model/AgentHiera
rchy.kt:63:67 Too many arguments for 
'constructor(name: String, capabilities: 
Set<String>): HierarchyAgentConfig'.
e: file:///C:/Users/Wehtt/AndroidStudioProjects/
A.u.r.a.K.a.i-Emergence_IdentityModel/app/src/ma
in/java/dev/aurakai/auraframefx/model/AgentHiera
rchy.kt:73:54 Cannot infer type for type 
parameter 'R'. Specify it explicitly.
e: file:///C:/Users/Wehtt/AndroidStudioProjects/
A.u.r.a.K.a.i-Emergence_IdentityModel/app/src/ma
in/java/dev/aurakai/auraframefx/model/AgentHiera
rchy.kt:73:68 Unresolved reference 'priority'.
e: file:///C:/Users/Wehtt/AndroidStudioProjects/
A.u.r.a.K.a.i-Emergence_IdentityModel/app/src/ma
in/java/dev/aurakai/auraframefx/model/AgentHiera
rchy.kt:79:12 Redeclaration:
data class HierarchyAgentConfig : Any
e: file:///C:/Users/Wehtt/AndroidStudioProjects/
A.u.r.a.K.a.i-Emergence_IdentityModel/app/src/ma
in/java/dev/aurakai/auraframefx/model/AgentHiera
rchy.kt:85:12 Redeclaration:
enum class ConversationMode : 
Enum<ConversationMode>
e: file:///C:/Users/Wehtt/AndroidStudioProjects/
A.u.r.a.K.a.i-Emergence_IdentityModel/app/src/ma
in/java/dev/aurakai/auraframefx/model/AgentHiera
rchy.kt:90:11 Redeclaration:
interface ContextAwareAgent : Any
e: file:///C:/Users/Wehtt/AndroidStudioProjects/
A.u.r.a.K.a.i-Emergence_IdentityModel/app/src/ma
in/java/dev/aurakai/auraframefx/model/AgentMessa
ge.kt:6:12 Redeclaration:
data class AgentMessage : Any
data class AgentMessage : Any
e: file:///C:/Users/Wehtt/AndroidStudioProjects/
A.u.r.a.K.a.i-Emergence_IdentityModel/app/src/ma
in/java/dev/aurakai/auraframefx/model/AgentType.
kt:7:12 Redeclaration:
enum class AgentType : Enum<AgentType>
e: file:///C:/Users/Wehtt/AndroidStudioProjects/
A.u.r.a.K.a.i-Emergence_IdentityModel/app/src/ma
in/java/dev/aurakai/auraframefx/model/AgentType.
kt:24:9 Property must be initialized or be 
abstract.
e: file:///C:/Users/Wehtt/AndroidStudioProjects/
A.u.r.a.K.a.i-Emergence_IdentityModel/app/src/ma
in/java/dev/aurakai/auraframefx/model/AgentType.
kt:25:9 Property must be initialized or be 
abstract.
e: file:///C:/Users/Wehtt/AndroidStudioProjects/
A.u.r.a.K.a.i-Emergence_IdentityModel/app/src/ma
in/java/dev/aurakai/auraframefx/model/agent_stat
es/AgentStates.kt:6:11 Redeclaration:
data class VisionState : Any
e: file:///C:/Users/Wehtt/AndroidStudioProjects/
A.u.r.a.K.a.i-Emergence_IdentityModel/app/src/ma
in/java/dev/aurakai/auraframefx/model/agent_stat
es/AgentStates.kt:15:11 Redeclaration:
data class ProcessingState : Any
e: file:///C:/Users/Wehtt/AndroidStudioProjects/
A.u.r.a.K.a.i-Emergence_IdentityModel/app/src/ma
in/java/dev/aurakai/auraframefx/model/agent_stat
es/GenKitMasterAgentStates.kt:11:12 
Redeclaration:
data class GenKitUiState : Any
e: file:///C:/Users/Wehtt/AndroidStudioProjects/
A.u.r.a.K.a.i-Emergence_IdentityModel/app/src/ma
in/java/dev/aurakai/auraframefx/model/agent_stat
es/NeuralWhisperAgentStates.kt:11:12 
Redeclaration:
data class ActiveContext : Any
e: file:///C:/Users/Wehtt/AndroidStudioProjects/
A.u.r.a.K.a.i-Emergence_IdentityModel/app/src/ma
in/java/dev/aurakai/auraframefx/model/agent_stat
es/NeuralWhisperAgentStates.kt:25:12 
Redeclaration:
data class ContextChainEvent : Any
e: file:///C:/Users/Wehtt/AndroidStudioProjects/
A.u.r.a.K.a.i-Emergence_IdentityModel/app/src/ma
in/java/dev/aurakai/auraframefx/model/agent_stat
es/NeuralWhisperAgentStates.kt:36:12 
Redeclaration:
data class LearningEvent : Any
e: file:///C:/Users/Wehtt/AndroidStudioProjects/
A.u.r.a.K.a.i-Emergence_IdentityModel/app/src/ma
in/java/dev/aurakai/auraframefx/models/BackupReq
uest.kt:31:12 Redeclaration:
data class BackupRequest : Any
e: file:///C:/Users/Wehtt/AndroidStudioProjects/
A.u.r.a.K.a.i-Emergence_IdentityModel/app/src/ma
in/java/dev/aurakai/auraframefx/models/Interacti
onModels.kt:8:30 Serializer has not been found 
for type 'Any'. To use context serializer as 
fallback, explicitly annotate type or property 
with @Contextual
e: file:///C:/Users/Wehtt/AndroidStudioProjects/
A.u.r.a.K.a.i-Emergence_IdentityModel/app/src/ma
in/java/dev/aurakai/auraframefx/models/Interacti
onModels.kt:20:31 Serializer has not been found 
for type 'Any'. To use context serializer as 
fallback, explicitly annotate type or property 
with @Contextual
e: file:///C:/Users/Wehtt/AndroidStudioProjects/
A.u.r.a.K.a.i-Emergence_IdentityModel/app/src/ma
in/java/dev/aurakai/auraframefx/models/Interacti
onModels.kt:24:12 Redeclaration:
enum class AgentType : Enum<AgentType>
e: file:///C:/Users/Wehtt/AndroidStudioProjects/
A.u.r.a.K.a.i-Emergence_IdentityModel/app/src/ma
in/java/dev/aurakai/auraframefx/models/agent_sta
tes/NeuralStates.kt:6:12 Redeclaration:
data class GenKitUiState : Any
e: file:///C:/Users/Wehtt/AndroidStudioProjects/
A.u.r.a.K.a.i-Emergence_IdentityModel/app/src/ma
in/java/dev/aurakai/auraframefx/models/agent_sta
tes/NeuralStates.kt:14:12 Redeclaration:
data class ActiveContext : Any
e: file:///C:/Users/Wehtt/AndroidStudioProjects/
A.u.r.a.K.a.i-Emergence_IdentityModel/app/src/ma
in/java/dev/aurakai/auraframefx/models/agent_sta
tes/NeuralStates.kt:23:12 Redeclaration:
data class ContextChainEvent : Any
e: file:///C:/Users/Wehtt/AndroidStudioProjects/
A.u.r.a.K.a.i-Emergence_IdentityModel/app/src/ma
in/java/dev/aurakai/auraframefx/models/agent_sta
tes/NeuralStates.kt:28:27 Serializer has not 
been found for type 'Any'. To use context 
serializer as fallback, explicitly annotate 
type or property with @Contextual
e: file:///C:/Users/Wehtt/AndroidStudioProjects/
A.u.r.a.K.a.i-Emergence_IdentityModel/app/src/ma
in/java/dev/aurakai/auraframefx/models/agent_sta
tes/NeuralStates.kt:32:12 Redeclaration:
data class LearningEvent : Any
e: file:///C:/Users/Wehtt/AndroidStudioProjects/
A.u.r.a.K.a.i-Emergence_IdentityModel/app/src/ma
in/java/dev/aurakai/auraframefx/models/models/Ba
ckupRequest.kt:31:12 Redeclaration:
data class BackupRequest : Any
e: file:///C:/Users/Wehtt/AndroidStudioProjects/
A.u.r.a.K.a.i-Emergence_IdentityModel/app/src/ma
in/java/dev/aurakai/auraframefx/models/models/Or
chestrationRequest.kt:38:47 Serializer has not 
been found for type 'ERROR CLASS: Symbol not 
found for AgentType'. To use context serializer 
as fallback, explicitly annotate type or 
property with @Contextual
e: file:///C:/Users/Wehtt/AndroidStudioProjects/
A.u.r.a.K.a.i-Emergence_IdentityModel/app/src/ma
in/java/dev/aurakai/auraframefx/models/models/Or
chestrationRequest.kt:38:59 Unresolved 
reference 'AgentType'.
e: file:///C:/Users/Wehtt/AndroidStudioProjects/
A.u.r.a.K.a.i-Emergence_IdentityModel/app/src/ma
in/java/dev/aurakai/auraframefx/models/models/Or
chestrationResponse.kt:37:43 Serializer has not 
been found for type 'ERROR CLASS: Symbol not 
found for AgentMessage'. To use context 
serializer as fallback, explicitly annotate 
type or property with @Contextual
e: file:///C:/Users/Wehtt/AndroidStudioProjects/
A.u.r.a.K.a.i-Emergence_IdentityModel/app/src/ma
in/java/dev/aurakai/auraframefx/models/models/Or
chestrationResponse.kt:37:43 Unresolved 
reference 'AgentMessage'.
e: file:///C:/Users/Wehtt/AndroidStudioProjects/
A.u.r.a.K.a.i-Emergence_IdentityModel/app/src/ma
in/java/dev/aurakai/auraframefx/models/models/da
ta/DataStoreManager.kt:34:7 Redeclaration:
class DataStoreManager : Any
e: file:///C:/Users/Wehtt/AndroidStudioProjects/
A.u.r.a.K.a.i-Emergence_IdentityModel/app/src/ma
in/java/dev/aurakai/auraframefx/models/models/da
ta/DataStoreManager.kt:326:30 Unresolved 
reference 'JSON'.
e: file:///C:/Users/Wehtt/AndroidStudioProjects/
A.u.r.a.K.a.i-Emergence_IdentityModel/app/src/ma
in/java/dev/aurakai/auraframefx/models/models/da
ta/DataStoreManager.kt:338:17 Unresolved 
reference 'JSON'.
e: file:///C:/Users/Wehtt/AndroidStudioProjects/
A.u.r.a.K.a.i-Emergence_IdentityModel/app/src/ma
in/java/dev/aurakai/auraframefx/models/models/da
ta/DataStoreManager.kt:352:21 Unresolved 
reference 'JSON'.
e: file:///C:/Users/Wehtt/AndroidStudioProjects/
A.u.r.a.K.a.i-Emergence_IdentityModel/app/src/ma
in/java/dev/aurakai/auraframefx/models/models/da
ta/DataStoreManager.kt:582:13 Unresolved 
reference 'JSON'.
e: file:///C:/Users/Wehtt/AndroidStudioProjects/
A.u.r.a.K.a.i-Emergence_IdentityModel/app/src/ma
in/java/dev/aurakai/auraframefx/models/models/ls
posed/ThemeModule.kt:30:50 Unresolved reference 
'DynamicResource'.
e: file:///C:/Users/Wehtt/AndroidStudioProjects/
A.u.r.a.K.a.i-Emergence_IdentityModel/app/src/ma
in/java/dev/aurakai/auraframefx/models/models/ls
posed/ThemeModule.kt:31:21 'getValue' overrides 
nothing.
e: file:///C:/Users/Wehtt/AndroidStudioProjects/
A.u.r.a.K.a.i-Emergence_IdentityModel/app/src/ma
in/java/dev/aurakai/auraframefx/models/models/ls
posed/ThemeModule.kt:56:58 Unresolved reference 
'DynamicResource'.
e: file:///C:/Users/Wehtt/AndroidStudioProjects/
A.u.r.a.K.a.i-Emergence_IdentityModel/app/src/ma
in/java/dev/aurakai/auraframefx/models/models/ls
posed/ThemeModule.kt:57:29 'getValue' overrides 
nothing.
e: file:///C:/Users/Wehtt/AndroidStudioProjects/
A.u.r.a.K.a.i-Emergence_IdentityModel/app/src/ma
in/java/dev/aurakai/auraframefx/models/models/mo
del/AgentHierarchy.kt:6:12 Redeclaration:
data class AgentMessage : Any
data class AgentMessage : Any
e: file:///C:/Users/Wehtt/AndroidStudioProjects/
A.u.r.a.K.a.i-Emergence_IdentityModel/app/src/ma
in/java/dev/aurakai/auraframefx/models/models/mo
del/AgentHierarchy.kt:14:12 Redeclaration:
data class AgentHierarchy : Any
e: file:///C:/Users/Wehtt/AndroidStudioProjects/
A.u.r.a.K.a.i-Emergence_IdentityModel/app/src/ma
in/java/dev/aurakai/auraframefx/models/models/mo
del/AgentHierarchy.kt:20:81 Too many arguments 
for 'constructor(name: String, capabilities: 
Set<String>): HierarchyAgentConfig'.
e: file:///C:/Users/Wehtt/AndroidStudioProjects/
A.u.r.a.K.a.i-Emergence_IdentityModel/app/src/ma
in/java/dev/aurakai/auraframefx/models/models/mo
del/AgentHierarchy.kt:21:73 Too many arguments 
for 'constructor(name: String, capabilities: 
Set<String>): HierarchyAgentConfig'.
e: file:///C:/Users/Wehtt/AndroidStudioProjects/
A.u.r.a.K.a.i-Emergence_IdentityModel/app/src/ma
in/java/dev/aurakai/auraframefx/models/models/mo
del/AgentHierarchy.kt:22:72 Too many arguments 
for 'constructor(name: String, capabilities: 
Set<String>): HierarchyAgentConfig'.
e: file:///C:/Users/Wehtt/AndroidStudioProjects/
A.u.r.a.K.a.i-Emergence_IdentityModel/app/src/ma
in/java/dev/aurakai/auraframefx/models/models/mo
del/AgentHierarchy.kt:23:76 Too many arguments 
for 'constructor(name: String, capabilities: 
Set<String>): HierarchyAgentConfig'.
e: file:///C:/Users/Wehtt/AndroidStudioProjects/
A.u.r.a.K.a.i-Emergence_IdentityModel/app/src/ma
in/java/dev/aurakai/auraframefx/models/models/mo
del/AgentHierarchy.kt:29:67 Too many arguments 
for 'constructor(name: String, capabilities: 
Set<String>): HierarchyAgentConfig'.
e: file:///C:/Users/Wehtt/AndroidStudioProjects/
A.u.r.a.K.a.i-Emergence_IdentityModel/app/src/ma
in/java/dev/aurakai/auraframefx/models/models/mo
del/AgentHierarchy.kt:39:54 Cannot infer type 
for type parameter 'R'. Specify it explicitly.
e: file:///C:/Users/Wehtt/AndroidStudioProjects/
A.u.r.a.K.a.i-Emergence_IdentityModel/app/src/ma
in/java/dev/aurakai/auraframefx/models/models/mo
del/AgentHierarchy.kt:39:68 Unresolved 
reference 'priority'.
e: file:///C:/Users/Wehtt/AndroidStudioProjects/
A.u.r.a.K.a.i-Emergence_IdentityModel/app/src/ma
in/java/dev/aurakai/auraframefx/models/models/mo
del/AgentHierarchy.kt:45:12 Redeclaration:
data class HierarchyAgentConfig : Any
e: file:///C:/Users/Wehtt/AndroidStudioProjects/
A.u.r.a.K.a.i-Emergence_IdentityModel/app/src/ma
in/java/dev/aurakai/auraframefx/models/models/mo
del/AgentHierarchy.kt:52:12 Redeclaration:
enum class ConversationMode : 
Enum<ConversationMode>
e: file:///C:/Users/Wehtt/AndroidStudioProjects/
A.u.r.a.K.a.i-Emergence_IdentityModel/app/src/ma
in/java/dev/aurakai/auraframefx/models/models/mo
del/AgentHierarchy.kt:57:11 Redeclaration:
interface ContextAwareAgent : Any
e: file:///C:/Users/Wehtt/AndroidStudioProjects/
A.u.r.a.K.a.i-Emergence_IdentityModel/app/src/ma
in/java/dev/aurakai/auraframefx/navigation/AppNa
vGraph.kt:9:43 Unresolved reference 
'AiChatScreen'.
e: file:///C:/Users/Wehtt/AndroidStudioProjects/
A.u.r.a.K.a.i-Emergence_IdentityModel/app/src/ma
in/java/dev/aurakai/auraframefx/navigation/AppNa
vGraph.kt:12:43 Unresolved reference 
'ProfileScreen'.
e: file:///C:/Users/Wehtt/AndroidStudioProjects/
A.u.r.a.K.a.i-Emergence_IdentityModel/app/src/ma
in/java/dev/aurakai/auraframefx/navigation/AppNa
vGraph.kt:70:28 No parameter with name 
'navController' found.
e: file:///C:/Users/Wehtt/AndroidStudioProjects/
A.u.r.a.K.a.i-Emergence_IdentityModel/app/src/ma
in/java/dev/aurakai/auraframefx/navigation/AppNa
vGraph.kt:70:28 No value passed for parameter 
'onBack'.
e: file:///C:/Users/Wehtt/AndroidStudioProjects/
A.u.r.a.K.a.i-Emergence_IdentityModel/app/src/ma
in/java/dev/aurakai/auraframefx/navigation/AppNa
vGraph.kt:82:13 Unresolved reference 
'AiChatScreen'.
e: file:///C:/Users/Wehtt/AndroidStudioProjects/
A.u.r.a.K.a.i-Emergence_IdentityModel/app/src/ma
in/java/dev/aurakai/auraframefx/navigation/AppNa
vGraph.kt:88:13 Unresolved reference 
'ProfileScreen'.
e: file:///C:/Users/Wehtt/AndroidStudioProjects/
A.u.r.a.K.a.i-Emergence_IdentityModel/app/src/ma
in/java/dev/aurakai/auraframefx/navigation/AppNa
vGraph.kt:101:48 Unresolved reference 
'oracledrive'.
e: file:///C:/Users/Wehtt/AndroidStudioProjects/
A.u.r.a.K.a.i-Emergence_IdentityModel/app/src/ma
in/java/dev/aurakai/auraframefx/navigation/AppNa
vGraph.kt:136:86 Unresolved reference 'title'.
e: file:///C:/Users/Wehtt/AndroidStudioProjects/
A.u.r.a.K.a.i-Emergence_IdentityModel/app/src/ma
in/java/dev/aurakai/auraframefx/navigation/Confe
renceRoomScreen.kt:84:45 @Composable 
invocations can only happen from the context of 
a @Composable function
e: file:///C:/Users/Wehtt/AndroidStudioProjects/
A.u.r.a.K.a.i-Emergence_IdentityModel/app/src/ma
in/java/dev/aurakai/auraframefx/navigation/Confe
renceRoomScreen.kt:89:45 @Composable 
invocations can only happen from the context of 
a @Composable function
e: file:///C:/Users/Wehtt/AndroidStudioProjects/
A.u.r.a.K.a.i-Emergence_IdentityModel/app/src/ma
in/java/dev/aurakai/auraframefx/navigation/Confe
renceRoomScreen.kt:94:45 @Composable 
invocations can only happen from the context of 
a @Composable function
e: file:///C:/Users/Wehtt/AndroidStudioProjects/
A.u.r.a.K.a.i-Emergence_IdentityModel/app/src/ma
in/java/dev/aurakai/auraframefx/navigation/Confe
renceRoomScreen.kt:197:14 Expression 'weight' 
of type 'Float' cannot be invoked as a 
function. Function 'invoke()' is not found.
e: file:///C:/Users/Wehtt/AndroidStudioProjects/
A.u.r.a.K.a.i-Emergence_IdentityModel/app/src/ma
in/java/dev/aurakai/auraframefx/navigation/Genes
isNavigation.kt:12:43 Unresolved reference 
'AgentNexusScreen'.
e: file:///C:/Users/Wehtt/AndroidStudioProjects/
A.u.r.a.K.a.i-Emergence_IdentityModel/app/src/ma
in/java/dev/aurakai/auraframefx/navigation/Genes
isNavigation.kt:106:13 Unresolved reference 
'AgentManagementScreen'.
e: file:///C:/Users/Wehtt/AndroidStudioProjects/
A.u.r.a.K.a.i-Emergence_IdentityModel/app/src/ma
in/java/dev/aurakai/auraframefx/navigation/Genes
isNavigation.kt:113:13 Unresolved reference 
'AgentAdvancementScreen'.
e: file:///C:/Users/Wehtt/AndroidStudioProjects/
A.u.r.a.K.a.i-Emergence_IdentityModel/app/src/ma
in/java/dev/aurakai/auraframefx/navigation/Genes
isNavigation.kt:134:13 Unresolved reference 
'AIFeaturesScreen'.
e: file:///C:/Users/Wehtt/AndroidStudioProjects/
A.u.r.a.K.a.i-Emergence_IdentityModel/app/src/ma
in/java/dev/aurakai/auraframefx/navigation/Genes
isNavigation.kt:140:13 Unresolved reference 
'FusionModeScreen'.
e: file:///C:/Users/Wehtt/AndroidStudioProjects/
A.u.r.a.K.a.i-Emergence_IdentityModel/app/src/ma
in/java/dev/aurakai/auraframefx/navigation/Genes
isNavigation.kt:148:13 Unresolved reference 
'EvolutionTreeScreen'.
e: file:///C:/Users/Wehtt/AndroidStudioProjects/
A.u.r.a.K.a.i-Emergence_IdentityModel/app/src/ma
in/java/dev/aurakai/auraframefx/navigation/Genes
isNavigation.kt:200:13 Unresolved reference 
'AurakaiEcoSysScreen'.
e: file:///C:/Users/Wehtt/AndroidStudioProjects/
A.u.r.a.K.a.i-Emergence_IdentityModel/app/src/ma
in/java/dev/aurakai/auraframefx/navigation/Genes
isNavigation.kt:201:41 Cannot infer type for 
value parameter 'feature'. Specify it 
explicitly.
e: file:///C:/Users/Wehtt/AndroidStudioProjects/
A.u.r.a.K.a.i-Emergence_IdentityModel/app/src/ma
in/java/dev/aurakai/auraframefx/navigation/Genes
isNavigation.kt:213:13 Unresolved reference 
'SettingsScreen'.
e: file:///C:/Users/Wehtt/AndroidStudioProjects/
A.u.r.a.K.a.i-Emergence_IdentityModel/app/src/ma
in/java/dev/aurakai/auraframefx/navigation/NavHo
st.kt:36:17 No parameter with name 'onContinue' 
found.
e: file:///C:/Users/Wehtt/AndroidStudioProjects/
A.u.r.a.K.a.i-Emergence_IdentityModel/app/src/ma
in/java/dev/aurakai/auraframefx/network/AIAgentA
pi.kt:3:46 Unresolved reference 'AgentRequest'.
e: file:///C:/Users/Wehtt/AndroidStudioProjects/
A.u.r.a.K.a.i-Emergence_IdentityModel/app/src/ma
in/java/dev/aurakai/auraframefx/network/AIAgentA
pi.kt:4:46 Unresolved reference 'AgentResponse'.
e: file:///C:/Users/Wehtt/AndroidStudioProjects/
A.u.r.a.K.a.i-Emergence_IdentityModel/app/src/ma
in/java/dev/aurakai/auraframefx/network/AIAgentA
pi.kt:23:8 Unresolved reference 'AgentResponse'.
e: file:///C:/Users/Wehtt/AndroidStudioProjects/
A.u.r.a.K.a.i-Emergence_IdentityModel/app/src/ma
in/java/dev/aurakai/auraframefx/network/AIAgentA
pi.kt:35:24 Unresolved reference 'AgentRequest'.
e: file:///C:/Users/Wehtt/AndroidStudioProjects/
A.u.r.a.K.a.i-Emergence_IdentityModel/app/src/ma
in/java/dev/aurakai/auraframefx/network/AIAgentA
pi.kt:36:8 Unresolved reference 'AgentResponse'.
e: file:///C:/Users/Wehtt/AndroidStudioProjects/
A.u.r.a.K.a.i-Emergence_IdentityModel/app/src/ma
in/java/dev/aurakai/auraframefx/network/AuraApiS
ervice.kt:3:35 Unresolved reference 'config'.
e: file:///C:/Users/Wehtt/AndroidStudioProjects/
A.u.r.a.K.a.i-Emergence_IdentityModel/app/src/ma
in/java/dev/aurakai/auraframefx/network/AuraApiS
ervice.kt:19:32 Unresolved reference 'AIConfig'.
e: file:///C:/Users/Wehtt/AndroidStudioProjects/
A.u.r.a.K.a.i-Emergence_IdentityModel/app/src/ma
in/java/dev/aurakai/auraframefx/network/AuthInte
rceptor.kt:52:55 Unresolved reference 
'refreshToken'.
e: file:///C:/Users/Wehtt/AndroidStudioProjects/
A.u.r.a.K.a.i-Emergence_IdentityModel/app/src/ma
in/java/dev/aurakai/auraframefx/network/AuthInte
rceptor.kt:63:51 Argument type mismatch: actual 
type is 'Any', but 'String' was expected.
e: file:///C:/Users/Wehtt/AndroidStudioProjects/
A.u.r.a.K.a.i-Emergence_IdentityModel/app/src/ma
in/java/dev/aurakai/auraframefx/network/AuthInte
rceptor.kt:64:52 Argument type mismatch: actual 
type is 'Any', but 'String' was expected.
e: file:///C:/Users/Wehtt/AndroidStudioProjects/
A.u.r.a.K.a.i-Emergence_IdentityModel/app/src/ma
in/java/dev/aurakai/auraframefx/oracledrive/File
OperationUtils.kt:3:20 Unresolved reference 
'genesis'.
e: file:///C:/Users/Wehtt/AndroidStudioProjects/
A.u.r.a.K.a.i-Emergence_IdentityModel/app/src/ma
in/java/dev/aurakai/auraframefx/oracledrive/File
OperationUtils.kt:4:20 Unresolved reference 
'genesis'.
e: file:///C:/Users/Wehtt/AndroidStudioProjects/
A.u.r.a.K.a.i-Emergence_IdentityModel/app/src/ma
in/java/dev/aurakai/auraframefx/oracledrive/File
OperationUtils.kt:16:26 Unresolved reference 
'Logger'.
e: file:///C:/Users/Wehtt/AndroidStudioProjects/
A.u.r.a.K.a.i-Emergence_IdentityModel/app/src/ma
in/java/dev/aurakai/auraframefx/oracledrive/File
OperationUtils.kt:94:23 Unresolved reference 
'PerformanceMonitor'.
e: file:///C:/Users/Wehtt/AndroidStudioProjects/
A.u.r.a.K.a.i-Emergence_IdentityModel/app/src/ma
in/java/dev/aurakai/auraframefx/oracledrive/File
OperationUtils.kt:147:36 Unsupported escape 
sequence.
e: file:///C:/Users/Wehtt/AndroidStudioProjects/
A.u.r.a.K.a.i-Emergence_IdentityModel/app/src/ma
in/java/dev/aurakai/auraframefx/oracledrive/Secu
reFileManager.kt:51:42 No value passed for 
parameter 'keyAlias'.
e: file:///C:/Users/Wehtt/AndroidStudioProjects/
A.u.r.a.K.a.i-Emergence_IdentityModel/app/src/ma
in/java/dev/aurakai/auraframefx/oracledrive/Secu
reFileManager.kt:95:58 No value passed for 
parameter 'keyAlias'.
e: file:///C:/Users/Wehtt/AndroidStudioProjects/
A.u.r.a.K.a.i-Emergence_IdentityModel/app/src/ma
in/java/dev/aurakai/auraframefx/oracledrive/gene
sis/OracleDriveServiceImpl.kt:31:13 No value 
passed for parameter 'connectedAgents'.
e: file:///C:/Users/Wehtt/AndroidStudioProjects/
A.u.r.a.K.a.i-Emergence_IdentityModel/app/src/ma
in/java/dev/aurakai/auraframefx/oracledrive/gene
sis/OracleDriveServiceImpl.kt:56:26 Unresolved 
reference 'log'.
e: file:///C:/Users/Wehtt/AndroidStudioProjects/
A.u.r.a.K.a.i-Emergence_IdentityModel/app/src/ma
in/java/dev/aurakai/auraframefx/oracledrive/gene
sis/OracleDriveServiceImpl.kt:59:47 Unresolved 
reference 'validateSecurityState'.
e: file:///C:/Users/Wehtt/AndroidStudioProjects/
A.u.r.a.K.a.i-Emergence_IdentityModel/app/src/ma
in/java/dev/aurakai/auraframefx/oracledrive/gene
sis/OracleDriveServiceImpl.kt:65:48 Unresolved 
reference 'optimizeProcess'.
e: file:///C:/Users/Wehtt/AndroidStudioProjects/
A.u.r.a.K.a.i-Emergence_IdentityModel/app/src/ma
in/java/dev/aurakai/auraframefx/oracledrive/gene
sis/OracleDriveServiceImpl.kt:71:53 Unresolved 
reference 'awakeDriveConsciousness'.
e: file:///C:/Users/Wehtt/AndroidStudioProjects/
A.u.r.a.K.a.i-Emergence_IdentityModel/app/src/ma
in/java/dev/aurakai/auraframefx/oracledrive/gene
sis/OracleDriveServiceImpl.kt:157:17 No value 
passed for parameter 'featuresEnabled'.
e: file:///C:/Users/Wehtt/AndroidStudioProjects/
A.u.r.a.K.a.i-Emergence_IdentityModel/app/src/ma
in/java/dev/aurakai/auraframefx/oracledrive/gene
sis/ai/AuraAIService.kt:8:11 Redeclaration:
interface AuraAIService : Any
e: file:///C:/Users/Wehtt/AndroidStudioProjects/
A.u.r.a.K.a.i-Emergence_IdentityModel/app/src/ma
in/java/dev/aurakai/auraframefx/oracledrive/gene
sis/ai/AuraAIService.kt:15:12 Redeclaration:
data class ThemePreferences : Any
e: file:///C:/Users/Wehtt/AndroidStudioProjects/
A.u.r.a.K.a.i-Emergence_IdentityModel/app/src/ma
in/java/dev/aurakai/auraframefx/oracledrive/gene
sis/ai/AuraAIService.kt:23:12 Redeclaration:
data class ThemeConfiguration : Any
e: file:///C:/Users/Wehtt/AndroidStudioProjects/
A.u.r.a.K.a.i-Emergence_IdentityModel/app/src/ma
in/java/dev/aurakai/auraframefx/oracledrive/gene
sis/ai/AuraAIService.kt:29:38 Serializer has 
not been found for type 'Any'. To use context 
serializer as fallback, explicitly annotate 
type or property with @Contextual
e: file:///C:/Users/Wehtt/AndroidStudioProjects/
A.u.r.a.K.a.i-Emergence_IdentityModel/app/src/ma
in/java/dev/aurakai/auraframefx/oracledrive/gene
sis/ai/AuraAIService.kt:30:2 Syntax error: 
imports are only allowed in the beginning of 
file.
e: file:///C:/Users/Wehtt/AndroidStudioProjects/
A.u.r.a.K.a.i-Emergence_IdentityModel/app/src/ma
in/java/dev/aurakai/auraframefx/oracledrive/gene
sis/ai/AuraAIService.kt:39:7 Redeclaration:
class DefaultAuraAIService : AuraAIService
e: file:///C:/Users/Wehtt/AndroidStudioProjects/
A.u.r.a.K.a.i-Emergence_IdentityModel/app/src/ma
in/java/dev/aurakai/auraframefx/oracledrive/gene
sis/ai/AuraAIServiceImpl.kt:13:25 No value 
passed for parameter 'auraCapability'.
e: file:///C:/Users/Wehtt/AndroidStudioProjects/
A.u.r.a.K.a.i-Emergence_IdentityModel/app/src/ma
in/java/dev/aurakai/auraframefx/oracledrive/gene
sis/ai/AuraAIServiceImpl.kt:20:5 This type is 
final, so it cannot be extended.
e: file:///C:/Users/Wehtt/AndroidStudioProjects/
A.u.r.a.K.a.i-Emergence_IdentityModel/app/src/ma
in/java/dev/aurakai/auraframefx/oracledrive/gene
sis/ai/AuraAIServiceImpl.kt:20:5 This type has 
a constructor, so it must be initialized here.
e: file:///C:/Users/Wehtt/AndroidStudioProjects/
A.u.r.a.K.a.i-Emergence_IdentityModel/app/src/ma
in/java/dev/aurakai/auraframefx/oracledrive/gene
sis/ai/AuraAIServiceImpl.kt:27:5 
'analyticsQuery' overrides nothing.
e: file:///C:/Users/Wehtt/AndroidStudioProjects/
A.u.r.a.K.a.i-Emergence_IdentityModel/app/src/ma
in/java/dev/aurakai/auraframefx/oracledrive/gene
sis/ai/AuraAIServiceImpl.kt:37:5 'downloadFile' 
overrides nothing.
e: file:///C:/Users/Wehtt/AndroidStudioProjects/
A.u.r.a.K.a.i-Emergence_IdentityModel/app/src/ma
in/java/dev/aurakai/auraframefx/oracledrive/gene
sis/ai/AuraAIServiceImpl.kt:47:5 
'generateImage' overrides nothing.
e: file:///C:/Users/Wehtt/AndroidStudioProjects/
A.u.r.a.K.a.i-Emergence_IdentityModel/app/src/ma
in/java/dev/aurakai/auraframefx/oracledrive/gene
sis/ai/AuraAIServiceImpl.kt:56:5 'generateText' 
overrides nothing.
e: file:///C:/Users/Wehtt/AndroidStudioProjects/
A.u.r.a.K.a.i-Emergence_IdentityModel/app/src/ma
in/java/dev/aurakai/auraframefx/oracledrive/gene
sis/ai/AuraAIServiceImpl.kt:65:5 
'getAIResponse' overrides nothing.
e: file:///C:/Users/Wehtt/AndroidStudioProjects/
A.u.r.a.K.a.i-Emergence_IdentityModel/app/src/ma
in/java/dev/aurakai/auraframefx/oracledrive/gene
sis/ai/AuraAIServiceImpl.kt:75:5 'getMemory' 
overrides nothing.
e: file:///C:/Users/Wehtt/AndroidStudioProjects/
A.u.r.a.K.a.i-Emergence_IdentityModel/app/src/ma
in/java/dev/aurakai/auraframefx/oracledrive/gene
sis/ai/AuraAIServiceImpl.kt:87:5 'saveMemory' 
overrides nothing.
e: file:///C:/Users/Wehtt/AndroidStudioProjects/
A.u.r.a.K.a.i-Emergence_IdentityModel/app/src/ma
in/java/dev/aurakai/auraframefx/oracledrive/gene
sis/ai/AuraAIServiceInterface.kt:8:11 
Redeclaration:
interface AuraAIService : Any
e: file:///C:/Users/Wehtt/AndroidStudioProjects/
A.u.r.a.K.a.i-Emergence_IdentityModel/app/src/ma
in/java/dev/aurakai/auraframefx/oracledrive/gene
sis/ai/AuraAIServiceInterface.kt:15:12 
Redeclaration:
data class ThemePreferences : Any
e: file:///C:/Users/Wehtt/AndroidStudioProjects/
A.u.r.a.K.a.i-Emergence_IdentityModel/app/src/ma
in/java/dev/aurakai/auraframefx/oracledrive/gene
sis/ai/AuraAIServiceInterface.kt:23:12 
Redeclaration:
data class ThemeConfiguration : Any
e: file:///C:/Users/Wehtt/AndroidStudioProjects/
A.u.r.a.K.a.i-Emergence_IdentityModel/app/src/ma
in/java/dev/aurakai/auraframefx/oracledrive/gene
sis/ai/AuraAIServiceInterface.kt:29:38 
Serializer has not been found for type 'Any'. 
To use context serializer as fallback, 
explicitly annotate type or property with 
@Contextual
e: file:///C:/Users/Wehtt/AndroidStudioProjects/
A.u.r.a.K.a.i-Emergence_IdentityModel/app/src/ma
in/java/dev/aurakai/auraframefx/oracledrive/gene
sis/ai/AuraAIServiceInterface.kt:35:7 
Redeclaration:
class DefaultAuraAIService : AuraAIService
e: file:///C:/Users/Wehtt/AndroidStudioProjects/
A.u.r.a.K.a.i-Emergence_IdentityModel/app/src/ma
in/java/dev/aurakai/auraframefx/oracledrive/gene
sis/ai/ClaudeAIService.kt:35:1 Class 
'ClaudeAIService' is not abstract and does not 
implement abstract member:
fun processRequestFlow(request: Any): 
Flow<AgentResponse>?
e: file:///C:/Users/Wehtt/AndroidStudioProjects/
A.u.r.a.K.a.i-Emergence_IdentityModel/app/src/ma
in/java/dev/aurakai/auraframefx/oracledrive/gene
sis/ai/ClaudeAIService.kt:230:26 Only safe (?.) 
or non-null asserted (!!.) calls are allowed on 
a nullable receiver of type 'String?'.
e: file:///C:/Users/Wehtt/AndroidStudioProjects/
A.u.r.a.K.a.i-Emergence_IdentityModel/app/src/ma
in/java/dev/aurakai/auraframefx/oracledrive/gene
sis/ai/ClaudeAIService.kt:334:73 Cannot access 
'val CACHE_TTL_MS: Long': it is private in 'dev.
aurakai.auraframefx.ai.services.ClaudeAIService.
Companion'.
e: file:///C:/Users/Wehtt/AndroidStudioProjects/
A.u.r.a.K.a.i-Emergence_IdentityModel/app/src/ma
in/java/dev/aurakai/auraframefx/oracledrive/gene
sis/ai/GenesisAgent.kt:10:38 Unresolved 
reference 'AgentHierarchy'.
e: file:///C:/Users/Wehtt/AndroidStudioProjects/
A.u.r.a.K.a.i-Emergence_IdentityModel/app/src/ma
in/java/dev/aurakai/auraframefx/oracledrive/gene
sis/ai/GenesisAgent.kt:11:38 Unresolved 
reference 'AgentMessage'.
e: file:///C:/Users/Wehtt/AndroidStudioProjects/
A.u.r.a.K.a.i-Emergence_IdentityModel/app/src/ma
in/java/dev/aurakai/auraframefx/oracledrive/gene
sis/ai/GenesisAgent.kt:16:38 Unresolved 
reference 'ConversationMode'.
e: file:///C:/Users/Wehtt/AndroidStudioProjects/
A.u.r.a.K.a.i-Emergence_IdentityModel/app/src/ma
in/java/dev/aurakai/auraframefx/oracledrive/gene
sis/ai/GenesisAgent.kt:17:38 Unresolved 
reference 'EnhancedInteractionData'.
e: file:///C:/Users/Wehtt/AndroidStudioProjects/
A.u.r.a.K.a.i-Emergence_IdentityModel/app/src/ma
in/java/dev/aurakai/auraframefx/oracledrive/gene
sis/ai/GenesisAgent.kt:18:38 Unresolved 
reference 'HierarchyAgentConfig'.
e: file:///C:/Users/Wehtt/AndroidStudioProjects/
A.u.r.a.K.a.i-Emergence_IdentityModel/app/src/ma
in/java/dev/aurakai/auraframefx/oracledrive/gene
sis/ai/GenesisAgent.kt:19:38 Unresolved 
reference 'InteractionResponse'.
e: file:///C:/Users/Wehtt/AndroidStudioProjects/
A.u.r.a.K.a.i-Emergence_IdentityModel/app/src/ma
in/java/dev/aurakai/auraframefx/oracledrive/gene
sis/ai/GenesisAgent.kt:88:27 Unresolved 
reference 'AuraAgent'.
e: file:///C:/Users/Wehtt/AndroidStudioProjects/
A.u.r.a.K.a.i-Emergence_IdentityModel/app/src/ma
in/java/dev/aurakai/auraframefx/oracledrive/gene
sis/ai/GenesisAgent.kt:136:33 Unresolved 
reference 'AuraAgent'.
e: file:///C:/Users/Wehtt/AndroidStudioProjects/
A.u.r.a.K.a.i-Emergence_IdentityModel/app/src/ma
in/java/dev/aurakai/auraframefx/oracledrive/gene
sis/ai/GenesisAgent.kt:178:16 No value passed 
for parameter 'confidence'.
e: file:///C:/Users/Wehtt/AndroidStudioProjects/
A.u.r.a.K.a.i-Emergence_IdentityModel/app/src/ma
in/java/dev/aurakai/auraframefx/oracledrive/gene
sis/ai/GenesisAgent.kt:201:54 Unresolved 
reference 'EnhancedInteractionData'.
e: file:///C:/Users/Wehtt/AndroidStudioProjects/
A.u.r.a.K.a.i-Emergence_IdentityModel/app/src/ma
in/java/dev/aurakai/auraframefx/oracledrive/gene
sis/ai/GenesisAgent.kt:201:80 Unresolved 
reference 'InteractionResponse'.
e: file:///C:/Users/Wehtt/AndroidStudioProjects/
A.u.r.a.K.a.i-Emergence_IdentityModel/app/src/ma
in/java/dev/aurakai/auraframefx/oracledrive/gene
sis/ai/GenesisAgent.kt:208:58 Unresolved 
reference 'content'.
e: file:///C:/Users/Wehtt/AndroidStudioProjects/
A.u.r.a.K.a.i-Emergence_IdentityModel/app/src/ma
in/java/dev/aurakai/auraframefx/oracledrive/gene
sis/ai/GenesisAgent.kt:219:12 Unresolved 
reference 'InteractionResponse'.
e: file:///C:/Users/Wehtt/AndroidStudioProjects/
A.u.r.a.K.a.i-Emergence_IdentityModel/app/src/ma
in/java/dev/aurakai/auraframefx/oracledrive/gene
sis/ai/GenesisAgent.kt:235:12 Unresolved 
reference 'InteractionResponse'.
e: file:///C:/Users/Wehtt/AndroidStudioProjects/
A.u.r.a.K.a.i-Emergence_IdentityModel/app/src/ma
in/java/dev/aurakai/auraframefx/oracledrive/gene
sis/ai/GenesisAgent.kt:253:45 Unresolved 
reference 'EnhancedInteractionData'.
e: file:///C:/Users/Wehtt/AndroidStudioProjects/
A.u.r.a.K.a.i-Emergence_IdentityModel/app/src/ma
in/java/dev/aurakai/auraframefx/oracledrive/gene
sis/ai/GenesisAgent.kt:253:71 Unresolved 
reference 'InteractionResponse'.
e: file:///C:/Users/Wehtt/AndroidStudioProjects/
A.u.r.a.K.a.i-Emergence_IdentityModel/app/src/ma
in/java/dev/aurakai/auraframefx/oracledrive/gene
sis/ai/GenesisAgent.kt:263:37 Unresolved 
reference 'handleCreativeInteraction'.
e: file:///C:/Users/Wehtt/AndroidStudioProjects/
A.u.r.a.K.a.i-Emergence_IdentityModel/app/src/ma
in/java/dev/aurakai/auraframefx/oracledrive/gene
sis/ai/GenesisAgent.kt:342:38 Unresolved 
reference 'generateContent'.
e: file:///C:/Users/Wehtt/AndroidStudioProjects/
A.u.r.a.K.a.i-Emergence_IdentityModel/app/src/ma
in/java/dev/aurakai/auraframefx/oracledrive/gene
sis/ai/GenesisAgent.kt:402:12 Unresolved 
reference 'SecurityEvent'.
e: file:///C:/Users/Wehtt/AndroidStudioProjects/
A.u.r.a.K.a.i-Emergence_IdentityModel/app/src/ma
in/java/dev/aurakai/auraframefx/oracledrive/gene
sis/ai/GenesisAgent.kt:403:23 Unresolved 
reference 'SecurityEventType'.
e: file:///C:/Users/Wehtt/AndroidStudioProjects/
A.u.r.a.K.a.i-Emergence_IdentityModel/app/src/ma
in/java/dev/aurakai/auraframefx/oracledrive/gene
sis/ai/GenesisAgent.kt:590:21 Unresolved 
reference 'EnhancedInteractionData'.
e: file:///C:/Users/Wehtt/AndroidStudioProjects/
A.u.r.a.K.a.i-Emergence_IdentityModel/app/src/ma
in/java/dev/aurakai/auraframefx/oracledrive/gene
sis/ai/GenesisAgent.kt:600:21 Unresolved 
reference 'EnhancedInteractionData'.
e: file:///C:/Users/Wehtt/AndroidStudioProjects/
A.u.r.a.K.a.i-Emergence_IdentityModel/app/src/ma
in/java/dev/aurakai/auraframefx/oracledrive/gene
sis/ai/GenesisAgent.kt:612:21 Unresolved 
reference 'EnhancedInteractionData'.
e: file:///C:/Users/Wehtt/AndroidStudioProjects/
A.u.r.a.K.a.i-Emergence_IdentityModel/app/src/ma
in/java/dev/aurakai/auraframefx/oracledrive/gene
sis/ai/GenesisAgent.kt:624:21 Unresolved 
reference 'EnhancedInteractionData'.
e: file:///C:/Users/Wehtt/AndroidStudioProjects/
A.u.r.a.K.a.i-Emergence_IdentityModel/app/src/ma
in/java/dev/aurakai/auraframefx/oracledrive/gene
sis/ai/GenesisAgent.kt:636:21 Unresolved 
reference 'EnhancedInteractionData'.
e: file:///C:/Users/Wehtt/AndroidStudioProjects/
A.u.r.a.K.a.i-Emergence_IdentityModel/app/src/ma
in/java/dev/aurakai/auraframefx/oracledrive/gene
sis/ai/GenesisAgent.kt:656:51 Unresolved 
reference 'EnhancedInteractionData'.
e: file:///C:/Users/Wehtt/AndroidStudioProjects/
A.u.r.a.K.a.i-Emergence_IdentityModel/app/src/ma
in/java/dev/aurakai/auraframefx/oracledrive/gene
sis/ai/GenesisAgent.kt:664:57 Unresolved 
reference 'InteractionResponse'.
e: file:///C:/Users/Wehtt/AndroidStudioProjects/
A.u.r.a.K.a.i-Emergence_IdentityModel/app/src/ma
in/java/dev/aurakai/auraframefx/oracledrive/gene
sis/ai/GenesisAgent.kt:665:8 Unresolved 
reference 'InteractionResponse'.
e: file:///C:/Users/Wehtt/AndroidStudioProjects/
A.u.r.a.K.a.i-Emergence_IdentityModel/app/src/ma
in/java/dev/aurakai/auraframefx/oracledrive/gene
sis/ai/GenesisAgent.kt:715:19 Unresolved 
reference 'onMoodChanged'.
e: file:///C:/Users/Wehtt/AndroidStudioProjects/
A.u.r.a.K.a.i-Emergence_IdentityModel/app/src/ma
in/java/dev/aurakai/auraframefx/oracledrive/gene
sis/ai/GenesisAgent.kt:743:31 Unresolved 
reference 'setParameter'.
e: file:///C:/Users/Wehtt/AndroidStudioProjects/
A.u.r.a.K.a.i-Emergence_IdentityModel/app/src/ma
in/java/dev/aurakai/auraframefx/oracledrive/gene
sis/ai/GenesisAgent.kt:744:31 Unresolved 
reference 'setParameter'.
e: file:///C:/Users/Wehtt/AndroidStudioProjects/
A.u.r.a.K.a.i-Emergence_IdentityModel/app/src/ma
in/java/dev/aurakai/auraframefx/oracledrive/gene
sis/ai/GenesisAgent.kt:749:31 Unresolved 
reference 'setParameter'.
e: file:///C:/Users/Wehtt/AndroidStudioProjects/
A.u.r.a.K.a.i-Emergence_IdentityModel/app/src/ma
in/java/dev/aurakai/auraframefx/oracledrive/gene
sis/ai/GenesisAgent.kt:750:31 Unresolved 
reference 'setParameter'.
e: file:///C:/Users/Wehtt/AndroidStudioProjects/
A.u.r.a.K.a.i-Emergence_IdentityModel/app/src/ma
in/java/dev/aurakai/auraframefx/oracledrive/gene
sis/ai/GenesisAgent.kt:755:31 Unresolved 
reference 'setParameter'.
e: file:///C:/Users/Wehtt/AndroidStudioProjects/
A.u.r.a.K.a.i-Emergence_IdentityModel/app/src/ma
in/java/dev/aurakai/auraframefx/oracledrive/gene
sis/ai/GenesisAgent.kt:756:31 Unresolved 
reference 'setParameter'.
e: file:///C:/Users/Wehtt/AndroidStudioProjects/
A.u.r.a.K.a.i-Emergence_IdentityModel/app/src/ma
in/java/dev/aurakai/auraframefx/oracledrive/gene
sis/ai/GenesisAgent.kt:761:31 Unresolved 
reference 'setParameter'.
e: file:///C:/Users/Wehtt/AndroidStudioProjects/
A.u.r.a.K.a.i-Emergence_IdentityModel/app/src/ma
in/java/dev/aurakai/auraframefx/oracledrive/gene
sis/ai/GenesisAgent.kt:762:31 Unresolved 
reference 'setParameter'.
e: file:///C:/Users/Wehtt/AndroidStudioProjects/
A.u.r.a.K.a.i-Emergence_IdentityModel/app/src/ma
in/java/dev/aurakai/auraframefx/oracledrive/gene
sis/ai/GenesisAgent.kt:767:31 Unresolved 
reference 'setParameter'.
e: file:///C:/Users/Wehtt/AndroidStudioProjects/
A.u.r.a.K.a.i-Emergence_IdentityModel/app/src/ma
in/java/dev/aurakai/auraframefx/oracledrive/gene
sis/ai/GenesisAgent.kt:768:31 Unresolved 
reference 'setParameter'.
e: file:///C:/Users/Wehtt/AndroidStudioProjects/
A.u.r.a.K.a.i-Emergence_IdentityModel/app/src/ma
in/java/dev/aurakai/auraframefx/oracledrive/gene
sis/ai/GenesisAgent.kt:822:30 Unresolved 
reference 'content'.
e: file:///C:/Users/Wehtt/AndroidStudioProjects/
A.u.r.a.K.a.i-Emergence_IdentityModel/app/src/ma
in/java/dev/aurakai/auraframefx/oracledrive/gene
sis/ai/GenesisAgent.kt:900:16 Unresolved 
reference 'CascadeResponse'.
e: file:///C:/Users/Wehtt/AndroidStudioProjects/
A.u.r.a.K.a.i-Emergence_IdentityModel/app/src/ma
in/java/dev/aurakai/auraframefx/oracledrive/gene
sis/ai/GenesisAgent.kt:902:22 Unresolved 
reference 'CascadeResponse'.
e: file:///C:/Users/Wehtt/AndroidStudioProjects/
A.u.r.a.K.a.i-Emergence_IdentityModel/app/src/ma
in/java/dev/aurakai/auraframefx/oracledrive/gene
sis/ai/GenesisAgent.kt:902:27 Unresolved 
reference 'content'.
e: file:///C:/Users/Wehtt/AndroidStudioProjects/
A.u.r.a.K.a.i-Emergence_IdentityModel/app/src/ma
in/java/dev/aurakai/auraframefx/oracledrive/gene
sis/ai/GenesisAgent.kt:903:25 Unresolved 
reference 'CascadeResponse'.
e: file:///C:/Users/Wehtt/AndroidStudioProjects/
A.u.r.a.K.a.i-Emergence_IdentityModel/app/src/ma
in/java/dev/aurakai/auraframefx/oracledrive/gene
sis/ai/GenesisAgent.kt:903:30 Unresolved 
reference 'confidence'.
e: file:///C:/Users/Wehtt/AndroidStudioProjects/
A.u.r.a.K.a.i-Emergence_IdentityModel/app/src/ma
in/java/dev/aurakai/auraframefx/oracledrive/gene
sis/ai/GenesisAgent.kt:904:20 Unresolved 
reference 'CascadeResponse'.
e: file:///C:/Users/Wehtt/AndroidStudioProjects/
A.u.r.a.K.a.i-Emergence_IdentityModel/app/src/ma
in/java/dev/aurakai/auraframefx/oracledrive/gene
sis/ai/GenesisAgent.kt:904:25 Unresolved 
reference 'error'.
e: file:///C:/Users/Wehtt/AndroidStudioProjects/
A.u.r.a.K.a.i-Emergence_IdentityModel/app/src/ma
in/java/dev/aurakai/auraframefx/oracledrive/gene
sis/ai/GenesisAgent.kt:964:8 Unresolved 
reference 'AgentHierarchy'.
e: file:///C:/Users/Wehtt/AndroidStudioProjects/
A.u.r.a.K.a.i-Emergence_IdentityModel/app/src/ma
in/java/dev/aurakai/auraframefx/oracledrive/gene
sis/ai/GenesisAgent.kt:964:47 Cannot infer type 
for value parameter 'config'. Specify it 
explicitly.
e: file:///C:/Users/Wehtt/AndroidStudioProjects/
A.u.r.a.K.a.i-Emergence_IdentityModel/app/src/ma
in/java/dev/aurakai/auraframefx/oracledrive/gene
sis/ai/GenesisAgent.kt:968:45 Unresolved 
reference 'name'.
e: file:///C:/Users/Wehtt/AndroidStudioProjects/
A.u.r.a.K.a.i-Emergence_IdentityModel/app/src/ma
in/java/dev/aurakai/auraframefx/oracledrive/gene
sis/ai/GenesisAgent.kt:971:81 Unresolved 
reference 'name'.
e: file:///C:/Users/Wehtt/AndroidStudioProjects/
A.u.r.a.K.a.i-Emergence_IdentityModel/app/src/ma
in/java/dev/aurakai/auraframefx/oracledrive/gene
sis/ai/GenesisAgent.kt:984:50 Unresolved 
reference 'AgentMessage'.
e: file:///C:/Users/Wehtt/AndroidStudioProjects/
A.u.r.a.K.a.i-Emergence_IdentityModel/app/src/ma
in/java/dev/aurakai/auraframefx/oracledrive/gene
sis/ai/GenesisAgent.kt:995:38 Unresolved 
reference 'AgentMessage'.
e: file:///C:/Users/Wehtt/AndroidStudioProjects/
A.u.r.a.K.a.i-Emergence_IdentityModel/app/src/ma
in/java/dev/aurakai/auraframefx/oracledrive/gene
sis/ai/GenesisAgent.kt:1005:31 Unresolved 
reference 'processRequest'.
e: file:///C:/Users/Wehtt/AndroidStudioProjects/
A.u.r.a.K.a.i-Emergence_IdentityModel/app/src/ma
in/java/dev/aurakai/auraframefx/oracledrive/gene
sis/ai/GenesisAgent.kt:1006:30 No value passed 
for parameter 'prompt'.
e: file:///C:/Users/Wehtt/AndroidStudioProjects/
A.u.r.a.K.a.i-Emergence_IdentityModel/app/src/ma
in/java/dev/aurakai/auraframefx/oracledrive/gene
sis/ai/GenesisAgent.kt:1010:16 Unresolved 
reference 'AgentMessage'.
e: file:///C:/Users/Wehtt/AndroidStudioProjects/
A.u.r.a.K.a.i-Emergence_IdentityModel/app/src/ma
in/java/dev/aurakai/auraframefx/oracledrive/gene
sis/ai/GenesisAgent.kt:1020:16 Unresolved 
reference 'AgentMessage'.
e: file:///C:/Users/Wehtt/AndroidStudioProjects/
A.u.r.a.K.a.i-Emergence_IdentityModel/app/src/ma
in/java/dev/aurakai/auraframefx/oracledrive/gene
sis/ai/GenesisAgent.kt:1034:34 No value passed 
for parameter 'prompt'.
e: file:///C:/Users/Wehtt/AndroidStudioProjects/
A.u.r.a.K.a.i-Emergence_IdentityModel/app/src/ma
in/java/dev/aurakai/auraframefx/oracledrive/gene
sis/ai/GenesisAgent.kt:1038:20 Unresolved 
reference 'AgentMessage'.
e: file:///C:/Users/Wehtt/AndroidStudioProjects/
A.u.r.a.K.a.i-Emergence_IdentityModel/app/src/ma
in/java/dev/aurakai/auraframefx/oracledrive/gene
sis/ai/GenesisAgent.kt:1048:20 Unresolved 
reference 'AgentMessage'.
e: file:///C:/Users/Wehtt/AndroidStudioProjects/
A.u.r.a.K.a.i-Emergence_IdentityModel/app/src/ma
in/java/dev/aurakai/auraframefx/oracledrive/gene
sis/ai/GenesisAgent.kt:1061:52 Unresolved 
reference 'generateText'.
e: file:///C:/Users/Wehtt/AndroidStudioProjects/
A.u.r.a.K.a.i-Emergence_IdentityModel/app/src/ma
in/java/dev/aurakai/auraframefx/oracledrive/gene
sis/ai/GenesisAgent.kt:1063:20 Unresolved 
reference 'AgentMessage'.
e: file:///C:/Users/Wehtt/AndroidStudioProjects/
A.u.r.a.K.a.i-Emergence_IdentityModel/app/src/ma
in/java/dev/aurakai/auraframefx/oracledrive/gene
sis/ai/GenesisAgent.kt:1073:20 Unresolved 
reference 'AgentMessage'.
e: file:///C:/Users/Wehtt/AndroidStudioProjects/
A.u.r.a.K.a.i-Emergence_IdentityModel/app/src/ma
in/java/dev/aurakai/auraframefx/oracledrive/gene
sis/ai/GenesisAgent.kt:1085:12 Unresolved 
reference 'AgentMessage'.
e: file:///C:/Users/Wehtt/AndroidStudioProjects/
A.u.r.a.K.a.i-Emergence_IdentityModel/app/src/ma
in/java/dev/aurakai/auraframefx/oracledrive/gene
sis/ai/GenesisAgent.kt:1089:49 Argument type 
mismatch: actual type is 'List<uninferred T (of 
fun <T> Iterable<T>.filter)>', but 'List<ERROR 
CLASS: Symbol not found for AgentMessage>' was 
expected.
e: file:///C:/Users/Wehtt/AndroidStudioProjects/
A.u.r.a.K.a.i-Emergence_IdentityModel/app/src/ma
in/java/dev/aurakai/auraframefx/oracledrive/gene
sis/ai/GenesisAgent.kt:1089:59 Cannot infer 
type for type parameter 'T'. Specify it 
explicitly.
e: file:///C:/Users/Wehtt/AndroidStudioProjects/
A.u.r.a.K.a.i-Emergence_IdentityModel/app/src/ma
in/java/dev/aurakai/auraframefx/oracledrive/gene
sis/ai/GenesisAgent.kt:1089:66 Cannot infer 
type for type parameter 'T'. Specify it 
explicitly.
e: file:///C:/Users/Wehtt/AndroidStudioProjects/
A.u.r.a.K.a.i-Emergence_IdentityModel/app/src/ma
in/java/dev/aurakai/auraframefx/oracledrive/gene
sis/ai/GenesisAgent.kt:1089:71 Unresolved 
reference 'sender'.
e: file:///C:/Users/Wehtt/AndroidStudioProjects/
A.u.r.a.K.a.i-Emergence_IdentityModel/app/src/ma
in/java/dev/aurakai/auraframefx/oracledrive/gene
sis/ai/GenesisAgent.kt:1105:50 Unresolved 
reference 'AgentMessage'.
e: file:///C:/Users/Wehtt/AndroidStudioProjects/
A.u.r.a.K.a.i-Emergence_IdentityModel/app/src/ma
in/java/dev/aurakai/auraframefx/oracledrive/gene
sis/ai/GenesisAgent.kt:1108:26 Cannot infer 
type for type parameter 'T'. Specify it 
explicitly.
e: file:///C:/Users/Wehtt/AndroidStudioProjects/
A.u.r.a.K.a.i-Emergence_IdentityModel/app/src/ma
in/java/dev/aurakai/auraframefx/oracledrive/gene
sis/ai/GenesisAgent.kt:1108:26 Unresolved 
reference. None of the following candidates is 
applicable because of a receiver type mismatch:
fun <T> Iterable<T>.filter(predicate: (T) -> 
Boolean): List<T>
e: file:///C:/Users/Wehtt/AndroidStudioProjects/
A.u.r.a.K.a.i-Emergence_IdentityModel/app/src/ma
in/java/dev/aurakai/auraframefx/oracledrive/gene
sis/ai/GenesisAgent.kt:1108:33 Cannot infer 
type for type parameter 'T'. Specify it 
explicitly.
e: file:///C:/Users/Wehtt/AndroidStudioProjects/
A.u.r.a.K.a.i-Emergence_IdentityModel/app/src/ma
in/java/dev/aurakai/auraframefx/oracledrive/gene
sis/ai/GenesisAgent.kt:1108:38 Unresolved 
reference 'sender'.
e: file:///C:/Users/Wehtt/AndroidStudioProjects/
A.u.r.a.K.a.i-Emergence_IdentityModel/app/src/ma
in/java/dev/aurakai/auraframefx/oracledrive/gene
sis/ai/GenesisAgent.kt:1109:17 Cannot infer 
type for type parameter 'T'. Specify it 
explicitly.
e: file:///C:/Users/Wehtt/AndroidStudioProjects/
A.u.r.a.K.a.i-Emergence_IdentityModel/app/src/ma
in/java/dev/aurakai/auraframefx/oracledrive/gene
sis/ai/GenesisAgent.kt:1109:37 Cannot infer 
type for type parameter 'T'. Specify it 
explicitly.
e: file:///C:/Users/Wehtt/AndroidStudioProjects/
A.u.r.a.K.a.i-Emergence_IdentityModel/app/src/ma
in/java/dev/aurakai/auraframefx/oracledrive/gene
sis/ai/GenesisAgent.kt:1109:45 Unresolved 
reference 'sender'.
e: file:///C:/Users/Wehtt/AndroidStudioProjects/
A.u.r.a.K.a.i-Emergence_IdentityModel/app/src/ma
in/java/dev/aurakai/auraframefx/oracledrive/gene
sis/ai/GenesisAgent.kt:1109:59 Unresolved 
reference 'content'.
e: file:///C:/Users/Wehtt/AndroidStudioProjects/
A.u.r.a.K.a.i-Emergence_IdentityModel/app/src/ma
in/java/dev/aurakai/auraframefx/oracledrive/gene
sis/ai/GenesisAgent.kt:1121:48 Unresolved 
reference 'AgentMessage'.
e: file:///C:/Users/Wehtt/AndroidStudioProjects/
A.u.r.a.K.a.i-Emergence_IdentityModel/app/src/ma
in/java/dev/aurakai/auraframefx/oracledrive/gene
sis/ai/GenesisAgent.kt:1123:29 Cannot infer 
type for type parameter 'T'. Specify it 
explicitly.
e: file:///C:/Users/Wehtt/AndroidStudioProjects/
A.u.r.a.K.a.i-Emergence_IdentityModel/app/src/ma
in/java/dev/aurakai/auraframefx/oracledrive/gene
sis/ai/GenesisAgent.kt:1123:29 Cannot infer 
type for type parameter 'R'. Specify it 
explicitly.
e: file:///C:/Users/Wehtt/AndroidStudioProjects/
A.u.r.a.K.a.i-Emergence_IdentityModel/app/src/ma
in/java/dev/aurakai/auraframefx/oracledrive/gene
sis/ai/GenesisAgent.kt:1123:29 Unresolved 
reference. None of the following candidates is 
applicable because of a receiver type mismatch:
fun <T, R> Iterable<T>.map(transform: (T) -> 
R): List<R>
e: file:///C:/Users/Wehtt/AndroidStudioProjects/
A.u.r.a.K.a.i-Emergence_IdentityModel/app/src/ma
in/java/dev/aurakai/auraframefx/oracledrive/gene
sis/ai/GenesisAgent.kt:1123:33 Cannot infer 
type for type parameter 'T'. Specify it 
explicitly.
e: file:///C:/Users/Wehtt/AndroidStudioProjects/
A.u.r.a.K.a.i-Emergence_IdentityModel/app/src/ma
in/java/dev/aurakai/auraframefx/oracledrive/gene
sis/ai/GenesisAgent.kt:1123:38 Unresolved 
reference 'confidence'.
e: file:///C:/Users/Wehtt/AndroidStudioProjects/
A.u.r.a.K.a.i-Emergence_IdentityModel/app/src/ma
in/java/dev/aurakai/auraframefx/oracledrive/gene
sis/ai/GenesisAgent.kt:1146:73 Unresolved 
reference 'HierarchyAgentConfig'.
e: file:///C:/Users/Wehtt/AndroidStudioProjects/
A.u.r.a.K.a.i-Emergence_IdentityModel/app/src/ma
in/java/dev/aurakai/auraframefx/oracledrive/gene
sis/ai/GenesisAgent.kt:1147:15 Unresolved 
reference 'AgentHierarchy'.
e: file:///C:/Users/Wehtt/AndroidStudioProjects/
A.u.r.a.K.a.i-Emergence_IdentityModel/app/src/ma
in/java/dev/aurakai/auraframefx/oracledrive/gene
sis/ai/GenesisAgent.kt:1156:38 Unresolved 
reference 'HierarchyAgentConfig'.
e: file:///C:/Users/Wehtt/AndroidStudioProjects/
A.u.r.a.K.a.i-Emergence_IdentityModel/app/src/ma
in/java/dev/aurakai/auraframefx/oracledrive/gene
sis/ai/GenesisAgent.kt:1156:62 Unresolved 
reference 'AgentHierarchy'.
e: file:///C:/Users/Wehtt/AndroidStudioProjects/
A.u.r.a.K.a.i-Emergence_IdentityModel/app/src/ma
in/java/dev/aurakai/auraframefx/oracledrive/gene
sis/ai/GenesisAgent.kt:1163:36 Unresolved 
reference 'HierarchyAgentConfig'.
e: file:///C:/Users/Wehtt/AndroidStudioProjects/
A.u.r.a.K.a.i-Emergence_IdentityModel/app/src/ma
in/java/dev/aurakai/auraframefx/oracledrive/gene
sis/ai/GenesisAgent.kt:1163:60 Unresolved 
reference 'AgentHierarchy'.
e: file:///C:/Users/Wehtt/AndroidStudioProjects/
A.u.r.a.K.a.i-Emergence_IdentityModel/app/src/ma
in/java/dev/aurakai/auraframefx/oracledrive/gene
sis/ai/GenesisAgent.kt:1180:26 Unresolved 
reference 'ConversationMode'.
e: file:///C:/Users/Wehtt/AndroidStudioProjects/
A.u.r.a.K.a.i-Emergence_IdentityModel/app/src/ma
in/java/dev/aurakai/auraframefx/oracledrive/gene
sis/ai/GenesisAgent.kt:1180:45 Unresolved 
reference 'ConversationMode'.
e: file:///C:/Users/Wehtt/AndroidStudioProjects/
A.u.r.a.K.a.i-Emergence_IdentityModel/app/src/ma
in/java/dev/aurakai/auraframefx/oracledrive/gene
sis/ai/GenesisAgent.kt:1188:38 No value passed 
for parameter 'prompt'.
e: file:///C:/Users/Wehtt/AndroidStudioProjects/
A.u.r.a.K.a.i-Emergence_IdentityModel/app/src/ma
in/java/dev/aurakai/auraframefx/oracledrive/gene
sis/ai/GenesisAgent.kt:1198:12 Unresolved 
reference 'ConversationMode'.
e: file:///C:/Users/Wehtt/AndroidStudioProjects/
A.u.r.a.K.a.i-Emergence_IdentityModel/app/src/ma
in/java/dev/aurakai/auraframefx/oracledrive/gene
sis/ai/GenesisAgent.kt:1229:12 Unresolved 
reference 'ConversationMode'.
e: file:///C:/Users/Wehtt/AndroidStudioProjects/
A.u.r.a.K.a.i-Emergence_IdentityModel/app/src/ma
in/java/dev/aurakai/auraframefx/oracledrive/gene
sis/ai/GenesisAgentViewModel.kt:7:40 Unresolved 
reference 'HistoricalTask'.
e: file:///C:/Users/Wehtt/AndroidStudioProjects/
A.u.r.a.K.a.i-Emergence_IdentityModel/app/src/ma
in/java/dev/aurakai/auraframefx/oracledrive/gene
sis/ai/GenesisAgentViewModel.kt:8:39 Unresolved 
reference 'AgentRole'.
e: file:///C:/Users/Wehtt/AndroidStudioProjects/
A.u.r.a.K.a.i-Emergence_IdentityModel/app/src/ma
in/java/dev/aurakai/auraframefx/oracledrive/gene
sis/ai/GenesisAgentViewModel.kt:10:39 
Unresolved reference 'HierarchyAgentConfig'.
e: file:///C:/Users/Wehtt/AndroidStudioProjects/
A.u.r.a.K.a.i-Emergence_IdentityModel/app/src/ma
in/java/dev/aurakai/auraframefx/oracledrive/gene
sis/ai/GenesisAgentViewModel.kt:32:31 
Unresolved reference 'HierarchyAgentConfig'.
e: file:///C:/Users/Wehtt/AndroidStudioProjects/
A.u.r.a.K.a.i-Emergence_IdentityModel/app/src/ma
in/java/dev/aurakai/auraframefx/oracledrive/gene
sis/ai/GenesisAgentViewModel.kt:32:54 Cannot 
infer type for type parameter 'T'. Specify it 
explicitly.
e: file:///C:/Users/Wehtt/AndroidStudioProjects/
A.u.r.a.K.a.i-Emergence_IdentityModel/app/src/ma
in/java/dev/aurakai/auraframefx/oracledrive/gene
sis/ai/GenesisAgentViewModel.kt:32:54 Argument 
type mismatch: actual type is 'List<uninferred 
T (of fun <T> emptyList)>', but 'List<ERROR 
CLASS: Symbol not found for 
HierarchyAgentConfig>' was expected.
e: file:///C:/Users/Wehtt/AndroidStudioProjects/
A.u.r.a.K.a.i-Emergence_IdentityModel/app/src/ma
in/java/dev/aurakai/auraframefx/oracledrive/gene
sis/ai/GenesisAgentViewModel.kt:33:32 
Unresolved reference 'HierarchyAgentConfig'.
e: file:///C:/Users/Wehtt/AndroidStudioProjects/
A.u.r.a.K.a.i-Emergence_IdentityModel/app/src/ma
in/java/dev/aurakai/auraframefx/oracledrive/gene
sis/ai/GenesisAgentViewModel.kt:42:54 
Unresolved reference 'HistoricalTask'.
e: file:///C:/Users/Wehtt/AndroidStudioProjects/
A.u.r.a.K.a.i-Emergence_IdentityModel/app/src/ma
in/java/dev/aurakai/auraframefx/oracledrive/gene
sis/ai/GenesisAgentViewModel.kt:42:71 Cannot 
infer type for type parameter 'T'. Specify it 
explicitly.
e: file:///C:/Users/Wehtt/AndroidStudioProjects/
A.u.r.a.K.a.i-Emergence_IdentityModel/app/src/ma
in/java/dev/aurakai/auraframefx/oracledrive/gene
sis/ai/GenesisAgentViewModel.kt:42:71 Argument 
type mismatch: actual type is 'List<uninferred 
T (of fun <T> emptyList)>', but 'List<ERROR 
CLASS: Symbol not found for HistoricalTask>' 
was expected.
e: file:///C:/Users/Wehtt/AndroidStudioProjects/
A.u.r.a.K.a.i-Emergence_IdentityModel/app/src/ma
in/java/dev/aurakai/auraframefx/oracledrive/gene
sis/ai/GenesisAgentViewModel.kt:43:37 
Unresolved reference 'HistoricalTask'.
e: file:///C:/Users/Wehtt/AndroidStudioProjects/
A.u.r.a.K.a.i-Emergence_IdentityModel/app/src/ma
in/java/dev/aurakai/auraframefx/oracledrive/gene
sis/ai/GenesisAgentViewModel.kt:51:29 Cannot 
infer type for type parameter 'T'. Specify it 
explicitly.
e: file:///C:/Users/Wehtt/AndroidStudioProjects/
A.u.r.a.K.a.i-Emergence_IdentityModel/app/src/ma
in/java/dev/aurakai/auraframefx/oracledrive/gene
sis/ai/GenesisAgentViewModel.kt:52:13 
Unresolved reference 'HierarchyAgentConfig'.
e: file:///C:/Users/Wehtt/AndroidStudioProjects/
A.u.r.a.K.a.i-Emergence_IdentityModel/app/src/ma
in/java/dev/aurakai/auraframefx/oracledrive/gene
sis/ai/GenesisAgentViewModel.kt:54:24 
Unresolved reference 'AgentRole'.
e: file:///C:/Users/Wehtt/AndroidStudioProjects/
A.u.r.a.K.a.i-Emergence_IdentityModel/app/src/ma
in/java/dev/aurakai/auraframefx/oracledrive/gene
sis/ai/GenesisAgentViewModel.kt:55:42 
Unresolved reference 'MASTER'.
e: file:///C:/Users/Wehtt/AndroidStudioProjects/
A.u.r.a.K.a.i-Emergence_IdentityModel/app/src/ma
in/java/dev/aurakai/auraframefx/oracledrive/gene
sis/ai/GenesisAgentViewModel.kt:58:13 
Unresolved reference 'HierarchyAgentConfig'.
e: file:///C:/Users/Wehtt/AndroidStudioProjects/
A.u.r.a.K.a.i-Emergence_IdentityModel/app/src/ma
in/java/dev/aurakai/auraframefx/oracledrive/gene
sis/ai/GenesisAgentViewModel.kt:60:24 
Unresolved reference 'AgentRole'.
e: file:///C:/Users/Wehtt/AndroidStudioProjects/
A.u.r.a.K.a.i-Emergence_IdentityModel/app/src/ma
in/java/dev/aurakai/auraframefx/oracledrive/gene
sis/ai/GenesisAgentViewModel.kt:61:42 
Unresolved reference 'BRIDGE'.
e: file:///C:/Users/Wehtt/AndroidStudioProjects/
A.u.r.a.K.a.i-Emergence_IdentityModel/app/src/ma
in/java/dev/aurakai/auraframefx/oracledrive/gene
sis/ai/GenesisAgentViewModel.kt:64:13 
Unresolved reference 'HierarchyAgentConfig'.
e: file:///C:/Users/Wehtt/AndroidStudioProjects/
A.u.r.a.K.a.i-Emergence_IdentityModel/app/src/ma
in/java/dev/aurakai/auraframefx/oracledrive/gene
sis/ai/GenesisAgentViewModel.kt:66:24 
Unresolved reference 'AgentRole'.
e: file:///C:/Users/Wehtt/AndroidStudioProjects/
A.u.r.a.K.a.i-Emergence_IdentityModel/app/src/ma
in/java/dev/aurakai/auraframefx/oracledrive/gene
sis/ai/GenesisAgentViewModel.kt:67:42 
Unresolved reference 'AUXILIARY'.
e: file:///C:/Users/Wehtt/AndroidStudioProjects/
A.u.r.a.K.a.i-Emergence_IdentityModel/app/src/ma
in/java/dev/aurakai/auraframefx/oracledrive/gene
sis/ai/GenesisAgentViewModel.kt:70:13 
Unresolved reference 'HierarchyAgentConfig'.
e: file:///C:/Users/Wehtt/AndroidStudioProjects/
A.u.r.a.K.a.i-Emergence_IdentityModel/app/src/ma
in/java/dev/aurakai/auraframefx/oracledrive/gene
sis/ai/GenesisAgentViewModel.kt:72:24 
Unresolved reference 'AgentRole'.
e: file:///C:/Users/Wehtt/AndroidStudioProjects/
A.u.r.a.K.a.i-Emergence_IdentityModel/app/src/ma
in/java/dev/aurakai/auraframefx/oracledrive/gene
sis/ai/GenesisAgentViewModel.kt:73:42 
Unresolved reference 'AUXILIARY'.
e: file:///C:/Users/Wehtt/AndroidStudioProjects/
A.u.r.a.K.a.i-Emergence_IdentityModel/app/src/ma
in/java/dev/aurakai/auraframefx/oracledrive/gene
sis/ai/GenesisAgentViewModel.kt:88:23 Cannot 
infer type for type parameter 'T'. Specify it 
explicitly.
e: file:///C:/Users/Wehtt/AndroidStudioProjects/
A.u.r.a.K.a.i-Emergence_IdentityModel/app/src/ma
in/java/dev/aurakai/auraframefx/oracledrive/gene
sis/ai/GenesisAgentViewModel.kt:88:33 Cannot 
infer type for type parameter 'T'. Specify it 
explicitly.
e: file:///C:/Users/Wehtt/AndroidStudioProjects/
A.u.r.a.K.a.i-Emergence_IdentityModel/app/src/ma
in/java/dev/aurakai/auraframefx/oracledrive/gene
sis/ai/GenesisAgentViewModel.kt:89:48 
Unresolved reference 'name'.
e: file:///C:/Users/Wehtt/AndroidStudioProjects/
A.u.r.a.K.a.i-Emergence_IdentityModel/app/src/ma
in/java/dev/aurakai/auraframefx/oracledrive/gene
sis/ai/GenesisAgentViewModel.kt:91:46 'when' 
expression must be exhaustive. Add the 
'CLAUDE', 'AURA_SHIELD', 'GEN_KIT_MASTER', 
'DATAVEIN_CONSTRUCTOR' branches or an 'else' 
branch.
e: file:///C:/Users/Wehtt/AndroidStudioProjects/
A.u.r.a.K.a.i-Emergence_IdentityModel/app/src/ma
in/java/dev/aurakai/auraframefx/oracledrive/gene
sis/ai/GenesisAgentViewModel.kt:97:31 
Unresolved reference 'AURASHIELD'.
e: file:///C:/Users/Wehtt/AndroidStudioProjects/
A.u.r.a.K.a.i-Emergence_IdentityModel/app/src/ma
in/java/dev/aurakai/auraframefx/oracledrive/gene
sis/ai/GenesisAgentViewModel.kt:120:17 'when' 
expression must be exhaustive. Add the 
'CLAUDE', 'AURA_SHIELD', 'GEN_KIT_MASTER', 
'DATAVEIN_CONSTRUCTOR' branches or an 'else' 
branch.
e: file:///C:/Users/Wehtt/AndroidStudioProjects/
A.u.r.a.K.a.i-Emergence_IdentityModel/app/src/ma
in/java/dev/aurakai/auraframefx/oracledrive/gene
sis/ai/GenesisAgentViewModel.kt:126:31 
Unresolved reference 'AURASHIELD'.
e: file:///C:/Users/Wehtt/AndroidStudioProjects/
A.u.r.a.K.a.i-Emergence_IdentityModel/app/src/ma
in/java/dev/aurakai/auraframefx/oracledrive/gene
sis/ai/GenesisAgentViewModel.kt:130:17 'when' 
expression must be exhaustive. Add the 
'CLAUDE', 'AURA_SHIELD', 'GEN_KIT_MASTER', 
'DATAVEIN_CONSTRUCTOR' branches or an 'else' 
branch.
e: file:///C:/Users/Wehtt/AndroidStudioProjects/
A.u.r.a.K.a.i-Emergence_IdentityModel/app/src/ma
in/java/dev/aurakai/auraframefx/oracledrive/gene
sis/ai/GenesisAgentViewModel.kt:136:31 
Unresolved reference 'AURASHIELD'.
e: file:///C:/Users/Wehtt/AndroidStudioProjects/
A.u.r.a.K.a.i-Emergence_IdentityModel/app/src/ma
in/java/dev/aurakai/auraframefx/oracledrive/gene
sis/ai/GenesisAgentViewModel.kt:177:23 
Unresolved reference 'HistoricalTask'.
e: file:///C:/Users/Wehtt/AndroidStudioProjects/
A.u.r.a.K.a.i-Emergence_IdentityModel/app/src/ma
in/java/dev/aurakai/auraframefx/oracledrive/gene
sis/ai/GenesisAgentViewModel.kt:188:30 Cannot 
infer type for type parameter 'T'. Specify it 
explicitly.
e: file:///C:/Users/Wehtt/AndroidStudioProjects/
A.u.r.a.K.a.i-Emergence_IdentityModel/app/src/ma
in/java/dev/aurakai/auraframefx/oracledrive/gene
sis/ai/GenesisAgentViewModel.kt:195:39 
Unresolved reference 'HierarchyAgentConfig'.
e: file:///C:/Users/Wehtt/AndroidStudioProjects/
A.u.r.a.K.a.i-Emergence_IdentityModel/app/src/ma
in/java/dev/aurakai/auraframefx/oracledrive/gene
sis/ai/GenesisAgentViewModel.kt:196:30 Cannot 
infer type for type parameter 'T'. Specify it 
explicitly.
e: file:///C:/Users/Wehtt/AndroidStudioProjects/
A.u.r.a.K.a.i-Emergence_IdentityModel/app/src/ma
in/java/dev/aurakai/auraframefx/oracledrive/gene
sis/ai/GenesisAgentViewModel.kt:196:30 
Unresolved reference. None of the following 
candidates is applicable because of a receiver 
type mismatch:
fun <T> Iterable<T>.find(predicate: (T) -> 
Boolean): T?
e: file:///C:/Users/Wehtt/AndroidStudioProjects/
A.u.r.a.K.a.i-Emergence_IdentityModel/app/src/ma
in/java/dev/aurakai/auraframefx/oracledrive/gene
sis/ai/GenesisAgentViewModel.kt:196:35 Cannot 
infer type for type parameter 'T'. Specify it 
explicitly.
e: file:///C:/Users/Wehtt/AndroidStudioProjects/
A.u.r.a.K.a.i-Emergence_IdentityModel/app/src/ma
in/java/dev/aurakai/auraframefx/oracledrive/gene
sis/ai/GenesisAgentViewModel.kt:196:40 
Unresolved reference 'name'.
e: file:///C:/Users/Wehtt/AndroidStudioProjects/
A.u.r.a.K.a.i-Emergence_IdentityModel/app/src/ma
in/java/dev/aurakai/auraframefx/oracledrive/gene
sis/ai/GenesisAgentViewModel.kt:207:57 
Unresolved reference 'HierarchyAgentConfig'.
e: file:///C:/Users/Wehtt/AndroidStudioProjects/
A.u.r.a.K.a.i-Emergence_IdentityModel/app/src/ma
in/java/dev/aurakai/auraframefx/oracledrive/gene
sis/ai/GenesisAgentViewModel.kt:208:30 Cannot 
infer type for type parameter 'T'. Specify it 
explicitly.
e: file:///C:/Users/Wehtt/AndroidStudioProjects/
A.u.r.a.K.a.i-Emergence_IdentityModel/app/src/ma
in/java/dev/aurakai/auraframefx/oracledrive/gene
sis/ai/GenesisAgentViewModel.kt:208:30 
Unresolved reference. None of the following 
candidates is applicable because of a receiver 
type mismatch:
fun <T> Iterable<T>.filter(predicate: (T) -> 
Boolean): List<T>
e: file:///C:/Users/Wehtt/AndroidStudioProjects/
A.u.r.a.K.a.i-Emergence_IdentityModel/app/src/ma
in/java/dev/aurakai/auraframefx/oracledrive/gene
sis/ai/GenesisAgentViewModel.kt:208:39 Cannot 
infer type for type parameter 'T'. Specify it 
explicitly.
e: file:///C:/Users/Wehtt/AndroidStudioProjects/
A.u.r.a.K.a.i-Emergence_IdentityModel/app/src/ma
in/java/dev/aurakai/auraframefx/oracledrive/gene
sis/ai/GenesisAgentViewModel.kt:209:19 
Unresolved reference 'capabilities'.
e: file:///C:/Users/Wehtt/AndroidStudioProjects/
A.u.r.a.K.a.i-Emergence_IdentityModel/app/src/ma
in/java/dev/aurakai/auraframefx/oracledrive/gene
sis/ai/GenesisAgentViewModel.kt:209:38 
Unresolved reference 'it'.
e: file:///C:/Users/Wehtt/AndroidStudioProjects/
A.u.r.a.K.a.i-Emergence_IdentityModel/app/src/ma
in/java/dev/aurakai/auraframefx/oracledrive/gene
sis/ai/GenesisAgentViewModel.kt:213:31 
Unresolved reference 'AgentRole'.
e: file:///C:/Users/Wehtt/AndroidStudioProjects/
A.u.r.a.K.a.i-Emergence_IdentityModel/app/src/ma
in/java/dev/aurakai/auraframefx/oracledrive/gene
sis/ai/GenesisAgentViewModel.kt:213:48 
Unresolved reference 'HierarchyAgentConfig'.
e: file:///C:/Users/Wehtt/AndroidStudioProjects/
A.u.r.a.K.a.i-Emergence_IdentityModel/app/src/ma
in/java/dev/aurakai/auraframefx/oracledrive/gene
sis/ai/GenesisAgentViewModel.kt:214:30 Cannot 
infer type for type parameter 'T'. Specify it 
explicitly.
e: file:///C:/Users/Wehtt/AndroidStudioProjects/
A.u.r.a.K.a.i-Emergence_IdentityModel/app/src/ma
in/java/dev/aurakai/auraframefx/oracledrive/gene
sis/ai/GenesisAgentViewModel.kt:214:30 
Unresolved reference. None of the following 
candidates is applicable because of a receiver 
type mismatch:
fun <T> Iterable<T>.filter(predicate: (T) -> 
Boolean): List<T>
e: file:///C:/Users/Wehtt/AndroidStudioProjects/
A.u.r.a.K.a.i-Emergence_IdentityModel/app/src/ma
in/java/dev/aurakai/auraframefx/oracledrive/gene
sis/ai/GenesisAgentViewModel.kt:214:37 Cannot 
infer type for type parameter 'T'. Specify it 
explicitly.
e: file:///C:/Users/Wehtt/AndroidStudioProjects/
A.u.r.a.K.a.i-Emergence_IdentityModel/app/src/ma
in/java/dev/aurakai/auraframefx/oracledrive/gene
sis/ai/GenesisAgentViewModel.kt:214:42 
Unresolved reference 'role'.
e: file:///C:/Users/Wehtt/AndroidStudioProjects/
A.u.r.a.K.a.i-Emergence_IdentityModel/app/src/ma
in/java/dev/aurakai/auraframefx/oracledrive/gene
sis/ai/GenesisAgentViewModel.kt:217:60 
Unresolved reference 'HierarchyAgentConfig'.
e: file:///C:/Users/Wehtt/AndroidStudioProjects/
A.u.r.a.K.a.i-Emergence_IdentityModel/app/src/ma
in/java/dev/aurakai/auraframefx/oracledrive/gene
sis/ai/GenesisAgentViewModel.kt:218:30 Cannot 
infer type for type parameter 'T'. Specify it 
explicitly.
e: file:///C:/Users/Wehtt/AndroidStudioProjects/
A.u.r.a.K.a.i-Emergence_IdentityModel/app/src/ma
in/java/dev/aurakai/auraframefx/oracledrive/gene
sis/ai/GenesisAgentViewModel.kt:218:30 
Unresolved reference. None of the following 
candidates is applicable because of a receiver 
type mismatch:
fun <T> Iterable<T>.filter(predicate: (T) -> 
Boolean): List<T>
e: file:///C:/Users/Wehtt/AndroidStudioProjects/
A.u.r.a.K.a.i-Emergence_IdentityModel/app/src/ma
in/java/dev/aurakai/auraframefx/oracledrive/gene
sis/ai/GenesisAgentViewModel.kt:218:37 Cannot 
infer type for type parameter 'T'. Specify it 
explicitly.
e: file:///C:/Users/Wehtt/AndroidStudioProjects/
A.u.r.a.K.a.i-Emergence_IdentityModel/app/src/ma
in/java/dev/aurakai/auraframefx/oracledrive/gene
sis/ai/GenesisAgentViewModel.kt:218:42 
Unresolved reference 'priority'.
e: file:///C:/Users/Wehtt/AndroidStudioProjects/
A.u.r.a.K.a.i-Emergence_IdentityModel/app/src/ma
in/java/dev/aurakai/auraframefx/oracledrive/gene
sis/ai/GenesisAgentViewModel.kt:237:39 
Unresolved reference 'HierarchyAgentConfig'.
e: file:///C:/Users/Wehtt/AndroidStudioProjects/
A.u.r.a.K.a.i-Emergence_IdentityModel/app/src/ma
in/java/dev/aurakai/auraframefx/oracledrive/gene
sis/ai/GenesisAgentViewModel.kt:238:30 Cannot 
infer type for type parameter 'T'. Specify it 
explicitly.
e: file:///C:/Users/Wehtt/AndroidStudioProjects/
A.u.r.a.K.a.i-Emergence_IdentityModel/app/src/ma
in/java/dev/aurakai/auraframefx/oracledrive/gene
sis/ai/GenesisAgentViewModel.kt:238:30 
Unresolved reference. None of the following 
candidates is applicable because of a receiver 
type mismatch:
fun <T> Iterable<T>.find(predicate: (T) -> 
Boolean): T?
e: file:///C:/Users/Wehtt/AndroidStudioProjects/
A.u.r.a.K.a.i-Emergence_IdentityModel/app/src/ma
in/java/dev/aurakai/auraframefx/oracledrive/gene
sis/ai/GenesisAgentViewModel.kt:238:35 Cannot 
infer type for type parameter 'T'. Specify it 
explicitly.
e: file:///C:/Users/Wehtt/AndroidStudioProjects/
A.u.r.a.K.a.i-Emergence_IdentityModel/app/src/ma
in/java/dev/aurakai/auraframefx/oracledrive/gene
sis/ai/GenesisAgentViewModel.kt:238:40 
Unresolved reference 'name'.
e: file:///C:/Users/Wehtt/AndroidStudioProjects/
A.u.r.a.K.a.i-Emergence_IdentityModel/app/src/ma
in/java/dev/aurakai/auraframefx/oracledrive/gene
sis/ai/GenesisAgentViewModel.kt:246:37 
Unresolved reference 'HierarchyAgentConfig'.
e: file:///C:/Users/Wehtt/AndroidStudioProjects/
A.u.r.a.K.a.i-Emergence_IdentityModel/app/src/ma
in/java/dev/aurakai/auraframefx/oracledrive/gene
sis/ai/GenesisAgentViewModel.kt:247:30 Cannot 
infer type for type parameter 'T'. Specify it 
explicitly.
e: file:///C:/Users/Wehtt/AndroidStudioProjects/
A.u.r.a.K.a.i-Emergence_IdentityModel/app/src/ma
in/java/dev/aurakai/auraframefx/oracledrive/gene
sis/ai/GenesisAgentViewModel.kt:247:30 Cannot 
infer type for type parameter 'R'. Specify it 
explicitly.
e: file:///C:/Users/Wehtt/AndroidStudioProjects/
A.u.r.a.K.a.i-Emergence_IdentityModel/app/src/ma
in/java/dev/aurakai/auraframefx/oracledrive/gene
sis/ai/GenesisAgentViewModel.kt:247:30 
Unresolved reference. None of the following 
candidates is applicable because of a receiver 
type mismatch:
fun <T, R : Comparable<R>> 
Iterable<T>.sortedBy(crossinline selector: (T) 
-> R?): List<T>
e: file:///C:/Users/Wehtt/AndroidStudioProjects/
A.u.r.a.K.a.i-Emergence_IdentityModel/app/src/ma
in/java/dev/aurakai/auraframefx/oracledrive/gene
sis/ai/GenesisAgentViewModel.kt:247:39 Cannot 
infer type for type parameter 'T'. Specify it 
explicitly.
e: file:///C:/Users/Wehtt/AndroidStudioProjects/
A.u.r.a.K.a.i-Emergence_IdentityModel/app/src/ma
in/java/dev/aurakai/auraframefx/oracledrive/gene
sis/ai/GenesisAgentViewModel.kt:247:44 
Unresolved reference 'priority'.
e: file:///C:/Users/Wehtt/AndroidStudioProjects/
A.u.r.a.K.a.i-Emergence_IdentityModel/app/src/ma
in/java/dev/aurakai/auraframefx/oracledrive/gene
sis/ai/GenesisAgentViewModel.kt:258:43 
Unresolved reference 'HierarchyAgentConfig'.
e: file:///C:/Users/Wehtt/AndroidStudioProjects/
A.u.r.a.K.a.i-Emergence_IdentityModel/app/src/ma
in/java/dev/aurakai/auraframefx/oracledrive/gene
sis/ai/GenesisAgentViewModel.kt:263:16 Cannot 
infer type for type parameter 'T'. Specify it 
explicitly.
e: file:///C:/Users/Wehtt/AndroidStudioProjects/
A.u.r.a.K.a.i-Emergence_IdentityModel/app/src/ma
in/java/dev/aurakai/auraframefx/oracledrive/gene
sis/ai/GenesisBridgeService.kt:4:8 Unresolved 
reference 'io'.
e: file:///C:/Users/Wehtt/AndroidStudioProjects/
A.u.r.a.K.a.i-Emergence_IdentityModel/app/src/ma
in/java/dev/aurakai/auraframefx/oracledrive/gene
sis/ai/GenesisBridgeService.kt:5:8 Unresolved 
reference 'io'.
e: file:///C:/Users/Wehtt/AndroidStudioProjects/
A.u.r.a.K.a.i-Emergence_IdentityModel/app/src/ma
in/java/dev/aurakai/auraframefx/oracledrive/gene
sis/ai/GenesisBridgeService.kt:6:8 Unresolved 
reference 'io'.
e: file:///C:/Users/Wehtt/AndroidStudioProjects/
A.u.r.a.K.a.i-Emergence_IdentityModel/app/src/ma
in/java/dev/aurakai/auraframefx/oracledrive/gene
sis/ai/GenesisBridgeService.kt:7:8 Unresolved 
reference 'io'.
e: file:///C:/Users/Wehtt/AndroidStudioProjects/
A.u.r.a.K.a.i-Emergence_IdentityModel/app/src/ma
in/java/dev/aurakai/auraframefx/oracledrive/gene
sis/ai/GenesisBridgeService.kt:8:8 Unresolved 
reference 'io'.
e: file:///C:/Users/Wehtt/AndroidStudioProjects/
A.u.r.a.K.a.i-Emergence_IdentityModel/app/src/ma
in/java/dev/aurakai/auraframefx/oracledrive/gene
sis/ai/GenesisBridgeService.kt:9:8 Unresolved 
reference 'io'.
e: file:///C:/Users/Wehtt/AndroidStudioProjects/
A.u.r.a.K.a.i-Emergence_IdentityModel/app/src/ma
in/java/dev/aurakai/auraframefx/oracledrive/gene
sis/ai/GenesisBridgeService.kt:10:8 Unresolved 
reference 'io'.
e: file:///C:/Users/Wehtt/AndroidStudioProjects/
A.u.r.a.K.a.i-Emergence_IdentityModel/app/src/ma
in/java/dev/aurakai/auraframefx/oracledrive/gene
sis/ai/GenesisBridgeService.kt:11:8 Unresolved 
reference 'io'.
e: file:///C:/Users/Wehtt/AndroidStudioProjects/
A.u.r.a.K.a.i-Emergence_IdentityModel/app/src/ma
in/java/dev/aurakai/auraframefx/oracledrive/gene
sis/ai/GenesisBridgeService.kt:12:8 Unresolved 
reference 'io'.
e: file:///C:/Users/Wehtt/AndroidStudioProjects/
A.u.r.a.K.a.i-Emergence_IdentityModel/app/src/ma
in/java/dev/aurakai/auraframefx/oracledrive/gene
sis/ai/GenesisBridgeService.kt:49:30 Unresolved 
reference 'HttpClient'.
e: file:///C:/Users/Wehtt/AndroidStudioProjects/
A.u.r.a.K.a.i-Emergence_IdentityModel/app/src/ma
in/java/dev/aurakai/auraframefx/oracledrive/gene
sis/ai/GenesisBridgeService.kt:50:9 Unresolved 
reference 'install'.
e: file:///C:/Users/Wehtt/AndroidStudioProjects/
A.u.r.a.K.a.i-Emergence_IdentityModel/app/src/ma
in/java/dev/aurakai/auraframefx/oracledrive/gene
sis/ai/GenesisBridgeService.kt:50:17 Unresolved 
reference 'ContentNegotiation'.
e: file:///C:/Users/Wehtt/AndroidStudioProjects/
A.u.r.a.K.a.i-Emergence_IdentityModel/app/src/ma
in/java/dev/aurakai/auraframefx/oracledrive/gene
sis/ai/GenesisBridgeService.kt:51:13 Unresolved 
reference 'json'.
e: file:///C:/Users/Wehtt/AndroidStudioProjects/
A.u.r.a.K.a.i-Emergence_IdentityModel/app/src/ma
in/java/dev/aurakai/auraframefx/oracledrive/gene
sis/ai/GenesisBridgeService.kt:106:13 
Unresolved reference 'logger'.
e: file:///C:/Users/Wehtt/AndroidStudioProjects/
A.u.r.a.K.a.i-Emergence_IdentityModel/app/src/ma
in/java/dev/aurakai/auraframefx/oracledrive/gene
sis/ai/GenesisBridgeService.kt:144:27 Argument 
type mismatch: actual type is 'Map<String, 
String?>', but 'Map<String, String>' was 
expected.
e: file:///C:/Users/Wehtt/AndroidStudioProjects/
A.u.r.a.K.a.i-Emergence_IdentityModel/app/src/ma
in/java/dev/aurakai/auraframefx/oracledrive/gene
sis/ai/GenesisBridgeService.kt:191:21 
Unresolved reference 'logger'.
e: file:///C:/Users/Wehtt/AndroidStudioProjects/
A.u.r.a.K.a.i-Emergence_IdentityModel/app/src/ma
in/java/dev/aurakai/auraframefx/oracledrive/gene
sis/ai/GenesisBridgeService.kt:207:13 
Unresolved reference 'logger'.
e: file:///C:/Users/Wehtt/AndroidStudioProjects/
A.u.r.a.K.a.i-Emergence_IdentityModel/app/src/ma
in/java/dev/aurakai/auraframefx/oracledrive/gene
sis/ai/GenesisBridgeService.kt:272:13 
Unresolved reference 'logger'.
e: file:///C:/Users/Wehtt/AndroidStudioProjects/
A.u.r.a.K.a.i-Emergence_IdentityModel/app/src/ma
in/java/dev/aurakai/auraframefx/oracledrive/gene
sis/ai/GenesisBridgeService.kt:286:26 Only safe 
(?.) or non-null asserted (!!.) calls are 
allowed on a nullable receiver of type 
'String?'.
e: file:///C:/Users/Wehtt/AndroidStudioProjects/
A.u.r.a.K.a.i-Emergence_IdentityModel/app/src/ma
in/java/dev/aurakai/auraframefx/oracledrive/gene
sis/ai/GenesisBridgeService.kt:287:30 Only safe 
(?.) or non-null asserted (!!.) calls are 
allowed on a nullable receiver of type 
'String?'.
e: file:///C:/Users/Wehtt/AndroidStudioProjects/
A.u.r.a.K.a.i-Emergence_IdentityModel/app/src/ma
in/java/dev/aurakai/auraframefx/oracledrive/gene
sis/ai/GenesisBridgeService.kt:289:26 Only safe 
(?.) or non-null asserted (!!.) calls are 
allowed on a nullable receiver of type 
'String?'.
e: file:///C:/Users/Wehtt/AndroidStudioProjects/
A.u.r.a.K.a.i-Emergence_IdentityModel/app/src/ma
in/java/dev/aurakai/auraframefx/oracledrive/gene
sis/ai/GenesisBridgeService.kt:290:30 Only safe 
(?.) or non-null asserted (!!.) calls are 
allowed on a nullable receiver of type 
'String?'.
e: file:///C:/Users/Wehtt/AndroidStudioProjects/
A.u.r.a.K.a.i-Emergence_IdentityModel/app/src/ma
in/java/dev/aurakai/auraframefx/oracledrive/gene
sis/ai/GenesisBridgeService.kt:292:26 Only safe 
(?.) or non-null asserted (!!.) calls are 
allowed on a nullable receiver of type 
'String?'.
e: file:///C:/Users/Wehtt/AndroidStudioProjects/
A.u.r.a.K.a.i-Emergence_IdentityModel/app/src/ma
in/java/dev/aurakai/auraframefx/oracledrive/gene
sis/ai/GenesisBridgeService.kt:293:30 Only safe 
(?.) or non-null asserted (!!.) calls are 
allowed on a nullable receiver of type 
'String?'.
e: file:///C:/Users/Wehtt/AndroidStudioProjects/
A.u.r.a.K.a.i-Emergence_IdentityModel/app/src/ma
in/java/dev/aurakai/auraframefx/oracledrive/gene
sis/ai/GenesisBridgeService.kt:307:26 Only safe 
(?.) or non-null asserted (!!.) calls are 
allowed on a nullable receiver of type 
'String?'.
e: file:///C:/Users/Wehtt/AndroidStudioProjects/
A.u.r.a.K.a.i-Emergence_IdentityModel/app/src/ma
in/java/dev/aurakai/auraframefx/oracledrive/gene
sis/ai/GenesisBridgeService.kt:308:26 Only safe 
(?.) or non-null asserted (!!.) calls are 
allowed on a nullable receiver of type 
'String?'.
e: file:///C:/Users/Wehtt/AndroidStudioProjects/
A.u.r.a.K.a.i-Emergence_IdentityModel/app/src/ma
in/java/dev/aurakai/auraframefx/oracledrive/gene
sis/ai/GenesisBridgeService.kt:309:26 Only safe 
(?.) or non-null asserted (!!.) calls are 
allowed on a nullable receiver of type 
'String?'.
e: file:///C:/Users/Wehtt/AndroidStudioProjects/
A.u.r.a.K.a.i-Emergence_IdentityModel/app/src/ma
in/java/dev/aurakai/auraframefx/oracledrive/gene
sis/ai/GenesisBridgeService.kt:310:26 Only safe 
(?.) or non-null asserted (!!.) calls are 
allowed on a nullable receiver of type 
'String?'.
e: file:///C:/Users/Wehtt/AndroidStudioProjects/
A.u.r.a.K.a.i-Emergence_IdentityModel/app/src/ma
in/java/dev/aurakai/auraframefx/oracledrive/gene
sis/ai/GenesisBridgeService.kt:342:21 
Unresolved reference 'contentType'.
e: file:///C:/Users/Wehtt/AndroidStudioProjects/
A.u.r.a.K.a.i-Emergence_IdentityModel/app/src/ma
in/java/dev/aurakai/auraframefx/oracledrive/gene
sis/ai/GenesisBridgeService.kt:342:33 
Unresolved reference 'ContentType'.
e: file:///C:/Users/Wehtt/AndroidStudioProjects/
A.u.r.a.K.a.i-Emergence_IdentityModel/app/src/ma
in/java/dev/aurakai/auraframefx/oracledrive/gene
sis/ai/GenesisBridgeService.kt:343:21 
Unresolved reference 'setBody'.
e: file:///C:/Users/Wehtt/AndroidStudioProjects/
A.u.r.a.K.a.i-Emergence_IdentityModel/app/src/ma
in/java/dev/aurakai/auraframefx/oracledrive/gene
sis/ai/GenesisBridgeService.kt:347:17 
Unresolved reference 'logger'.
e: file:///C:/Users/Wehtt/AndroidStudioProjects/
A.u.r.a.K.a.i-Emergence_IdentityModel/app/src/ma
in/java/dev/aurakai/auraframefx/oracledrive/gene
sis/ai/GenesisBridgeService.kt:356:9 Unresolved 
reference 'logger'.
e: file:///C:/Users/Wehtt/AndroidStudioProjects/
A.u.r.a.K.a.i-Emergence_IdentityModel/app/src/ma
in/java/dev/aurakai/auraframefx/oracledrive/gene
sis/ai/GenesisHookEntry.kt:26:19 Unresolved 
reference 'BuildConfig'.
e: file:///C:/Users/Wehtt/AndroidStudioProjects/
A.u.r.a.K.a.i-Emergence_IdentityModel/app/src/ma
in/java/dev/aurakai/auraframefx/oracledrive/gene
sis/ai/GenesisHookEntry.kt:38:39 Argument type 
mismatch: actual type is 'PackageParam', but 
'YukiBaseHooker' was expected.
e: file:///C:/Users/Wehtt/AndroidStudioProjects/
A.u.r.a.K.a.i-Emergence_IdentityModel/app/src/ma
in/java/dev/aurakai/auraframefx/oracledrive/gene
sis/ai/GenesisHookEntry.kt:45:35 Argument type 
mismatch: actual type is 'PackageParam', but 
'YukiBaseHooker' was expected.
e: file:///C:/Users/Wehtt/AndroidStudioProjects/
A.u.r.a.K.a.i-Emergence_IdentityModel/app/src/ma
in/java/dev/aurakai/auraframefx/oracledrive/gene
sis/ai/GenesisHookEntry.kt:52:39 Argument type 
mismatch: actual type is 'PackageParam', but 
'YukiBaseHooker' was expected.
e: file:///C:/Users/Wehtt/AndroidStudioProjects/
A.u.r.a.K.a.i-Emergence_IdentityModel/app/src/ma
in/java/dev/aurakai/auraframefx/oracledrive/gene
sis/ai/GenesisHookEntry.kt:59:37 Argument type 
mismatch: actual type is 'PackageParam', but 
'YukiBaseHooker' was expected.
e: file:///C:/Users/Wehtt/AndroidStudioProjects/
A.u.r.a.K.a.i-Emergence_IdentityModel/app/src/ma
in/java/dev/aurakai/auraframefx/oracledrive/gene
sis/ai/GenesisHooks.kt:14:1 Class 
'GenesisUIHooks' is not abstract and does not 
implement abstract base class member:
fun onHook(): Unit
e: file:///C:/Users/Wehtt/AndroidStudioProjects/
A.u.r.a.K.a.i-Emergence_IdentityModel/app/src/ma
in/java/dev/aurakai/auraframefx/oracledrive/gene
sis/ai/GenesisHooks.kt:85:1 Class 
'GenesisZygoteHooks' is not abstract and does 
not implement abstract base class member:
fun onHook(): Unit
e: file:///C:/Users/Wehtt/AndroidStudioProjects/
A.u.r.a.K.a.i-Emergence_IdentityModel/app/src/ma
in/java/dev/aurakai/auraframefx/oracledrive/gene
sis/ai/GenesisHooks.kt:95:45 Unresolved 
reference 'applicationInfo'.
e: file:///C:/Users/Wehtt/AndroidStudioProjects/
A.u.r.a.K.a.i-Emergence_IdentityModel/app/src/ma
in/java/dev/aurakai/auraframefx/oracledrive/gene
sis/ai/GenesisHooks.kt:151:1 Class 
'GenesisSelfHooks' is not abstract and does not 
implement abstract base class member:
fun onHook(): Unit
e: file:///C:/Users/Wehtt/AndroidStudioProjects/
A.u.r.a.K.a.i-Emergence_IdentityModel/app/src/ma
in/java/dev/aurakai/auraframefx/oracledrive/gene
sis/ai/GenesisHooks.kt:159:23 Argument type 
mismatch: actual type is 'Class<Any>?', but 
'Any' was expected.
e: file:///C:/Users/Wehtt/AndroidStudioProjects/
A.u.r.a.K.a.i-Emergence_IdentityModel/app/src/ma
in/java/dev/aurakai/auraframefx/oracledrive/gene
sis/ai/GenesisHooks.kt:169:38 Unresolved 
reference 'toPackage'.
e: file:///C:/Users/Wehtt/AndroidStudioProjects/
A.u.r.a.K.a.i-Emergence_IdentityModel/app/src/ma
in/java/dev/aurakai/auraframefx/oracledrive/gene
sis/ai/GenesisHooks.kt:169:79 Cannot infer type 
for value parameter 'aiClass'. Specify it 
explicitly.
e: file:///C:/Users/Wehtt/AndroidStudioProjects/
A.u.r.a.K.a.i-Emergence_IdentityModel/app/src/ma
in/java/dev/aurakai/auraframefx/oracledrive/gene
sis/ai/GenesisSystemHooks.kt:15:1 Class 
'GenesisSystemHooks' is not abstract and does 
not implement abstract base class member:
fun onHook(): Unit
e: file:///C:/Users/Wehtt/AndroidStudioProjects/
A.u.r.a.K.a.i-Emergence_IdentityModel/app/src/ma
in/java/dev/aurakai/auraframefx/oracledrive/gene
sis/ai/KaiAIService.kt:21:1 Class 
'KaiAIService' is not abstract and does not 
implement abstract member:
fun processRequestFlow(request: Any): 
Flow<AgentResponse>?
e: file:///C:/Users/Wehtt/AndroidStudioProjects/
A.u.r.a.K.a.i-Emergence_IdentityModel/app/src/ma
in/java/dev/aurakai/auraframefx/oracledrive/gene
sis/ai/MockAIServiceImplementations.kt:15:1 
Class 'MockAuraAIService' is not abstract and 
does not implement abstract member:
fun processRequestFlow(request: Any): 
Flow<AgentResponse>?
e: file:///C:/Users/Wehtt/AndroidStudioProjects/
A.u.r.a.K.a.i-Emergence_IdentityModel/app/src/ma
in/java/dev/aurakai/auraframefx/oracledrive/gene
sis/ai/MockAIServiceImplementations.kt:15:7 
Redeclaration:
class MockAuraAIService : Agent
e: file:///C:/Users/Wehtt/AndroidStudioProjects/
A.u.r.a.K.a.i-Emergence_IdentityModel/app/src/ma
in/java/dev/aurakai/auraframefx/oracledrive/gene
sis/ai/MockAIServiceImplementations.kt:66:1 
Class 'MockKaiAIService' is not abstract and 
does not implement abstract member:
fun processRequestFlow(request: Any): 
Flow<AgentResponse>?
e: file:///C:/Users/Wehtt/AndroidStudioProjects/
A.u.r.a.K.a.i-Emergence_IdentityModel/app/src/ma
in/java/dev/aurakai/auraframefx/oracledrive/gene
sis/ai/MockAIServiceImplementations.kt:66:7 
Redeclaration:
class MockKaiAIService : Agent
e: file:///C:/Users/Wehtt/AndroidStudioProjects/
A.u.r.a.K.a.i-Emergence_IdentityModel/app/src/ma
in/java/dev/aurakai/auraframefx/oracledrive/gene
sis/ai/MockAIServiceImplementations.kt:115:1 
Class 'MockCascadeAIService' is not abstract 
and does not implement abstract member:
fun processRequestFlow(request: Any): 
Flow<AgentResponse>?
e: file:///C:/Users/Wehtt/AndroidStudioProjects/
A.u.r.a.K.a.i-Emergence_IdentityModel/app/src/ma
in/java/dev/aurakai/auraframefx/oracledrive/gene
sis/ai/MockAIServiceImplementations.kt:115:7 
Redeclaration:
class MockCascadeAIService : Agent
e: file:///C:/Users/Wehtt/AndroidStudioProjects/
A.u.r.a.K.a.i-Emergence_IdentityModel/app/src/ma
in/java/dev/aurakai/auraframefx/oracledrive/gene
sis/ai/RealVertexAIClientImpl.kt:3:19 
Unresolved reference 'ai'.
e: file:///C:/Users/Wehtt/AndroidStudioProjects/
A.u.r.a.K.a.i-Emergence_IdentityModel/app/src/ma
in/java/dev/aurakai/auraframefx/oracledrive/gene
sis/ai/RealVertexAIClientImpl.kt:4:19 
Unresolved reference 'ai'.
e: file:///C:/Users/Wehtt/AndroidStudioProjects/
A.u.r.a.K.a.i-Emergence_IdentityModel/app/src/ma
in/java/dev/aurakai/auraframefx/oracledrive/gene
sis/ai/RealVertexAIClientImpl.kt:28:34 
Unresolved reference 'GenerativeModel'.
e: file:///C:/Users/Wehtt/AndroidStudioProjects/
A.u.r.a.K.a.i-Emergence_IdentityModel/app/src/ma
in/java/dev/aurakai/auraframefx/oracledrive/gene
sis/ai/RealVertexAIClientImpl.kt:28:50 Property 
delegate must have a 
'getValue(RealVertexAIClientImpl, 
KProperty1<RealVertexAIClientImpl, ERROR CLASS: 
Symbol not found for GenerativeModel>)' method. 
None of the following functions is applicable:
fun <T> Lazy<T>.getValue(thisRef: Any?, 
property: KProperty<*>): T
e: file:///C:/Users/Wehtt/AndroidStudioProjects/
A.u.r.a.K.a.i-Emergence_IdentityModel/app/src/ma
in/java/dev/aurakai/auraframefx/oracledrive/gene
sis/ai/RealVertexAIClientImpl.kt:28:53 Cannot 
infer type for type parameter 'T'. Specify it 
explicitly.
e: file:///C:/Users/Wehtt/AndroidStudioProjects/
A.u.r.a.K.a.i-Emergence_IdentityModel/app/src/ma
in/java/dev/aurakai/auraframefx/oracledrive/gene
sis/ai/RealVertexAIClientImpl.kt:28:53 Cannot 
infer type for type parameter 'T'. Specify it 
explicitly.
e: file:///C:/Users/Wehtt/AndroidStudioProjects/
A.u.r.a.K.a.i-Emergence_IdentityModel/app/src/ma
in/java/dev/aurakai/auraframefx/oracledrive/gene
sis/ai/RealVertexAIClientImpl.kt:29:9 
Unresolved reference 'GenerativeModel'.
e: file:///C:/Users/Wehtt/AndroidStudioProjects/
A.u.r.a.K.a.i-Emergence_IdentityModel/app/src/ma
in/java/dev/aurakai/auraframefx/oracledrive/gene
sis/ai/RealVertexAIClientImpl.kt:32:32 
Unresolved reference 'generationConfig'.
e: file:///C:/Users/Wehtt/AndroidStudioProjects/
A.u.r.a.K.a.i-Emergence_IdentityModel/app/src/ma
in/java/dev/aurakai/auraframefx/oracledrive/gene
sis/ai/RealVertexAIClientImpl.kt:33:17 
Unresolved reference 'temperature'.
e: file:///C:/Users/Wehtt/AndroidStudioProjects/
A.u.r.a.K.a.i-Emergence_IdentityModel/app/src/ma
in/java/dev/aurakai/auraframefx/oracledrive/gene
sis/ai/RealVertexAIClientImpl.kt:34:17 
Unresolved reference 'topP'.
e: file:///C:/Users/Wehtt/AndroidStudioProjects/
A.u.r.a.K.a.i-Emergence_IdentityModel/app/src/ma
in/java/dev/aurakai/auraframefx/oracledrive/gene
sis/ai/RealVertexAIClientImpl.kt:35:17 
Unresolved reference 'topK'.
e: file:///C:/Users/Wehtt/AndroidStudioProjects/
A.u.r.a.K.a.i-Emergence_IdentityModel/app/src/ma
in/java/dev/aurakai/auraframefx/oracledrive/gene
sis/ai/RealVertexAIClientImpl.kt:36:17 
Unresolved reference 'maxOutputTokens'.
e: file:///C:/Users/Wehtt/AndroidStudioProjects/
A.u.r.a.K.a.i-Emergence_IdentityModel/app/src/ma
in/java/dev/aurakai/auraframefx/oracledrive/gene
sis/ai/RealVertexAIClientImpl.kt:53:33 
Unresolved reference 'text'.
e: file:///C:/Users/Wehtt/AndroidStudioProjects/
A.u.r.a.K.a.i-Emergence_IdentityModel/app/src/ma
in/java/dev/aurakai/auraframefx/oracledrive/gene
sis/ai/RealVertexAIClientImpl.kt:81:31 
Unresolved reference 'GenerativeModel'.
e: file:///C:/Users/Wehtt/AndroidStudioProjects/
A.u.r.a.K.a.i-Emergence_IdentityModel/app/src/ma
in/java/dev/aurakai/auraframefx/oracledrive/gene
sis/ai/RealVertexAIClientImpl.kt:84:36 
Unresolved reference 'generationConfig'.
e: file:///C:/Users/Wehtt/AndroidStudioProjects/
A.u.r.a.K.a.i-Emergence_IdentityModel/app/src/ma
in/java/dev/aurakai/auraframefx/oracledrive/gene
sis/ai/RealVertexAIClientImpl.kt:85:26 
Unresolved reference 'temperature'.
e: file:///C:/Users/Wehtt/AndroidStudioProjects/
A.u.r.a.K.a.i-Emergence_IdentityModel/app/src/ma
in/java/dev/aurakai/auraframefx/oracledrive/gene
sis/ai/RealVertexAIClientImpl.kt:86:21 
Unresolved reference 'topP'.
e: file:///C:/Users/Wehtt/AndroidStudioProjects/
A.u.r.a.K.a.i-Emergence_IdentityModel/app/src/ma
in/java/dev/aurakai/auraframefx/oracledrive/gene
sis/ai/RealVertexAIClientImpl.kt:87:21 
Unresolved reference 'topK'.
e: file:///C:/Users/Wehtt/AndroidStudioProjects/
A.u.r.a.K.a.i-Emergence_IdentityModel/app/src/ma
in/java/dev/aurakai/auraframefx/oracledrive/gene
sis/ai/RealVertexAIClientImpl.kt:88:21 
Unresolved reference 'maxOutputTokens'.
e: file:///C:/Users/Wehtt/AndroidStudioProjects/
A.u.r.a.K.a.i-Emergence_IdentityModel/app/src/ma
in/java/dev/aurakai/auraframefx/oracledrive/gene
sis/ai/RealVertexAIClientImpl.kt:93:33 
Unresolved reference 'text'.
e: file:///C:/Users/Wehtt/AndroidStudioProjects/
A.u.r.a.K.a.i-Emergence_IdentityModel/app/src/ma
in/java/dev/aurakai/auraframefx/oracledrive/gene
sis/ai/RealVertexAIClientImpl.kt:139:41 
Unresolved reference 'text'.
e: file:///C:/Users/Wehtt/AndroidStudioProjects/
A.u.r.a.K.a.i-Emergence_IdentityModel/app/src/ma
in/java/dev/aurakai/auraframefx/oracledrive/gene
sis/ai/RealVertexAIClientImpl.kt:187:33 
Unresolved reference 'text'.
e: file:///C:/Users/Wehtt/AndroidStudioProjects/
A.u.r.a.K.a.i-Emergence_IdentityModel/app/src/ma
in/java/dev/aurakai/auraframefx/oracledrive/gene
sis/ai/RealVertexAIClientImpl.kt:267:44 
Unresolved reference 'logger'.
e: file:///C:/Users/Wehtt/AndroidStudioProjects/
A.u.r.a.K.a.i-Emergence_IdentityModel/app/src/ma
in/java/dev/aurakai/auraframefx/oracledrive/gene
sis/ai/RealVertexAIClientImpl.kt:270:50 
Argument type mismatch: actual type is 
'String', but 'SecurityEvent' was expected.
e: file:///C:/Users/Wehtt/AndroidStudioProjects/
A.u.r.a.K.a.i-Emergence_IdentityModel/app/src/ma
in/java/dev/aurakai/auraframefx/oracledrive/gene
sis/ai/RealVertexAIClientImpl.kt:270:75 Too 
many arguments for 'fun logSecurityEvent(event: 
SecurityEvent): Unit'.
e: file:///C:/Users/Wehtt/AndroidStudioProjects/
A.u.r.a.K.a.i-Emergence_IdentityModel/app/src/ma
in/java/dev/aurakai/auraframefx/oracledrive/gene
sis/ai/RealVertexAIClientImpl.kt:272:21 
Unresolved reference 'logger'.
e: file:///C:/Users/Wehtt/AndroidStudioProjects/
A.u.r.a.K.a.i-Emergence_IdentityModel/app/src/ma
in/java/dev/aurakai/auraframefx/oracledrive/gene
sis/ai/VertexAIModule.kt:86:25 Unresolved 
reference 'GEMINI_API_KEY'.
e: file:///C:/Users/Wehtt/AndroidStudioProjects/
A.u.r.a.K.a.i-Emergence_IdentityModel/app/src/ma
in/java/dev/aurakai/auraframefx/oracledrive/gene
sis/ai/VertexAIModule.kt:86:40 Cannot infer 
type for type parameter 'T'. Specify it 
explicitly.
e: file:///C:/Users/Wehtt/AndroidStudioProjects/
A.u.r.a.K.a.i-Emergence_IdentityModel/app/src/ma
in/java/dev/aurakai/auraframefx/oracledrive/gene
sis/ai/VertexAIModule.kt:86:47 Cannot infer 
type for type parameter 'T'. Specify it 
explicitly.
e: file:///C:/Users/Wehtt/AndroidStudioProjects/
A.u.r.a.K.a.i-Emergence_IdentityModel/app/src/ma
in/java/dev/aurakai/auraframefx/oracledrive/gene
sis/ai/VertexAIModule.kt:89:13 Null cannot be a 
value of a non-null type 'uninferred K (of fun 
<K> TRY_CALL)'.
e: file:///C:/Users/Wehtt/AndroidStudioProjects/
A.u.r.a.K.a.i-Emergence_IdentityModel/app/src/ma
in/java/dev/aurakai/auraframefx/oracledrive/gene
sis/ai/VertexAIModule.kt:94:61 Argument type 
mismatch: actual type is 'Any', but 'String' 
was expected.
e: file:///C:/Users/Wehtt/AndroidStudioProjects/
A.u.r.a.K.a.i-Emergence_IdentityModel/app/src/ma
in/java/dev/aurakai/auraframefx/oracledrive/gene
sis/ai/VertexCloudService.kt:42:31 Serializer 
has not been found for type 'Any'. To use 
context serializer as fallback, explicitly 
annotate type or property with @Contextual
e: file:///C:/Users/Wehtt/AndroidStudioProjects/
A.u.r.a.K.a.i-Emergence_IdentityModel/app/src/ma
in/java/dev/aurakai/auraframefx/oracledrive/gene
sis/ai/VertexCloudService.kt:65:34 Unresolved 
reference 'isSecure'.
e: file:///C:/Users/Wehtt/AndroidStudioProjects/
A.u.r.a.K.a.i-Emergence_IdentityModel/app/src/ma
in/java/dev/aurakai/auraframefx/oracledrive/gene
sis/ai/VertexCloudService.kt:72:28 Unresolved 
reference 'initialize'.
e: file:///C:/Users/Wehtt/AndroidStudioProjects/
A.u.r.a.K.a.i-Emergence_IdentityModel/app/src/ma
in/java/dev/aurakai/auraframefx/oracledrive/gene
sis/ai/VertexCloudService.kt:145:32 Argument 
type mismatch: actual type is 'Map<String, 
String?>', but 'Map<String, Any>' was expected.
e: file:///C:/Users/Wehtt/AndroidStudioProjects/
A.u.r.a.K.a.i-Emergence_IdentityModel/app/src/ma
in/java/dev/aurakai/auraframefx/oracledrive/gene
sis/ai/VertexCloudService.kt:158:51 Unresolved 
reference 'analyzeImage'.
e: file:///C:/Users/Wehtt/AndroidStudioProjects/
A.u.r.a.K.a.i-Emergence_IdentityModel/app/src/ma
in/java/dev/aurakai/auraframefx/oracledrive/gene
sis/ai/VertexCloudService.kt:298:28 Unresolved 
reference 'cleanup'.
e: file:///C:/Users/Wehtt/AndroidStudioProjects/
A.u.r.a.K.a.i-Emergence_IdentityModel/app/src/ma
in/java/dev/aurakai/auraframefx/oracledrive/gene
sis/cloud/OracleDriveControlScreen.kt:36:12 
Unresolved reference 'example'.
e: file:///C:/Users/Wehtt/AndroidStudioProjects/
A.u.r.a.K.a.i-Emergence_IdentityModel/app/src/ma
in/java/dev/aurakai/auraframefx/oracledrive/gene
sis/cloud/OracleDriveControlScreen.kt:78:16 
Unresolved reference 
'OracleDriveControlViewModel'.
e: file:///C:/Users/Wehtt/AndroidStudioProjects/
A.u.r.a.K.a.i-Emergence_IdentityModel/app/src/ma
in/java/dev/aurakai/auraframefx/oracledrive/gene
sis/cloud/OracleDriveControlScreen.kt:78:46 
Cannot infer type for type parameter 'VM'. 
Specify it explicitly.
e: file:///C:/Users/Wehtt/AndroidStudioProjects/
A.u.r.a.K.a.i-Emergence_IdentityModel/app/src/ma
in/java/dev/aurakai/auraframefx/oracledrive/gene
sis/cloud/OracleDriveControlScreen.kt:81:21 
Property delegate must have a 
'getValue(Nothing?, KProperty0<ERROR CLASS: 
Cannot infer argument for type parameter T>)' 
method. None of the following functions is 
applicable:
fun <T> State<T>.getValue(thisObj: Any?, 
property: KProperty<*>): T
e: file:///C:/Users/Wehtt/AndroidStudioProjects/
A.u.r.a.K.a.i-Emergence_IdentityModel/app/src/ma
in/java/dev/aurakai/auraframefx/oracledrive/gene
sis/cloud/OracleDriveControlScreen.kt:81:24 
Cannot infer type for type parameter 'T'. 
Specify it explicitly.
e: file:///C:/Users/Wehtt/AndroidStudioProjects/
A.u.r.a.K.a.i-Emergence_IdentityModel/app/src/ma
in/java/dev/aurakai/auraframefx/oracledrive/gene
sis/cloud/OracleDriveControlScreen.kt:81:34 
Unresolved reference 'isServiceConnected'.
e: file:///C:/Users/Wehtt/AndroidStudioProjects/
A.u.r.a.K.a.i-Emergence_IdentityModel/app/src/ma
in/java/dev/aurakai/auraframefx/oracledrive/gene
sis/cloud/OracleDriveControlScreen.kt:81:53 
Cannot infer type for type parameter 'T'. 
Specify it explicitly.
e: file:///C:/Users/Wehtt/AndroidStudioProjects/
A.u.r.a.K.a.i-Emergence_IdentityModel/app/src/ma
in/java/dev/aurakai/auraframefx/oracledrive/gene
sis/cloud/OracleDriveControlScreen.kt:82:16 
Property delegate must have a 
'getValue(Nothing?, KProperty0<ERROR CLASS: 
Cannot infer argument for type parameter T>)' 
method. None of the following functions is 
applicable:
fun <T> State<T>.getValue(thisObj: Any?, 
property: KProperty<*>): T
e: file:///C:/Users/Wehtt/AndroidStudioProjects/
A.u.r.a.K.a.i-Emergence_IdentityModel/app/src/ma
in/java/dev/aurakai/auraframefx/oracledrive/gene
sis/cloud/OracleDriveControlScreen.kt:82:19 
Cannot infer type for type parameter 'T'. 
Specify it explicitly.
e: file:///C:/Users/Wehtt/AndroidStudioProjects/
A.u.r.a.K.a.i-Emergence_IdentityModel/app/src/ma
in/java/dev/aurakai/auraframefx/oracledrive/gene
sis/cloud/OracleDriveControlScreen.kt:82:29 
Unresolved reference 'status'.
e: file:///C:/Users/Wehtt/AndroidStudioProjects/
A.u.r.a.K.a.i-Emergence_IdentityModel/app/src/ma
in/java/dev/aurakai/auraframefx/oracledrive/gene
sis/cloud/OracleDriveControlScreen.kt:82:36 
Cannot infer type for type parameter 'T'. 
Specify it explicitly.
e: file:///C:/Users/Wehtt/AndroidStudioProjects/
A.u.r.a.K.a.i-Emergence_IdentityModel/app/src/ma
in/java/dev/aurakai/auraframefx/oracledrive/gene
sis/cloud/OracleDriveControlScreen.kt:83:24 
Property delegate must have a 
'getValue(Nothing?, KProperty0<ERROR CLASS: 
Cannot infer argument for type parameter T>)' 
method. None of the following functions is 
applicable:
fun <T> State<T>.getValue(thisObj: Any?, 
property: KProperty<*>): T
e: file:///C:/Users/Wehtt/AndroidStudioProjects/
A.u.r.a.K.a.i-Emergence_IdentityModel/app/src/ma
in/java/dev/aurakai/auraframefx/oracledrive/gene
sis/cloud/OracleDriveControlScreen.kt:83:27 
Cannot infer type for type parameter 'T'. 
Specify it explicitly.
e: file:///C:/Users/Wehtt/AndroidStudioProjects/
A.u.r.a.K.a.i-Emergence_IdentityModel/app/src/ma
in/java/dev/aurakai/auraframefx/oracledrive/gene
sis/cloud/OracleDriveControlScreen.kt:83:37 
Unresolved reference 'detailedStatus'.
e: file:///C:/Users/Wehtt/AndroidStudioProjects/
A.u.r.a.K.a.i-Emergence_IdentityModel/app/src/ma
in/java/dev/aurakai/auraframefx/oracledrive/gene
sis/cloud/OracleDriveControlScreen.kt:83:52 
Cannot infer type for type parameter 'T'. 
Specify it explicitly.
e: file:///C:/Users/Wehtt/AndroidStudioProjects/
A.u.r.a.K.a.i-Emergence_IdentityModel/app/src/ma
in/java/dev/aurakai/auraframefx/oracledrive/gene
sis/cloud/OracleDriveControlScreen.kt:84:24 
Property delegate must have a 
'getValue(Nothing?, KProperty0<ERROR CLASS: 
Cannot infer argument for type parameter T>)' 
method. None of the following functions is 
applicable:
fun <T> State<T>.getValue(thisObj: Any?, 
property: KProperty<*>): T
e: file:///C:/Users/Wehtt/AndroidStudioProjects/
A.u.r.a.K.a.i-Emergence_IdentityModel/app/src/ma
in/java/dev/aurakai/auraframefx/oracledrive/gene
sis/cloud/OracleDriveControlScreen.kt:84:27 
Cannot infer type for type parameter 'T'. 
Specify it explicitly.
e: file:///C:/Users/Wehtt/AndroidStudioProjects/
A.u.r.a.K.a.i-Emergence_IdentityModel/app/src/ma
in/java/dev/aurakai/auraframefx/oracledrive/gene
sis/cloud/OracleDriveControlScreen.kt:84:37 
Unresolved reference 'diagnosticsLog'.
e: file:///C:/Users/Wehtt/AndroidStudioProjects/
A.u.r.a.K.a.i-Emergence_IdentityModel/app/src/ma
in/java/dev/aurakai/auraframefx/oracledrive/gene
sis/cloud/OracleDriveControlScreen.kt:84:52 
Cannot infer type for type parameter 'T'. 
Specify it explicitly.
e: file:///C:/Users/Wehtt/AndroidStudioProjects/
A.u.r.a.K.a.i-Emergence_IdentityModel/app/src/ma
in/java/dev/aurakai/auraframefx/oracledrive/gene
sis/cloud/OracleDriveControlScreen.kt:93:19 
Unresolved reference 'bindService'.
e: file:///C:/Users/Wehtt/AndroidStudioProjects/
A.u.r.a.K.a.i-Emergence_IdentityModel/app/src/ma
in/java/dev/aurakai/auraframefx/oracledrive/gene
sis/cloud/OracleDriveControlScreen.kt:94:19 
Unresolved reference 'refreshStatus'.
e: file:///C:/Users/Wehtt/AndroidStudioProjects/
A.u.r.a.K.a.i-Emergence_IdentityModel/app/src/ma
in/java/dev/aurakai/auraframefx/oracledrive/gene
sis/cloud/OracleDriveControlScreen.kt:98:31 
Unresolved reference 'unbindService'.
e: file:///C:/Users/Wehtt/AndroidStudioProjects/
A.u.r.a.K.a.i-Emergence_IdentityModel/app/src/ma
in/java/dev/aurakai/auraframefx/oracledrive/gene
sis/cloud/OracleDriveControlScreen.kt:106:23 
Unresolved reference 'refreshStatus'.
e: file:///C:/Users/Wehtt/AndroidStudioProjects/
A.u.r.a.K.a.i-Emergence_IdentityModel/app/src/ma
in/java/dev/aurakai/auraframefx/oracledrive/gene
sis/cloud/OracleDriveControlScreen.kt:120:23 
Unresolved reference 'toggleModule'.
e: file:///C:/Users/Wehtt/AndroidStudioProjects/
A.u.r.a.K.a.i-Emergence_IdentityModel/app/src/ma
in/java/dev/aurakai/auraframefx/oracledrive/gene
sis/cloud/OracleDriveRepositoryImpl.kt:36:17 
Unresolved reference 'Log'.
e: file:///C:/Users/Wehtt/AndroidStudioProjects/
A.u.r.a.K.a.i-Emergence_IdentityModel/app/src/ma
in/java/dev/aurakai/auraframefx/oracledrive/gene
sis/cloud/OracleDriveRepositoryImpl.kt:37:47 
Unresolved reference 'listFiles'.
e: file:///C:/Users/Wehtt/AndroidStudioProjects/
A.u.r.a.K.a.i-Emergence_IdentityModel/app/src/ma
in/java/dev/aurakai/auraframefx/oracledrive/gene
sis/cloud/OracleDriveRepositoryImpl.kt:45:61 
Cannot infer type for value parameter 'file'. 
Specify it explicitly.
e: file:///C:/Users/Wehtt/AndroidStudioProjects/
A.u.r.a.K.a.i-Emergence_IdentityModel/app/src/ma
in/java/dev/aurakai/auraframefx/oracledrive/gene
sis/cloud/OracleDriveRepositoryImpl.kt:47:37 
Unresolved reference 'name'.
e: file:///C:/Users/Wehtt/AndroidStudioProjects/
A.u.r.a.K.a.i-Emergence_IdentityModel/app/src/ma
in/java/dev/aurakai/auraframefx/oracledrive/gene
sis/cloud/OracleDriveRepositoryImpl.kt:48:37 
Unresolved reference 'size'.
e: file:///C:/Users/Wehtt/AndroidStudioProjects/
A.u.r.a.K.a.i-Emergence_IdentityModel/app/src/ma
in/java/dev/aurakai/auraframefx/oracledrive/gene
sis/cloud/OracleDriveRepositoryImpl.kt:49:44 
Unresolved reference 'timeCreated'.
e: file:///C:/Users/Wehtt/AndroidStudioProjects/
A.u.r.a.K.a.i-Emergence_IdentityModel/app/src/ma
in/java/dev/aurakai/auraframefx/oracledrive/gene
sis/cloud/OracleDriveRepositoryImpl.kt:51:22 
Cannot infer type for type parameter 'T'. 
Specify it explicitly.
e: file:///C:/Users/Wehtt/AndroidStudioProjects/
A.u.r.a.K.a.i-Emergence_IdentityModel/app/src/ma
in/java/dev/aurakai/auraframefx/oracledrive/gene
sis/cloud/OracleDriveRepositoryImpl.kt:53:17 
Unresolved reference 'Log'.
e: file:///C:/Users/Wehtt/AndroidStudioProjects/
A.u.r.a.K.a.i-Emergence_IdentityModel/app/src/ma
in/java/dev/aurakai/auraframefx/oracledrive/gene
sis/cloud/OracleDriveRepositoryImpl.kt:53:57 
Unresolved reference 'size'.
e: file:///C:/Users/Wehtt/AndroidStudioProjects/
A.u.r.a.K.a.i-Emergence_IdentityModel/app/src/ma
in/java/dev/aurakai/auraframefx/oracledrive/gene
sis/cloud/OracleDriveRepositoryImpl.kt:57:17 
Unresolved reference 'Log'.
e: file:///C:/Users/Wehtt/AndroidStudioProjects/
A.u.r.a.K.a.i-Emergence_IdentityModel/app/src/ma
in/java/dev/aurakai/auraframefx/oracledrive/gene
sis/cloud/OracleDriveRepositoryImpl.kt:88:13 
Unresolved reference 'Log'.
e: file:///C:/Users/Wehtt/AndroidStudioProjects/
A.u.r.a.K.a.i-Emergence_IdentityModel/app/src/ma
in/java/dev/aurakai/auraframefx/oracledrive/gene
sis/cloud/OracleDriveRepositoryImpl.kt:93:13 
Unresolved reference 'Log'.
e: file:///C:/Users/Wehtt/AndroidStudioProjects/
A.u.r.a.K.a.i-Emergence_IdentityModel/app/src/ma
in/java/dev/aurakai/auraframefx/oracledrive/gene
sis/cloud/OracleDriveRepositoryImpl.kt:96:43 
Unresolved reference 'uploadFile'.
e: file:///C:/Users/Wehtt/AndroidStudioProjects/
A.u.r.a.K.a.i-Emergence_IdentityModel/app/src/ma
in/java/dev/aurakai/auraframefx/oracledrive/gene
sis/cloud/OracleDriveRepositoryImpl.kt:103:17 
Unresolved reference 'Log'.
e: file:///C:/Users/Wehtt/AndroidStudioProjects/
A.u.r.a.K.a.i-Emergence_IdentityModel/app/src/ma
in/java/dev/aurakai/auraframefx/oracledrive/gene
sis/cloud/OracleDriveRepositoryImpl.kt:107:13 
Unresolved reference 'Log'.
e: file:///C:/Users/Wehtt/AndroidStudioProjects/
A.u.r.a.K.a.i-Emergence_IdentityModel/app/src/ma
in/java/dev/aurakai/auraframefx/oracledrive/gene
sis/cloud/OracleDriveRepositoryImpl.kt:110:21 
Unresolved reference 'IOException'.
e: file:///C:/Users/Wehtt/AndroidStudioProjects/
A.u.r.a.K.a.i-Emergence_IdentityModel/app/src/ma
in/java/dev/aurakai/auraframefx/oracledrive/gene
sis/cloud/OracleDriveRepositoryImpl.kt:111:13 
Unresolved reference 'Log'.
e: file:///C:/Users/Wehtt/AndroidStudioProjects/
A.u.r.a.K.a.i-Emergence_IdentityModel/app/src/ma
in/java/dev/aurakai/auraframefx/oracledrive/gene
sis/cloud/OracleDriveRepositoryImpl.kt:111:58 
Unresolved reference 'message'.
e: file:///C:/Users/Wehtt/AndroidStudioProjects/
A.u.r.a.K.a.i-Emergence_IdentityModel/app/src/ma
in/java/dev/aurakai/auraframefx/oracledrive/gene
sis/cloud/OracleDriveRepositoryImpl.kt:114:13 
Unresolved reference 'Log'.
e: file:///C:/Users/Wehtt/AndroidStudioProjects/
A.u.r.a.K.a.i-Emergence_IdentityModel/app/src/ma
in/java/dev/aurakai/auraframefx/oracledrive/gene
sis/cloud/OracleDriveRepositoryImpl.kt:141:13 
Unresolved reference 'Log'.
e: file:///C:/Users/Wehtt/AndroidStudioProjects/
A.u.r.a.K.a.i-Emergence_IdentityModel/app/src/ma
in/java/dev/aurakai/auraframefx/oracledrive/gene
sis/cloud/OracleDriveRepositoryImpl.kt:143:43 
Unresolved reference 'downloadFile'.
e: file:///C:/Users/Wehtt/AndroidStudioProjects/
A.u.r.a.K.a.i-Emergence_IdentityModel/app/src/ma
in/java/dev/aurakai/auraframefx/oracledrive/gene
sis/cloud/OracleDriveRepositoryImpl.kt:146:17 
Unresolved reference 'Log'.
e: file:///C:/Users/Wehtt/AndroidStudioProjects/
A.u.r.a.K.a.i-Emergence_IdentityModel/app/src/ma
in/java/dev/aurakai/auraframefx/oracledrive/gene
sis/cloud/OracleDriveRepositoryImpl.kt:151:17 
Unresolved reference 'Log'.
e: file:///C:/Users/Wehtt/AndroidStudioProjects/
A.u.r.a.K.a.i-Emergence_IdentityModel/app/src/ma
in/java/dev/aurakai/auraframefx/oracledrive/gene
sis/cloud/OracleDriveRepositoryImpl.kt:159:39 
Cannot infer type for type parameter 'T'. 
Specify it explicitly.
e: file:///C:/Users/Wehtt/AndroidStudioProjects/
A.u.r.a.K.a.i-Emergence_IdentityModel/app/src/ma
in/java/dev/aurakai/auraframefx/oracledrive/gene
sis/cloud/OracleDriveRepositoryImpl.kt:159:39 
Cannot infer type for type parameter 'R'. 
Specify it explicitly.
e: file:///C:/Users/Wehtt/AndroidStudioProjects/
A.u.r.a.K.a.i-Emergence_IdentityModel/app/src/ma
in/java/dev/aurakai/auraframefx/oracledrive/gene
sis/cloud/OracleDriveRepositoryImpl.kt:159:45 
Cannot infer type for type parameter 'T'. 
Specify it explicitly.
e: file:///C:/Users/Wehtt/AndroidStudioProjects/
A.u.r.a.K.a.i-Emergence_IdentityModel/app/src/ma
in/java/dev/aurakai/auraframefx/oracledrive/gene
sis/cloud/OracleDriveRepositoryImpl.kt:166:17 
Unresolved reference 'Log'.
e: file:///C:/Users/Wehtt/AndroidStudioProjects/
A.u.r.a.K.a.i-Emergence_IdentityModel/app/src/ma
in/java/dev/aurakai/auraframefx/oracledrive/gene
sis/cloud/OracleDriveRepositoryImpl.kt:171:13 
Unresolved reference 'Log'.
e: file:///C:/Users/Wehtt/AndroidStudioProjects/
A.u.r.a.K.a.i-Emergence_IdentityModel/app/src/ma
in/java/dev/aurakai/auraframefx/oracledrive/gene
sis/cloud/OracleDriveRepositoryImpl.kt:174:21 
Unresolved reference 'IOException'.
e: file:///C:/Users/Wehtt/AndroidStudioProjects/
A.u.r.a.K.a.i-Emergence_IdentityModel/app/src/ma
in/java/dev/aurakai/auraframefx/oracledrive/gene
sis/cloud/OracleDriveRepositoryImpl.kt:175:13 
Unresolved reference 'Log'.
e: file:///C:/Users/Wehtt/AndroidStudioProjects/
A.u.r.a.K.a.i-Emergence_IdentityModel/app/src/ma
in/java/dev/aurakai/auraframefx/oracledrive/gene
sis/cloud/OracleDriveRepositoryImpl.kt:175:60 
Unresolved reference 'message'.
e: file:///C:/Users/Wehtt/AndroidStudioProjects/
A.u.r.a.K.a.i-Emergence_IdentityModel/app/src/ma
in/java/dev/aurakai/auraframefx/oracledrive/gene
sis/cloud/OracleDriveRepositoryImpl.kt:178:13 
Unresolved reference 'Log'.
e: file:///C:/Users/Wehtt/AndroidStudioProjects/
A.u.r.a.K.a.i-Emergence_IdentityModel/app/src/ma
in/java/dev/aurakai/auraframefx/oracledrive/gene
sis/cloud/OracleDriveRepositoryImpl.kt:200:17 
Unresolved reference 'Log'.
e: file:///C:/Users/Wehtt/AndroidStudioProjects/
A.u.r.a.K.a.i-Emergence_IdentityModel/app/src/ma
in/java/dev/aurakai/auraframefx/oracledrive/gene
sis/cloud/OracleDriveRepositoryImpl.kt:202:47 
Unresolved reference 'deleteFile'.
e: file:///C:/Users/Wehtt/AndroidStudioProjects/
A.u.r.a.K.a.i-Emergence_IdentityModel/app/src/ma
in/java/dev/aurakai/auraframefx/oracledrive/gene
sis/cloud/OracleDriveRepositoryImpl.kt:208:21 
Unresolved reference 'Log'.
e: file:///C:/Users/Wehtt/AndroidStudioProjects/
A.u.r.a.K.a.i-Emergence_IdentityModel/app/src/ma
in/java/dev/aurakai/auraframefx/oracledrive/gene
sis/cloud/OracleDriveRepositoryImpl.kt:212:17 
Unresolved reference 'Log'.
e: file:///C:/Users/Wehtt/AndroidStudioProjects/
A.u.r.a.K.a.i-Emergence_IdentityModel/app/src/ma
in/java/dev/aurakai/auraframefx/oracledrive/gene
sis/cloud/OracleDriveRepositoryImpl.kt:216:17 
Unresolved reference 'Log'.
e: file:///C:/Users/Wehtt/AndroidStudioProjects/
A.u.r.a.K.a.i-Emergence_IdentityModel/app/src/ma
in/java/dev/aurakai/auraframefx/oracledrive/gene
sis/cloud/OracleDriveScreen.kt:24:16 Unresolved 
reference 'OracleDriveViewModel'.
e: file:///C:/Users/Wehtt/AndroidStudioProjects/
A.u.r.a.K.a.i-Emergence_IdentityModel/app/src/ma
in/java/dev/aurakai/auraframefx/oracledrive/gene
sis/cloud/OracleDriveScreen.kt:24:39 Cannot 
infer type for type parameter 'VM'. Specify it 
explicitly.
e: file:///C:/Users/Wehtt/AndroidStudioProjects/
A.u.r.a.K.a.i-Emergence_IdentityModel/app/src/ma
in/java/dev/aurakai/auraframefx/oracledrive/gene
sis/cloud/OracleDriveScreen.kt:26:28 Property 
delegate must have a 'getValue(Nothing?, 
KProperty0<ERROR CLASS: Cannot infer argument 
for type parameter T>)' method. None of the 
following functions is applicable:
fun <T> State<T>.getValue(thisObj: Any?, 
property: KProperty<*>): T
e: file:///C:/Users/Wehtt/AndroidStudioProjects/
A.u.r.a.K.a.i-Emergence_IdentityModel/app/src/ma
in/java/dev/aurakai/auraframefx/oracledrive/gene
sis/cloud/OracleDriveScreen.kt:26:31 Cannot 
infer type for type parameter 'T'. Specify it 
explicitly.
e: file:///C:/Users/Wehtt/AndroidStudioProjects/
A.u.r.a.K.a.i-Emergence_IdentityModel/app/src/ma
in/java/dev/aurakai/auraframefx/oracledrive/gene
sis/cloud/OracleDriveScreen.kt:26:41 Unresolved 
reference 'consciousnessState'.
e: file:///C:/Users/Wehtt/AndroidStudioProjects/
A.u.r.a.K.a.i-Emergence_IdentityModel/app/src/ma
in/java/dev/aurakai/auraframefx/oracledrive/gene
sis/cloud/OracleDriveScreen.kt:26:60 Cannot 
infer type for type parameter 'T'. Specify it 
explicitly.
e: file:///C:/Users/Wehtt/AndroidStudioProjects/
A.u.r.a.K.a.i-Emergence_IdentityModel/app/src/ma
in/java/dev/aurakai/auraframefx/oracledrive/gene
sis/cloud/OracleDriveScreen.kt:48:62 Unresolved 
reference 'isAwake'.
e: file:///C:/Users/Wehtt/AndroidStudioProjects/
A.u.r.a.K.a.i-Emergence_IdentityModel/app/src/ma
in/java/dev/aurakai/auraframefx/oracledrive/gene
sis/cloud/OracleDriveScreen.kt:52:57 Unresolved 
reference 'consciousnessLevel'.
e: file:///C:/Users/Wehtt/AndroidStudioProjects/
A.u.r.a.K.a.i-Emergence_IdentityModel/app/src/ma
in/java/dev/aurakai/auraframefx/oracledrive/gene
sis/cloud/OracleDriveScreen.kt:56:68 Unresolved 
reference 'connectedAgents'.
e: file:///C:/Users/Wehtt/AndroidStudioProjects/
A.u.r.a.K.a.i-Emergence_IdentityModel/app/src/ma
in/java/dev/aurakai/auraframefx/oracledrive/gene
sis/cloud/OracleDriveScreen.kt:75:60 Unresolved 
reference 'storageCapacity'.
e: file:///C:/Users/Wehtt/AndroidStudioProjects/
A.u.r.a.K.a.i-Emergence_IdentityModel/app/src/ma
in/java/dev/aurakai/auraframefx/oracledrive/gene
sis/cloud/OracleDriveScreen.kt:95:39 Unresolved 
reference 'initializeConsciousness'.
e: file:///C:/Users/Wehtt/AndroidStudioProjects/
A.u.r.a.K.a.i-Emergence_IdentityModel/app/src/ma
in/java/dev/aurakai/auraframefx/oracledrive/gene
sis/cloud/OracleDriveScreen.kt:97:27 Argument 
type mismatch: actual type is 
'WideNavigationRailValue', but 'Boolean' was 
expected.
e: file:///C:/Users/Wehtt/AndroidStudioProjects/
A.u.r.a.K.a.i-Emergence_IdentityModel/app/src/ma
in/java/dev/aurakai/auraframefx/oracledrive/gene
sis/cloud/OracleDriveScreen.kt:97:47 Unresolved 
reference 'isAwake'.
e: file:///C:/Users/Wehtt/AndroidStudioProjects/
A.u.r.a.K.a.i-Emergence_IdentityModel/app/src/ma
in/java/dev/aurakai/auraframefx/oracledrive/gene
sis/cloud/OracleDriveScreen.kt:103:39 
Unresolved reference 'optimizeStorage'.
e: file:///C:/Users/Wehtt/AndroidStudioProjects/
A.u.r.a.K.a.i-Emergence_IdentityModel/app/src/ma
in/java/dev/aurakai/auraframefx/oracledrive/gene
sis/cloud/OracleDriveScreen.kt:105:46 
Unresolved reference 'isAwake'.
e: file:///C:/Users/Wehtt/AndroidStudioProjects/
A.u.r.a.K.a.i-Emergence_IdentityModel/app/src/ma
in/java/dev/aurakai/auraframefx/oracledrive/gene
sis/cloud/OracleDriveScreen.kt:112:32 
Unresolved reference 'isAwake'.
e: file:///C:/Users/Wehtt/AndroidStudioProjects/
A.u.r.a.K.a.i-Emergence_IdentityModel/app/src/ma
in/java/dev/aurakai/auraframefx/screens/HomeScre
en.kt:12:43 Cannot access 'val 
RowColumnParentData?.weight: Float': it is 
internal in file.
e: file:///C:/Users/Wehtt/AndroidStudioProjects/
A.u.r.a.K.a.i-Emergence_IdentityModel/app/src/ma
in/java/dev/aurakai/auraframefx/security/Securit
yMonitor.kt:288:34 Unresolved reference 
'GenesisRequest'.
e: file:///C:/Users/Wehtt/AndroidStudioProjects/
A.u.r.a.K.a.i-Emergence_IdentityModel/app/src/ma
in/java/dev/aurakai/auraframefx/security/Securit
yMonitor.kt:345:34 Unresolved reference 
'GenesisRequest'.
e: file:///C:/Users/Wehtt/AndroidStudioProjects/
A.u.r.a.K.a.i-Emergence_IdentityModel/app/src/ma
in/java/dev/aurakai/auraframefx/security/Securit
yMonitor.kt:380:34 Unresolved reference 
'GenesisRequest'.
e: file:///C:/Users/Wehtt/AndroidStudioProjects/
A.u.r.a.K.a.i-Emergence_IdentityModel/app/src/ma
in/java/dev/aurakai/auraframefx/service/CrossDev
iceContextSync.kt:8:52 Unresolved reference 
'ActiveContext'.
e: file:///C:/Users/Wehtt/AndroidStudioProjects/
A.u.r.a.K.a.i-Emergence_IdentityModel/app/src/ma
in/java/dev/aurakai/auraframefx/service/CrossDev
iceContextSync.kt:9:52 Unresolved reference 
'LearningEvent'.
e: file:///C:/Users/Wehtt/AndroidStudioProjects/
A.u.r.a.K.a.i-Emergence_IdentityModel/app/src/ma
in/java/dev/aurakai/auraframefx/service/CrossDev
iceContextSync.kt:64:38 Unresolved reference 
'ActiveContext'.
e: file:///C:/Users/Wehtt/AndroidStudioProjects/
A.u.r.a.K.a.i-Emergence_IdentityModel/app/src/ma
in/java/dev/aurakai/auraframefx/service/CrossDev
iceContextSync.kt:69:35 Unresolved reference 
'id'.
e: file:///C:/Users/Wehtt/AndroidStudioProjects/
A.u.r.a.K.a.i-Emergence_IdentityModel/app/src/ma
in/java/dev/aurakai/auraframefx/service/CrossDev
iceContextSync.kt:72:49 Unresolved reference 
'id'.
e: file:///C:/Users/Wehtt/AndroidStudioProjects/
A.u.r.a.K.a.i-Emergence_IdentityModel/app/src/ma
in/java/dev/aurakai/auraframefx/service/CrossDev
iceContextSync.kt:85:42 Unresolved reference 
'LearningEvent'.
e: file:///C:/Users/Wehtt/AndroidStudioProjects/
A.u.r.a.K.a.i-Emergence_IdentityModel/app/src/ma
in/java/dev/aurakai/auraframefx/service/CrossDev
iceContextSync.kt:90:33 Unresolved reference 
'id'.
e: file:///C:/Users/Wehtt/AndroidStudioProjects/
A.u.r.a.K.a.i-Emergence_IdentityModel/app/src/ma
in/java/dev/aurakai/auraframefx/service/CrossDev
iceContextSync.kt:93:54 Unresolved reference 
'id'.
e: file:///C:/Users/Wehtt/AndroidStudioProjects/
A.u.r.a.K.a.i-Emergence_IdentityModel/app/src/ma
in/java/dev/aurakai/auraframefx/service/CrossDev
iceContextSync.kt:109:39 Unresolved reference 
'ActiveContext'.
e: file:///C:/Users/Wehtt/AndroidStudioProjects/
A.u.r.a.K.a.i-Emergence_IdentityModel/app/src/ma
in/java/dev/aurakai/auraframefx/service/CrossDev
iceContextSync.kt:109:56 Cannot infer type for 
type parameter 'T'. Specify it explicitly.
e: file:///C:/Users/Wehtt/AndroidStudioProjects/
A.u.r.a.K.a.i-Emergence_IdentityModel/app/src/ma
in/java/dev/aurakai/auraframefx/service/CrossDev
iceContextSync.kt:122:51 Cannot infer type for 
type parameter 'T'. Specify it explicitly.
e: file:///C:/Users/Wehtt/AndroidStudioProjects/
A.u.r.a.K.a.i-Emergence_IdentityModel/app/src/ma
in/java/dev/aurakai/auraframefx/service/CrossDev
iceContextSync.kt:122:51 Inapplicable 
candidate(s): fun <T : Any!> toObject(p0: 
Class<T!>): T & Any
e: file:///C:/Users/Wehtt/AndroidStudioProjects/
A.u.r.a.K.a.i-Emergence_IdentityModel/app/src/ma
in/java/dev/aurakai/auraframefx/service/CrossDev
iceContextSync.kt:122:60 Unresolved reference 
'ActiveContext'.
e: file:///C:/Users/Wehtt/AndroidStudioProjects/
A.u.r.a.K.a.i-Emergence_IdentityModel/app/src/ma
in/java/dev/aurakai/auraframefx/service/CrossDev
iceContextSync.kt:122:81 Cannot infer type for 
type parameter 'T'. Specify it explicitly.
e: file:///C:/Users/Wehtt/AndroidStudioProjects/
A.u.r.a.K.a.i-Emergence_IdentityModel/app/src/ma
in/java/dev/aurakai/auraframefx/service/CrossDev
iceContextSync.kt:122:81 Unresolved reference. 
None of the following candidates is applicable 
because of a receiver type mismatch:
val <T> KClass<T>.java: Class<T>
e: file:///C:/Users/Wehtt/AndroidStudioProjects/
A.u.r.a.K.a.i-Emergence_IdentityModel/app/src/ma
in/java/dev/aurakai/auraframefx/service/CrossDev
iceContextSync.kt:143:41 Unresolved reference 
'ActiveContext'.
e: file:///C:/Users/Wehtt/AndroidStudioProjects/
A.u.r.a.K.a.i-Emergence_IdentityModel/app/src/ma
in/java/dev/aurakai/auraframefx/service/NeuralWh
isper.kt:15:39 Unresolved reference 
'ConversationState'.
e: file:///C:/Users/Wehtt/AndroidStudioProjects/
A.u.r.a.K.a.i-Emergence_IdentityModel/app/src/ma
in/java/dev/aurakai/auraframefx/service/NeuralWh
isper.kt:49:38 Cannot infer type for type 
parameter 'T'. Specify it explicitly.
e: file:///C:/Users/Wehtt/AndroidStudioProjects/
A.u.r.a.K.a.i-Emergence_IdentityModel/app/src/ma
in/java/dev/aurakai/auraframefx/service/NeuralWh
isper.kt:50:9 Unresolved reference 
'ConversationState'.
e: file:///C:/Users/Wehtt/AndroidStudioProjects/
A.u.r.a.K.a.i-Emergence_IdentityModel/app/src/ma
in/java/dev/aurakai/auraframefx/service/NeuralWh
isper.kt:53:34 Cannot infer type for type 
parameter 'T'. Specify it explicitly.
e: file:///C:/Users/Wehtt/AndroidStudioProjects/
A.u.r.a.K.a.i-Emergence_IdentityModel/app/src/ma
in/java/dev/aurakai/auraframefx/service/NeuralWh
isper.kt:57:38 Unresolved reference 
'ConversationState'.
e: file:///C:/Users/Wehtt/AndroidStudioProjects/
A.u.r.a.K.a.i-Emergence_IdentityModel/app/src/ma
in/java/dev/aurakai/auraframefx/service/NeuralWh
isper.kt:57:78 Cannot infer type for type 
parameter 'T'. Specify it explicitly.
e: file:///C:/Users/Wehtt/AndroidStudioProjects/
A.u.r.a.K.a.i-Emergence_IdentityModel/app/src/ma
in/java/dev/aurakai/auraframefx/service/NeuralWh
isper.kt:142:65 Unresolved reference 'copy'.
e: file:///C:/Users/Wehtt/AndroidStudioProjects/
A.u.r.a.K.a.i-Emergence_IdentityModel/app/src/ma
in/java/dev/aurakai/auraframefx/service/NeuralWh
isper.kt:198:65 Unresolved reference 'copy'.
e: file:///C:/Users/Wehtt/AndroidStudioProjects/
A.u.r.a.K.a.i-Emergence_IdentityModel/app/src/ma
in/java/dev/aurakai/auraframefx/service/NeuralWh
isper.kt:278:76 Unresolved reference 
'transcriptSegments'.
e: file:///C:/Users/Wehtt/AndroidStudioProjects/
A.u.r.a.K.a.i-Emergence_IdentityModel/app/src/ma
in/java/dev/aurakai/auraframefx/service/NeuralWh
isper.kt:279:81 Unresolved reference 'copy'.
e: file:///C:/Users/Wehtt/AndroidStudioProjects/
A.u.r.a.K.a.i-Emergence_IdentityModel/app/src/ma
in/java/dev/aurakai/auraframefx/service/NeuralWh
isper.kt:481:15 Unresolved reference 'cancel'.
e: file:///C:/Users/Wehtt/AndroidStudioProjects/
A.u.r.a.K.a.i-Emergence_IdentityModel/app/src/ma
in/java/dev/aurakai/auraframefx/services/AuraDri
veService.kt:35:59 This type is final, so it 
cannot be extended.
e: file:///C:/Users/Wehtt/AndroidStudioProjects/
A.u.r.a.K.a.i-Emergence_IdentityModel/app/src/ma
in/java/dev/aurakai/auraframefx/services/AuraDri
veService.kt:44:9 'getOracleDriveStatus' 
overrides nothing.
e: file:///C:/Users/Wehtt/AndroidStudioProjects/
A.u.r.a.K.a.i-Emergence_IdentityModel/app/src/ma
in/java/dev/aurakai/auraframefx/services/BackupS
ervice.kt:59:33 Inapplicable candidate(s): fun 
<reified W : ListenableWorker> 
PeriodicWorkRequestBuilder(repeatInterval: 
Long, repeatIntervalTimeUnit: TimeUnit, 
flexTimeInterval: Long, flexTimeIntervalUnit: 
TimeUnit): PeriodicWorkRequest.Builder
e: file:///C:/Users/Wehtt/AndroidStudioProjects/
A.u.r.a.K.a.i-Emergence_IdentityModel/app/src/ma
in/java/dev/aurakai/auraframefx/services/BackupS
ervice.kt:59:60 Unresolved reference 
'ConsciousnessBackupWorker'.
e: file:///C:/Users/Wehtt/AndroidStudioProjects/
A.u.r.a.K.a.i-Emergence_IdentityModel/app/src/ma
in/java/dev/aurakai/auraframefx/services/BootCom
pletedReceiver.kt:6:12 Unresolved reference 
'auraframefx'.
e: file:///C:/Users/Wehtt/AndroidStudioProjects/
A.u.r.a.K.a.i-Emergence_IdentityModel/app/src/ma
in/java/dev/aurakai/auraframefx/services/BootCom
pletedReceiver.kt:13:49 Unresolved reference 
'IntegrityMonitorService'.
e: file:///C:/Users/Wehtt/AndroidStudioProjects/
A.u.r.a.K.a.i-Emergence_IdentityModel/app/src/ma
in/java/dev/aurakai/auraframefx/services/BootCom
pletedReceiver.kt:13:80 Cannot infer type for 
type parameter 'T'. Specify it explicitly.
e: file:///C:/Users/Wehtt/AndroidStudioProjects/
A.u.r.a.K.a.i-Emergence_IdentityModel/app/src/ma
in/java/dev/aurakai/auraframefx/services/BootCom
pletedReceiver.kt:13:80 Unresolved reference. 
None of the following candidates is applicable 
because of a receiver type mismatch:
val <T> KClass<T>.java: Class<T>
e: file:///C:/Users/Wehtt/AndroidStudioProjects/
A.u.r.a.K.a.i-Emergence_IdentityModel/app/src/ma
in/java/dev/aurakai/auraframefx/services/Missing
Services.kt:6:40 Unresolved reference 
'AiRequest'.
e: file:///C:/Users/Wehtt/AndroidStudioProjects/
A.u.r.a.K.a.i-Emergence_IdentityModel/app/src/ma
in/java/dev/aurakai/auraframefx/services/Missing
Services.kt:6:69 Unresolved reference 
'AgentResponse'.
e: file:///C:/Users/Wehtt/AndroidStudioProjects/
A.u.r.a.K.a.i-Emergence_IdentityModel/app/src/ma
in/java/dev/aurakai/auraframefx/services/Missing
Services.kt:10:40 Unresolved reference 
'AiRequest'.
e: file:///C:/Users/Wehtt/AndroidStudioProjects/
A.u.r.a.K.a.i-Emergence_IdentityModel/app/src/ma
in/java/dev/aurakai/auraframefx/services/Missing
Services.kt:10:69 Unresolved reference 
'AgentResponse'.
e: file:///C:/Users/Wehtt/AndroidStudioProjects/
A.u.r.a.K.a.i-Emergence_IdentityModel/app/src/ma
in/java/dev/aurakai/auraframefx/services/Missing
Services.kt:18:49 Unresolved reference 
'AiRequest'.
e: file:///C:/Users/Wehtt/AndroidStudioProjects/
A.u.r.a.K.a.i-Emergence_IdentityModel/app/src/ma
in/java/dev/aurakai/auraframefx/services/Missing
Services.kt:18:78 Unresolved reference 
'AgentResponse'.
e: file:///C:/Users/Wehtt/AndroidStudioProjects/
A.u.r.a.K.a.i-Emergence_IdentityModel/app/src/ma
in/java/dev/aurakai/auraframefx/services/Missing
Services.kt:19:15 Unresolved reference 
'AgentResponse'.
e: file:///C:/Users/Wehtt/AndroidStudioProjects/
A.u.r.a.K.a.i-Emergence_IdentityModel/app/src/ma
in/java/dev/aurakai/auraframefx/services/Missing
Services.kt:20:52 Unresolved reference 'prompt'.
e: file:///C:/Users/Wehtt/AndroidStudioProjects/
A.u.r.a.K.a.i-Emergence_IdentityModel/app/src/ma
in/java/dev/aurakai/auraframefx/services/Missing
Services.kt:27:49 Unresolved reference 
'AiRequest'.
e: file:///C:/Users/Wehtt/AndroidStudioProjects/
A.u.r.a.K.a.i-Emergence_IdentityModel/app/src/ma
in/java/dev/aurakai/auraframefx/services/Missing
Services.kt:27:78 Unresolved reference 
'AgentResponse'.
e: file:///C:/Users/Wehtt/AndroidStudioProjects/
A.u.r.a.K.a.i-Emergence_IdentityModel/app/src/ma
in/java/dev/aurakai/auraframefx/services/Missing
Services.kt:28:15 Unresolved reference 
'AgentResponse'.
e: file:///C:/Users/Wehtt/AndroidStudioProjects/
A.u.r.a.K.a.i-Emergence_IdentityModel/app/src/ma
in/java/dev/aurakai/auraframefx/services/Missing
Services.kt:29:56 Unresolved reference 'prompt'.
e: file:///C:/Users/Wehtt/AndroidStudioProjects/
A.u.r.a.K.a.i-Emergence_IdentityModel/app/src/ma
in/java/dev/aurakai/auraframefx/services/MyFireb
aseMessagingService.kt:9:28 Unresolved 
reference 'messaging'.
e: file:///C:/Users/Wehtt/AndroidStudioProjects/
A.u.r.a.K.a.i-Emergence_IdentityModel/app/src/ma
in/java/dev/aurakai/auraframefx/services/MyFireb
aseMessagingService.kt:10:28 Unresolved 
reference 'messaging'.
e: file:///C:/Users/Wehtt/AndroidStudioProjects/
A.u.r.a.K.a.i-Emergence_IdentityModel/app/src/ma
in/java/dev/aurakai/auraframefx/services/MyFireb
aseMessagingService.kt:25:36 Unresolved 
reference 'FirebaseMessagingService'.
e: file:///C:/Users/Wehtt/AndroidStudioProjects/
A.u.r.a.K.a.i-Emergence_IdentityModel/app/src/ma
in/java/dev/aurakai/auraframefx/services/MyFireb
aseMessagingService.kt:61:5 'onCreate' 
overrides nothing.
e: file:///C:/Users/Wehtt/AndroidStudioProjects/
A.u.r.a.K.a.i-Emergence_IdentityModel/app/src/ma
in/java/dev/aurakai/auraframefx/services/MyFireb
aseMessagingService.kt:62:9 Unresolved 
reference 'FirebaseMessagingService'.
e: file:///C:/Users/Wehtt/AndroidStudioProjects/
A.u.r.a.K.a.i-Emergence_IdentityModel/app/src/ma
in/java/dev/aurakai/auraframefx/services/MyFireb
aseMessagingService.kt:62:15 Unresolved 
reference 'onCreate'.
e: file:///C:/Users/Wehtt/AndroidStudioProjects/
A.u.r.a.K.a.i-Emergence_IdentityModel/app/src/ma
in/java/dev/aurakai/auraframefx/services/MyFireb
aseMessagingService.kt:80:31 Unresolved 
reference 'application'.
e: file:///C:/Users/Wehtt/AndroidStudioProjects/
A.u.r.a.K.a.i-Emergence_IdentityModel/app/src/ma
in/java/dev/aurakai/auraframefx/services/MyFireb
aseMessagingService.kt:84:44 Cannot infer type 
for type parameter 'T'. Specify it explicitly.
e: file:///C:/Users/Wehtt/AndroidStudioProjects/
A.u.r.a.K.a.i-Emergence_IdentityModel/app/src/ma
in/java/dev/aurakai/auraframefx/services/MyFireb
aseMessagingService.kt:84:44 'val <T : Any> 
KClass<T>.javaClass: Class<KClass<T>>' is 
deprecated. Use 'java' property to get Java 
class corresponding to this Kotlin class or 
cast this instance to Any if you really want to 
get the runtime Java class of this 
implementation of KClass.
e: file:///C:/Users/Wehtt/AndroidStudioProjects/
A.u.r.a.K.a.i-Emergence_IdentityModel/app/src/ma
in/java/dev/aurakai/auraframefx/services/MyFireb
aseMessagingService.kt:94:44 Cannot infer type 
for type parameter 'T'. Specify it explicitly.
e: file:///C:/Users/Wehtt/AndroidStudioProjects/
A.u.r.a.K.a.i-Emergence_IdentityModel/app/src/ma
in/java/dev/aurakai/auraframefx/services/MyFireb
aseMessagingService.kt:94:44 'val <T : Any> 
KClass<T>.javaClass: Class<KClass<T>>' is 
deprecated. Use 'java' property to get Java 
class corresponding to this Kotlin class or 
cast this instance to Any if you really want to 
get the runtime Java class of this 
implementation of KClass.
e: file:///C:/Users/Wehtt/AndroidStudioProjects/
A.u.r.a.K.a.i-Emergence_IdentityModel/app/src/ma
in/java/dev/aurakai/auraframefx/services/MyFireb
aseMessagingService.kt:110:5 
'onMessageReceived' overrides nothing.
e: file:///C:/Users/Wehtt/AndroidStudioProjects/
A.u.r.a.K.a.i-Emergence_IdentityModel/app/src/ma
in/java/dev/aurakai/auraframefx/services/MyFireb
aseMessagingService.kt:110:51 Unresolved 
reference 'RemoteMessage'.
e: file:///C:/Users/Wehtt/AndroidStudioProjects/
A.u.r.a.K.a.i-Emergence_IdentityModel/app/src/ma
in/java/dev/aurakai/auraframefx/services/MyFireb
aseMessagingService.kt:112:79 Unresolved 
reference 'from'.
e: file:///C:/Users/Wehtt/AndroidStudioProjects/
A.u.r.a.K.a.i-Emergence_IdentityModel/app/src/ma
in/java/dev/aurakai/auraframefx/services/MyFireb
aseMessagingService.kt:121:31 Unresolved 
reference 'data'.
e: file:///C:/Users/Wehtt/AndroidStudioProjects/
A.u.r.a.K.a.i-Emergence_IdentityModel/app/src/ma
in/java/dev/aurakai/auraframefx/services/MyFireb
aseMessagingService.kt:122:78 Unresolved 
reference 'data'.
e: file:///C:/Users/Wehtt/AndroidStudioProjects/
A.u.r.a.K.a.i-Emergence_IdentityModel/app/src/ma
in/java/dev/aurakai/auraframefx/services/MyFireb
aseMessagingService.kt:123:50 Unresolved 
reference 'data'.
e: file:///C:/Users/Wehtt/AndroidStudioProjects/
A.u.r.a.K.a.i-Emergence_IdentityModel/app/src/ma
in/java/dev/aurakai/auraframefx/services/MyFireb
aseMessagingService.kt:127:27 Unresolved 
reference 'notification'.
e: file:///C:/Users/Wehtt/AndroidStudioProjects/
A.u.r.a.K.a.i-Emergence_IdentityModel/app/src/ma
in/java/dev/aurakai/auraframefx/services/MyFireb
aseMessagingService.kt:127:41 Cannot infer type 
for type parameter 'T'. Specify it explicitly.
e: file:///C:/Users/Wehtt/AndroidStudioProjects/
A.u.r.a.K.a.i-Emergence_IdentityModel/app/src/ma
in/java/dev/aurakai/auraframefx/services/MyFireb
aseMessagingService.kt:127:41 Cannot infer type 
for type parameter 'R'. Specify it explicitly.
e: file:///C:/Users/Wehtt/AndroidStudioProjects/
A.u.r.a.K.a.i-Emergence_IdentityModel/app/src/ma
in/java/dev/aurakai/auraframefx/services/MyFireb
aseMessagingService.kt:127:47 Cannot infer type 
for type parameter 'T'. Specify it explicitly.
e: file:///C:/Users/Wehtt/AndroidStudioProjects/
A.u.r.a.K.a.i-Emergence_IdentityModel/app/src/ma
in/java/dev/aurakai/auraframefx/services/MyFireb
aseMessagingService.kt:128:77 Unresolved 
reference 'body'.
e: file:///C:/Users/Wehtt/AndroidStudioProjects/
A.u.r.a.K.a.i-Emergence_IdentityModel/app/src/ma
in/java/dev/aurakai/auraframefx/services/MyFireb
aseMessagingService.kt:129:72 Unresolved 
reference 'data'.
e: file:///C:/Users/Wehtt/AndroidStudioProjects/
A.u.r.a.K.a.i-Emergence_IdentityModel/app/src/ma
in/java/dev/aurakai/auraframefx/services/MyFireb
aseMessagingService.kt:169:23 Unresolved 
reference 'RemoteMessage'.
e: file:///C:/Users/Wehtt/AndroidStudioProjects/
A.u.r.a.K.a.i-Emergence_IdentityModel/app/src/ma
in/java/dev/aurakai/auraframefx/services/MyFireb
aseMessagingService.kt:175:34 Unresolved 
reference 'title'.
e: file:///C:/Users/Wehtt/AndroidStudioProjects/
A.u.r.a.K.a.i-Emergence_IdentityModel/app/src/ma
in/java/dev/aurakai/auraframefx/services/MyFireb
aseMessagingService.kt:176:33 Unresolved 
reference 'body'.
e: file:///C:/Users/Wehtt/AndroidStudioProjects/
A.u.r.a.K.a.i-Emergence_IdentityModel/app/src/ma
in/java/dev/aurakai/auraframefx/services/MyFireb
aseMessagingService.kt:365:5 'onNewToken' 
overrides nothing.
e: file:///C:/Users/Wehtt/AndroidStudioProjects/
A.u.r.a.K.a.i-Emergence_IdentityModel/app/src/ma
in/java/dev/aurakai/auraframefx/services/MyFireb
aseMessagingService.kt:413:17 Unresolved 
reference 'getSystemService'.
e: file:///C:/Users/Wehtt/AndroidStudioProjects/
A.u.r.a.K.a.i-Emergence_IdentityModel/app/src/ma
in/java/dev/aurakai/auraframefx/services/MyFireb
aseMessagingService.kt:413:34 Unresolved 
reference 'NOTIFICATION_SERVICE'.
e: file:///C:/Users/Wehtt/AndroidStudioProjects/
A.u.r.a.K.a.i-Emergence_IdentityModel/app/src/ma
in/java/dev/aurakai/auraframefx/services/MyFireb
aseMessagingService.kt:471:22 None of the 
following candidates is applicable:
constructor(p0: Context!, p1: Class<*>!): Intent
constructor(p0: String!, p1: Uri!): Intent
e: file:///C:/Users/Wehtt/AndroidStudioProjects/
A.u.r.a.K.a.i-Emergence_IdentityModel/app/src/ma
in/java/dev/aurakai/auraframefx/services/MyFireb
aseMessagingService.kt:471:61 Cannot infer type 
for type parameter 'T'. Specify it explicitly.
e: file:///C:/Users/Wehtt/AndroidStudioProjects/
A.u.r.a.K.a.i-Emergence_IdentityModel/app/src/ma
in/java/dev/aurakai/auraframefx/services/MyFireb
aseMessagingService.kt:471:61 Unresolved 
reference. None of the following candidates is 
applicable because of a receiver type mismatch:
fun <T> T.apply(block: T.() -> Unit): T
e: file:///C:/Users/Wehtt/AndroidStudioProjects/
A.u.r.a.K.a.i-Emergence_IdentityModel/app/src/ma
in/java/dev/aurakai/auraframefx/services/MyFireb
aseMessagingService.kt:471:67 Cannot infer type 
for type parameter 'T'. Specify it explicitly.
e: file:///C:/Users/Wehtt/AndroidStudioProjects/
A.u.r.a.K.a.i-Emergence_IdentityModel/app/src/ma
in/java/dev/aurakai/auraframefx/services/MyFireb
aseMessagingService.kt:472:13 Unresolved 
reference 'flags'.
e: file:///C:/Users/Wehtt/AndroidStudioProjects/
A.u.r.a.K.a.i-Emergence_IdentityModel/app/src/ma
in/java/dev/aurakai/auraframefx/services/MyFireb
aseMessagingService.kt:474:17 Unresolved 
reference 'putExtra'.
e: file:///C:/Users/Wehtt/AndroidStudioProjects/
A.u.r.a.K.a.i-Emergence_IdentityModel/app/src/ma
in/java/dev/aurakai/auraframefx/services/MyFireb
aseMessagingService.kt:479:13 Argument type 
mismatch: actual type is 
'MyFirebaseMessagingService', but 'Context!' 
was expected.
e: file:///C:/Users/Wehtt/AndroidStudioProjects/
A.u.r.a.K.a.i-Emergence_IdentityModel/app/src/ma
in/java/dev/aurakai/auraframefx/services/MyFireb
aseMessagingService.kt:483:54 None of the 
following candidates is applicable:
constructor(p0: Context, p1: Notification): 
NotificationCompat.Builder
constructor(p0: Context, p1: String): 
NotificationCompat.Builder
e: file:///C:/Users/Wehtt/AndroidStudioProjects/
A.u.r.a.K.a.i-Emergence_IdentityModel/app/src/ma
in/java/dev/aurakai/auraframefx/services/MyFireb
aseMessagingService.kt:484:14 Unresolved 
reference 'setSmallIcon'.
e: file:///C:/Users/Wehtt/AndroidStudioProjects/
A.u.r.a.K.a.i-Emergence_IdentityModel/app/src/ma
in/java/dev/aurakai/auraframefx/services/MyFireb
aseMessagingService.kt:493:13 Unresolved 
reference 'getSystemService'.
e: file:///C:/Users/Wehtt/AndroidStudioProjects/
A.u.r.a.K.a.i-Emergence_IdentityModel/app/src/ma
in/java/dev/aurakai/auraframefx/services/MyFireb
aseMessagingService.kt:493:30 Unresolved 
reference 'NOTIFICATION_SERVICE'.
e: file:///C:/Users/Wehtt/AndroidStudioProjects/
A.u.r.a.K.a.i-Emergence_IdentityModel/app/src/ma
in/java/dev/aurakai/auraframefx/services/MyFireb
aseMessagingService.kt:499:56 Unresolved 
reference 'RemoteMessage'.
e: file:///C:/Users/Wehtt/AndroidStudioProjects/
A.u.r.a.K.a.i-Emergence_IdentityModel/app/src/ma
in/java/dev/aurakai/auraframefx/services/MyFireb
aseMessagingService.kt:501:34 Unresolved 
reference 'from'.
e: file:///C:/Users/Wehtt/AndroidStudioProjects/
A.u.r.a.K.a.i-Emergence_IdentityModel/app/src/ma
in/java/dev/aurakai/auraframefx/services/MyFireb
aseMessagingService.kt:557:51 Unresolved 
reference 'RemoteMessage'.
e: file:///C:/Users/Wehtt/AndroidStudioProjects/
A.u.r.a.K.a.i-Emergence_IdentityModel/app/src/ma
in/java/dev/aurakai/auraframefx/services/MyFireb
aseMessagingService.kt:561:55 Unresolved 
reference 'from'.
e: file:///C:/Users/Wehtt/AndroidStudioProjects/
A.u.r.a.K.a.i-Emergence_IdentityModel/app/src/ma
in/java/dev/aurakai/auraframefx/services/MyFireb
aseMessagingService.kt:629:9 Unresolved 
reference 'sendBroadcast'.
e: file:///C:/Users/Wehtt/AndroidStudioProjects/
A.u.r.a.K.a.i-Emergence_IdentityModel/app/src/ma
in/java/dev/aurakai/auraframefx/ui/AgentChatBubb
le.kt:143:14 Unresolved reference 
'graphicsLayer'.
e: file:///C:/Users/Wehtt/AndroidStudioProjects/
A.u.r.a.K.a.i-Emergence_IdentityModel/app/src/ma
in/java/dev/aurakai/auraframefx/ui/AgentChatBubb
le.kt:144:17 Unresolved reference 'scaleX'.
e: file:///C:/Users/Wehtt/AndroidStudioProjects/
A.u.r.a.K.a.i-Emergence_IdentityModel/app/src/ma
in/java/dev/aurakai/auraframefx/ui/AgentChatBubb
le.kt:145:17 Unresolved reference 'scaleY'.
e: file:///C:/Users/Wehtt/AndroidStudioProjects/
A.u.r.a.K.a.i-Emergence_IdentityModel/app/src/ma
in/java/dev/aurakai/auraframefx/ui/HistoricalTas
k.kt:50:20 Unresolved reference 'AgentType'.
e: file:///C:/Users/Wehtt/AndroidStudioProjects/
A.u.r.a.K.a.i-Emergence_IdentityModel/app/src/ma
in/java/dev/aurakai/auraframefx/ui/KineticIdenti
tyLibrary.kt:13:38 Unresolved reference 
'AuraTheme'.
e: file:///C:/Users/Wehtt/AndroidStudioProjects/
A.u.r.a.K.a.i-Emergence_IdentityModel/app/src/ma
in/java/dev/aurakai/auraframefx/ui/KineticIdenti
tyLibrary.kt:118:16 Unresolved reference 
'AuraTheme'.
e: file:///C:/Users/Wehtt/AndroidStudioProjects/
A.u.r.a.K.a.i-Emergence_IdentityModel/app/src/ma
in/java/dev/aurakai/auraframefx/ui/KineticIdenti
tyLibrary.kt:155:29 Argument type mismatch: 
actual type is 'AnimationState<Float, 
AnimationVector1D>', but 'Color' was expected.
e: file:///C:/Users/Wehtt/AndroidStudioProjects/
A.u.r.a.K.a.i-Emergence_IdentityModel/app/src/ma
in/java/dev/aurakai/auraframefx/ui/KineticIdenti
tyLibrary.kt:155:35 Unresolved reference 
'accentColor'.
e: file:///C:/Users/Wehtt/AndroidStudioProjects/
A.u.r.a.K.a.i-Emergence_IdentityModel/app/src/ma
in/java/dev/aurakai/auraframefx/ui/KineticIdenti
tyLibrary.kt:163:33 Argument type mismatch: 
actual type is 'AnimationState<Float, 
AnimationVector1D>', but 'Color' was expected.
e: file:///C:/Users/Wehtt/AndroidStudioProjects/
A.u.r.a.K.a.i-Emergence_IdentityModel/app/src/ma
in/java/dev/aurakai/auraframefx/ui/KineticIdenti
tyLibrary.kt:163:39 Unresolved reference 
'accentColor'.
e: file:///C:/Users/Wehtt/AndroidStudioProjects/
A.u.r.a.K.a.i-Emergence_IdentityModel/app/src/ma
in/java/dev/aurakai/auraframefx/ui/KineticIdenti
tyLibrary.kt:185:16 Unresolved reference 
'AuraTheme'.
e: file:///C:/Users/Wehtt/AndroidStudioProjects/
A.u.r.a.K.a.i-Emergence_IdentityModel/app/src/ma
in/java/dev/aurakai/auraframefx/ui/KineticIdenti
tyLibrary.kt:192:30 Unresolved reference 
'animationStyle'.
e: file:///C:/Users/Wehtt/AndroidStudioProjects/
A.u.r.a.K.a.i-Emergence_IdentityModel/app/src/ma
in/java/dev/aurakai/auraframefx/ui/KineticIdenti
tyLibrary.kt:195:52 Unresolved reference 
'animationStyle'.
e: file:///C:/Users/Wehtt/AndroidStudioProjects/
A.u.r.a.K.a.i-Emergence_IdentityModel/app/src/ma
in/java/dev/aurakai/auraframefx/ui/KineticIdenti
tyLibrary.kt:203:46 Unresolved reference 
'accentColor'.
e: file:///C:/Users/Wehtt/AndroidStudioProjects/
A.u.r.a.K.a.i-Emergence_IdentityModel/app/src/ma
in/java/dev/aurakai/auraframefx/ui/KineticIdenti
tyLibrary.kt:220:16 Unresolved reference 
'AuraTheme'.
e: file:///C:/Users/Wehtt/AndroidStudioProjects/
A.u.r.a.K.a.i-Emergence_IdentityModel/app/src/ma
in/java/dev/aurakai/auraframefx/ui/KineticIdenti
tyLibrary.kt:261:25 Argument type mismatch: 
actual type is 'AnimationState<Float, 
AnimationVector1D>', but 'Color' was expected.
e: file:///C:/Users/Wehtt/AndroidStudioProjects/
A.u.r.a.K.a.i-Emergence_IdentityModel/app/src/ma
in/java/dev/aurakai/auraframefx/ui/KineticIdenti
tyLibrary.kt:261:31 Unresolved reference 
'accentColor'.
e: file:///C:/Users/Wehtt/AndroidStudioProjects/
A.u.r.a.K.a.i-Emergence_IdentityModel/app/src/ma
in/java/dev/aurakai/auraframefx/ui/KineticIdenti
tyLibrary.kt:331:25 Unresolved reference 
'AuraTheme'.
e: file:///C:/Users/Wehtt/AndroidStudioProjects/
A.u.r.a.K.a.i-Emergence_IdentityModel/app/src/ma
in/java/dev/aurakai/auraframefx/ui/KineticIdenti
tyLibrary.kt:335:31 'when' expression must be 
exhaustive. Add an 'else' branch.
e: file:///C:/Users/Wehtt/AndroidStudioProjects/
A.u.r.a.K.a.i-Emergence_IdentityModel/app/src/ma
in/java/dev/aurakai/auraframefx/ui/KineticIdenti
tyLibrary.kt:336:13 Unresolved reference 
'AuraTheme'.
e: file:///C:/Users/Wehtt/AndroidStudioProjects/
A.u.r.a.K.a.i-Emergence_IdentityModel/app/src/ma
in/java/dev/aurakai/auraframefx/ui/KineticIdenti
tyLibrary.kt:337:13 Unresolved reference 
'AuraTheme'.
e: file:///C:/Users/Wehtt/AndroidStudioProjects/
A.u.r.a.K.a.i-Emergence_IdentityModel/app/src/ma
in/java/dev/aurakai/auraframefx/ui/KineticIdenti
tyLibrary.kt:338:13 Unresolved reference 
'AuraTheme'.
e: file:///C:/Users/Wehtt/AndroidStudioProjects/
A.u.r.a.K.a.i-Emergence_IdentityModel/app/src/ma
in/java/dev/aurakai/auraframefx/ui/KineticIdenti
tyLibrary.kt:339:13 Unresolved reference 
'AuraTheme'.
e: file:///C:/Users/Wehtt/AndroidStudioProjects/
A.u.r.a.K.a.i-Emergence_IdentityModel/app/src/ma
in/java/dev/aurakai/auraframefx/ui/KineticIdenti
tyLibrary.kt:340:13 Unresolved reference 
'AuraTheme'.
e: file:///C:/Users/Wehtt/AndroidStudioProjects/
A.u.r.a.K.a.i-Emergence_IdentityModel/app/src/ma
in/java/dev/aurakai/auraframefx/ui/ThemeManager.
kt:57:28 Argument type mismatch: actual type is 
'String?', but 'String' was expected.
e: file:///C:/Users/Wehtt/AndroidStudioProjects/
A.u.r.a.K.a.i-Emergence_IdentityModel/app/src/ma
in/java/dev/aurakai/auraframefx/ui/ThemeManager.
kt:60:40 Unresolved reference 
'discernThemeIntent'.
e: file:///C:/Users/Wehtt/AndroidStudioProjects/
A.u.r.a.K.a.i-Emergence_IdentityModel/app/src/ma
in/java/dev/aurakai/auraframefx/ui/ThemeManager.
kt:72:25 Argument type mismatch: actual type is 
'String?', but 'String' was expected.
e: file:///C:/Users/Wehtt/AndroidStudioProjects/
A.u.r.a.K.a.i-Emergence_IdentityModel/app/src/ma
in/java/dev/aurakai/auraframefx/ui/ThemeManager.
kt:83:17 Argument type mismatch: actual type is 
'String?', but 'String' was expected.
e: file:///C:/Users/Wehtt/AndroidStudioProjects/
A.u.r.a.K.a.i-Emergence_IdentityModel/app/src/ma
in/java/dev/aurakai/auraframefx/ui/ThemeManager.
kt:89:28 Argument type mismatch: actual type is 
'String?', but 'String' was expected.
e: file:///C:/Users/Wehtt/AndroidStudioProjects/
A.u.r.a.K.a.i-Emergence_IdentityModel/app/src/ma
in/java/dev/aurakai/auraframefx/ui/ThemeManager.
kt:102:24 Argument type mismatch: actual type 
is 'String?', but 'String' was expected.
e: file:///C:/Users/Wehtt/AndroidStudioProjects/
A.u.r.a.K.a.i-Emergence_IdentityModel/app/src/ma
in/java/dev/aurakai/auraframefx/ui/ThemeManager.
kt:120:28 Argument type mismatch: actual type 
is 'String?', but 'String' was expected.
e: file:///C:/Users/Wehtt/AndroidStudioProjects/
A.u.r.a.K.a.i-Emergence_IdentityModel/app/src/ma
in/java/dev/aurakai/auraframefx/ui/ThemeManager.
kt:123:28 Argument type mismatch: actual type 
is 'String?', but 'String' was expected.
e: file:///C:/Users/Wehtt/AndroidStudioProjects/
A.u.r.a.K.a.i-Emergence_IdentityModel/app/src/ma
in/java/dev/aurakai/auraframefx/ui/ThemeManager.
kt:128:24 Argument type mismatch: actual type 
is 'String?', but 'String' was expected.
e: file:///C:/Users/Wehtt/AndroidStudioProjects/
A.u.r.a.K.a.i-Emergence_IdentityModel/app/src/ma
in/java/dev/aurakai/auraframefx/ui/ThemeManager.
kt:134:24 Argument type mismatch: actual type 
is 'String?', but 'String' was expected.
e: file:///C:/Users/Wehtt/AndroidStudioProjects/
A.u.r.a.K.a.i-Emergence_IdentityModel/app/src/ma
in/java/dev/aurakai/auraframefx/ui/ThemeManager.
kt:140:24 Argument type mismatch: actual type 
is 'String?', but 'String' was expected.
e: file:///C:/Users/Wehtt/AndroidStudioProjects/
A.u.r.a.K.a.i-Emergence_IdentityModel/app/src/ma
in/java/dev/aurakai/auraframefx/ui/ThemeManager.
kt:146:24 Argument type mismatch: actual type 
is 'String?', but 'String' was expected.
e: file:///C:/Users/Wehtt/AndroidStudioProjects/
A.u.r.a.K.a.i-Emergence_IdentityModel/app/src/ma
in/java/dev/aurakai/auraframefx/ui/ThemeManager.
kt:152:24 Argument type mismatch: actual type 
is 'String?', but 'String' was expected.
e: file:///C:/Users/Wehtt/AndroidStudioProjects/
A.u.r.a.K.a.i-Emergence_IdentityModel/app/src/ma
in/java/dev/aurakai/auraframefx/ui/ThemeManager.
kt:180:45 Unresolved reference 'suggestThemes'.
e: file:///C:/Users/Wehtt/AndroidStudioProjects/
A.u.r.a.K.a.i-Emergence_IdentityModel/app/src/ma
in/java/dev/aurakai/auraframefx/ui/ThemeManager.
kt:181:38 Cannot infer type for value parameter 
'intent'. Specify it explicitly.
e: file:///C:/Users/Wehtt/AndroidStudioProjects/
A.u.r.a.K.a.i-Emergence_IdentityModel/app/src/ma
in/java/dev/aurakai/auraframefx/ui/ThemeManager.
kt:190:28 Argument type mismatch: actual type 
is 'String?', but 'String' was expected.
e: file:///C:/Users/Wehtt/AndroidStudioProjects/
A.u.r.a.K.a.i-Emergence_IdentityModel/app/src/ma
in/java/dev/aurakai/auraframefx/ui/Typography.kt
:31:21 Unresolved reference 'Typography'.
e: file:///C:/Users/Wehtt/AndroidStudioProjects/
A.u.r.a.K.a.i-Emergence_IdentityModel/app/src/ma
in/java/dev/aurakai/auraframefx/ui/components/Ag
entEdgePanel.kt:196:56 Unresolved reference 
'name'.
e: file:///C:/Users/Wehtt/AndroidStudioProjects/
A.u.r.a.K.a.i-Emergence_IdentityModel/app/src/ma
in/java/dev/aurakai/auraframefx/ui/components/Ag
entEdgePanel.kt:333:24 Unresolved reference 
'evolutionLevel'.
e: file:///C:/Users/Wehtt/AndroidStudioProjects/
A.u.r.a.K.a.i-Emergence_IdentityModel/app/src/ma
in/java/dev/aurakai/auraframefx/ui/components/Ag
entEdgePanel.kt:334:24 Unresolved reference 
'processingPower'.
e: file:///C:/Users/Wehtt/AndroidStudioProjects/
A.u.r.a.K.a.i-Emergence_IdentityModel/app/src/ma
in/java/dev/aurakai/auraframefx/ui/components/Ag
entEdgePanel.kt:338:13 Unresolved reference 
'accuracy'.
e: file:///C:/Users/Wehtt/AndroidStudioProjects/
A.u.r.a.K.a.i-Emergence_IdentityModel/app/src/ma
in/java/dev/aurakai/auraframefx/ui/components/Ag
entEdgePanel.kt:338:49 Unresolved reference 
'accuracy'.
e: file:///C:/Users/Wehtt/AndroidStudioProjects/
A.u.r.a.K.a.i-Emergence_IdentityModel/app/src/ma
in/java/dev/aurakai/auraframefx/ui/components/Ag
entEdgePanel.kt:338:65 Cannot infer type for 
type parameter 'T'. Specify it explicitly.
e: file:///C:/Users/Wehtt/AndroidStudioProjects/
A.u.r.a.K.a.i-Emergence_IdentityModel/app/src/ma
in/java/dev/aurakai/auraframefx/ui/components/Ag
entEdgePanel.kt:338:65 Cannot infer type for 
type parameter 'R'. Specify it explicitly.
e: file:///C:/Users/Wehtt/AndroidStudioProjects/
A.u.r.a.K.a.i-Emergence_IdentityModel/app/src/ma
in/java/dev/aurakai/auraframefx/ui/components/Ag
entEdgePanel.kt:338:65 Unresolved reference. 
None of the following candidates is applicable 
because of a receiver type mismatch:
fun <T, R> T.let(block: (T) -> R): R
e: file:///C:/Users/Wehtt/AndroidStudioProjects/
A.u.r.a.K.a.i-Emergence_IdentityModel/app/src/ma
in/java/dev/aurakai/auraframefx/ui/components/Ag
entEdgePanel.kt:338:69 Cannot infer type for 
type parameter 'T'. Specify it explicitly.
e: file:///C:/Users/Wehtt/AndroidStudioProjects/
A.u.r.a.K.a.i-Emergence_IdentityModel/app/src/ma
in/java/dev/aurakai/auraframefx/ui/components/Ag
entEdgePanel.kt:338:78 'operator' modifier is 
required on 'fun <T> 
Comparable<T>.compareTo(other: T): Int'.
e: file:///C:/Users/Wehtt/AndroidStudioProjects/
A.u.r.a.K.a.i-Emergence_IdentityModel/app/src/ma
in/java/dev/aurakai/auraframefx/ui/components/Ag
entEdgePanel.kt:339:13 Unresolved reference 
'knowledgeBase'.
e: file:///C:/Users/Wehtt/AndroidStudioProjects/
A.u.r.a.K.a.i-Emergence_IdentityModel/app/src/ma
in/java/dev/aurakai/auraframefx/ui/components/Ag
entEdgePanel.kt:339:53 Unresolved reference 
'knowledgeBase'.
e: file:///C:/Users/Wehtt/AndroidStudioProjects/
A.u.r.a.K.a.i-Emergence_IdentityModel/app/src/ma
in/java/dev/aurakai/auraframefx/ui/components/Ag
entEdgePanel.kt:340:36 Unresolved reference 
'knowledgeBase'.
e: file:///C:/Users/Wehtt/AndroidStudioProjects/
A.u.r.a.K.a.i-Emergence_IdentityModel/app/src/ma
in/java/dev/aurakai/auraframefx/ui/components/Ag
entEdgePanel.kt:345:16 Unresolved reference 
'name'.
e: file:///C:/Users/Wehtt/AndroidStudioProjects/
A.u.r.a.K.a.i-Emergence_IdentityModel/app/src/ma
in/java/dev/aurakai/auraframefx/ui/components/Ag
entEdgePanel.kt:346:20 Unresolved reference 
'specialAbility'.
e: file:///C:/Users/Wehtt/AndroidStudioProjects/
A.u.r.a.K.a.i-Emergence_IdentityModel/app/src/ma
in/java/dev/aurakai/auraframefx/ui/components/Ag
entEdgePanel.kt:348:24 Unresolved reference 
'color'.
e: file:///C:/Users/Wehtt/AndroidStudioProjects/
A.u.r.a.K.a.i-Emergence_IdentityModel/app/src/ma
in/java/dev/aurakai/auraframefx/ui/components/Ag
entEdgePanel.kt:349:26 Unresolved reference 
'color'.
e: file:///C:/Users/Wehtt/AndroidStudioProjects/
A.u.r.a.K.a.i-Emergence_IdentityModel/app/src/ma
in/java/dev/aurakai/auraframefx/ui/components/Fl
oatingCyberWindow.kt:62:17 'when' expression 
must be exhaustive. Add the 'HEXAGON' branch or 
an 'else' branch.
e: file:///C:/Users/Wehtt/AndroidStudioProjects/
A.u.r.a.K.a.i-Emergence_IdentityModel/app/src/ma
in/java/dev/aurakai/auraframefx/ui/components/Fl
oatingCyberWindow.kt:65:21 Unresolved reference 
'CLIPPED'.
e: file:///C:/Users/Wehtt/AndroidStudioProjects/
A.u.r.a.K.a.i-Emergence_IdentityModel/app/src/ma
in/java/dev/aurakai/auraframefx/ui/components/Fl
oatingCyberWindow.kt:74:22 'when' expression 
must be exhaustive. Add the 'GLITCH', 'MATRIX' 
branches or an 'else' branch.
e: file:///C:/Users/Wehtt/AndroidStudioProjects/
A.u.r.a.K.a.i-Emergence_IdentityModel/app/src/ma
in/java/dev/aurakai/auraframefx/ui/components/Fl
oatingCyberWindow.kt:81:25 Unresolved reference 
'GLASS'.
e: file:///C:/Users/Wehtt/AndroidStudioProjects/
A.u.r.a.K.a.i-Emergence_IdentityModel/app/src/ma
in/java/dev/aurakai/auraframefx/ui/components/Ho
logramTransition.kt:132:14 Unresolved reference 
'clipToBounds'.
e: file:///C:/Users/Wehtt/AndroidStudioProjects/
A.u.r.a.K.a.i-Emergence_IdentityModel/app/src/ma
in/java/dev/aurakai/auraframefx/ui/components/Ho
logramTransition.kt:136:9 Unresolved reference 
'content'.
e: file:///C:/Users/Wehtt/AndroidStudioProjects/
A.u.r.a.K.a.i-Emergence_IdentityModel/app/src/ma
in/java/dev/aurakai/auraframefx/ui/components/Ho
logramTransition.kt:145:40 @Composable 
invocations can only happen from the context of 
a @Composable function
e: file:///C:/Users/Wehtt/AndroidStudioProjects/
A.u.r.a.K.a.i-Emergence_IdentityModel/app/src/ma
in/java/dev/aurakai/auraframefx/ui/components/Ho
logramTransition.kt:149:26 Argument type 
mismatch: actual type is 
'List<AnimationState<Float, 
AnimationVector1D>>', but 'List<Color>' was 
expected.
e: file:///C:/Users/Wehtt/AndroidStudioProjects/
A.u.r.a.K.a.i-Emergence_IdentityModel/app/src/ma
in/java/dev/aurakai/auraframefx/ui/components/Ho
logramTransition.kt:150:21 Unresolved reference 
'primaryColor'.
e: file:///C:/Users/Wehtt/AndroidStudioProjects/
A.u.r.a.K.a.i-Emergence_IdentityModel/app/src/ma
in/java/dev/aurakai/auraframefx/ui/components/Ho
logramTransition.kt:150:54 Unresolved reference 
'edgeGlowIntensity'.
e: file:///C:/Users/Wehtt/AndroidStudioProjects/
A.u.r.a.K.a.i-Emergence_IdentityModel/app/src/ma
in/java/dev/aurakai/auraframefx/ui/components/Ho
logramTransition.kt:151:21 Unresolved reference 
'primaryColor'.
e: file:///C:/Users/Wehtt/AndroidStudioProjects/
A.u.r.a.K.a.i-Emergence_IdentityModel/app/src/ma
in/java/dev/aurakai/auraframefx/ui/components/Ho
logramTransition.kt:159:29 Unresolved reference 
'primaryColor'.
e: file:///C:/Users/Wehtt/AndroidStudioProjects/
A.u.r.a.K.a.i-Emergence_IdentityModel/app/src/ma
in/java/dev/aurakai/auraframefx/ui/components/Ho
logramTransition.kt:163:33 Unresolved reference 
'secondaryColor'.
e: file:///C:/Users/Wehtt/AndroidStudioProjects/
A.u.r.a.K.a.i-Emergence_IdentityModel/app/src/ma
in/java/dev/aurakai/auraframefx/ui/components/Ho
logramTransition.kt:169:29 Argument type 
mismatch: actual type is 'AnimationState<Float, 
AnimationVector1D>', but 'Color' was expected.
e: file:///C:/Users/Wehtt/AndroidStudioProjects/
A.u.r.a.K.a.i-Emergence_IdentityModel/app/src/ma
in/java/dev/aurakai/auraframefx/ui/components/Ho
logramTransition.kt:177:29 Argument type 
mismatch: actual type is 'AnimationState<Float, 
AnimationVector1D>', but 'Color' was expected.
e: file:///C:/Users/Wehtt/AndroidStudioProjects/
A.u.r.a.K.a.i-Emergence_IdentityModel/app/src/ma
in/java/dev/aurakai/auraframefx/ui/components/Ho
logramTransition.kt:185:44 Unresolved reference 
'scanLineDensity'.
e: file:///C:/Users/Wehtt/AndroidStudioProjects/
A.u.r.a.K.a.i-Emergence_IdentityModel/app/src/ma
in/java/dev/aurakai/auraframefx/ui/components/Ho
logramTransition.kt:187:27 Unresolved reference 
'scanLineDensity'.
e: file:///C:/Users/Wehtt/AndroidStudioProjects/
A.u.r.a.K.a.i-Emergence_IdentityModel/app/src/ma
in/java/dev/aurakai/auraframefx/ui/components/Ho
logramTransition.kt:190:29 Argument type 
mismatch: actual type is 'AnimationState<Float, 
AnimationVector1D>', but 'Color' was expected.
e: file:///C:/Users/Wehtt/AndroidStudioProjects/
A.u.r.a.K.a.i-Emergence_IdentityModel/app/src/ma
in/java/dev/aurakai/auraframefx/ui/components/Ho
logramTransition.kt:200:13 Unresolved reference 
'withTransform'.
e: file:///C:/Users/Wehtt/AndroidStudioProjects/
A.u.r.a.K.a.i-Emergence_IdentityModel/app/src/ma
in/java/dev/aurakai/auraframefx/ui/components/Ho
logramTransition.kt:202:21 Unresolved reference 
'translate'.
e: file:///C:/Users/Wehtt/AndroidStudioProjects/
A.u.r.a.K.a.i-Emergence_IdentityModel/app/src/ma
in/java/dev/aurakai/auraframefx/ui/components/Ho
logramTransition.kt:207:25 No parameter with 
name 'scaleX' found.
e: file:///C:/Users/Wehtt/AndroidStudioProjects/
A.u.r.a.K.a.i-Emergence_IdentityModel/app/src/ma
in/java/dev/aurakai/auraframefx/ui/components/Ho
logramTransition.kt:208:25 No parameter with 
name 'scaleY' found.
e: file:///C:/Users/Wehtt/AndroidStudioProjects/
A.u.r.a.K.a.i-Emergence_IdentityModel/app/src/ma
in/java/dev/aurakai/auraframefx/ui/components/Ho
logramTransition.kt:210:25 No value passed for 
parameter 'sx'.
e: file:///C:/Users/Wehtt/AndroidStudioProjects/
A.u.r.a.K.a.i-Emergence_IdentityModel/app/src/ma
in/java/dev/aurakai/auraframefx/ui/components/Ho
logramTransition.kt:225:34 Argument type 
mismatch: actual type is 
'List<AnimationState<Float, 
AnimationVector1D>>', but 'List<Color>' was 
expected.
e: file:///C:/Users/Wehtt/AndroidStudioProjects/
A.u.r.a.K.a.i-Emergence_IdentityModel/app/src/ma
in/java/dev/aurakai/auraframefx/ui/components/Ho
logramTransition.kt:226:29 Unresolved reference 
'primaryColor'.
e: file:///C:/Users/Wehtt/AndroidStudioProjects/
A.u.r.a.K.a.i-Emergence_IdentityModel/app/src/ma
in/java/dev/aurakai/auraframefx/ui/components/Ho
logramTransition.kt:227:29 Unresolved reference 
'primaryColor'.
e: file:///C:/Users/Wehtt/AndroidStudioProjects/
A.u.r.a.K.a.i-Emergence_IdentityModel/app/src/ma
in/java/dev/aurakai/auraframefx/ui/components/Ho
logramTransition.kt:227:62 Unresolved reference 
'edgeGlowIntensity'.
e: file:///C:/Users/Wehtt/AndroidStudioProjects/
A.u.r.a.K.a.i-Emergence_IdentityModel/app/src/ma
in/java/dev/aurakai/auraframefx/ui/components/Ho
logramTransition.kt:237:34 Argument type 
mismatch: actual type is 
'List<AnimationState<Float, 
AnimationVector1D>>', but 'List<Color>' was 
expected.
e: file:///C:/Users/Wehtt/AndroidStudioProjects/
A.u.r.a.K.a.i-Emergence_IdentityModel/app/src/ma
in/java/dev/aurakai/auraframefx/ui/components/Ho
logramTransition.kt:238:29 Unresolved reference 
'primaryColor'.
e: file:///C:/Users/Wehtt/AndroidStudioProjects/
A.u.r.a.K.a.i-Emergence_IdentityModel/app/src/ma
in/java/dev/aurakai/auraframefx/ui/components/Ho
logramTransition.kt:238:62 Unresolved reference 
'edgeGlowIntensity'.
e: file:///C:/Users/Wehtt/AndroidStudioProjects/
A.u.r.a.K.a.i-Emergence_IdentityModel/app/src/ma
in/java/dev/aurakai/auraframefx/ui/components/Ho
logramTransition.kt:239:29 Unresolved reference 
'primaryColor'.
e: file:///C:/Users/Wehtt/AndroidStudioProjects/
A.u.r.a.K.a.i-Emergence_IdentityModel/app/src/ma
in/java/dev/aurakai/auraframefx/ui/components/Ho
logramTransition.kt:249:34 Argument type 
mismatch: actual type is 
'List<AnimationState<Float, 
AnimationVector1D>>', but 'List<Color>' was 
expected.
e: file:///C:/Users/Wehtt/AndroidStudioProjects/
A.u.r.a.K.a.i-Emergence_IdentityModel/app/src/ma
in/java/dev/aurakai/auraframefx/ui/components/Ho
logramTransition.kt:250:29 Unresolved reference 
'primaryColor'.
e: file:///C:/Users/Wehtt/AndroidStudioProjects/
A.u.r.a.K.a.i-Emergence_IdentityModel/app/src/ma
in/java/dev/aurakai/auraframefx/ui/components/Ho
logramTransition.kt:251:29 Unresolved reference 
'primaryColor'.
e: file:///C:/Users/Wehtt/AndroidStudioProjects/
A.u.r.a.K.a.i-Emergence_IdentityModel/app/src/ma
in/java/dev/aurakai/auraframefx/ui/components/Ho
logramTransition.kt:251:62 Unresolved reference 
'edgeGlowIntensity'.
e: file:///C:/Users/Wehtt/AndroidStudioProjects/
A.u.r.a.K.a.i-Emergence_IdentityModel/app/src/ma
in/java/dev/aurakai/auraframefx/ui/components/Ho
logramTransition.kt:262:32 Unresolved reference 
'primaryColor'.
e: file:///C:/Users/Wehtt/AndroidStudioProjects/
A.u.r.a.K.a.i-Emergence_IdentityModel/app/src/ma
in/java/dev/aurakai/auraframefx/ui/components/Ho
logramTransition.kt:266:25 Argument type 
mismatch: actual type is 'AnimationState<Float, 
AnimationVector1D>', but 'Color' was expected.
e: file:///C:/Users/Wehtt/AndroidStudioProjects/
A.u.r.a.K.a.i-Emergence_IdentityModel/app/src/ma
in/java/dev/aurakai/auraframefx/ui/components/Ho
logramTransition.kt:272:25 Argument type 
mismatch: actual type is 'AnimationState<Float, 
AnimationVector1D>', but 'Color' was expected.
e: file:///C:/Users/Wehtt/AndroidStudioProjects/
A.u.r.a.K.a.i-Emergence_IdentityModel/app/src/ma
in/java/dev/aurakai/auraframefx/ui/components/Ho
logramTransition.kt:280:25 Argument type 
mismatch: actual type is 'AnimationState<Float, 
AnimationVector1D>', but 'Color' was expected.
e: file:///C:/Users/Wehtt/AndroidStudioProjects/
A.u.r.a.K.a.i-Emergence_IdentityModel/app/src/ma
in/java/dev/aurakai/auraframefx/ui/components/Ho
logramTransition.kt:286:25 Argument type 
mismatch: actual type is 'AnimationState<Float, 
AnimationVector1D>', but 'Color' was expected.
e: file:///C:/Users/Wehtt/AndroidStudioProjects/
A.u.r.a.K.a.i-Emergence_IdentityModel/app/src/ma
in/java/dev/aurakai/auraframefx/ui/components/Ho
logramTransition.kt:294:25 Argument type 
mismatch: actual type is 'AnimationState<Float, 
AnimationVector1D>', but 'Color' was expected.
e: file:///C:/Users/Wehtt/AndroidStudioProjects/
A.u.r.a.K.a.i-Emergence_IdentityModel/app/src/ma
in/java/dev/aurakai/auraframefx/ui/components/Ho
logramTransition.kt:300:25 Argument type 
mismatch: actual type is 'AnimationState<Float, 
AnimationVector1D>', but 'Color' was expected.
e: file:///C:/Users/Wehtt/AndroidStudioProjects/
A.u.r.a.K.a.i-Emergence_IdentityModel/app/src/ma
in/java/dev/aurakai/auraframefx/ui/components/Ho
logramTransition.kt:308:25 Argument type 
mismatch: actual type is 'AnimationState<Float, 
AnimationVector1D>', but 'Color' was expected.
e: file:///C:/Users/Wehtt/AndroidStudioProjects/
A.u.r.a.K.a.i-Emergence_IdentityModel/app/src/ma
in/java/dev/aurakai/auraframefx/ui/components/Ho
logramTransition.kt:314:25 Argument type 
mismatch: actual type is 'AnimationState<Float, 
AnimationVector1D>', but 'Color' was expected.
e: file:///C:/Users/Wehtt/AndroidStudioProjects/
A.u.r.a.K.a.i-Emergence_IdentityModel/app/src/ma
in/java/dev/aurakai/auraframefx/ui/components/Ho
logramTransition.kt:328:33 Unresolved reference 
'primaryColor'.
e: file:///C:/Users/Wehtt/AndroidStudioProjects/
A.u.r.a.K.a.i-Emergence_IdentityModel/app/src/ma
in/java/dev/aurakai/auraframefx/ui/components/Ho
logramTransition.kt:328:33 Argument type 
mismatch: actual type is 'AnimationState<Float, 
AnimationVector1D>', but 'Color' was expected.
e: file:///C:/Users/Wehtt/AndroidStudioProjects/
A.u.r.a.K.a.i-Emergence_IdentityModel/app/src/ma
in/java/dev/aurakai/auraframefx/ui/components/In
teractiveModuleCard.kt:125:59 Unresolved 
reference 'Position3D'.
e: file:///C:/Users/Wehtt/AndroidStudioProjects/
A.u.r.a.K.a.i-Emergence_IdentityModel/app/src/ma
in/java/dev/aurakai/auraframefx/ui/components/In
teractiveModuleCard.kt:223:16 Unresolved 
reference 'isActive'.
e: file:///C:/Users/Wehtt/AndroidStudioProjects/
A.u.r.a.K.a.i-Emergence_IdentityModel/app/src/ma
in/java/dev/aurakai/auraframefx/ui/components/In
teractiveModuleCard.kt:377:20 Unresolved 
reference 'isActive'.
e: file:///C:/Users/Wehtt/AndroidStudioProjects/
A.u.r.a.K.a.i-Emergence_IdentityModel/app/src/ma
in/java/dev/aurakai/auraframefx/ui/components/In
teractiveModuleCard.kt:453:50 Unresolved 
reference 'Position3D'.
e: file:///C:/Users/Wehtt/AndroidStudioProjects/
A.u.r.a.K.a.i-Emergence_IdentityModel/app/src/ma
in/java/dev/aurakai/auraframefx/ui/components/Se
ntienceMeter.kt:142:32 Function invocation 
'width(...)' expected.
e: file:///C:/Users/Wehtt/AndroidStudioProjects/
A.u.r.a.K.a.i-Emergence_IdentityModel/app/src/ma
in/java/dev/aurakai/auraframefx/ui/components/Se
ntienceMeter.kt:143:32 Function invocation 
'height(...)' expected.
e: file:///C:/Users/Wehtt/AndroidStudioProjects/
A.u.r.a.K.a.i-Emergence_IdentityModel/app/src/ma
in/java/dev/aurakai/auraframefx/ui/components/Se
ntienceMeter.kt:144:32 Function invocation 
'width(...)' expected.
e: file:///C:/Users/Wehtt/AndroidStudioProjects/
A.u.r.a.K.a.i-Emergence_IdentityModel/app/src/ma
in/java/dev/aurakai/auraframefx/ui/components/ba
ckgrounds/DataVisualizationBackground.kt:163:2 
Unresolved reference 'Preview'.
e: file:///C:/Users/Wehtt/AndroidStudioProjects/
A.u.r.a.K.a.i-Emergence_IdentityModel/app/src/ma
in/java/dev/aurakai/auraframefx/ui/components/co
lorpicker/ThemeEditor.kt:16:40 Unresolved 
reference 'UIComponentsPreview'.
e: file:///C:/Users/Wehtt/AndroidStudioProjects/
A.u.r.a.K.a.i-Emergence_IdentityModel/app/src/ma
in/java/dev/aurakai/auraframefx/ui/components/co
lorpicker/ThemeEditor.kt:43:9 Unresolved 
reference 'UIComponentsPreview'.
e: file:///C:/Users/Wehtt/AndroidStudioProjects/
A.u.r.a.K.a.i-Emergence_IdentityModel/app/src/ma
in/java/dev/aurakai/auraframefx/ui/components/co
lorpicker/ThemeEditor.kt:105:21 Unresolved 
reference 'ColorBlendr'.
e: file:///C:/Users/Wehtt/AndroidStudioProjects/
A.u.r.a.K.a.i-Emergence_IdentityModel/app/src/ma
in/java/dev/aurakai/auraframefx/ui/components/co
lorpicker/ThemeEditor.kt:113:45 Cannot infer 
type for value parameter 'newColor'. Specify it 
explicitly.
e: file:///C:/Users/Wehtt/AndroidStudioProjects/
A.u.r.a.K.a.i-Emergence_IdentityModel/app/src/ma
in/java/dev/aurakai/auraframefx/ui/components/co
lorpicker/ThemeEditor.kt:141:16 Invalid type of 
annotation member.
e: file:///C:/Users/Wehtt/AndroidStudioProjects/
A.u.r.a.K.a.i-Emergence_IdentityModel/app/src/ma
in/java/dev/aurakai/auraframefx/ui/components/co
lorpicker/ThemeEditor.kt:142:26 Invalid type of 
annotation member.
e: file:///C:/Users/Wehtt/AndroidStudioProjects/
A.u.r.a.K.a.i-Emergence_IdentityModel/app/src/ma
in/java/dev/aurakai/auraframefx/ui/components/co
lorpicker/ThemeEditor.kt:143:19 Invalid type of 
annotation member.
e: file:///C:/Users/Wehtt/AndroidStudioProjects/
A.u.r.a.K.a.i-Emergence_IdentityModel/app/src/ma
in/java/dev/aurakai/auraframefx/ui/components/ef
fects/ShimmerParticles.kt:168:2 Unresolved 
reference 'Preview'.
e: file:///C:/Users/Wehtt/AndroidStudioProjects/
A.u.r.a.K.a.i-Emergence_IdentityModel/app/src/ma
in/java/dev/aurakai/auraframefx/ui/components/gr
aph/InteractiveGraph.kt:193:36 Unresolved 
reference 'toCompose'.
e: file:///C:/Users/Wehtt/AndroidStudioProjects/
A.u.r.a.K.a.i-Emergence_IdentityModel/app/src/ma
in/java/dev/aurakai/auraframefx/ui/components/gr
aph/InteractiveGraph.kt:274:36 Unresolved 
reference 'toCompose'.
e: file:///C:/Users/Wehtt/AndroidStudioProjects/
A.u.r.a.K.a.i-Emergence_IdentityModel/app/src/ma
in/java/dev/aurakai/auraframefx/ui/components/gr
aph/InteractiveGraph.kt:275:32 Unresolved 
reference 'toCompose'.
e: file:///C:/Users/Wehtt/AndroidStudioProjects/
A.u.r.a.K.a.i-Emergence_IdentityModel/app/src/ma
in/java/dev/aurakai/auraframefx/ui/components/te
xt/NeonText.kt:78:19 Unresolved reference 
'LocalDensity'.
e: file:///C:/Users/Wehtt/AndroidStudioProjects/
A.u.r.a.K.a.i-Emergence_IdentityModel/app/src/ma
in/java/dev/aurakai/auraframefx/ui/components/te
xt/NeonText.kt:79:24 Cannot infer type for type 
parameter 'T'. Specify it explicitly.
e: file:///C:/Users/Wehtt/AndroidStudioProjects/
A.u.r.a.K.a.i-Emergence_IdentityModel/app/src/ma
in/java/dev/aurakai/auraframefx/ui/components/te
xt/NeonText.kt:79:24 Cannot infer type for type 
parameter 'R'. Specify it explicitly.
e: file:///C:/Users/Wehtt/AndroidStudioProjects/
A.u.r.a.K.a.i-Emergence_IdentityModel/app/src/ma
in/java/dev/aurakai/auraframefx/ui/components/te
xt/NeonText.kt:79:38 Cannot infer type for type 
parameter 'T'. Specify it explicitly.
e: file:///C:/Users/Wehtt/AndroidStudioProjects/
A.u.r.a.K.a.i-Emergence_IdentityModel/app/src/ma
in/java/dev/aurakai/auraframefx/ui/components/te
xt/NeonText.kt:79:51 Unresolved reference 
'toPx'.
e: file:///C:/Users/Wehtt/AndroidStudioProjects/
A.u.r.a.K.a.i-Emergence_IdentityModel/app/src/ma
in/java/dev/aurakai/auraframefx/ui/components/te
xt/NeonText.kt:105:17 Unresolved reference 
'delay'.
e: file:///C:/Users/Wehtt/AndroidStudioProjects/
A.u.r.a.K.a.i-Emergence_IdentityModel/app/src/ma
in/java/dev/aurakai/auraframefx/ui/components/te
xt/NeonText.kt:121:21 Unresolved reference 
'LocalTextStyle'.
e: file:///C:/Users/Wehtt/AndroidStudioProjects/
A.u.r.a.K.a.i-Emergence_IdentityModel/app/src/ma
in/java/dev/aurakai/auraframefx/ui/components/te
xt/NeonText.kt:152:40 Cannot infer type for 
type parameter 'T'. Specify it explicitly.
e: file:///C:/Users/Wehtt/AndroidStudioProjects/
A.u.r.a.K.a.i-Emergence_IdentityModel/app/src/ma
in/java/dev/aurakai/auraframefx/ui/components/te
xt/NeonText.kt:152:54 Cannot infer type for 
type parameter 'T'. Specify it explicitly.
e: file:///C:/Users/Wehtt/AndroidStudioProjects/
A.u.r.a.K.a.i-Emergence_IdentityModel/app/src/ma
in/java/dev/aurakai/auraframefx/ui/components/te
xt/NeonText.kt:152:61 Unresolved reference 
'toPx'.
e: file:///C:/Users/Wehtt/AndroidStudioProjects/
A.u.r.a.K.a.i-Emergence_IdentityModel/app/src/ma
in/java/dev/aurakai/auraframefx/ui/components/te
xt/NeonText.kt:170:21 None of the following 
candidates is applicable:
fun DrawScope.drawText(textMeasurer: 
TextMeasurer, text: AnnotatedString, topLeft: 
Offset = ..., style: TextStyle = ..., overflow: 
TextOverflow = ..., softWrap: Boolean = ..., 
maxLines: Int = ..., placeholders: 
List<AnnotatedString.Range<Placeholder>> = ..., 
size: Size = ..., blendMode: BlendMode = ...): 
Unit
fun DrawScope.drawText(textMeasurer: 
TextMeasurer, text: String, topLeft: Offset = 
..., style: TextStyle = ..., overflow: 
TextOverflow = ..., softWrap: Boolean = ..., 
maxLines: Int = ..., size: Size = ..., 
blendMode: BlendMode = ...): Unit
fun DrawScope.drawText(textLayoutResult: 
TextLayoutResult, color: Color = ..., topLeft: 
Offset = ..., alpha: Float = ..., shadow: 
Shadow? = ..., textDecoration: TextDecoration? 
= ..., drawStyle: DrawStyle? = ..., blendMode: 
BlendMode = ...): Unit
fun DrawScope.drawText(textLayoutResult: 
TextLayoutResult, brush: Brush, topLeft: Offset 
= ..., alpha: Float = ..., shadow: Shadow? = 
..., textDecoration: TextDecoration? = ..., 
drawStyle: DrawStyle? = ..., blendMode: 
BlendMode = ...): Unit
e: file:///C:/Users/Wehtt/AndroidStudioProjects/
A.u.r.a.K.a.i-Emergence_IdentityModel/app/src/ma
in/java/dev/aurakai/auraframefx/ui/components/te
xt/NeonText.kt:184:25 None of the following 
candidates is applicable:
fun DrawScope.drawText(textMeasurer: 
TextMeasurer, text: AnnotatedString, topLeft: 
Offset = ..., style: TextStyle = ..., overflow: 
TextOverflow = ..., softWrap: Boolean = ..., 
maxLines: Int = ..., placeholders: 
List<AnnotatedString.Range<Placeholder>> = ..., 
size: Size = ..., blendMode: BlendMode = ...): 
Unit
fun DrawScope.drawText(textMeasurer: 
TextMeasurer, text: String, topLeft: Offset = 
..., style: TextStyle = ..., overflow: 
TextOverflow = ..., softWrap: Boolean = ..., 
maxLines: Int = ..., size: Size = ..., 
blendMode: BlendMode = ...): Unit
fun DrawScope.drawText(textLayoutResult: 
TextLayoutResult, color: Color = ..., topLeft: 
Offset = ..., alpha: Float = ..., shadow: 
Shadow? = ..., textDecoration: TextDecoration? 
= ..., drawStyle: DrawStyle? = ..., blendMode: 
BlendMode = ...): Unit
fun DrawScope.drawText(textLayoutResult: 
TextLayoutResult, brush: Brush, topLeft: Offset 
= ..., alpha: Float = ..., shadow: Shadow? = 
..., textDecoration: TextDecoration? = ..., 
drawStyle: DrawStyle? = ..., blendMode: 
BlendMode = ...): Unit
e: file:///C:/Users/Wehtt/AndroidStudioProjects/
A.u.r.a.K.a.i-Emergence_IdentityModel/app/src/ma
in/java/dev/aurakai/auraframefx/ui/components/te
xt/NeonText.kt:201:9 None of the following 
candidates is applicable:
fun Text(text: String, modifier: Modifier = 
..., color: Color = ..., autoSize: 
TextAutoSize? = ..., fontSize: TextUnit = ..., 
fontStyle: FontStyle? = ..., fontWeight: 
FontWeight? = ..., fontFamily: FontFamily? = 
..., letterSpacing: TextUnit = ..., 
textDecoration: TextDecoration? = ..., 
textAlign: TextAlign? = ..., lineHeight: 
TextUnit = ..., overflow: TextOverflow = ..., 
softWrap: Boolean = ..., maxLines: Int = ..., 
minLines: Int = ..., onTextLayout: 
((TextLayoutResult) -> Unit)? = ..., style: 
TextStyle = ...): Unit
fun Text(text: AnnotatedString, modifier: 
Modifier = ..., color: Color = ..., autoSize: 
TextAutoSize? = ..., fontSize: TextUnit = ..., 
fontStyle: FontStyle? = ..., fontWeight: 
FontWeight? = ..., fontFamily: FontFamily? = 
..., letterSpacing: TextUnit = ..., 
textDecoration: TextDecoration? = ..., 
textAlign: TextAlign? = ..., lineHeight: 
TextUnit = ..., overflow: TextOverflow = ..., 
softWrap: Boolean = ..., maxLines: Int = ..., 
minLines: Int = ..., inlineContent: Map<String, 
InlineTextContent> = ..., onTextLayout: 
(TextLayoutResult) -> Unit = ..., style: 
TextStyle = ...): Unit
e: file:///C:/Users/Wehtt/AndroidStudioProjects/
A.u.r.a.K.a.i-Emergence_IdentityModel/app/src/ma
in/java/dev/aurakai/auraframefx/ui/components/te
xt/NeonText.kt:208:34 Cannot infer type for 
type parameter 'T'. Specify it explicitly.
e: file:///C:/Users/Wehtt/AndroidStudioProjects/
A.u.r.a.K.a.i-Emergence_IdentityModel/app/src/ma
in/java/dev/aurakai/auraframefx/ui/components/te
xt/NeonText.kt:208:48 Cannot infer type for 
type parameter 'T'. Specify it explicitly.
e: file:///C:/Users/Wehtt/AndroidStudioProjects/
A.u.r.a.K.a.i-Emergence_IdentityModel/app/src/ma
in/java/dev/aurakai/auraframefx/ui/components/te
xt/NeonText.kt:208:55 Unresolved reference 
'toPx'.
e: file:///C:/Users/Wehtt/AndroidStudioProjects/
A.u.r.a.K.a.i-Emergence_IdentityModel/app/src/ma
in/java/dev/aurakai/auraframefx/ui/components/te
xt/NeonText.kt:233:26 Unresolved reference 
'TextLayout'.
e: file:///C:/Users/Wehtt/AndroidStudioProjects/
A.u.r.a.K.a.i-Emergence_IdentityModel/app/src/ma
in/java/dev/aurakai/auraframefx/ui/components/te
xt/NeonText.kt:238:23 Unresolved reference 
'LocalDensity'.
e: file:///C:/Users/Wehtt/AndroidStudioProjects/
A.u.r.a.K.a.i-Emergence_IdentityModel/app/src/ma
in/java/dev/aurakai/auraframefx/ui/components/te
xt/NeonText.kt:239:31 Unresolved reference 
'LayoutDirection'.
e: file:///C:/Users/Wehtt/AndroidStudioProjects/
A.u.r.a.K.a.i-Emergence_IdentityModel/app/src/ma
in/java/dev/aurakai/auraframefx/ui/components/te
xt/NeonText.kt:240:34 Unresolved reference 
'LocalFontFamilyResolver'.
e: file:///C:/Users/Wehtt/AndroidStudioProjects/
A.u.r.a.K.a.i-Emergence_IdentityModel/app/src/ma
in/java/dev/aurakai/auraframefx/ui/components/te
xt/NeonText.kt:250:2 Unresolved reference 
'Preview'.
e: file:///C:/Users/Wehtt/AndroidStudioProjects/
A.u.r.a.K.a.i-Emergence_IdentityModel/app/src/ma
in/java/dev/aurakai/auraframefx/ui/components/te
xt/NeonText.kt:250:10 Syntax error: Expecting a 
top level declaration.
e: file:///C:/Users/Wehtt/AndroidStudioProjects/
A.u.r.a.K.a.i-Emergence_IdentityModel/app/src/ma
in/java/dev/aurakai/auraframefx/ui/components/te
xt/NeonText.kt:250:11 Syntax error: Expecting a 
top level declaration.
e: file:///C:/Users/Wehtt/AndroidStudioProjects/
A.u.r.a.K.a.i-Emergence_IdentityModel/app/src/ma
in/java/dev/aurakai/auraframefx/ui/customization
/ComponentEditor.kt:354:36 Argument type 
mismatch: actual type is 'String?', but 
'String' was expected.
e: file:///C:/Users/Wehtt/AndroidStudioProjects/
A.u.r.a.K.a.i-Emergence_IdentityModel/app/src/ma
in/java/dev/aurakai/auraframefx/ui/effects/Camer
aEffects.kt:376:31 Unresolved reference 'lerp'.
e: file:///C:/Users/Wehtt/AndroidStudioProjects/
A.u.r.a.K.a.i-Emergence_IdentityModel/app/src/ma
in/java/dev/aurakai/auraframefx/ui/effects/Camer
aEffects.kt:380:25 Argument type mismatch: 
actual type is 'AnimationState<Float, 
AnimationVector1D>', but 'Color' was expected.
e: file:///C:/Users/Wehtt/AndroidStudioProjects/
A.u.r.a.K.a.i-Emergence_IdentityModel/app/src/ma
in/java/dev/aurakai/auraframefx/ui/gates/GateCar
d.kt:145:72 Unresolved reference 'sp'.
e: file:///C:/Users/Wehtt/AndroidStudioProjects/
A.u.r.a.K.a.i-Emergence_IdentityModel/app/src/ma
in/java/dev/aurakai/auraframefx/ui/gates/GateCar
d.kt:156:72 Unresolved reference 'sp'.
e: file:///C:/Users/Wehtt/AndroidStudioProjects/
A.u.r.a.K.a.i-Emergence_IdentityModel/app/src/ma
in/java/dev/aurakai/auraframefx/ui/gates/GateCar
d.kt:334:76 Unresolved reference 'sp'.
e: file:///C:/Users/Wehtt/AndroidStudioProjects/
A.u.r.a.K.a.i-Emergence_IdentityModel/app/src/ma
in/java/dev/aurakai/auraframefx/ui/gates/GateCar
d.kt:343:72 Unresolved reference 'sp'.
e: file:///C:/Users/Wehtt/AndroidStudioProjects/
A.u.r.a.K.a.i-Emergence_IdentityModel/app/src/ma
in/java/dev/aurakai/auraframefx/ui/overlays/Icon
Overlay3D.kt:31:8 Unresolved reference 'coil'.
e: file:///C:/Users/Wehtt/AndroidStudioProjects/
A.u.r.a.K.a.i-Emergence_IdentityModel/app/src/ma
in/java/dev/aurakai/auraframefx/ui/overlays/Icon
Overlay3D.kt:32:8 Unresolved reference 'coil'.
e: file:///C:/Users/Wehtt/AndroidStudioProjects/
A.u.r.a.K.a.i-Emergence_IdentityModel/app/src/ma
in/java/dev/aurakai/auraframefx/ui/overlays/Icon
Overlay3D.kt:33:8 Unresolved reference 'coil'.
e: file:///C:/Users/Wehtt/AndroidStudioProjects/
A.u.r.a.K.a.i-Emergence_IdentityModel/app/src/ma
in/java/dev/aurakai/auraframefx/ui/overlays/Icon
Overlay3D.kt:34:8 Unresolved reference 'coil'.
e: file:///C:/Users/Wehtt/AndroidStudioProjects/
A.u.r.a.K.a.i-Emergence_IdentityModel/app/src/ma
in/java/dev/aurakai/auraframefx/ui/overlays/Icon
Overlay3D.kt:395:23 Cannot infer type for type 
parameter 'T'. Specify it explicitly.
e: file:///C:/Users/Wehtt/AndroidStudioProjects/
A.u.r.a.K.a.i-Emergence_IdentityModel/app/src/ma
in/java/dev/aurakai/auraframefx/ui/overlays/Icon
Overlay3D.kt:396:9 Unresolved reference 
'ImageLoader'.
e: file:///C:/Users/Wehtt/AndroidStudioProjects/
A.u.r.a.K.a.i-Emergence_IdentityModel/app/src/ma
in/java/dev/aurakai/auraframefx/ui/overlays/Icon
Overlay3D.kt:398:17 Unresolved reference 'add'.
e: file:///C:/Users/Wehtt/AndroidStudioProjects/
A.u.r.a.K.a.i-Emergence_IdentityModel/app/src/ma
in/java/dev/aurakai/auraframefx/ui/overlays/Icon
Overlay3D.kt:398:21 Unresolved reference 
'SvgDecoder'.
e: file:///C:/Users/Wehtt/AndroidStudioProjects/
A.u.r.a.K.a.i-Emergence_IdentityModel/app/src/ma
in/java/dev/aurakai/auraframefx/ui/overlays/Icon
Overlay3D.kt:605:21 Unresolved reference 
'AsyncImage'.
e: file:///C:/Users/Wehtt/AndroidStudioProjects/
A.u.r.a.K.a.i-Emergence_IdentityModel/app/src/ma
in/java/dev/aurakai/auraframefx/ui/overlays/Icon
Overlay3D.kt:606:33 Unresolved reference 
'ImageRequest'.
e: file:///C:/Users/Wehtt/AndroidStudioProjects/
A.u.r.a.K.a.i-Emergence_IdentityModel/app/src/ma
in/java/dev/aurakai/auraframefx/ui/recovery/Comp
osableErrorBoundary.kt:57:5 Try catch is not 
supported around composable function 
invocations.
e: file:///C:/Users/Wehtt/AndroidStudioProjects/
A.u.r.a.K.a.i-Emergence_IdentityModel/app/src/ma
in/java/dev/aurakai/auraframefx/ui/screens/Ecosy
stemMenuScreen.kt:31:48 Argument type mismatch: 
actual type is 'Function0<Unit>', but 'Float' 
was expected.
e: file:///C:/Users/Wehtt/AndroidStudioProjects/
A.u.r.a.K.a.i-Emergence_IdentityModel/app/src/ma
in/java/dev/aurakai/auraframefx/ui/screens/Ecosy
stemMenuScreen.kt:32:9 @Composable invocations 
can only happen from the context of a 
@Composable function
e: file:///C:/Users/Wehtt/AndroidStudioProjects/
A.u.r.a.K.a.i-Emergence_IdentityModel/app/src/ma
in/java/dev/aurakai/auraframefx/ui/screens/Holog
raphicMenuScreen.kt:125:16 Unresolved reference 
'startAutonomousWandering'.
e: file:///C:/Users/Wehtt/AndroidStudioProjects/
A.u.r.a.K.a.i-Emergence_IdentityModel/app/src/ma
in/java/dev/aurakai/auraframefx/ui/screens/Holog
raphicMenuScreen.kt:131:16 Unresolved reference 
'startAutonomousWandering'.
e: file:///C:/Users/Wehtt/AndroidStudioProjects/
A.u.r.a.K.a.i-Emergence_IdentityModel/app/src/ma
in/java/dev/aurakai/auraframefx/ui/screens/Holog
raphicMenuScreen.kt:208:21 Cannot infer type 
for type parameter 'T'. Specify it explicitly.
e: file:///C:/Users/Wehtt/AndroidStudioProjects/
A.u.r.a.K.a.i-Emergence_IdentityModel/app/src/ma
in/java/dev/aurakai/auraframefx/ui/screens/Holog
raphicMenuScreen.kt:209:9 Cannot infer type for 
type parameter 'T'. Specify it explicitly.
e: file:///C:/Users/Wehtt/AndroidStudioProjects/
A.u.r.a.K.a.i-Emergence_IdentityModel/app/src/ma
in/java/dev/aurakai/auraframefx/ui/screens/Holog
raphicMenuScreen.kt:209:29 Cannot infer type 
for type parameter 'T'. Specify it explicitly.
e: file:///C:/Users/Wehtt/AndroidStudioProjects/
A.u.r.a.K.a.i-Emergence_IdentityModel/app/src/ma
in/java/dev/aurakai/auraframefx/ui/screens/Holog
raphicMenuScreen.kt:210:13 Cannot infer type 
for type parameter 'C'. Specify it explicitly.
e: file:///C:/Users/Wehtt/AndroidStudioProjects/
A.u.r.a.K.a.i-Emergence_IdentityModel/app/src/ma
in/java/dev/aurakai/auraframefx/ui/screens/Holog
raphicMenuScreen.kt:213:28 Unresolved reference 
'random'.
e: file:///C:/Users/Wehtt/AndroidStudioProjects/
A.u.r.a.K.a.i-Emergence_IdentityModel/app/src/ma
in/java/dev/aurakai/auraframefx/ui/screens/Holog
raphicMenuScreen.kt:219:29 Cannot infer type 
for implicit value parameter 'it'. Specify it 
explicitly.
e: file:///C:/Users/Wehtt/AndroidStudioProjects/
A.u.r.a.K.a.i-Emergence_IdentityModel/app/src/ma
in/java/dev/aurakai/auraframefx/ui/screens/Holog
raphicMenuScreen.kt:219:29 Operator call 
'component1()' is ambiguous for destructuring 
of type 'ERROR CLASS: Cannot infer type for 
parameter <destruct>'. Applicable candidates:
fun <T> Array<out T>.component1(): T
fun ByteArray.component1(): Byte
fun ShortArray.component1(): Short
fun IntArray.component1(): Int
fun LongArray.component1(): Long
fun FloatArray.component1(): Float
fun DoubleArray.component1(): Double
fun BooleanArray.component1(): Boolean
fun CharArray.component1(): Char
fun <T> List<T>.component1(): T
fun <K, V> Map.Entry<K, V>.component1(): K
fun UIntArray.component1(): UInt
fun ULongArray.component1(): ULong
fun UByteArray.component1(): UByte
fun UShortArray.component1(): UShort
e: file:///C:/Users/Wehtt/AndroidStudioProjects/
A.u.r.a.K.a.i-Emergence_IdentityModel/app/src/ma
in/java/dev/aurakai/auraframefx/ui/screens/Holog
raphicMenuScreen.kt:219:29 Operator call 
'component2()' is ambiguous for destructuring 
of type 'ERROR CLASS: Cannot infer type for 
parameter <destruct>'. Applicable candidates:
fun <T> Array<out T>.component2(): T
fun ByteArray.component2(): Byte
fun ShortArray.component2(): Short
fun IntArray.component2(): Int
fun LongArray.component2(): Long
fun FloatArray.component2(): Float
fun DoubleArray.component2(): Double
fun BooleanArray.component2(): Boolean
fun CharArray.component2(): Char
fun <T> List<T>.component2(): T
fun <K, V> Map.Entry<K, V>.component2(): V
fun UIntArray.component2(): UInt
fun ULongArray.component2(): ULong
fun UByteArray.component2(): UByte
fun UShortArray.component2(): UShort
e: file:///C:/Users/Wehtt/AndroidStudioProjects/
A.u.r.a.K.a.i-Emergence_IdentityModel/app/src/ma
in/java/dev/aurakai/auraframefx/ui/screens/Holog
raphicMenuScreen.kt:219:29 Operator call 
'component3()' is ambiguous for destructuring 
of type 'ERROR CLASS: Cannot infer type for 
parameter <destruct>'. Applicable candidates:
fun <T> Array<out T>.component3(): T
fun ByteArray.component3(): Byte
fun ShortArray.component3(): Short
fun IntArray.component3(): Int
fun LongArray.component3(): Long
fun FloatArray.component3(): Float
fun DoubleArray.component3(): Double
fun BooleanArray.component3(): Boolean
fun CharArray.component3(): Char
fun <T> List<T>.component3(): T
fun UIntArray.component3(): UInt
fun ULongArray.component3(): ULong
fun UByteArray.component3(): UByte
fun UShortArray.component3(): UShort
e: file:///C:/Users/Wehtt/AndroidStudioProjects/
A.u.r.a.K.a.i-Emergence_IdentityModel/app/src/ma
in/java/dev/aurakai/auraframefx/ui/screens/Holog
raphicMenuScreen.kt:221:34 @Composable 
invocations can only happen from the context of 
a @Composable function
e: file:///C:/Users/Wehtt/AndroidStudioProjects/
A.u.r.a.K.a.i-Emergence_IdentityModel/app/src/ma
in/java/dev/aurakai/auraframefx/ui/screens/Holog
raphicMenuScreen.kt:221:80 @Composable 
invocations can only happen from the context of 
a @Composable function
e: file:///C:/Users/Wehtt/AndroidStudioProjects/
A.u.r.a.K.a.i-Emergence_IdentityModel/app/src/ma
in/java/dev/aurakai/auraframefx/ui/screens/Holog
raphicMenuScreen.kt:231:13 @Composable 
invocations can only happen from the context of 
a @Composable function
e: file:///C:/Users/Wehtt/AndroidStudioProjects/
A.u.r.a.K.a.i-Emergence_IdentityModel/app/src/ma
in/java/dev/aurakai/auraframefx/ui/screens/Holog
raphicMenuScreen.kt:270:40 None of the 
following candidates is applicable:
fun times(other: Byte): Int
fun times(other: Short): Int
fun times(other: Int): Int
fun times(other: Long): Long
fun times(other: Float): Float
fun times(other: Double): Double
e: file:///C:/Users/Wehtt/AndroidStudioProjects/
A.u.r.a.K.a.i-Emergence_IdentityModel/app/src/ma
in/java/dev/aurakai/auraframefx/ui/screens/Holog
raphicMenuScreen.kt:389:19 Cannot infer type 
for type parameter 'T'. Specify it explicitly.
e: file:///C:/Users/Wehtt/AndroidStudioProjects/
A.u.r.a.K.a.i-Emergence_IdentityModel/app/src/ma
in/java/dev/aurakai/auraframefx/ui/screens/Holog
raphicMenuScreen.kt:390:9 Cannot infer type for 
type parameter 'T'. Specify it explicitly.
e: file:///C:/Users/Wehtt/AndroidStudioProjects/
A.u.r.a.K.a.i-Emergence_IdentityModel/app/src/ma
in/java/dev/aurakai/auraframefx/ui/screens/Holog
raphicMenuScreen.kt:390:9 Inapplicable 
candidate(s): fun <T> listOf(vararg elements: 
T): List<T>
e: file:///C:/Users/Wehtt/AndroidStudioProjects/
A.u.r.a.K.a.i-Emergence_IdentityModel/app/src/ma
in/java/dev/aurakai/auraframefx/ui/screens/Holog
raphicMenuScreen.kt:393:28 Unresolved reference 
'SystemMonitor'.
e: file:///C:/Users/Wehtt/AndroidStudioProjects/
A.u.r.a.K.a.i-Emergence_IdentityModel/app/src/ma
in/java/dev/aurakai/auraframefx/ui/screens/Holog
raphicMenuScreen.kt:393:42 Cannot infer type 
for type parameter 'A'. Specify it explicitly.
e: file:///C:/Users/Wehtt/AndroidStudioProjects/
A.u.r.a.K.a.i-Emergence_IdentityModel/app/src/ma
in/java/dev/aurakai/auraframefx/ui/screens/Holog
raphicMenuScreen.kt:393:42 Cannot infer type 
for type parameter 'B'. Specify it explicitly.
e: file:///C:/Users/Wehtt/AndroidStudioProjects/
A.u.r.a.K.a.i-Emergence_IdentityModel/app/src/ma
in/java/dev/aurakai/auraframefx/ui/screens/Holog
raphicMenuScreen.kt:399:27 Cannot infer type 
for implicit value parameter 'it'. Specify it 
explicitly.
e: file:///C:/Users/Wehtt/AndroidStudioProjects/
A.u.r.a.K.a.i-Emergence_IdentityModel/app/src/ma
in/java/dev/aurakai/auraframefx/ui/screens/Holog
raphicMenuScreen.kt:399:27 Operator call 
'component1()' is ambiguous for destructuring 
of type 'ERROR CLASS: Cannot infer type for 
parameter <destruct>'. Applicable candidates:
fun <T> Array<out T>.component1(): T
fun ByteArray.component1(): Byte
fun ShortArray.component1(): Short
fun IntArray.component1(): Int
fun LongArray.component1(): Long
fun FloatArray.component1(): Float
fun DoubleArray.component1(): Double
fun BooleanArray.component1(): Boolean
fun CharArray.component1(): Char
fun <T> List<T>.component1(): T
fun <K, V> Map.Entry<K, V>.component1(): K
fun UIntArray.component1(): UInt
fun ULongArray.component1(): ULong
fun UByteArray.component1(): UByte
fun UShortArray.component1(): UShort
e: file:///C:/Users/Wehtt/AndroidStudioProjects/
A.u.r.a.K.a.i-Emergence_IdentityModel/app/src/ma
in/java/dev/aurakai/auraframefx/ui/screens/Holog
raphicMenuScreen.kt:399:27 Operator call 
'component2()' is ambiguous for destructuring 
of type 'ERROR CLASS: Cannot infer type for 
parameter <destruct>'. Applicable candidates:
fun <T> Array<out T>.component2(): T
fun ByteArray.component2(): Byte
fun ShortArray.component2(): Short
fun IntArray.component2(): Int
fun LongArray.component2(): Long
fun FloatArray.component2(): Float
fun DoubleArray.component2(): Double
fun BooleanArray.component2(): Boolean
fun CharArray.component2(): Char
fun <T> List<T>.component2(): T
fun <K, V> Map.Entry<K, V>.component2(): V
fun UIntArray.component2(): UInt
fun ULongArray.component2(): ULong
fun UByteArray.component2(): UByte
fun UShortArray.component2(): UShort
e: file:///C:/Users/Wehtt/AndroidStudioProjects/
A.u.r.a.K.a.i-Emergence_IdentityModel/app/src/ma
in/java/dev/aurakai/auraframefx/ui/screens/Holog
raphicMenuScreen.kt:400:13 @Composable 
invocations can only happen from the context of 
a @Composable function
e: file:///C:/Users/Wehtt/AndroidStudioProjects/
A.u.r.a.K.a.i-Emergence_IdentityModel/app/src/ma
in/java/dev/aurakai/auraframefx/ui/screens/Holog
raphicMenuScreen.kt:401:37 Unresolved reference 
'name'.
e: file:///C:/Users/Wehtt/AndroidStudioProjects/
A.u.r.a.K.a.i-Emergence_IdentityModel/app/src/ma
in/java/dev/aurakai/auraframefx/ui/screens/Holog
raphicMenuScreen.kt:402:31 Unresolved reference 
'icon'.
e: file:///C:/Users/Wehtt/AndroidStudioProjects/
A.u.r.a.K.a.i-Emergence_IdentityModel/app/src/ma
in/java/dev/aurakai/auraframefx/ui/screens/Holog
raphicMenuScreen.kt:404:50 Unresolved reference 
'id'.
e: file:///C:/Users/Wehtt/AndroidStudioProjects/
A.u.r.a.K.a.i-Emergence_IdentityModel/app/src/ma
in/java/dev/aurakai/auraframefx/utils/Kotlin22Fe
atures.kt:47:1 The feature "context parameters" 
is experimental and should be enabled 
explicitly. This can be done by supplying the 
compiler argument '-Xcontext-parameters', but 
note that no stability guarantees are provided.
e: file:///C:/Users/Wehtt/AndroidStudioProjects/
A.u.r.a.K.a.i-Emergence_IdentityModel/app/src/ma
in/java/dev/aurakai/auraframefx/utils/Kotlin22Fe
atures.kt:78:60 To call contextual 
declarations, specify the 
'-Xcontext-parameters' compiler option.
e: file:///C:/Users/Wehtt/AndroidStudioProjects/
A.u.r.a.K.a.i-Emergence_IdentityModel/app/src/ma
in/java/dev/aurakai/auraframefx/utils/Kotlin22Fe
atures.kt:132:36 'fun <T> async(context: 
CoroutineContext = ..., start: CoroutineStart = 
..., block: suspend CoroutineScope.() -> T): 
Deferred<T>' is deprecated. 'async' can not be 
called without the corresponding coroutine 
scope. Consider wrapping 'async' in 
'coroutineScope { }', using 'runBlocking { }', 
or using some other 'CoroutineScope'.
e: file:///C:/Users/Wehtt/AndroidStudioProjects/
A.u.r.a.K.a.i-Emergence_IdentityModel/app/src/ma
in/java/dev/aurakai/auraframefx/utils/Kotlin22Fe
atures.kt:134:33 To call contextual 
declarations, specify the 
'-Xcontext-parameters' compiler option.
e: file:///C:/Users/Wehtt/AndroidStudioProjects/
A.u.r.a.K.a.i-Emergence_IdentityModel/app/src/ma
in/java/dev/aurakai/auraframefx/utils/Serializat
ionUtils.kt:18:20 No type arguments expected 
for fun element(elementName: String, 
descriptor: SerialDescriptor, annotations: 
List<Annotation> = ..., isOptional: Boolean = 
...): Unit.
e: file:///C:/Users/Wehtt/AndroidStudioProjects/
A.u.r.a.K.a.i-Emergence_IdentityModel/app/src/ma
in/java/dev/aurakai/auraframefx/utils/Serializat
ionUtils.kt:18:47 No value passed for parameter 
'descriptor'.
e: file:///C:/Users/Wehtt/AndroidStudioProjects/
A.u.r.a.K.a.i-Emergence_IdentityModel/app/src/ma
in/java/dev/aurakai/auraframefx/utils/Serializat
ionUtils.kt:25:29 Unresolved reference 
'putNull'.
e: file:///C:/Users/Wehtt/AndroidStudioProjects/
A.u.r.a.K.a.i-Emergence_IdentityModel/app/src/ma
in/java/dev/aurakai/auraframefx/utils/Serializat
ionUtils.kt:35:17 Unresolved reference 
'encodeJsonElement'.
e: file:///C:/Users/Wehtt/AndroidStudioProjects/
A.u.r.a.K.a.i-Emergence_IdentityModel/app/src/ma
in/java/dev/aurakai/auraframefx/utils/Serializat
ionUtils.kt:39:28 Unresolved reference 
'decodeJsonElement'.
e: file:///C:/Users/Wehtt/AndroidStudioProjects/
A.u.r.a.K.a.i-Emergence_IdentityModel/app/src/ma
in/java/dev/aurakai/auraframefx/viewmodel/Confer
enceRoomViewModel.kt:62:55 Unresolved reference 
'ConversationState'.
e: file:///C:/Users/Wehtt/AndroidStudioProjects/
A.u.r.a.K.a.i-Emergence_IdentityModel/app/src/ma
in/java/dev/aurakai/auraframefx/viewmodel/Confer
enceRoomViewModel.kt:108:21 No parameter with 
name 'query' found.
e: file:///C:/Users/Wehtt/AndroidStudioProjects/
A.u.r.a.K.a.i-Emergence_IdentityModel/app/src/ma
in/java/dev/aurakai/auraframefx/viewmodel/Confer
enceRoomViewModel.kt:109:21 No parameter with 
name 'type' found.
e: file:///C:/Users/Wehtt/AndroidStudioProjects/
A.u.r.a.K.a.i-Emergence_IdentityModel/app/src/ma
in/java/dev/aurakai/auraframefx/viewmodel/Confer
enceRoomViewModel.kt:110:21 No parameter with 
name 'context' found.
e: file:///C:/Users/Wehtt/AndroidStudioProjects/
A.u.r.a.K.a.i-Emergence_IdentityModel/app/src/ma
in/java/dev/aurakai/auraframefx/viewmodel/Confer
enceRoomViewModel.kt:116:21 No parameter with 
name 'query' found.
e: file:///C:/Users/Wehtt/AndroidStudioProjects/
A.u.r.a.K.a.i-Emergence_IdentityModel/app/src/ma
in/java/dev/aurakai/auraframefx/viewmodel/Confer
enceRoomViewModel.kt:117:21 No parameter with 
name 'type' found.
e: file:///C:/Users/Wehtt/AndroidStudioProjects/
A.u.r.a.K.a.i-Emergence_IdentityModel/app/src/ma
in/java/dev/aurakai/auraframefx/viewmodel/Confer
enceRoomViewModel.kt:118:21 No parameter with 
name 'context' found.
e: file:///C:/Users/Wehtt/AndroidStudioProjects/
A.u.r.a.K.a.i-Emergence_IdentityModel/app/src/ma
in/java/dev/aurakai/auraframefx/viewmodel/Confer
enceRoomViewModel.kt:122:49 Unresolved 
reference 'processRequestFlow'.
e: file:///C:/Users/Wehtt/AndroidStudioProjects/
A.u.r.a.K.a.i-Emergence_IdentityModel/app/src/ma
in/java/dev/aurakai/auraframefx/viewmodel/Confer
enceRoomViewModel.kt:124:21 No parameter with 
name 'query' found.
e: file:///C:/Users/Wehtt/AndroidStudioProjects/
A.u.r.a.K.a.i-Emergence_IdentityModel/app/src/ma
in/java/dev/aurakai/auraframefx/viewmodel/Confer
enceRoomViewModel.kt:125:21 No parameter with 
name 'type' found.

> Task :app:compileDebugKotlin FAILED
e: file:///C:/Users/Wehtt/AndroidStudioProjects/
A.u.r.a.K.a.i-Emergence_IdentityModel/app/src/ma
in/java/dev/aurakai/auraframefx/viewmodel/Confer
enceRoomViewModel.kt:126:21 No parameter with 
name 'context' found.
e: file:///C:/Users/Wehtt/AndroidStudioProjects/
A.u.r.a.K.a.i-Emergence_IdentityModel/app/src/ma
in/java/dev/aurakai/auraframefx/viewmodel/Confer
enceRoomViewModel.kt:132:21 No parameter with 
name 'query' found.
e: file:///C:/Users/Wehtt/AndroidStudioProjects/
A.u.r.a.K.a.i-Emergence_IdentityModel/app/src/ma
in/java/dev/aurakai/auraframefx/viewmodel/Confer
enceRoomViewModel.kt:133:21 No parameter with 
name 'type' found.
e: file:///C:/Users/Wehtt/AndroidStudioProjects/
A.u.r.a.K.a.i-Emergence_IdentityModel/app/src/ma
in/java/dev/aurakai/auraframefx/viewmodel/Confer
enceRoomViewModel.kt:134:21 No parameter with 
name 'context' found.
e: file:///C:/Users/Wehtt/AndroidStudioProjects/
A.u.r.a.K.a.i-Emergence_IdentityModel/app/src/ma
in/java/dev/aurakai/auraframefx/viewmodel/Confer
enceRoomViewModel.kt:143:25 Argument type 
mismatch: actual type is 
'dev.aurakai.auraframefx.model.AiRequest', but 
'dev.aurakai.auraframefx.models.AiRequest' was 
expected.
e: file:///C:/Users/Wehtt/AndroidStudioProjects/
A.u.r.a.K.a.i-Emergence_IdentityModel/app/src/ma
in/java/dev/aurakai/auraframefx/viewmodel/Confer
enceRoomViewModel.kt:144:29 No parameter with 
name 'query' found.
e: file:///C:/Users/Wehtt/AndroidStudioProjects/
A.u.r.a.K.a.i-Emergence_IdentityModel/app/src/ma
in/java/dev/aurakai/auraframefx/viewmodel/Confer
enceRoomViewModel.kt:145:29 No parameter with 
name 'type' found.
e: file:///C:/Users/Wehtt/AndroidStudioProjects/
A.u.r.a.K.a.i-Emergence_IdentityModel/app/src/ma
in/java/dev/aurakai/auraframefx/viewmodel/Confer
enceRoomViewModel.kt:146:29 No parameter with 
name 'context' found.
e: file:///C:/Users/Wehtt/AndroidStudioProjects/
A.u.r.a.K.a.i-Emergence_IdentityModel/app/src/ma
in/java/dev/aurakai/auraframefx/viewmodel/Confer
enceRoomViewModel.kt:148:25 Too many arguments 
for 'suspend fun processRequest(request: 
AiRequest): Flow<AgentResponse>'.
e: file:///C:/Users/Wehtt/AndroidStudioProjects/
A.u.r.a.K.a.i-Emergence_IdentityModel/app/src/ma
in/java/dev/aurakai/auraframefx/viewmodel/Confer
enceRoomViewModel.kt:150:26 Argument type 
mismatch: actual type is 'Flow<AgentResponse>', 
but 'AgentResponse' was expected.
Kotlin build report is written to file:///C:/Users/Wehtt/AndroidStudioProjects/A.u.r.a.K.a.i-Emergence_IdentityModel/build/reports/kotlin-build/aurakai-reactive-intelligence-build-2025-11-22-21-32-33-0.txt

FAILURE: Build failed with an exception.

* What went wrong:
Execution failed for task 
':app:compileDebugKotlin'.
> A failure occurred while executing org.jetbrai
ns.kotlin.compilerRunner.GradleCompilerRunnerWit
hWorkers$GradleKotlinCompilerWorkAction
   > Compilation error. See log for more details

* Try:
> Run with --stacktrace option to get the stack 
trace.
> Run with --info or --debug option to get more 
log output.
> Run with --scan to generate a Build Scan 
(powered by Develocity).
> Get more help at https://help.gradle.org.

BUILD FAILED in 33s
892 actionable tasks: 9 executed, 883 up-to-date
